cr2-p548xlarge-7:172439:173279 [0] NCCL INFO Channel 13/0 : 0[0] -> 1[1] via P2P/CUMEM
cr2-p548xlarge-7:172440:173280 [1] NCCL INFO Channel 11/0 : 1[1] -> 2[2] via P2P/CUMEM
cr2-p548xlarge-7:172439:173279 [0] NCCL INFO Channel 14/0 : 0[0] -> 1[1] via P2P/CUMEM
cr2-p548xlarge-7:172442:173281 [3] NCCL INFO Channel 09/0 : 3[3] -> 4[4] via P2P/CUMEM
cr2-p548xlarge-7:172441:173284 [2] NCCL INFO Channel 19/0 : 2[2] -> 3[3] via P2P/CUMEM
cr2-p548xlarge-7:172440:173280 [1] NCCL INFO Channel 12/0 : 1[1] -> 2[2] via P2P/CUMEM
cr2-p548xlarge-7:172441:173284 [2] NCCL INFO Channel 20/0 : 2[2] -> 3[3] via P2P/CUMEM
cr2-p548xlarge-7:172439:173279 [0] NCCL INFO Channel 15/0 : 0[0] -> 1[1] via P2P/CUMEM
cr2-p548xlarge-7:172439:173279 [0] NCCL INFO Channel 16/0 : 0[0] -> 1[1] via P2P/CUMEM
cr2-p548xlarge-7:172439:173279 [0] NCCL INFO Channel 17/0 : 0[0] -> 1[1] via P2P/CUMEM
cr2-p548xlarge-7:172439:173279 [0] NCCL INFO Channel 18/0 : 0[0] -> 1[1] via P2P/CUMEM
cr2-p548xlarge-7:172439:173279 [0] NCCL INFO Channel 19/0 : 0[0] -> 1[1] via P2P/CUMEM
cr2-p548xlarge-7:172439:173279 [0] NCCL INFO Channel 20/0 : 0[0] -> 1[1] via P2P/CUMEM
cr2-p548xlarge-7:172439:173279 [0] NCCL INFO Channel 21/0 : 0[0] -> 1[1] via P2P/CUMEM
cr2-p548xlarge-7:172442:173281 [3] NCCL INFO Channel 10/0 : 3[3] -> 4[4] via P2P/CUMEM
cr2-p548xlarge-7:172440:173280 [1] NCCL INFO Channel 13/0 : 1[1] -> 2[2] via P2P/CUMEM
cr2-p548xlarge-7:172440:173280 [1] NCCL INFO Channel 14/0 : 1[1] -> 2[2] via P2P/CUMEM
cr2-p548xlarge-7:172440:173280 [1] NCCL INFO Channel 15/0 : 1[1] -> 2[2] via P2P/CUMEM
cr2-p548xlarge-7:172440:173280 [1] NCCL INFO Channel 16/0 : 1[1] -> 2[2] via P2P/CUMEM
cr2-p548xlarge-7:172440:173280 [1] NCCL INFO Channel 17/0 : 1[1] -> 2[2] via P2P/CUMEM
cr2-p548xlarge-7:172440:173280 [1] NCCL INFO Channel 18/0 : 1[1] -> 2[2] via P2P/CUMEM
cr2-p548xlarge-7:172440:173280 [1] NCCL INFO Channel 19/0 : 1[1] -> 2[2] via P2P/CUMEM
cr2-p548xlarge-7:172440:173280 [1] NCCL INFO Channel 20/0 : 1[1] -> 2[2] via P2P/CUMEM
cr2-p548xlarge-7:172440:173280 [1] NCCL INFO Channel 21/0 : 1[1] -> 2[2] via P2P/CUMEM
cr2-p548xlarge-7:172440:173280 [1] NCCL INFO Channel 22/0 : 1[1] -> 2[2] via P2P/CUMEM
cr2-p548xlarge-7:172439:173279 [0] NCCL INFO Channel 22/0 : 0[0] -> 1[1] via P2P/CUMEM
cr2-p548xlarge-7:172439:173279 [0] NCCL INFO Channel 23/0 : 0[0] -> 1[1] via P2P/CUMEM
cr2-p548xlarge-7:172441:173284 [2] NCCL INFO Channel 21/0 : 2[2] -> 3[3] via P2P/CUMEM
cr2-p548xlarge-7:172442:173281 [3] NCCL INFO Channel 11/0 : 3[3] -> 4[4] via P2P/CUMEM
cr2-p548xlarge-7:172441:173284 [2] NCCL INFO Channel 22/0 : 2[2] -> 3[3] via P2P/CUMEM
cr2-p548xlarge-7:172440:173280 [1] NCCL INFO Channel 23/0 : 1[1] -> 2[2] via P2P/CUMEM
cr2-p548xlarge-7:172442:173281 [3] NCCL INFO Channel 12/0 : 3[3] -> 4[4] via P2P/CUMEM
cr2-p548xlarge-7:172441:173284 [2] NCCL INFO Channel 23/0 : 2[2] -> 3[3] via P2P/CUMEM
cr2-p548xlarge-7:172442:173281 [3] NCCL INFO Channel 13/0 : 3[3] -> 4[4] via P2P/CUMEM
cr2-p548xlarge-7:172442:173281 [3] NCCL INFO Channel 14/0 : 3[3] -> 4[4] via P2P/CUMEM
cr2-p548xlarge-7:172442:173281 [3] NCCL INFO Channel 15/0 : 3[3] -> 4[4] via P2P/CUMEM
cr2-p548xlarge-7:172445:173286 [6] NCCL INFO Connected all rings
cr2-p548xlarge-7:172442:173281 [3] NCCL INFO Channel 16/0 : 3[3] -> 4[4] via P2P/CUMEM
cr2-p548xlarge-7:172445:173286 [6] NCCL INFO Channel 00/0 : 6[6] -> 5[5] via P2P/CUMEM
cr2-p548xlarge-7:172445:173286 [6] NCCL INFO Channel 01/0 : 6[6] -> 5[5] via P2P/CUMEM
cr2-p548xlarge-7:172445:173286 [6] NCCL INFO Channel 02/0 : 6[6] -> 5[5] via P2P/CUMEM
cr2-p548xlarge-7:172445:173286 [6] NCCL INFO Channel 03/0 : 6[6] -> 5[5] via P2P/CUMEM
cr2-p548xlarge-7:172445:173286 [6] NCCL INFO Channel 04/0 : 6[6] -> 5[5] via P2P/CUMEM
cr2-p548xlarge-7:172445:173286 [6] NCCL INFO Channel 05/0 : 6[6] -> 5[5] via P2P/CUMEM
cr2-p548xlarge-7:172445:173286 [6] NCCL INFO Channel 06/0 : 6[6] -> 5[5] via P2P/CUMEM
cr2-p548xlarge-7:172445:173286 [6] NCCL INFO Channel 07/0 : 6[6] -> 5[5] via P2P/CUMEM
cr2-p548xlarge-7:172445:173286 [6] NCCL INFO Channel 08/0 : 6[6] -> 5[5] via P2P/CUMEM
cr2-p548xlarge-7:172445:173286 [6] NCCL INFO Channel 09/0 : 6[6] -> 5[5] via P2P/CUMEM
cr2-p548xlarge-7:172445:173286 [6] NCCL INFO Channel 10/0 : 6[6] -> 5[5] via P2P/CUMEM
cr2-p548xlarge-7:172445:173286 [6] NCCL INFO Channel 11/0 : 6[6] -> 5[5] via P2P/CUMEM
cr2-p548xlarge-7:172445:173286 [6] NCCL INFO Channel 12/0 : 6[6] -> 5[5] via P2P/CUMEM
cr2-p548xlarge-7:172445:173286 [6] NCCL INFO Channel 13/0 : 6[6] -> 5[5] via P2P/CUMEM
cr2-p548xlarge-7:172445:173286 [6] NCCL INFO Channel 14/0 : 6[6] -> 5[5] via P2P/CUMEM
cr2-p548xlarge-7:172445:173286 [6] NCCL INFO Channel 15/0 : 6[6] -> 5[5] via P2P/CUMEM
cr2-p548xlarge-7:172445:173286 [6] NCCL INFO Channel 16/0 : 6[6] -> 5[5] via P2P/CUMEM
cr2-p548xlarge-7:172445:173286 [6] NCCL INFO Channel 17/0 : 6[6] -> 5[5] via P2P/CUMEM
cr2-p548xlarge-7:172445:173286 [6] NCCL INFO Channel 18/0 : 6[6] -> 5[5] via P2P/CUMEM
cr2-p548xlarge-7:172445:173286 [6] NCCL INFO Channel 19/0 : 6[6] -> 5[5] via P2P/CUMEM
cr2-p548xlarge-7:172445:173286 [6] NCCL INFO Channel 20/0 : 6[6] -> 5[5] via P2P/CUMEM
cr2-p548xlarge-7:172445:173286 [6] NCCL INFO Channel 21/0 : 6[6] -> 5[5] via P2P/CUMEM
cr2-p548xlarge-7:172445:173286 [6] NCCL INFO Channel 22/0 : 6[6] -> 5[5] via P2P/CUMEM
cr2-p548xlarge-7:172445:173286 [6] NCCL INFO Channel 23/0 : 6[6] -> 5[5] via P2P/CUMEM
cr2-p548xlarge-7:172442:173281 [3] NCCL INFO Channel 17/0 : 3[3] -> 4[4] via P2P/CUMEM
cr2-p548xlarge-7:172442:173281 [3] NCCL INFO Channel 18/0 : 3[3] -> 4[4] via P2P/CUMEM
cr2-p548xlarge-7:172442:173281 [3] NCCL INFO Channel 19/0 : 3[3] -> 4[4] via P2P/CUMEM
cr2-p548xlarge-7:172442:173281 [3] NCCL INFO Channel 20/0 : 3[3] -> 4[4] via P2P/CUMEM
cr2-p548xlarge-7:172442:173281 [3] NCCL INFO Channel 21/0 : 3[3] -> 4[4] via P2P/CUMEM
cr2-p548xlarge-7:172442:173281 [3] NCCL INFO Channel 22/0 : 3[3] -> 4[4] via P2P/CUMEM
cr2-p548xlarge-7:172442:173281 [3] NCCL INFO Channel 23/0 : 3[3] -> 4[4] via P2P/CUMEM
cr2-p548xlarge-7:172446:173282 [7] NCCL INFO Connected all rings
cr2-p548xlarge-7:172446:173282 [7] NCCL INFO Channel 00/0 : 7[7] -> 6[6] via P2P/CUMEM
cr2-p548xlarge-7:172446:173282 [7] NCCL INFO Channel 01/0 : 7[7] -> 6[6] via P2P/CUMEM
cr2-p548xlarge-7:172446:173282 [7] NCCL INFO Channel 02/0 : 7[7] -> 6[6] via P2P/CUMEM
cr2-p548xlarge-7:172446:173282 [7] NCCL INFO Channel 03/0 : 7[7] -> 6[6] via P2P/CUMEM
cr2-p548xlarge-7:172446:173282 [7] NCCL INFO Channel 04/0 : 7[7] -> 6[6] via P2P/CUMEM
cr2-p548xlarge-7:172446:173282 [7] NCCL INFO Channel 05/0 : 7[7] -> 6[6] via P2P/CUMEM
cr2-p548xlarge-7:172446:173282 [7] NCCL INFO Channel 06/0 : 7[7] -> 6[6] via P2P/CUMEM
cr2-p548xlarge-7:172446:173282 [7] NCCL INFO Channel 07/0 : 7[7] -> 6[6] via P2P/CUMEM
cr2-p548xlarge-7:172446:173282 [7] NCCL INFO Channel 08/0 : 7[7] -> 6[6] via P2P/CUMEM
cr2-p548xlarge-7:172446:173282 [7] NCCL INFO Channel 09/0 : 7[7] -> 6[6] via P2P/CUMEM
cr2-p548xlarge-7:172446:173282 [7] NCCL INFO Channel 10/0 : 7[7] -> 6[6] via P2P/CUMEM
cr2-p548xlarge-7:172446:173282 [7] NCCL INFO Channel 11/0 : 7[7] -> 6[6] via P2P/CUMEM
cr2-p548xlarge-7:172446:173282 [7] NCCL INFO Channel 12/0 : 7[7] -> 6[6] via P2P/CUMEM
cr2-p548xlarge-7:172446:173282 [7] NCCL INFO Channel 13/0 : 7[7] -> 6[6] via P2P/CUMEM
cr2-p548xlarge-7:172446:173282 [7] NCCL INFO Channel 14/0 : 7[7] -> 6[6] via P2P/CUMEM
cr2-p548xlarge-7:172446:173282 [7] NCCL INFO Channel 15/0 : 7[7] -> 6[6] via P2P/CUMEM
cr2-p548xlarge-7:172446:173282 [7] NCCL INFO Channel 16/0 : 7[7] -> 6[6] via P2P/CUMEM
cr2-p548xlarge-7:172446:173282 [7] NCCL INFO Channel 17/0 : 7[7] -> 6[6] via P2P/CUMEM
cr2-p548xlarge-7:172446:173282 [7] NCCL INFO Channel 18/0 : 7[7] -> 6[6] via P2P/CUMEM
cr2-p548xlarge-7:172446:173282 [7] NCCL INFO Channel 19/0 : 7[7] -> 6[6] via P2P/CUMEM
cr2-p548xlarge-7:172446:173282 [7] NCCL INFO Channel 20/0 : 7[7] -> 6[6] via P2P/CUMEM
cr2-p548xlarge-7:172446:173282 [7] NCCL INFO Channel 21/0 : 7[7] -> 6[6] via P2P/CUMEM
cr2-p548xlarge-7:172446:173282 [7] NCCL INFO Channel 22/0 : 7[7] -> 6[6] via P2P/CUMEM
cr2-p548xlarge-7:172446:173282 [7] NCCL INFO Channel 23/0 : 7[7] -> 6[6] via P2P/CUMEM
cr2-p548xlarge-7:172439:173279 [0] NCCL INFO Connected all rings
cr2-p548xlarge-7:172444:173285 [5] NCCL INFO Connected all rings
cr2-p548xlarge-7:172444:173285 [5] NCCL INFO Channel 00/0 : 5[5] -> 4[4] via P2P/CUMEM
cr2-p548xlarge-7:172444:173285 [5] NCCL INFO Channel 01/0 : 5[5] -> 4[4] via P2P/CUMEM
cr2-p548xlarge-7:172444:173285 [5] NCCL INFO Channel 02/0 : 5[5] -> 4[4] via P2P/CUMEM
cr2-p548xlarge-7:172444:173285 [5] NCCL INFO Channel 03/0 : 5[5] -> 4[4] via P2P/CUMEM
cr2-p548xlarge-7:172444:173285 [5] NCCL INFO Channel 04/0 : 5[5] -> 4[4] via P2P/CUMEM
cr2-p548xlarge-7:172444:173285 [5] NCCL INFO Channel 05/0 : 5[5] -> 4[4] via P2P/CUMEM
cr2-p548xlarge-7:172444:173285 [5] NCCL INFO Channel 06/0 : 5[5] -> 4[4] via P2P/CUMEM
cr2-p548xlarge-7:172444:173285 [5] NCCL INFO Channel 07/0 : 5[5] -> 4[4] via P2P/CUMEM
cr2-p548xlarge-7:172444:173285 [5] NCCL INFO Channel 08/0 : 5[5] -> 4[4] via P2P/CUMEM
cr2-p548xlarge-7:172444:173285 [5] NCCL INFO Channel 09/0 : 5[5] -> 4[4] via P2P/CUMEM
cr2-p548xlarge-7:172444:173285 [5] NCCL INFO Channel 10/0 : 5[5] -> 4[4] via P2P/CUMEM
cr2-p548xlarge-7:172444:173285 [5] NCCL INFO Channel 11/0 : 5[5] -> 4[4] via P2P/CUMEM
cr2-p548xlarge-7:172444:173285 [5] NCCL INFO Channel 12/0 : 5[5] -> 4[4] via P2P/CUMEM
cr2-p548xlarge-7:172444:173285 [5] NCCL INFO Channel 13/0 : 5[5] -> 4[4] via P2P/CUMEM
cr2-p548xlarge-7:172444:173285 [5] NCCL INFO Channel 14/0 : 5[5] -> 4[4] via P2P/CUMEM
cr2-p548xlarge-7:172444:173285 [5] NCCL INFO Channel 15/0 : 5[5] -> 4[4] via P2P/CUMEM
cr2-p548xlarge-7:172444:173285 [5] NCCL INFO Channel 16/0 : 5[5] -> 4[4] via P2P/CUMEM
cr2-p548xlarge-7:172444:173285 [5] NCCL INFO Channel 17/0 : 5[5] -> 4[4] via P2P/CUMEM
cr2-p548xlarge-7:172444:173285 [5] NCCL INFO Channel 18/0 : 5[5] -> 4[4] via P2P/CUMEM
cr2-p548xlarge-7:172444:173285 [5] NCCL INFO Channel 19/0 : 5[5] -> 4[4] via P2P/CUMEM
cr2-p548xlarge-7:172444:173285 [5] NCCL INFO Channel 20/0 : 5[5] -> 4[4] via P2P/CUMEM
cr2-p548xlarge-7:172444:173285 [5] NCCL INFO Channel 21/0 : 5[5] -> 4[4] via P2P/CUMEM
cr2-p548xlarge-7:172444:173285 [5] NCCL INFO Channel 22/0 : 5[5] -> 4[4] via P2P/CUMEM
cr2-p548xlarge-7:172444:173285 [5] NCCL INFO Channel 23/0 : 5[5] -> 4[4] via P2P/CUMEM
cr2-p548xlarge-7:172443:173283 [4] NCCL INFO Connected all rings
cr2-p548xlarge-7:172443:173283 [4] NCCL INFO Channel 00/0 : 4[4] -> 3[3] via P2P/CUMEM
cr2-p548xlarge-7:172443:173283 [4] NCCL INFO Channel 01/0 : 4[4] -> 3[3] via P2P/CUMEM
cr2-p548xlarge-7:172443:173283 [4] NCCL INFO Channel 02/0 : 4[4] -> 3[3] via P2P/CUMEM
cr2-p548xlarge-7:172443:173283 [4] NCCL INFO Channel 03/0 : 4[4] -> 3[3] via P2P/CUMEM
cr2-p548xlarge-7:172443:173283 [4] NCCL INFO Channel 04/0 : 4[4] -> 3[3] via P2P/CUMEM
cr2-p548xlarge-7:172443:173283 [4] NCCL INFO Channel 05/0 : 4[4] -> 3[3] via P2P/CUMEM
cr2-p548xlarge-7:172443:173283 [4] NCCL INFO Channel 06/0 : 4[4] -> 3[3] via P2P/CUMEM
cr2-p548xlarge-7:172443:173283 [4] NCCL INFO Channel 07/0 : 4[4] -> 3[3] via P2P/CUMEM
cr2-p548xlarge-7:172443:173283 [4] NCCL INFO Channel 08/0 : 4[4] -> 3[3] via P2P/CUMEM
cr2-p548xlarge-7:172443:173283 [4] NCCL INFO Channel 09/0 : 4[4] -> 3[3] via P2P/CUMEM
cr2-p548xlarge-7:172443:173283 [4] NCCL INFO Channel 10/0 : 4[4] -> 3[3] via P2P/CUMEM
cr2-p548xlarge-7:172443:173283 [4] NCCL INFO Channel 11/0 : 4[4] -> 3[3] via P2P/CUMEM
cr2-p548xlarge-7:172443:173283 [4] NCCL INFO Channel 12/0 : 4[4] -> 3[3] via P2P/CUMEM
cr2-p548xlarge-7:172443:173283 [4] NCCL INFO Channel 13/0 : 4[4] -> 3[3] via P2P/CUMEM
cr2-p548xlarge-7:172443:173283 [4] NCCL INFO Channel 14/0 : 4[4] -> 3[3] via P2P/CUMEM
cr2-p548xlarge-7:172443:173283 [4] NCCL INFO Channel 15/0 : 4[4] -> 3[3] via P2P/CUMEM
cr2-p548xlarge-7:172443:173283 [4] NCCL INFO Channel 16/0 : 4[4] -> 3[3] via P2P/CUMEM
cr2-p548xlarge-7:172443:173283 [4] NCCL INFO Channel 17/0 : 4[4] -> 3[3] via P2P/CUMEM
cr2-p548xlarge-7:172443:173283 [4] NCCL INFO Channel 18/0 : 4[4] -> 3[3] via P2P/CUMEM
cr2-p548xlarge-7:172443:173283 [4] NCCL INFO Channel 19/0 : 4[4] -> 3[3] via P2P/CUMEM
cr2-p548xlarge-7:172443:173283 [4] NCCL INFO Channel 20/0 : 4[4] -> 3[3] via P2P/CUMEM
cr2-p548xlarge-7:172443:173283 [4] NCCL INFO Channel 21/0 : 4[4] -> 3[3] via P2P/CUMEM
cr2-p548xlarge-7:172443:173283 [4] NCCL INFO Channel 22/0 : 4[4] -> 3[3] via P2P/CUMEM
cr2-p548xlarge-7:172443:173283 [4] NCCL INFO Channel 23/0 : 4[4] -> 3[3] via P2P/CUMEM
cr2-p548xlarge-7:172446:173282 [7] NCCL INFO Connected all trees
cr2-p548xlarge-7:172446:173282 [7] NCCL INFO NCCL_NVLS_CHUNKSIZE set by environment to 524288.
cr2-p548xlarge-7:172446:173282 [7] NCCL INFO NVLS comm 0x55e861213ed0 headRank 7 nHeads 8 buffSize 4194304 memSize 2097152 nvlsPerRankSize 301989888 nvlsTotalSize 2415919104
cr2-p548xlarge-7:172441:173284 [2] NCCL INFO Connected all rings
cr2-p548xlarge-7:172445:173286 [6] NCCL INFO Connected all trees
cr2-p548xlarge-7:172442:173281 [3] NCCL INFO Connected all rings
cr2-p548xlarge-7:172445:173286 [6] NCCL INFO NCCL_NVLS_CHUNKSIZE set by environment to 524288.
cr2-p548xlarge-7:172445:173286 [6] NCCL INFO NVLS comm 0x558e73a54020 headRank 6 nHeads 8 buffSize 4194304 memSize 2097152 nvlsPerRankSize 301989888 nvlsTotalSize 2415919104
cr2-p548xlarge-7:172440:173280 [1] NCCL INFO Connected all rings
cr2-p548xlarge-7:172440:173280 [1] NCCL INFO Channel 00/0 : 1[1] -> 0[0] via P2P/CUMEM
cr2-p548xlarge-7:172440:173280 [1] NCCL INFO Channel 01/0 : 1[1] -> 0[0] via P2P/CUMEM
cr2-p548xlarge-7:172440:173280 [1] NCCL INFO Channel 02/0 : 1[1] -> 0[0] via P2P/CUMEM
cr2-p548xlarge-7:172440:173280 [1] NCCL INFO Channel 03/0 : 1[1] -> 0[0] via P2P/CUMEM
cr2-p548xlarge-7:172440:173280 [1] NCCL INFO Channel 04/0 : 1[1] -> 0[0] via P2P/CUMEM
cr2-p548xlarge-7:172440:173280 [1] NCCL INFO Channel 05/0 : 1[1] -> 0[0] via P2P/CUMEM
cr2-p548xlarge-7:172440:173280 [1] NCCL INFO Channel 06/0 : 1[1] -> 0[0] via P2P/CUMEM
cr2-p548xlarge-7:172440:173280 [1] NCCL INFO Channel 07/0 : 1[1] -> 0[0] via P2P/CUMEM
cr2-p548xlarge-7:172440:173280 [1] NCCL INFO Channel 08/0 : 1[1] -> 0[0] via P2P/CUMEM
cr2-p548xlarge-7:172440:173280 [1] NCCL INFO Channel 09/0 : 1[1] -> 0[0] via P2P/CUMEM
cr2-p548xlarge-7:172440:173280 [1] NCCL INFO Channel 10/0 : 1[1] -> 0[0] via P2P/CUMEM
cr2-p548xlarge-7:172440:173280 [1] NCCL INFO Channel 11/0 : 1[1] -> 0[0] via P2P/CUMEM
cr2-p548xlarge-7:172440:173280 [1] NCCL INFO Channel 12/0 : 1[1] -> 0[0] via P2P/CUMEM
cr2-p548xlarge-7:172440:173280 [1] NCCL INFO Channel 13/0 : 1[1] -> 0[0] via P2P/CUMEM
cr2-p548xlarge-7:172440:173280 [1] NCCL INFO Channel 14/0 : 1[1] -> 0[0] via P2P/CUMEM
cr2-p548xlarge-7:172440:173280 [1] NCCL INFO Channel 15/0 : 1[1] -> 0[0] via P2P/CUMEM
cr2-p548xlarge-7:172440:173280 [1] NCCL INFO Channel 16/0 : 1[1] -> 0[0] via P2P/CUMEM
cr2-p548xlarge-7:172440:173280 [1] NCCL INFO Channel 17/0 : 1[1] -> 0[0] via P2P/CUMEM
cr2-p548xlarge-7:172440:173280 [1] NCCL INFO Channel 18/0 : 1[1] -> 0[0] via P2P/CUMEM
cr2-p548xlarge-7:172440:173280 [1] NCCL INFO Channel 19/0 : 1[1] -> 0[0] via P2P/CUMEM
cr2-p548xlarge-7:172440:173280 [1] NCCL INFO Channel 20/0 : 1[1] -> 0[0] via P2P/CUMEM
cr2-p548xlarge-7:172440:173280 [1] NCCL INFO Channel 21/0 : 1[1] -> 0[0] via P2P/CUMEM
cr2-p548xlarge-7:172440:173280 [1] NCCL INFO Channel 22/0 : 1[1] -> 0[0] via P2P/CUMEM
cr2-p548xlarge-7:172441:173284 [2] NCCL INFO Channel 00/0 : 2[2] -> 1[1] via P2P/CUMEM
cr2-p548xlarge-7:172440:173280 [1] NCCL INFO Channel 23/0 : 1[1] -> 0[0] via P2P/CUMEM
cr2-p548xlarge-7:172441:173284 [2] NCCL INFO Channel 01/0 : 2[2] -> 1[1] via P2P/CUMEM
cr2-p548xlarge-7:172441:173284 [2] NCCL INFO Channel 02/0 : 2[2] -> 1[1] via P2P/CUMEM
cr2-p548xlarge-7:172442:173281 [3] NCCL INFO Channel 00/0 : 3[3] -> 2[2] via P2P/CUMEM
cr2-p548xlarge-7:172442:173281 [3] NCCL INFO Channel 01/0 : 3[3] -> 2[2] via P2P/CUMEM
cr2-p548xlarge-7:172442:173281 [3] NCCL INFO Channel 02/0 : 3[3] -> 2[2] via P2P/CUMEM
cr2-p548xlarge-7:172442:173281 [3] NCCL INFO Channel 03/0 : 3[3] -> 2[2] via P2P/CUMEM
cr2-p548xlarge-7:172442:173281 [3] NCCL INFO Channel 04/0 : 3[3] -> 2[2] via P2P/CUMEM
cr2-p548xlarge-7:172442:173281 [3] NCCL INFO Channel 05/0 : 3[3] -> 2[2] via P2P/CUMEM
cr2-p548xlarge-7:172442:173281 [3] NCCL INFO Channel 06/0 : 3[3] -> 2[2] via P2P/CUMEM
cr2-p548xlarge-7:172442:173281 [3] NCCL INFO Channel 07/0 : 3[3] -> 2[2] via P2P/CUMEM
cr2-p548xlarge-7:172442:173281 [3] NCCL INFO Channel 08/0 : 3[3] -> 2[2] via P2P/CUMEM
cr2-p548xlarge-7:172442:173281 [3] NCCL INFO Channel 09/0 : 3[3] -> 2[2] via P2P/CUMEM
cr2-p548xlarge-7:172442:173281 [3] NCCL INFO Channel 10/0 : 3[3] -> 2[2] via P2P/CUMEM
cr2-p548xlarge-7:172442:173281 [3] NCCL INFO Channel 11/0 : 3[3] -> 2[2] via P2P/CUMEM
cr2-p548xlarge-7:172442:173281 [3] NCCL INFO Channel 12/0 : 3[3] -> 2[2] via P2P/CUMEM
cr2-p548xlarge-7:172442:173281 [3] NCCL INFO Channel 13/0 : 3[3] -> 2[2] via P2P/CUMEM
cr2-p548xlarge-7:172442:173281 [3] NCCL INFO Channel 14/0 : 3[3] -> 2[2] via P2P/CUMEM
cr2-p548xlarge-7:172442:173281 [3] NCCL INFO Channel 15/0 : 3[3] -> 2[2] via P2P/CUMEM
cr2-p548xlarge-7:172442:173281 [3] NCCL INFO Channel 16/0 : 3[3] -> 2[2] via P2P/CUMEM
cr2-p548xlarge-7:172442:173281 [3] NCCL INFO Channel 17/0 : 3[3] -> 2[2] via P2P/CUMEM
cr2-p548xlarge-7:172442:173281 [3] NCCL INFO Channel 18/0 : 3[3] -> 2[2] via P2P/CUMEM
cr2-p548xlarge-7:172442:173281 [3] NCCL INFO Channel 19/0 : 3[3] -> 2[2] via P2P/CUMEM
cr2-p548xlarge-7:172442:173281 [3] NCCL INFO Channel 20/0 : 3[3] -> 2[2] via P2P/CUMEM
cr2-p548xlarge-7:172442:173281 [3] NCCL INFO Channel 21/0 : 3[3] -> 2[2] via P2P/CUMEM
cr2-p548xlarge-7:172442:173281 [3] NCCL INFO Channel 22/0 : 3[3] -> 2[2] via P2P/CUMEM
cr2-p548xlarge-7:172442:173281 [3] NCCL INFO Channel 23/0 : 3[3] -> 2[2] via P2P/CUMEM
cr2-p548xlarge-7:172441:173284 [2] NCCL INFO Channel 03/0 : 2[2] -> 1[1] via P2P/CUMEM
cr2-p548xlarge-7:172441:173284 [2] NCCL INFO Channel 04/0 : 2[2] -> 1[1] via P2P/CUMEM
cr2-p548xlarge-7:172441:173284 [2] NCCL INFO Channel 05/0 : 2[2] -> 1[1] via P2P/CUMEM
cr2-p548xlarge-7:172441:173284 [2] NCCL INFO Channel 06/0 : 2[2] -> 1[1] via P2P/CUMEM
cr2-p548xlarge-7:172444:173285 [5] NCCL INFO Connected all trees
cr2-p548xlarge-7:172444:173285 [5] NCCL INFO NCCL_NVLS_CHUNKSIZE set by environment to 524288.
cr2-p548xlarge-7:172444:173285 [5] NCCL INFO NVLS comm 0x5616fdd57770 headRank 5 nHeads 8 buffSize 4194304 memSize 2097152 nvlsPerRankSize 301989888 nvlsTotalSize 2415919104
cr2-p548xlarge-7:172441:173284 [2] NCCL INFO Channel 07/0 : 2[2] -> 1[1] via P2P/CUMEM
cr2-p548xlarge-7:172441:173284 [2] NCCL INFO Channel 08/0 : 2[2] -> 1[1] via P2P/CUMEM
cr2-p548xlarge-7:172441:173284 [2] NCCL INFO Channel 09/0 : 2[2] -> 1[1] via P2P/CUMEM
cr2-p548xlarge-7:172441:173284 [2] NCCL INFO Channel 10/0 : 2[2] -> 1[1] via P2P/CUMEM
cr2-p548xlarge-7:172441:173284 [2] NCCL INFO Channel 11/0 : 2[2] -> 1[1] via P2P/CUMEM
cr2-p548xlarge-7:172441:173284 [2] NCCL INFO Channel 12/0 : 2[2] -> 1[1] via P2P/CUMEM
cr2-p548xlarge-7:172441:173284 [2] NCCL INFO Channel 13/0 : 2[2] -> 1[1] via P2P/CUMEM
cr2-p548xlarge-7:172441:173284 [2] NCCL INFO Channel 14/0 : 2[2] -> 1[1] via P2P/CUMEM
cr2-p548xlarge-7:172441:173284 [2] NCCL INFO Channel 15/0 : 2[2] -> 1[1] via P2P/CUMEM
cr2-p548xlarge-7:172441:173284 [2] NCCL INFO Channel 16/0 : 2[2] -> 1[1] via P2P/CUMEM
cr2-p548xlarge-7:172441:173284 [2] NCCL INFO Channel 17/0 : 2[2] -> 1[1] via P2P/CUMEM
cr2-p548xlarge-7:172441:173284 [2] NCCL INFO Channel 18/0 : 2[2] -> 1[1] via P2P/CUMEM
cr2-p548xlarge-7:172441:173284 [2] NCCL INFO Channel 19/0 : 2[2] -> 1[1] via P2P/CUMEM
cr2-p548xlarge-7:172441:173284 [2] NCCL INFO Channel 20/0 : 2[2] -> 1[1] via P2P/CUMEM
cr2-p548xlarge-7:172441:173284 [2] NCCL INFO Channel 21/0 : 2[2] -> 1[1] via P2P/CUMEM
cr2-p548xlarge-7:172441:173284 [2] NCCL INFO Channel 22/0 : 2[2] -> 1[1] via P2P/CUMEM
cr2-p548xlarge-7:172441:173284 [2] NCCL INFO Channel 23/0 : 2[2] -> 1[1] via P2P/CUMEM
cr2-p548xlarge-7:172443:173283 [4] NCCL INFO Connected all trees
cr2-p548xlarge-7:172443:173283 [4] NCCL INFO NCCL_NVLS_CHUNKSIZE set by environment to 524288.
cr2-p548xlarge-7:172443:173283 [4] NCCL INFO NVLS comm 0x55e361ea6d50 headRank 4 nHeads 8 buffSize 4194304 memSize 2097152 nvlsPerRankSize 301989888 nvlsTotalSize 2415919104
cr2-p548xlarge-7:172439:173279 [0] NCCL INFO Connected all trees
cr2-p548xlarge-7:172439:173279 [0] NCCL INFO NCCL_NVLS_CHUNKSIZE set by environment to 524288.
cr2-p548xlarge-7:172439:173279 [0] NCCL INFO NVLS comm 0x555f5b703010 headRank 0 nHeads 8 buffSize 4194304 memSize 2097152 nvlsPerRankSize 301989888 nvlsTotalSize 2415919104
cr2-p548xlarge-7:172441:173284 [2] NCCL INFO Connected all trees
cr2-p548xlarge-7:172440:173280 [1] NCCL INFO Connected all trees
cr2-p548xlarge-7:172442:173281 [3] NCCL INFO Connected all trees
cr2-p548xlarge-7:172440:173280 [1] NCCL INFO NCCL_NVLS_CHUNKSIZE set by environment to 524288.
cr2-p548xlarge-7:172440:173280 [1] NCCL INFO NVLS comm 0x560b4cd9db50 headRank 1 nHeads 8 buffSize 4194304 memSize 2097152 nvlsPerRankSize 301989888 nvlsTotalSize 2415919104
cr2-p548xlarge-7:172441:173284 [2] NCCL INFO NCCL_NVLS_CHUNKSIZE set by environment to 524288.
cr2-p548xlarge-7:172441:173284 [2] NCCL INFO NVLS comm 0x55a3dde69990 headRank 2 nHeads 8 buffSize 4194304 memSize 2097152 nvlsPerRankSize 301989888 nvlsTotalSize 2415919104
cr2-p548xlarge-7:172442:173281 [3] NCCL INFO NCCL_NVLS_CHUNKSIZE set by environment to 524288.
cr2-p548xlarge-7:172442:173281 [3] NCCL INFO NVLS comm 0x55ff613f3770 headRank 3 nHeads 8 buffSize 4194304 memSize 2097152 nvlsPerRankSize 301989888 nvlsTotalSize 2415919104
cr2-p548xlarge-7:172443:173283 [4] NCCL INFO NCCL_PROTO set by environment to simple
cr2-p548xlarge-7:172443:173283 [4] NCCL INFO NCCL_ALGO set by environment to tree
cr2-p548xlarge-7:172443:173283 [4] NCCL INFO threadThresholds 8/8/64 | 64/8/64 | 512 | 512
cr2-p548xlarge-7:172443:173283 [4] NCCL INFO 24 coll channels, 24 collnet channels, 16 nvls channels, 32 p2p channels, 32 p2p channels per peer
cr2-p548xlarge-7:172444:173285 [5] NCCL INFO NCCL_PROTO set by environment to simple
cr2-p548xlarge-7:172444:173285 [5] NCCL INFO NCCL_ALGO set by environment to tree
cr2-p548xlarge-7:172444:173285 [5] NCCL INFO threadThresholds 8/8/64 | 64/8/64 | 512 | 512
cr2-p548xlarge-7:172444:173285 [5] NCCL INFO 24 coll channels, 24 collnet channels, 16 nvls channels, 32 p2p channels, 32 p2p channels per peer
cr2-p548xlarge-7:172445:173286 [6] NCCL INFO NCCL_PROTO set by environment to simple
cr2-p548xlarge-7:172445:173286 [6] NCCL INFO NCCL_ALGO set by environment to tree
cr2-p548xlarge-7:172445:173286 [6] NCCL INFO threadThresholds 8/8/64 | 64/8/64 | 512 | 512
cr2-p548xlarge-7:172445:173286 [6] NCCL INFO 24 coll channels, 24 collnet channels, 16 nvls channels, 32 p2p channels, 32 p2p channels per peer
cr2-p548xlarge-7:172439:173279 [0] NCCL INFO NCCL_PROTO set by environment to simple
cr2-p548xlarge-7:172446:173282 [7] NCCL INFO NCCL_PROTO set by environment to simple
cr2-p548xlarge-7:172439:173279 [0] NCCL INFO NCCL_ALGO set by environment to tree
cr2-p548xlarge-7:172446:173282 [7] NCCL INFO NCCL_ALGO set by environment to tree
cr2-p548xlarge-7:172446:173282 [7] NCCL INFO threadThresholds 8/8/64 | 64/8/64 | 512 | 512
cr2-p548xlarge-7:172446:173282 [7] NCCL INFO 24 coll channels, 24 collnet channels, 16 nvls channels, 32 p2p channels, 32 p2p channels per peer
cr2-p548xlarge-7:172439:173279 [0] NCCL INFO threadThresholds 8/8/64 | 64/8/64 | 512 | 512
cr2-p548xlarge-7:172439:173279 [0] NCCL INFO 24 coll channels, 24 collnet channels, 16 nvls channels, 32 p2p channels, 32 p2p channels per peer
cr2-p548xlarge-7:172441:173284 [2] NCCL INFO NCCL_PROTO set by environment to simple
cr2-p548xlarge-7:172441:173284 [2] NCCL INFO NCCL_ALGO set by environment to tree
cr2-p548xlarge-7:172441:173284 [2] NCCL INFO threadThresholds 8/8/64 | 64/8/64 | 512 | 512
cr2-p548xlarge-7:172441:173284 [2] NCCL INFO 24 coll channels, 24 collnet channels, 16 nvls channels, 32 p2p channels, 32 p2p channels per peer
cr2-p548xlarge-7:172440:173280 [1] NCCL INFO NCCL_PROTO set by environment to simple
cr2-p548xlarge-7:172440:173280 [1] NCCL INFO NCCL_ALGO set by environment to tree
cr2-p548xlarge-7:172440:173280 [1] NCCL INFO threadThresholds 8/8/64 | 64/8/64 | 512 | 512
cr2-p548xlarge-7:172440:173280 [1] NCCL INFO 24 coll channels, 24 collnet channels, 16 nvls channels, 32 p2p channels, 32 p2p channels per peer
cr2-p548xlarge-7:172442:173281 [3] NCCL INFO NCCL_PROTO set by environment to simple
cr2-p548xlarge-7:172442:173281 [3] NCCL INFO NCCL_ALGO set by environment to tree
cr2-p548xlarge-7:172442:173281 [3] NCCL INFO threadThresholds 8/8/64 | 64/8/64 | 512 | 512
cr2-p548xlarge-7:172442:173281 [3] NCCL INFO 24 coll channels, 24 collnet channels, 16 nvls channels, 32 p2p channels, 32 p2p channels per peer
cr2-p548xlarge-7:172445:173286 [6] NCCL INFO TUNER/Plugin: Failed to find ncclTunerPlugin_v2, using internal tuner instead.
cr2-p548xlarge-7:172445:173286 [6] NCCL INFO ncclCommInitRank comm 0x558e73a54020 rank 6 nranks 8 cudaDev 6 nvmlDev 6 busId b9000 commId 0xe76feb0c57728af6 - Init COMPLETE
cr2-p548xlarge-7:172443:173283 [4] NCCL INFO TUNER/Plugin: Failed to find ncclTunerPlugin_v2, using internal tuner instead.
cr2-p548xlarge-7:172443:173283 [4] NCCL INFO ncclCommInitRank comm 0x55e361ea6d50 rank 4 nranks 8 cudaDev 4 nvmlDev 4 busId 97000 commId 0xe76feb0c57728af6 - Init COMPLETE
cr2-p548xlarge-7:172439:173279 [0] NCCL INFO TUNER/Plugin: Failed to find ncclTunerPlugin_v2, using internal tuner instead.
cr2-p548xlarge-7:172439:173279 [0] NCCL INFO ncclCommInitRank comm 0x555f5b703010 rank 0 nranks 8 cudaDev 0 nvmlDev 0 busId 53000 commId 0xe76feb0c57728af6 - Init COMPLETE
cr2-p548xlarge-7:172446:173282 [7] NCCL INFO TUNER/Plugin: Failed to find ncclTunerPlugin_v2, using internal tuner instead.
cr2-p548xlarge-7:172444:173285 [5] NCCL INFO TUNER/Plugin: Failed to find ncclTunerPlugin_v2, using internal tuner instead.
cr2-p548xlarge-7:172446:173282 [7] NCCL INFO ncclCommInitRank comm 0x55e861213ed0 rank 7 nranks 8 cudaDev 7 nvmlDev 7 busId ca000 commId 0xe76feb0c57728af6 - Init COMPLETE
cr2-p548xlarge-7:172444:173285 [5] NCCL INFO ncclCommInitRank comm 0x5616fdd57770 rank 5 nranks 8 cudaDev 5 nvmlDev 5 busId a8000 commId 0xe76feb0c57728af6 - Init COMPLETE
cr2-p548xlarge-7:172440:173280 [1] NCCL INFO TUNER/Plugin: Failed to find ncclTunerPlugin_v2, using internal tuner instead.
cr2-p548xlarge-7:172440:173280 [1] NCCL INFO ncclCommInitRank comm 0x560b4cd9db50 rank 1 nranks 8 cudaDev 1 nvmlDev 1 busId 64000 commId 0xe76feb0c57728af6 - Init COMPLETE
cr2-p548xlarge-7:172442:173281 [3] NCCL INFO TUNER/Plugin: Failed to find ncclTunerPlugin_v2, using internal tuner instead.
cr2-p548xlarge-7:172441:173284 [2] NCCL INFO TUNER/Plugin: Failed to find ncclTunerPlugin_v2, using internal tuner instead.
cr2-p548xlarge-7:172442:173281 [3] NCCL INFO ncclCommInitRank comm 0x55ff613f3770 rank 3 nranks 8 cudaDev 3 nvmlDev 3 busId 86000 commId 0xe76feb0c57728af6 - Init COMPLETE
cr2-p548xlarge-7:172441:173284 [2] NCCL INFO ncclCommInitRank comm 0x55a3dde69990 rank 2 nranks 8 cudaDev 2 nvmlDev 2 busId 75000 commId 0xe76feb0c57728af6 - Init COMPLETE
[2024-08-13 16:05:30,774] [INFO] [partition_parameters.py:345:__exit__] finished initializing model - num_params = 363, num_elems = 13.02B
Loading checkpoint shards:   0%|          | 0/3 [00:00<?, ?it/s]Loading checkpoint shards:   0%|          | 0/3 [00:00<?, ?it/s]Loading checkpoint shards:   0%|          | 0/3 [00:00<?, ?it/s]Loading checkpoint shards:   0%|          | 0/3 [00:00<?, ?it/s]Loading checkpoint shards:   0%|          | 0/3 [00:00<?, ?it/s]Loading checkpoint shards:   0%|          | 0/3 [00:00<?, ?it/s]Loading checkpoint shards:   0%|          | 0/3 [00:00<?, ?it/s]Loading checkpoint shards:   0%|          | 0/3 [00:00<?, ?it/s]Loading checkpoint shards:  33%|â–ˆâ–ˆâ–ˆâ–Ž      | 1/3 [00:10<00:20, 10.42s/it]Loading checkpoint shards:  33%|â–ˆâ–ˆâ–ˆâ–Ž      | 1/3 [00:10<00:20, 10.44s/it]Loading checkpoint shards:  33%|â–ˆâ–ˆâ–ˆâ–Ž      | 1/3 [00:10<00:20, 10.45s/it]Loading checkpoint shards:  33%|â–ˆâ–ˆâ–ˆâ–Ž      | 1/3 [00:10<00:20, 10.45s/it]Loading checkpoint shards:  33%|â–ˆâ–ˆâ–ˆâ–Ž      | 1/3 [00:10<00:20, 10.44s/it]Loading checkpoint shards:  33%|â–ˆâ–ˆâ–ˆâ–Ž      | 1/3 [00:10<00:20, 10.47s/it]Loading checkpoint shards:  33%|â–ˆâ–ˆâ–ˆâ–Ž      | 1/3 [00:10<00:20, 10.48s/it]Loading checkpoint shards:  33%|â–ˆâ–ˆâ–ˆâ–Ž      | 1/3 [00:36<01:12, 36.37s/it]Loading checkpoint shards:  67%|â–ˆâ–ˆâ–ˆâ–ˆâ–ˆâ–ˆâ–‹   | 2/3 [00:45<00:24, 24.95s/it]Loading checkpoint shards:  67%|â–ˆâ–ˆâ–ˆâ–ˆâ–ˆâ–ˆâ–‹   | 2/3 [00:45<00:24, 24.96s/it]Loading checkpoint shards:  67%|â–ˆâ–ˆâ–ˆâ–ˆâ–ˆâ–ˆâ–‹   | 2/3 [00:45<00:24, 24.94s/it]Loading checkpoint shards:  67%|â–ˆâ–ˆâ–ˆâ–ˆâ–ˆâ–ˆâ–‹   | 2/3 [00:45<00:24, 24.97s/it]Loading checkpoint shards:  67%|â–ˆâ–ˆâ–ˆâ–ˆâ–ˆâ–ˆâ–‹   | 2/3 [00:45<00:24, 24.96s/it]Loading checkpoint shards:  67%|â–ˆâ–ˆâ–ˆâ–ˆâ–ˆâ–ˆâ–‹   | 2/3 [00:45<00:25, 25.11s/it]Loading checkpoint shards:  67%|â–ˆâ–ˆâ–ˆâ–ˆâ–ˆâ–ˆâ–‹   | 2/3 [00:45<00:25, 25.13s/it]Loading checkpoint shards: 100%|â–ˆâ–ˆâ–ˆâ–ˆâ–ˆâ–ˆâ–ˆâ–ˆâ–ˆâ–ˆ| 3/3 [01:07<00:00, 23.60s/it]Loading checkpoint shards: 100%|â–ˆâ–ˆâ–ˆâ–ˆâ–ˆâ–ˆâ–ˆâ–ˆâ–ˆâ–ˆ| 3/3 [01:07<00:00, 22.51s/it]
Loading checkpoint shards: 100%|â–ˆâ–ˆâ–ˆâ–ˆâ–ˆâ–ˆâ–ˆâ–ˆâ–ˆâ–ˆ| 3/3 [01:07<00:00, 23.61s/it]Loading checkpoint shards: 100%|â–ˆâ–ˆâ–ˆâ–ˆâ–ˆâ–ˆâ–ˆâ–ˆâ–ˆâ–ˆ| 3/3 [01:07<00:00, 22.52s/it]
Loading checkpoint shards: 100%|â–ˆâ–ˆâ–ˆâ–ˆâ–ˆâ–ˆâ–ˆâ–ˆâ–ˆâ–ˆ| 3/3 [01:07<00:00, 23.61s/it]Loading checkpoint shards: 100%|â–ˆâ–ˆâ–ˆâ–ˆâ–ˆâ–ˆâ–ˆâ–ˆâ–ˆâ–ˆ| 3/3 [01:07<00:00, 22.52s/it]
Loading checkpoint shards: 100%|â–ˆâ–ˆâ–ˆâ–ˆâ–ˆâ–ˆâ–ˆâ–ˆâ–ˆâ–ˆ| 3/3 [01:07<00:00, 23.60s/it]Loading checkpoint shards: 100%|â–ˆâ–ˆâ–ˆâ–ˆâ–ˆâ–ˆâ–ˆâ–ˆâ–ˆâ–ˆ| 3/3 [01:07<00:00, 22.52s/it]
Loading checkpoint shards: 100%|â–ˆâ–ˆâ–ˆâ–ˆâ–ˆâ–ˆâ–ˆâ–ˆâ–ˆâ–ˆ| 3/3 [01:07<00:00, 23.62s/it]Loading checkpoint shards: 100%|â–ˆâ–ˆâ–ˆâ–ˆâ–ˆâ–ˆâ–ˆâ–ˆâ–ˆâ–ˆ| 3/3 [01:07<00:00, 22.53s/it]
enable_input_require_grads!
enable_input_require_grads!
enable_input_require_grads!
enable_input_require_grads!
Loading checkpoint shards: 100%|â–ˆâ–ˆâ–ˆâ–ˆâ–ˆâ–ˆâ–ˆâ–ˆâ–ˆâ–ˆ| 3/3 [01:07<00:00, 23.60s/it]Loading checkpoint shards: 100%|â–ˆâ–ˆâ–ˆâ–ˆâ–ˆâ–ˆâ–ˆâ–ˆâ–ˆâ–ˆ| 3/3 [01:07<00:00, 22.55s/it]
enable_input_require_grads!
Loading checkpoint shards: 100%|â–ˆâ–ˆâ–ˆâ–ˆâ–ˆâ–ˆâ–ˆâ–ˆâ–ˆâ–ˆ| 3/3 [01:07<00:00, 23.62s/it]Loading checkpoint shards: 100%|â–ˆâ–ˆâ–ˆâ–ˆâ–ˆâ–ˆâ–ˆâ–ˆâ–ˆâ–ˆ| 3/3 [01:07<00:00, 22.56s/it]
enable_input_require_grads!
enable_input_require_grads!
Loading checkpoint shards:  67%|â–ˆâ–ˆâ–ˆâ–ˆâ–ˆâ–ˆâ–‹   | 2/3 [01:12<00:35, 35.95s/it]Loading checkpoint shards: 100%|â–ˆâ–ˆâ–ˆâ–ˆâ–ˆâ–ˆâ–ˆâ–ˆâ–ˆâ–ˆ| 3/3 [01:38<00:00, 31.39s/it]Loading checkpoint shards: 100%|â–ˆâ–ˆâ–ˆâ–ˆâ–ˆâ–ˆâ–ˆâ–ˆâ–ˆâ–ˆ| 3/3 [01:38<00:00, 32.67s/it]
enable_input_require_grads!
trainable params: 13,107,200 || all params: 13,028,971,520 || trainable%: 0.1006
Finetune with LORA setting:  None
trainable params: 13,107,200 || all params: 13,028,971,520 || trainable%: 0.1006
Finetune with LORA setting:  None
trainable params: 13,107,200 || all params: 13,028,971,520 || trainable%: 0.1006
Finetune with LORA setting:  None
trainable params: 13,107,200 || all params: 13,028,971,520 || trainable%: 0.1006
Finetune with LORA setting:  None
trainable params: 13,107,200 || all params: 13,028,971,520 || trainable%: 0.1006
Finetune with LORA setting:  None
trainable params: 13,107,200 || all params: 13,028,971,520 || trainable%: 0.1006
Finetune with LORA setting:  None
trainable params: 13,107,200 || all params: 13,028,971,520 || trainable%: 0.1006
Finetune with LORA setting:  None
trainable params: 13,107,200 || all params: 13,028,971,520 || trainable%: 0.1006
Finetune with LORA setting:  None
WARNING:root:Loading data...
WARNING:root:Loading data...
WARNING:root:Loading data...
WARNING:root:Loading data...
WARNING:root:Loading data...
WARNING:root:Loading data...
WARNING:root:Loading data...
WARNING:root:Loading data...
WARNING:root:Formatting inputs...
WARNING:root:Formatting inputs...
WARNING:root:Formatting inputs...
WARNING:root:Formatting inputs...
WARNING:root:Formatting inputs...
WARNING:root:Formatting inputs...
WARNING:root:Tokenizing inputs... This may take some time...
WARNING:root:Tokenizing inputs... This may take some time...
WARNING:root:Tokenizing inputs... This may take some time...
WARNING:root:Formatting inputs...
WARNING:root:Tokenizing inputs... This may take some time...
WARNING:root:Formatting inputs...
WARNING:root:Tokenizing inputs... This may take some time...
WARNING:root:Tokenizing inputs... This may take some time...
WARNING:root:Tokenizing inputs... This may take some time...
WARNING:root:Tokenizing inputs... This may take some time...
[rank5]:[W Utils.hpp:135] Warning: Environment variable NCCL_ASYNC_ERROR_HANDLING is deprecated; use TORCH_NCCL_ASYNC_ERROR_HANDLING instead (function getCvarInt)
[rank2]:[W Utils.hpp:135] Warning: Environment variable NCCL_ASYNC_ERROR_HANDLING is deprecated; use TORCH_NCCL_ASYNC_ERROR_HANDLING instead (function getCvarInt)
Using /opt/hpcaas/.mounts/fs-0301404b74c8d22fd/home/yunyun/.cache/torch_extensions/py311_cu121 as PyTorch extensions root...Using /opt/hpcaas/.mounts/fs-0301404b74c8d22fd/home/yunyun/.cache/torch_extensions/py311_cu121 as PyTorch extensions root...

[rank7]:[W Utils.hpp:135] Warning: Environment variable NCCL_ASYNC_ERROR_HANDLING is deprecated; use TORCH_NCCL_ASYNC_ERROR_HANDLING instead (function getCvarInt)
Using /opt/hpcaas/.mounts/fs-0301404b74c8d22fd/home/yunyun/.cache/torch_extensions/py311_cu121 as PyTorch extensions root...
Detected CUDA files, patching ldflags
Emitting ninja build file /opt/hpcaas/.mounts/fs-0301404b74c8d22fd/home/yunyun/.cache/torch_extensions/py311_cu121/fused_adam/build.ninja...
/data/home/yunyun/miniconda3/envs/newtorch2/lib/python3.11/site-packages/torch/utils/cpp_extension.py:1967: UserWarning: TORCH_CUDA_ARCH_LIST is not set, all archs for visible cards are included for compilation. 
If this is not desired, please set os.environ['TORCH_CUDA_ARCH_LIST'].
  warnings.warn(
Building extension module fused_adam...
Allowing ninja to set a default number of workers... (overridable by setting the environment variable MAX_JOBS=N)
[rank4]:[W Utils.hpp:135] Warning: Environment variable NCCL_ASYNC_ERROR_HANDLING is deprecated; use TORCH_NCCL_ASYNC_ERROR_HANDLING instead (function getCvarInt)
Using /opt/hpcaas/.mounts/fs-0301404b74c8d22fd/home/yunyun/.cache/torch_extensions/py311_cu121 as PyTorch extensions root...
[rank6]:[W Utils.hpp:135] Warning: Environment variable NCCL_ASYNC_ERROR_HANDLING is deprecated; use TORCH_NCCL_ASYNC_ERROR_HANDLING instead (function getCvarInt)
Using /opt/hpcaas/.mounts/fs-0301404b74c8d22fd/home/yunyun/.cache/torch_extensions/py311_cu121 as PyTorch extensions root...
[rank0]:[W Utils.hpp:135] Warning: Environment variable NCCL_ASYNC_ERROR_HANDLING is deprecated; use TORCH_NCCL_ASYNC_ERROR_HANDLING instead (function getCvarInt)
Using /opt/hpcaas/.mounts/fs-0301404b74c8d22fd/home/yunyun/.cache/torch_extensions/py311_cu121 as PyTorch extensions root...
ninja: no work to do.
Loading extension module fused_adam...
Loading extension module fused_adam...
Loading extension module fused_adam...
Loading extension module fused_adam...
Loading extension module fused_adam...
Loading extension module fused_adam...
Time to load fused_adam op: 2.90848445892334 seconds
Time to load fused_adam op: 2.4249961376190186 secondsTime to load fused_adam op: 2.632977247238159 secondsTime to load fused_adam op: 2.4490702152252197 seconds
Time to load fused_adam op: 2.9085588455200195 secondsTime to load fused_adam op: 2.795740842819214 seconds



Parameter Offload: Total persistent parameters: 13521920 in 241 params
[rank3]:[W Utils.hpp:135] Warning: Environment variable NCCL_ASYNC_ERROR_HANDLING is deprecated; use TORCH_NCCL_ASYNC_ERROR_HANDLING instead (function getCvarInt)
Using /opt/hpcaas/.mounts/fs-0301404b74c8d22fd/home/yunyun/.cache/torch_extensions/py311_cu121 as PyTorch extensions root...
Detected CUDA files, patching ldflags
Emitting ninja build file /opt/hpcaas/.mounts/fs-0301404b74c8d22fd/home/yunyun/.cache/torch_extensions/py311_cu121/fused_adam/build.ninja...
/data/home/yunyun/miniconda3/envs/newtorch2/lib/python3.11/site-packages/torch/utils/cpp_extension.py:1967: UserWarning: TORCH_CUDA_ARCH_LIST is not set, all archs for visible cards are included for compilation. 
If this is not desired, please set os.environ['TORCH_CUDA_ARCH_LIST'].
  warnings.warn(
Building extension module fused_adam...
Allowing ninja to set a default number of workers... (overridable by setting the environment variable MAX_JOBS=N)
ninja: no work to do.
Loading extension module fused_adam...
Time to load fused_adam op: 0.33604979515075684 seconds
[rank1]:[W Utils.hpp:135] Warning: Environment variable NCCL_ASYNC_ERROR_HANDLING is deprecated; use TORCH_NCCL_ASYNC_ERROR_HANDLING instead (function getCvarInt)
Using /opt/hpcaas/.mounts/fs-0301404b74c8d22fd/home/yunyun/.cache/torch_extensions/py311_cu121 as PyTorch extensions root...
Detected CUDA files, patching ldflags
Emitting ninja build file /opt/hpcaas/.mounts/fs-0301404b74c8d22fd/home/yunyun/.cache/torch_extensions/py311_cu121/fused_adam/build.ninja...
/data/home/yunyun/miniconda3/envs/newtorch2/lib/python3.11/site-packages/torch/utils/cpp_extension.py:1967: UserWarning: TORCH_CUDA_ARCH_LIST is not set, all archs for visible cards are included for compilation. 
If this is not desired, please set os.environ['TORCH_CUDA_ARCH_LIST'].
  warnings.warn(
Building extension module fused_adam...
Allowing ninja to set a default number of workers... (overridable by setting the environment variable MAX_JOBS=N)
ninja: no work to do.
Loading extension module fused_adam...
Time to load fused_adam op: 0.3120708465576172 seconds
  0%|          | 0/564 [00:00<?, ?it/s]/data/home/yunyun/miniconda3/envs/newtorch2/lib/python3.11/site-packages/torch/utils/checkpoint.py:464: UserWarning: torch.utils.checkpoint: the use_reentrant parameter should be passed explicitly. In version 2.4 we will raise an exception if use_reentrant is not passed. use_reentrant=False is recommended, but if you need to preserve the current default behavior, you can pass use_reentrant=True. Refer to docs for more details on the differences between the two variants.
  warnings.warn(
/data/home/yunyun/miniconda3/envs/newtorch2/lib/python3.11/site-packages/torch/utils/checkpoint.py:464: UserWarning: torch.utils.checkpoint: the use_reentrant parameter should be passed explicitly. In version 2.4 we will raise an exception if use_reentrant is not passed. use_reentrant=False is recommended, but if you need to preserve the current default behavior, you can pass use_reentrant=True. Refer to docs for more details on the differences between the two variants.
  warnings.warn(
/data/home/yunyun/miniconda3/envs/newtorch2/lib/python3.11/site-packages/torch/utils/checkpoint.py:464: UserWarning: torch.utils.checkpoint: the use_reentrant parameter should be passed explicitly. In version 2.4 we will raise an exception if use_reentrant is not passed. use_reentrant=False is recommended, but if you need to preserve the current default behavior, you can pass use_reentrant=True. Refer to docs for more details on the differences between the two variants.
  warnings.warn(
/data/home/yunyun/miniconda3/envs/newtorch2/lib/python3.11/site-packages/torch/utils/checkpoint.py:464: UserWarning: torch.utils.checkpoint: the use_reentrant parameter should be passed explicitly. In version 2.4 we will raise an exception if use_reentrant is not passed. use_reentrant=False is recommended, but if you need to preserve the current default behavior, you can pass use_reentrant=True. Refer to docs for more details on the differences between the two variants.
  warnings.warn(
/data/home/yunyun/miniconda3/envs/newtorch2/lib/python3.11/site-packages/torch/utils/checkpoint.py:464: UserWarning: torch.utils.checkpoint: the use_reentrant parameter should be passed explicitly. In version 2.4 we will raise an exception if use_reentrant is not passed. use_reentrant=False is recommended, but if you need to preserve the current default behavior, you can pass use_reentrant=True. Refer to docs for more details on the differences between the two variants.
  warnings.warn(
/data/home/yunyun/miniconda3/envs/newtorch2/lib/python3.11/site-packages/torch/utils/checkpoint.py:464: UserWarning: torch.utils.checkpoint: the use_reentrant parameter should be passed explicitly. In version 2.4 we will raise an exception if use_reentrant is not passed. use_reentrant=False is recommended, but if you need to preserve the current default behavior, you can pass use_reentrant=True. Refer to docs for more details on the differences between the two variants.
  warnings.warn(
/data/home/yunyun/miniconda3/envs/newtorch2/lib/python3.11/site-packages/torch/utils/checkpoint.py:464: UserWarning: torch.utils.checkpoint: the use_reentrant parameter should be passed explicitly. In version 2.4 we will raise an exception if use_reentrant is not passed. use_reentrant=False is recommended, but if you need to preserve the current default behavior, you can pass use_reentrant=True. Refer to docs for more details on the differences between the two variants.
  warnings.warn(
/data/home/yunyun/miniconda3/envs/newtorch2/lib/python3.11/site-packages/torch/utils/checkpoint.py:464: UserWarning: torch.utils.checkpoint: the use_reentrant parameter should be passed explicitly. In version 2.4 we will raise an exception if use_reentrant is not passed. use_reentrant=False is recommended, but if you need to preserve the current default behavior, you can pass use_reentrant=True. Refer to docs for more details on the differences between the two variants.
  warnings.warn(
cr2-p548xlarge-7:172439:179351 [0] NCCL INFO NET/OFI Libfabric provider associates MRs with domains
cr2-p548xlarge-7:172444:179354 [5] NCCL INFO NET/OFI Libfabric provider associates MRs with domains
cr2-p548xlarge-7:172445:179357 [6] NCCL INFO NET/OFI Libfabric provider associates MRs with domains
cr2-p548xlarge-7:172443:179355 [4] NCCL INFO NET/OFI Libfabric provider associates MRs with domains
cr2-p548xlarge-7:172446:179356 [7] NCCL INFO NET/OFI Libfabric provider associates MRs with domains
cr2-p548xlarge-7:172441:179353 [2] NCCL INFO NET/OFI Libfabric provider associates MRs with domains
cr2-p548xlarge-7:172440:179352 [1] NCCL INFO NET/OFI Libfabric provider associates MRs with domains
cr2-p548xlarge-7:172439:179351 [0] NCCL INFO Using non-device net plugin version 0
cr2-p548xlarge-7:172444:179354 [5] NCCL INFO Using non-device net plugin version 0
cr2-p548xlarge-7:172445:179357 [6] NCCL INFO Using non-device net plugin version 0
cr2-p548xlarge-7:172443:179355 [4] NCCL INFO Using non-device net plugin version 0
cr2-p548xlarge-7:172446:179356 [7] NCCL INFO Using non-device net plugin version 0
cr2-p548xlarge-7:172441:179353 [2] NCCL INFO Using non-device net plugin version 0
cr2-p548xlarge-7:172440:179352 [1] NCCL INFO Using non-device net plugin version 0
cr2-p548xlarge-7:172442:179358 [3] NCCL INFO NET/OFI Libfabric provider associates MRs with domains
cr2-p548xlarge-7:172442:179358 [3] NCCL INFO Using non-device net plugin version 0
cr2-p548xlarge-7:172439:179351 [0] NCCL INFO Using network AWS Libfabric
cr2-p548xlarge-7:172445:179357 [6] NCCL INFO Using network AWS Libfabric
cr2-p548xlarge-7:172443:179355 [4] NCCL INFO Using network AWS Libfabric
cr2-p548xlarge-7:172446:179356 [7] NCCL INFO Using network AWS Libfabric
cr2-p548xlarge-7:172441:179353 [2] NCCL INFO Using network AWS Libfabric
cr2-p548xlarge-7:172444:179354 [5] NCCL INFO Using network AWS Libfabric
cr2-p548xlarge-7:172442:179358 [3] NCCL INFO Using network AWS Libfabric
cr2-p548xlarge-7:172440:179352 [1] NCCL INFO Using network AWS Libfabric
cr2-p548xlarge-7:172439:179351 [0] NCCL INFO DMA-BUF is available on GPU device 0
cr2-p548xlarge-7:172445:179357 [6] NCCL INFO DMA-BUF is available on GPU device 6
cr2-p548xlarge-7:172446:179356 [7] NCCL INFO DMA-BUF is available on GPU device 7
cr2-p548xlarge-7:172443:179355 [4] NCCL INFO DMA-BUF is available on GPU device 4
cr2-p548xlarge-7:172441:179353 [2] NCCL INFO DMA-BUF is available on GPU device 2
cr2-p548xlarge-7:172444:179354 [5] NCCL INFO DMA-BUF is available on GPU device 5
cr2-p548xlarge-7:172442:179358 [3] NCCL INFO DMA-BUF is available on GPU device 3
cr2-p548xlarge-7:172440:179352 [1] NCCL INFO DMA-BUF is available on GPU device 1
cr2-p548xlarge-7:172439:179351 [0] NCCL INFO bootstrapSplit: comm 0x555f77c7ec00 parent 0x555f5b703010 rank 0 nranks 8 color -934961569 key 0 prev 7 next 1 - DONE
cr2-p548xlarge-7:172446:179356 [7] NCCL INFO bootstrapSplit: comm 0x55e87d80cac0 parent 0x55e861213ed0 rank 7 nranks 8 color -934961569 key 7 prev 6 next 0 - DONE
cr2-p548xlarge-7:172445:179357 [6] NCCL INFO bootstrapSplit: comm 0x558e92497e80 parent 0x558e73a54020 rank 6 nranks 8 color -934961569 key 6 prev 5 next 7 - DONE
cr2-p548xlarge-7:172439:179351 [0] NCCL INFO ncclCommSplit comm 0x555f77c7ec00 rank 0 nranks 8 cudaDev 0 nvmlDev 0 busId 53000 parent 0x555f5b703010 color -934961569 key 0 commId 0xddddad4049c29086 - Init START
cr2-p548xlarge-7:172440:179352 [1] NCCL INFO bootstrapSplit: comm 0x560b6937f480 parent 0x560b4cd9db50 rank 1 nranks 8 color -934961569 key 1 prev 0 next 2 - DONE
cr2-p548xlarge-7:172442:179358 [3] NCCL INFO bootstrapSplit: comm 0x55ff7d9ec130 parent 0x55ff613f3770 rank 3 nranks 8 color -934961569 key 3 prev 2 next 4 - DONE
cr2-p548xlarge-7:172440:179352 [1] NCCL INFO ncclCommSplit comm 0x560b6937f480 rank 1 nranks 8 cudaDev 1 nvmlDev 1 busId 64000 parent 0x560b4cd9db50 color -934961569 key 1 commId 0xddddad4049c29086 - Init START
cr2-p548xlarge-7:172444:179354 [5] NCCL INFO bootstrapSplit: comm 0x56171802ead0 parent 0x5616fdd57770 rank 5 nranks 8 color -934961569 key 5 prev 4 next 6 - DONE
cr2-p548xlarge-7:172444:179354 [5] NCCL INFO ncclCommSplit comm 0x56171802ead0 rank 5 nranks 8 cudaDev 5 nvmlDev 5 busId a8000 parent 0x5616fdd57770 color -934961569 key 5 commId 0xddddad4049c29086 - Init START
cr2-p548xlarge-7:172441:179353 [2] NCCL INFO bootstrapSplit: comm 0x55a3fa424e50 parent 0x55a3dde69990 rank 2 nranks 8 color -934961569 key 2 prev 1 next 3 - DONE
cr2-p548xlarge-7:172441:179353 [2] NCCL INFO ncclCommSplit comm 0x55a3fa424e50 rank 2 nranks 8 cudaDev 2 nvmlDev 2 busId 75000 parent 0x55a3dde69990 color -934961569 key 2 commId 0xddddad4049c29086 - Init START
cr2-p548xlarge-7:172443:179355 [4] NCCL INFO bootstrapSplit: comm 0x55e37e4884c0 parent 0x55e361ea6d50 rank 4 nranks 8 color -934961569 key 4 prev 3 next 5 - DONE
cr2-p548xlarge-7:172446:179356 [7] NCCL INFO ncclCommSplit comm 0x55e87d80cac0 rank 7 nranks 8 cudaDev 7 nvmlDev 7 busId ca000 parent 0x55e861213ed0 color -934961569 key 7 commId 0xddddad4049c29086 - Init START
cr2-p548xlarge-7:172443:179355 [4] NCCL INFO ncclCommSplit comm 0x55e37e4884c0 rank 4 nranks 8 cudaDev 4 nvmlDev 4 busId 97000 parent 0x55e361ea6d50 color -934961569 key 4 commId 0xddddad4049c29086 - Init START
cr2-p548xlarge-7:172445:179357 [6] NCCL INFO ncclCommSplit comm 0x558e92497e80 rank 6 nranks 8 cudaDev 6 nvmlDev 6 busId b9000 parent 0x558e73a54020 color -934961569 key 6 commId 0xddddad4049c29086 - Init START
cr2-p548xlarge-7:172442:179358 [3] NCCL INFO ncclCommSplit comm 0x55ff7d9ec130 rank 3 nranks 8 cudaDev 3 nvmlDev 3 busId 86000 parent 0x55ff613f3770 color -934961569 key 3 commId 0xddddad4049c29086 - Init START
cr2-p548xlarge-7:172439:179351 [0] NCCL INFO NCCL_TOPO_FILE set by environment to /usr/local/cuda-12.1/efa/share/aws-ofi-nccl/xml/p4d-24xl-topo.xml
cr2-p548xlarge-7:172446:179356 [7] NCCL INFO NCCL_TOPO_FILE set by environment to /usr/local/cuda-12.1/efa/share/aws-ofi-nccl/xml/p4d-24xl-topo.xml
cr2-p548xlarge-7:172441:179353 [2] NCCL INFO NCCL_TOPO_FILE set by environment to /usr/local/cuda-12.1/efa/share/aws-ofi-nccl/xml/p4d-24xl-topo.xml

cr2-p548xlarge-7:172439:179351 [0] graph/xml.cc:392 NCCL WARN Could not open XML topology file /usr/local/cuda-12.1/efa/share/aws-ofi-nccl/xml/p4d-24xl-topo.xml : No such file or directory
cr2-p548xlarge-7:172440:179352 [1] NCCL INFO NCCL_TOPO_FILE set by environment to /usr/local/cuda-12.1/efa/share/aws-ofi-nccl/xml/p4d-24xl-topo.xml
cr2-p548xlarge-7:172445:179357 [6] NCCL INFO NCCL_TOPO_FILE set by environment to /usr/local/cuda-12.1/efa/share/aws-ofi-nccl/xml/p4d-24xl-topo.xml
cr2-p548xlarge-7:172444:179354 [5] NCCL INFO NCCL_TOPO_FILE set by environment to /usr/local/cuda-12.1/efa/share/aws-ofi-nccl/xml/p4d-24xl-topo.xml

cr2-p548xlarge-7:172446:179356 [7] graph/xml.cc:392 NCCL WARN Could not open XML topology file /usr/local/cuda-12.1/efa/share/aws-ofi-nccl/xml/p4d-24xl-topo.xml : No such file or directory
cr2-p548xlarge-7:172442:179358 [3] NCCL INFO NCCL_TOPO_FILE set by environment to /usr/local/cuda-12.1/efa/share/aws-ofi-nccl/xml/p4d-24xl-topo.xml
cr2-p548xlarge-7:172443:179355 [4] NCCL INFO NCCL_TOPO_FILE set by environment to /usr/local/cuda-12.1/efa/share/aws-ofi-nccl/xml/p4d-24xl-topo.xml

cr2-p548xlarge-7:172442:179358 [3] graph/xml.cc:392 NCCL WARN Could not open XML topology file /usr/local/cuda-12.1/efa/share/aws-ofi-nccl/xml/p4d-24xl-topo.xml : No such file or directory

cr2-p548xlarge-7:172441:179353 [2] graph/xml.cc:392 NCCL WARN Could not open XML topology file /usr/local/cuda-12.1/efa/share/aws-ofi-nccl/xml/p4d-24xl-topo.xml : No such file or directory

cr2-p548xlarge-7:172443:179355 [4] graph/xml.cc:392 NCCL WARN Could not open XML topology file /usr/local/cuda-12.1/efa/share/aws-ofi-nccl/xml/p4d-24xl-topo.xml : No such file or directory

cr2-p548xlarge-7:172445:179357 [6] graph/xml.cc:392 NCCL WARN Could not open XML topology file /usr/local/cuda-12.1/efa/share/aws-ofi-nccl/xml/p4d-24xl-topo.xml : No such file or directory

