cr4-p548xlarge-0:3025297:3026312 [2] NCCL INFO Channel 06/0 : 2[2] -> 3[3] via P2P/CUMEM
cr4-p548xlarge-0:3025298:3026396 [3] NCCL INFO Channel 08/0 : 3[3] -> 4[4] via P2P/CUMEM
cr4-p548xlarge-0:3025296:3026303 [1] NCCL INFO Channel 05/0 : 1[1] -> 2[2] via P2P/CUMEM
cr4-p548xlarge-0:3025295:3026185 [0] NCCL INFO Channel 15/0 : 0[0] -> 1[1] via P2P/CUMEM
cr4-p548xlarge-0:3025297:3026312 [2] NCCL INFO Channel 07/0 : 2[2] -> 3[3] via P2P/CUMEM
cr4-p548xlarge-0:3025298:3026396 [3] NCCL INFO Channel 09/0 : 3[3] -> 4[4] via P2P/CUMEM
cr4-p548xlarge-0:3025295:3026185 [0] NCCL INFO Channel 16/0 : 0[0] -> 1[1] via P2P/CUMEM
cr4-p548xlarge-0:3025296:3026303 [1] NCCL INFO Channel 06/0 : 1[1] -> 2[2] via P2P/CUMEM
cr4-p548xlarge-0:3025298:3026396 [3] NCCL INFO Channel 10/0 : 3[3] -> 4[4] via P2P/CUMEM
cr4-p548xlarge-0:3025297:3026312 [2] NCCL INFO Channel 08/0 : 2[2] -> 3[3] via P2P/CUMEM
cr4-p548xlarge-0:3025295:3026185 [0] NCCL INFO Channel 17/0 : 0[0] -> 1[1] via P2P/CUMEM
cr4-p548xlarge-0:3025298:3026396 [3] NCCL INFO Channel 11/0 : 3[3] -> 4[4] via P2P/CUMEM
cr4-p548xlarge-0:3025296:3026303 [1] NCCL INFO Channel 07/0 : 1[1] -> 2[2] via P2P/CUMEM
cr4-p548xlarge-0:3025295:3026185 [0] NCCL INFO Channel 18/0 : 0[0] -> 1[1] via P2P/CUMEM
cr4-p548xlarge-0:3025297:3026312 [2] NCCL INFO Channel 09/0 : 2[2] -> 3[3] via P2P/CUMEM
cr4-p548xlarge-0:3025298:3026396 [3] NCCL INFO Channel 12/0 : 3[3] -> 4[4] via P2P/CUMEM
cr4-p548xlarge-0:3025296:3026303 [1] NCCL INFO Channel 08/0 : 1[1] -> 2[2] via P2P/CUMEM
cr4-p548xlarge-0:3025295:3026185 [0] NCCL INFO Channel 19/0 : 0[0] -> 1[1] via P2P/CUMEM
cr4-p548xlarge-0:3025297:3026312 [2] NCCL INFO Channel 10/0 : 2[2] -> 3[3] via P2P/CUMEM
cr4-p548xlarge-0:3025296:3026303 [1] NCCL INFO Channel 09/0 : 1[1] -> 2[2] via P2P/CUMEM
cr4-p548xlarge-0:3025295:3026185 [0] NCCL INFO Channel 20/0 : 0[0] -> 1[1] via P2P/CUMEM
cr4-p548xlarge-0:3025298:3026396 [3] NCCL INFO Channel 13/0 : 3[3] -> 4[4] via P2P/CUMEM
cr4-p548xlarge-0:3025295:3026185 [0] NCCL INFO Channel 21/0 : 0[0] -> 1[1] via P2P/CUMEM
cr4-p548xlarge-0:3025297:3026312 [2] NCCL INFO Channel 11/0 : 2[2] -> 3[3] via P2P/CUMEM
cr4-p548xlarge-0:3025298:3026396 [3] NCCL INFO Channel 14/0 : 3[3] -> 4[4] via P2P/CUMEM
cr4-p548xlarge-0:3025295:3026185 [0] NCCL INFO Channel 22/0 : 0[0] -> 1[1] via P2P/CUMEM
cr4-p548xlarge-0:3025296:3026303 [1] NCCL INFO Channel 10/0 : 1[1] -> 2[2] via P2P/CUMEM
cr4-p548xlarge-0:3025297:3026312 [2] NCCL INFO Channel 12/0 : 2[2] -> 3[3] via P2P/CUMEM
cr4-p548xlarge-0:3025295:3026185 [0] NCCL INFO Channel 23/0 : 0[0] -> 1[1] via P2P/CUMEM
cr4-p548xlarge-0:3025298:3026396 [3] NCCL INFO Channel 15/0 : 3[3] -> 4[4] via P2P/CUMEM
cr4-p548xlarge-0:3025296:3026303 [1] NCCL INFO Channel 11/0 : 1[1] -> 2[2] via P2P/CUMEM
cr4-p548xlarge-0:3025298:3026396 [3] NCCL INFO Channel 16/0 : 3[3] -> 4[4] via P2P/CUMEM
cr4-p548xlarge-0:3025297:3026312 [2] NCCL INFO Channel 13/0 : 2[2] -> 3[3] via P2P/CUMEM
cr4-p548xlarge-0:3025296:3026303 [1] NCCL INFO Channel 12/0 : 1[1] -> 2[2] via P2P/CUMEM
cr4-p548xlarge-0:3025298:3026396 [3] NCCL INFO Channel 17/0 : 3[3] -> 4[4] via P2P/CUMEM
cr4-p548xlarge-0:3025298:3026396 [3] NCCL INFO Channel 18/0 : 3[3] -> 4[4] via P2P/CUMEM
cr4-p548xlarge-0:3025297:3026312 [2] NCCL INFO Channel 14/0 : 2[2] -> 3[3] via P2P/CUMEM
cr4-p548xlarge-0:3025296:3026303 [1] NCCL INFO Channel 13/0 : 1[1] -> 2[2] via P2P/CUMEM
cr4-p548xlarge-0:3025298:3026396 [3] NCCL INFO Channel 19/0 : 3[3] -> 4[4] via P2P/CUMEM
cr4-p548xlarge-0:3025298:3026396 [3] NCCL INFO Channel 20/0 : 3[3] -> 4[4] via P2P/CUMEM
cr4-p548xlarge-0:3025297:3026312 [2] NCCL INFO Channel 15/0 : 2[2] -> 3[3] via P2P/CUMEM
cr4-p548xlarge-0:3025296:3026303 [1] NCCL INFO Channel 14/0 : 1[1] -> 2[2] via P2P/CUMEM
cr4-p548xlarge-0:3025301:3026329 [6] NCCL INFO Connected all rings
cr4-p548xlarge-0:3025298:3026396 [3] NCCL INFO Channel 21/0 : 3[3] -> 4[4] via P2P/CUMEM
cr4-p548xlarge-0:3025301:3026329 [6] NCCL INFO Channel 00/0 : 6[6] -> 5[5] via P2P/CUMEM
cr4-p548xlarge-0:3025301:3026329 [6] NCCL INFO Channel 01/0 : 6[6] -> 5[5] via P2P/CUMEM
cr4-p548xlarge-0:3025301:3026329 [6] NCCL INFO Channel 02/0 : 6[6] -> 5[5] via P2P/CUMEM
cr4-p548xlarge-0:3025301:3026329 [6] NCCL INFO Channel 03/0 : 6[6] -> 5[5] via P2P/CUMEM
cr4-p548xlarge-0:3025301:3026329 [6] NCCL INFO Channel 04/0 : 6[6] -> 5[5] via P2P/CUMEM
cr4-p548xlarge-0:3025301:3026329 [6] NCCL INFO Channel 05/0 : 6[6] -> 5[5] via P2P/CUMEM
cr4-p548xlarge-0:3025301:3026329 [6] NCCL INFO Channel 06/0 : 6[6] -> 5[5] via P2P/CUMEM
cr4-p548xlarge-0:3025301:3026329 [6] NCCL INFO Channel 07/0 : 6[6] -> 5[5] via P2P/CUMEM
cr4-p548xlarge-0:3025301:3026329 [6] NCCL INFO Channel 08/0 : 6[6] -> 5[5] via P2P/CUMEM
cr4-p548xlarge-0:3025301:3026329 [6] NCCL INFO Channel 09/0 : 6[6] -> 5[5] via P2P/CUMEM
cr4-p548xlarge-0:3025301:3026329 [6] NCCL INFO Channel 10/0 : 6[6] -> 5[5] via P2P/CUMEM
cr4-p548xlarge-0:3025301:3026329 [6] NCCL INFO Channel 11/0 : 6[6] -> 5[5] via P2P/CUMEM
cr4-p548xlarge-0:3025301:3026329 [6] NCCL INFO Channel 12/0 : 6[6] -> 5[5] via P2P/CUMEM
cr4-p548xlarge-0:3025301:3026329 [6] NCCL INFO Channel 13/0 : 6[6] -> 5[5] via P2P/CUMEM
cr4-p548xlarge-0:3025301:3026329 [6] NCCL INFO Channel 14/0 : 6[6] -> 5[5] via P2P/CUMEM
cr4-p548xlarge-0:3025301:3026329 [6] NCCL INFO Channel 15/0 : 6[6] -> 5[5] via P2P/CUMEM
cr4-p548xlarge-0:3025301:3026329 [6] NCCL INFO Channel 16/0 : 6[6] -> 5[5] via P2P/CUMEM
cr4-p548xlarge-0:3025301:3026329 [6] NCCL INFO Channel 17/0 : 6[6] -> 5[5] via P2P/CUMEM
cr4-p548xlarge-0:3025301:3026329 [6] NCCL INFO Channel 18/0 : 6[6] -> 5[5] via P2P/CUMEM
cr4-p548xlarge-0:3025301:3026329 [6] NCCL INFO Channel 19/0 : 6[6] -> 5[5] via P2P/CUMEM
cr4-p548xlarge-0:3025301:3026329 [6] NCCL INFO Channel 20/0 : 6[6] -> 5[5] via P2P/CUMEM
cr4-p548xlarge-0:3025301:3026329 [6] NCCL INFO Channel 21/0 : 6[6] -> 5[5] via P2P/CUMEM
cr4-p548xlarge-0:3025301:3026329 [6] NCCL INFO Channel 22/0 : 6[6] -> 5[5] via P2P/CUMEM
cr4-p548xlarge-0:3025301:3026329 [6] NCCL INFO Channel 23/0 : 6[6] -> 5[5] via P2P/CUMEM
cr4-p548xlarge-0:3025296:3026303 [1] NCCL INFO Channel 15/0 : 1[1] -> 2[2] via P2P/CUMEM
cr4-p548xlarge-0:3025298:3026396 [3] NCCL INFO Channel 22/0 : 3[3] -> 4[4] via P2P/CUMEM
cr4-p548xlarge-0:3025297:3026312 [2] NCCL INFO Channel 16/0 : 2[2] -> 3[3] via P2P/CUMEM
cr4-p548xlarge-0:3025298:3026396 [3] NCCL INFO Channel 23/0 : 3[3] -> 4[4] via P2P/CUMEM
cr4-p548xlarge-0:3025296:3026303 [1] NCCL INFO Channel 16/0 : 1[1] -> 2[2] via P2P/CUMEM
cr4-p548xlarge-0:3025297:3026312 [2] NCCL INFO Channel 17/0 : 2[2] -> 3[3] via P2P/CUMEM
cr4-p548xlarge-0:3025296:3026303 [1] NCCL INFO Channel 17/0 : 1[1] -> 2[2] via P2P/CUMEM
cr4-p548xlarge-0:3025297:3026312 [2] NCCL INFO Channel 18/0 : 2[2] -> 3[3] via P2P/CUMEM
cr4-p548xlarge-0:3025297:3026312 [2] NCCL INFO Channel 19/0 : 2[2] -> 3[3] via P2P/CUMEM
cr4-p548xlarge-0:3025297:3026312 [2] NCCL INFO Channel 20/0 : 2[2] -> 3[3] via P2P/CUMEM
cr4-p548xlarge-0:3025296:3026303 [1] NCCL INFO Channel 18/0 : 1[1] -> 2[2] via P2P/CUMEM
cr4-p548xlarge-0:3025297:3026312 [2] NCCL INFO Channel 21/0 : 2[2] -> 3[3] via P2P/CUMEM
cr4-p548xlarge-0:3025297:3026312 [2] NCCL INFO Channel 22/0 : 2[2] -> 3[3] via P2P/CUMEM
cr4-p548xlarge-0:3025297:3026312 [2] NCCL INFO Channel 23/0 : 2[2] -> 3[3] via P2P/CUMEM
cr4-p548xlarge-0:3025296:3026303 [1] NCCL INFO Channel 19/0 : 1[1] -> 2[2] via P2P/CUMEM
cr4-p548xlarge-0:3025300:3026308 [5] NCCL INFO Connected all rings
cr4-p548xlarge-0:3025300:3026308 [5] NCCL INFO Channel 00/0 : 5[5] -> 4[4] via P2P/CUMEM
cr4-p548xlarge-0:3025300:3026308 [5] NCCL INFO Channel 01/0 : 5[5] -> 4[4] via P2P/CUMEM
cr4-p548xlarge-0:3025300:3026308 [5] NCCL INFO Channel 02/0 : 5[5] -> 4[4] via P2P/CUMEM
cr4-p548xlarge-0:3025300:3026308 [5] NCCL INFO Channel 03/0 : 5[5] -> 4[4] via P2P/CUMEM
cr4-p548xlarge-0:3025300:3026308 [5] NCCL INFO Channel 04/0 : 5[5] -> 4[4] via P2P/CUMEM
cr4-p548xlarge-0:3025300:3026308 [5] NCCL INFO Channel 05/0 : 5[5] -> 4[4] via P2P/CUMEM
cr4-p548xlarge-0:3025300:3026308 [5] NCCL INFO Channel 06/0 : 5[5] -> 4[4] via P2P/CUMEM
cr4-p548xlarge-0:3025300:3026308 [5] NCCL INFO Channel 07/0 : 5[5] -> 4[4] via P2P/CUMEM
cr4-p548xlarge-0:3025300:3026308 [5] NCCL INFO Channel 08/0 : 5[5] -> 4[4] via P2P/CUMEM
cr4-p548xlarge-0:3025300:3026308 [5] NCCL INFO Channel 09/0 : 5[5] -> 4[4] via P2P/CUMEM
cr4-p548xlarge-0:3025300:3026308 [5] NCCL INFO Channel 10/0 : 5[5] -> 4[4] via P2P/CUMEM
cr4-p548xlarge-0:3025300:3026308 [5] NCCL INFO Channel 11/0 : 5[5] -> 4[4] via P2P/CUMEM
cr4-p548xlarge-0:3025300:3026308 [5] NCCL INFO Channel 12/0 : 5[5] -> 4[4] via P2P/CUMEM
cr4-p548xlarge-0:3025300:3026308 [5] NCCL INFO Channel 13/0 : 5[5] -> 4[4] via P2P/CUMEM
cr4-p548xlarge-0:3025300:3026308 [5] NCCL INFO Channel 14/0 : 5[5] -> 4[4] via P2P/CUMEM
cr4-p548xlarge-0:3025300:3026308 [5] NCCL INFO Channel 15/0 : 5[5] -> 4[4] via P2P/CUMEM
cr4-p548xlarge-0:3025300:3026308 [5] NCCL INFO Channel 16/0 : 5[5] -> 4[4] via P2P/CUMEM
cr4-p548xlarge-0:3025300:3026308 [5] NCCL INFO Channel 17/0 : 5[5] -> 4[4] via P2P/CUMEM
cr4-p548xlarge-0:3025300:3026308 [5] NCCL INFO Channel 18/0 : 5[5] -> 4[4] via P2P/CUMEM
cr4-p548xlarge-0:3025300:3026308 [5] NCCL INFO Channel 19/0 : 5[5] -> 4[4] via P2P/CUMEM
cr4-p548xlarge-0:3025300:3026308 [5] NCCL INFO Channel 20/0 : 5[5] -> 4[4] via P2P/CUMEM
cr4-p548xlarge-0:3025300:3026308 [5] NCCL INFO Channel 21/0 : 5[5] -> 4[4] via P2P/CUMEM
cr4-p548xlarge-0:3025300:3026308 [5] NCCL INFO Channel 22/0 : 5[5] -> 4[4] via P2P/CUMEM
cr4-p548xlarge-0:3025300:3026308 [5] NCCL INFO Channel 23/0 : 5[5] -> 4[4] via P2P/CUMEM
cr4-p548xlarge-0:3025296:3026303 [1] NCCL INFO Channel 20/0 : 1[1] -> 2[2] via P2P/CUMEM
cr4-p548xlarge-0:3025296:3026303 [1] NCCL INFO Channel 21/0 : 1[1] -> 2[2] via P2P/CUMEM
cr4-p548xlarge-0:3025296:3026303 [1] NCCL INFO Channel 22/0 : 1[1] -> 2[2] via P2P/CUMEM
cr4-p548xlarge-0:3025296:3026303 [1] NCCL INFO Channel 23/0 : 1[1] -> 2[2] via P2P/CUMEM
cr4-p548xlarge-0:3025299:3026292 [4] NCCL INFO Connected all rings
cr4-p548xlarge-0:3025299:3026292 [4] NCCL INFO Channel 00/0 : 4[4] -> 3[3] via P2P/CUMEM
cr4-p548xlarge-0:3025299:3026292 [4] NCCL INFO Channel 01/0 : 4[4] -> 3[3] via P2P/CUMEM
cr4-p548xlarge-0:3025299:3026292 [4] NCCL INFO Channel 02/0 : 4[4] -> 3[3] via P2P/CUMEM
cr4-p548xlarge-0:3025299:3026292 [4] NCCL INFO Channel 03/0 : 4[4] -> 3[3] via P2P/CUMEM
cr4-p548xlarge-0:3025299:3026292 [4] NCCL INFO Channel 04/0 : 4[4] -> 3[3] via P2P/CUMEM
cr4-p548xlarge-0:3025299:3026292 [4] NCCL INFO Channel 05/0 : 4[4] -> 3[3] via P2P/CUMEM
cr4-p548xlarge-0:3025299:3026292 [4] NCCL INFO Channel 06/0 : 4[4] -> 3[3] via P2P/CUMEM
cr4-p548xlarge-0:3025299:3026292 [4] NCCL INFO Channel 07/0 : 4[4] -> 3[3] via P2P/CUMEM
cr4-p548xlarge-0:3025299:3026292 [4] NCCL INFO Channel 08/0 : 4[4] -> 3[3] via P2P/CUMEM
cr4-p548xlarge-0:3025299:3026292 [4] NCCL INFO Channel 09/0 : 4[4] -> 3[3] via P2P/CUMEM
cr4-p548xlarge-0:3025299:3026292 [4] NCCL INFO Channel 10/0 : 4[4] -> 3[3] via P2P/CUMEM
cr4-p548xlarge-0:3025299:3026292 [4] NCCL INFO Channel 11/0 : 4[4] -> 3[3] via P2P/CUMEM
cr4-p548xlarge-0:3025299:3026292 [4] NCCL INFO Channel 12/0 : 4[4] -> 3[3] via P2P/CUMEM
cr4-p548xlarge-0:3025299:3026292 [4] NCCL INFO Channel 13/0 : 4[4] -> 3[3] via P2P/CUMEM
cr4-p548xlarge-0:3025299:3026292 [4] NCCL INFO Channel 14/0 : 4[4] -> 3[3] via P2P/CUMEM
cr4-p548xlarge-0:3025299:3026292 [4] NCCL INFO Channel 15/0 : 4[4] -> 3[3] via P2P/CUMEM
cr4-p548xlarge-0:3025299:3026292 [4] NCCL INFO Channel 16/0 : 4[4] -> 3[3] via P2P/CUMEM
cr4-p548xlarge-0:3025299:3026292 [4] NCCL INFO Channel 17/0 : 4[4] -> 3[3] via P2P/CUMEM
cr4-p548xlarge-0:3025299:3026292 [4] NCCL INFO Channel 18/0 : 4[4] -> 3[3] via P2P/CUMEM
cr4-p548xlarge-0:3025299:3026292 [4] NCCL INFO Channel 19/0 : 4[4] -> 3[3] via P2P/CUMEM
cr4-p548xlarge-0:3025299:3026292 [4] NCCL INFO Channel 20/0 : 4[4] -> 3[3] via P2P/CUMEM
cr4-p548xlarge-0:3025299:3026292 [4] NCCL INFO Channel 21/0 : 4[4] -> 3[3] via P2P/CUMEM
cr4-p548xlarge-0:3025299:3026292 [4] NCCL INFO Channel 22/0 : 4[4] -> 3[3] via P2P/CUMEM
cr4-p548xlarge-0:3025299:3026292 [4] NCCL INFO Channel 23/0 : 4[4] -> 3[3] via P2P/CUMEM
cr4-p548xlarge-0:3025302:3026295 [7] NCCL INFO Connected all rings
cr4-p548xlarge-0:3025302:3026295 [7] NCCL INFO Channel 00/0 : 7[7] -> 6[6] via P2P/CUMEM
cr4-p548xlarge-0:3025302:3026295 [7] NCCL INFO Channel 01/0 : 7[7] -> 6[6] via P2P/CUMEM
cr4-p548xlarge-0:3025302:3026295 [7] NCCL INFO Channel 02/0 : 7[7] -> 6[6] via P2P/CUMEM
cr4-p548xlarge-0:3025302:3026295 [7] NCCL INFO Channel 03/0 : 7[7] -> 6[6] via P2P/CUMEM
cr4-p548xlarge-0:3025302:3026295 [7] NCCL INFO Channel 04/0 : 7[7] -> 6[6] via P2P/CUMEM
cr4-p548xlarge-0:3025302:3026295 [7] NCCL INFO Channel 05/0 : 7[7] -> 6[6] via P2P/CUMEM
cr4-p548xlarge-0:3025302:3026295 [7] NCCL INFO Channel 06/0 : 7[7] -> 6[6] via P2P/CUMEM
cr4-p548xlarge-0:3025302:3026295 [7] NCCL INFO Channel 07/0 : 7[7] -> 6[6] via P2P/CUMEM
cr4-p548xlarge-0:3025302:3026295 [7] NCCL INFO Channel 08/0 : 7[7] -> 6[6] via P2P/CUMEM
cr4-p548xlarge-0:3025302:3026295 [7] NCCL INFO Channel 09/0 : 7[7] -> 6[6] via P2P/CUMEM
cr4-p548xlarge-0:3025302:3026295 [7] NCCL INFO Channel 10/0 : 7[7] -> 6[6] via P2P/CUMEM
cr4-p548xlarge-0:3025302:3026295 [7] NCCL INFO Channel 11/0 : 7[7] -> 6[6] via P2P/CUMEM
cr4-p548xlarge-0:3025302:3026295 [7] NCCL INFO Channel 12/0 : 7[7] -> 6[6] via P2P/CUMEM
cr4-p548xlarge-0:3025302:3026295 [7] NCCL INFO Channel 13/0 : 7[7] -> 6[6] via P2P/CUMEM
cr4-p548xlarge-0:3025302:3026295 [7] NCCL INFO Channel 14/0 : 7[7] -> 6[6] via P2P/CUMEM
cr4-p548xlarge-0:3025302:3026295 [7] NCCL INFO Channel 15/0 : 7[7] -> 6[6] via P2P/CUMEM
cr4-p548xlarge-0:3025302:3026295 [7] NCCL INFO Channel 16/0 : 7[7] -> 6[6] via P2P/CUMEM
cr4-p548xlarge-0:3025302:3026295 [7] NCCL INFO Channel 17/0 : 7[7] -> 6[6] via P2P/CUMEM
cr4-p548xlarge-0:3025302:3026295 [7] NCCL INFO Channel 18/0 : 7[7] -> 6[6] via P2P/CUMEM
cr4-p548xlarge-0:3025302:3026295 [7] NCCL INFO Channel 19/0 : 7[7] -> 6[6] via P2P/CUMEM
cr4-p548xlarge-0:3025302:3026295 [7] NCCL INFO Channel 20/0 : 7[7] -> 6[6] via P2P/CUMEM
cr4-p548xlarge-0:3025302:3026295 [7] NCCL INFO Channel 21/0 : 7[7] -> 6[6] via P2P/CUMEM
cr4-p548xlarge-0:3025302:3026295 [7] NCCL INFO Channel 22/0 : 7[7] -> 6[6] via P2P/CUMEM
cr4-p548xlarge-0:3025302:3026295 [7] NCCL INFO Channel 23/0 : 7[7] -> 6[6] via P2P/CUMEM
cr4-p548xlarge-0:3025301:3026329 [6] NCCL INFO Connected all trees
cr4-p548xlarge-0:3025302:3026295 [7] NCCL INFO Connected all trees
cr4-p548xlarge-0:3025301:3026329 [6] NCCL INFO NCCL_NVLS_CHUNKSIZE set by environment to 524288.
cr4-p548xlarge-0:3025301:3026329 [6] NCCL INFO NVLS comm 0x5652afd799a0 headRank 6 nHeads 8 buffSize 4194304 memSize 2097152 nvlsPerRankSize 301989888 nvlsTotalSize 2415919104
cr4-p548xlarge-0:3025302:3026295 [7] NCCL INFO NCCL_NVLS_CHUNKSIZE set by environment to 524288.
cr4-p548xlarge-0:3025302:3026295 [7] NCCL INFO NVLS comm 0x5596c0376950 headRank 7 nHeads 8 buffSize 4194304 memSize 2097152 nvlsPerRankSize 301989888 nvlsTotalSize 2415919104
cr4-p548xlarge-0:3025295:3026185 [0] NCCL INFO Connected all rings
cr4-p548xlarge-0:3025297:3026312 [2] NCCL INFO Connected all rings
cr4-p548xlarge-0:3025298:3026396 [3] NCCL INFO Connected all rings
cr4-p548xlarge-0:3025296:3026303 [1] NCCL INFO Connected all rings
cr4-p548xlarge-0:3025297:3026312 [2] NCCL INFO Channel 00/0 : 2[2] -> 1[1] via P2P/CUMEM
cr4-p548xlarge-0:3025298:3026396 [3] NCCL INFO Channel 00/0 : 3[3] -> 2[2] via P2P/CUMEM
cr4-p548xlarge-0:3025296:3026303 [1] NCCL INFO Channel 00/0 : 1[1] -> 0[0] via P2P/CUMEM
cr4-p548xlarge-0:3025297:3026312 [2] NCCL INFO Channel 01/0 : 2[2] -> 1[1] via P2P/CUMEM
cr4-p548xlarge-0:3025298:3026396 [3] NCCL INFO Channel 01/0 : 3[3] -> 2[2] via P2P/CUMEM
cr4-p548xlarge-0:3025296:3026303 [1] NCCL INFO Channel 01/0 : 1[1] -> 0[0] via P2P/CUMEM
cr4-p548xlarge-0:3025297:3026312 [2] NCCL INFO Channel 02/0 : 2[2] -> 1[1] via P2P/CUMEM
cr4-p548xlarge-0:3025297:3026312 [2] NCCL INFO Channel 03/0 : 2[2] -> 1[1] via P2P/CUMEM
cr4-p548xlarge-0:3025296:3026303 [1] NCCL INFO Channel 02/0 : 1[1] -> 0[0] via P2P/CUMEM
cr4-p548xlarge-0:3025298:3026396 [3] NCCL INFO Channel 02/0 : 3[3] -> 2[2] via P2P/CUMEM
cr4-p548xlarge-0:3025297:3026312 [2] NCCL INFO Channel 04/0 : 2[2] -> 1[1] via P2P/CUMEM
cr4-p548xlarge-0:3025298:3026396 [3] NCCL INFO Channel 03/0 : 3[3] -> 2[2] via P2P/CUMEM
cr4-p548xlarge-0:3025296:3026303 [1] NCCL INFO Channel 03/0 : 1[1] -> 0[0] via P2P/CUMEM
cr4-p548xlarge-0:3025298:3026396 [3] NCCL INFO Channel 04/0 : 3[3] -> 2[2] via P2P/CUMEM
cr4-p548xlarge-0:3025297:3026312 [2] NCCL INFO Channel 05/0 : 2[2] -> 1[1] via P2P/CUMEM
cr4-p548xlarge-0:3025296:3026303 [1] NCCL INFO Channel 04/0 : 1[1] -> 0[0] via P2P/CUMEM
cr4-p548xlarge-0:3025298:3026396 [3] NCCL INFO Channel 05/0 : 3[3] -> 2[2] via P2P/CUMEM
cr4-p548xlarge-0:3025297:3026312 [2] NCCL INFO Channel 06/0 : 2[2] -> 1[1] via P2P/CUMEM
cr4-p548xlarge-0:3025296:3026303 [1] NCCL INFO Channel 05/0 : 1[1] -> 0[0] via P2P/CUMEM
cr4-p548xlarge-0:3025297:3026312 [2] NCCL INFO Channel 07/0 : 2[2] -> 1[1] via P2P/CUMEM
cr4-p548xlarge-0:3025298:3026396 [3] NCCL INFO Channel 06/0 : 3[3] -> 2[2] via P2P/CUMEM
cr4-p548xlarge-0:3025296:3026303 [1] NCCL INFO Channel 06/0 : 1[1] -> 0[0] via P2P/CUMEM
cr4-p548xlarge-0:3025296:3026303 [1] NCCL INFO Channel 07/0 : 1[1] -> 0[0] via P2P/CUMEM
cr4-p548xlarge-0:3025297:3026312 [2] NCCL INFO Channel 08/0 : 2[2] -> 1[1] via P2P/CUMEM
cr4-p548xlarge-0:3025298:3026396 [3] NCCL INFO Channel 07/0 : 3[3] -> 2[2] via P2P/CUMEM
cr4-p548xlarge-0:3025296:3026303 [1] NCCL INFO Channel 08/0 : 1[1] -> 0[0] via P2P/CUMEM
cr4-p548xlarge-0:3025298:3026396 [3] NCCL INFO Channel 08/0 : 3[3] -> 2[2] via P2P/CUMEM
cr4-p548xlarge-0:3025297:3026312 [2] NCCL INFO Channel 09/0 : 2[2] -> 1[1] via P2P/CUMEM
cr4-p548xlarge-0:3025296:3026303 [1] NCCL INFO Channel 09/0 : 1[1] -> 0[0] via P2P/CUMEM
cr4-p548xlarge-0:3025297:3026312 [2] NCCL INFO Channel 10/0 : 2[2] -> 1[1] via P2P/CUMEM
cr4-p548xlarge-0:3025296:3026303 [1] NCCL INFO Channel 10/0 : 1[1] -> 0[0] via P2P/CUMEM
cr4-p548xlarge-0:3025298:3026396 [3] NCCL INFO Channel 09/0 : 3[3] -> 2[2] via P2P/CUMEM
cr4-p548xlarge-0:3025297:3026312 [2] NCCL INFO Channel 11/0 : 2[2] -> 1[1] via P2P/CUMEM
cr4-p548xlarge-0:3025297:3026312 [2] NCCL INFO Channel 12/0 : 2[2] -> 1[1] via P2P/CUMEM
cr4-p548xlarge-0:3025297:3026312 [2] NCCL INFO Channel 13/0 : 2[2] -> 1[1] via P2P/CUMEM
cr4-p548xlarge-0:3025297:3026312 [2] NCCL INFO Channel 14/0 : 2[2] -> 1[1] via P2P/CUMEM
cr4-p548xlarge-0:3025297:3026312 [2] NCCL INFO Channel 15/0 : 2[2] -> 1[1] via P2P/CUMEM
cr4-p548xlarge-0:3025297:3026312 [2] NCCL INFO Channel 16/0 : 2[2] -> 1[1] via P2P/CUMEM
cr4-p548xlarge-0:3025297:3026312 [2] NCCL INFO Channel 17/0 : 2[2] -> 1[1] via P2P/CUMEM
cr4-p548xlarge-0:3025297:3026312 [2] NCCL INFO Channel 18/0 : 2[2] -> 1[1] via P2P/CUMEM
cr4-p548xlarge-0:3025297:3026312 [2] NCCL INFO Channel 19/0 : 2[2] -> 1[1] via P2P/CUMEM
cr4-p548xlarge-0:3025297:3026312 [2] NCCL INFO Channel 20/0 : 2[2] -> 1[1] via P2P/CUMEM
cr4-p548xlarge-0:3025297:3026312 [2] NCCL INFO Channel 21/0 : 2[2] -> 1[1] via P2P/CUMEM
cr4-p548xlarge-0:3025297:3026312 [2] NCCL INFO Channel 22/0 : 2[2] -> 1[1] via P2P/CUMEM
cr4-p548xlarge-0:3025297:3026312 [2] NCCL INFO Channel 23/0 : 2[2] -> 1[1] via P2P/CUMEM
cr4-p548xlarge-0:3025298:3026396 [3] NCCL INFO Channel 10/0 : 3[3] -> 2[2] via P2P/CUMEM
cr4-p548xlarge-0:3025298:3026396 [3] NCCL INFO Channel 11/0 : 3[3] -> 2[2] via P2P/CUMEM
cr4-p548xlarge-0:3025296:3026303 [1] NCCL INFO Channel 11/0 : 1[1] -> 0[0] via P2P/CUMEM
cr4-p548xlarge-0:3025298:3026396 [3] NCCL INFO Channel 12/0 : 3[3] -> 2[2] via P2P/CUMEM
cr4-p548xlarge-0:3025296:3026303 [1] NCCL INFO Channel 12/0 : 1[1] -> 0[0] via P2P/CUMEM
cr4-p548xlarge-0:3025298:3026396 [3] NCCL INFO Channel 13/0 : 3[3] -> 2[2] via P2P/CUMEM
cr4-p548xlarge-0:3025296:3026303 [1] NCCL INFO Channel 13/0 : 1[1] -> 0[0] via P2P/CUMEM
cr4-p548xlarge-0:3025298:3026396 [3] NCCL INFO Channel 14/0 : 3[3] -> 2[2] via P2P/CUMEM
cr4-p548xlarge-0:3025296:3026303 [1] NCCL INFO Channel 14/0 : 1[1] -> 0[0] via P2P/CUMEM
cr4-p548xlarge-0:3025296:3026303 [1] NCCL INFO Channel 15/0 : 1[1] -> 0[0] via P2P/CUMEM
cr4-p548xlarge-0:3025298:3026396 [3] NCCL INFO Channel 15/0 : 3[3] -> 2[2] via P2P/CUMEM
cr4-p548xlarge-0:3025298:3026396 [3] NCCL INFO Channel 16/0 : 3[3] -> 2[2] via P2P/CUMEM
cr4-p548xlarge-0:3025296:3026303 [1] NCCL INFO Channel 16/0 : 1[1] -> 0[0] via P2P/CUMEM
cr4-p548xlarge-0:3025298:3026396 [3] NCCL INFO Channel 17/0 : 3[3] -> 2[2] via P2P/CUMEM
cr4-p548xlarge-0:3025298:3026396 [3] NCCL INFO Channel 18/0 : 3[3] -> 2[2] via P2P/CUMEM
cr4-p548xlarge-0:3025296:3026303 [1] NCCL INFO Channel 17/0 : 1[1] -> 0[0] via P2P/CUMEM
cr4-p548xlarge-0:3025298:3026396 [3] NCCL INFO Channel 19/0 : 3[3] -> 2[2] via P2P/CUMEM
cr4-p548xlarge-0:3025296:3026303 [1] NCCL INFO Channel 18/0 : 1[1] -> 0[0] via P2P/CUMEM
cr4-p548xlarge-0:3025298:3026396 [3] NCCL INFO Channel 20/0 : 3[3] -> 2[2] via P2P/CUMEM
cr4-p548xlarge-0:3025296:3026303 [1] NCCL INFO Channel 19/0 : 1[1] -> 0[0] via P2P/CUMEM
cr4-p548xlarge-0:3025298:3026396 [3] NCCL INFO Channel 21/0 : 3[3] -> 2[2] via P2P/CUMEM
cr4-p548xlarge-0:3025298:3026396 [3] NCCL INFO Channel 22/0 : 3[3] -> 2[2] via P2P/CUMEM
cr4-p548xlarge-0:3025296:3026303 [1] NCCL INFO Channel 20/0 : 1[1] -> 0[0] via P2P/CUMEM
cr4-p548xlarge-0:3025298:3026396 [3] NCCL INFO Channel 23/0 : 3[3] -> 2[2] via P2P/CUMEM
cr4-p548xlarge-0:3025296:3026303 [1] NCCL INFO Channel 21/0 : 1[1] -> 0[0] via P2P/CUMEM
cr4-p548xlarge-0:3025296:3026303 [1] NCCL INFO Channel 22/0 : 1[1] -> 0[0] via P2P/CUMEM
cr4-p548xlarge-0:3025296:3026303 [1] NCCL INFO Channel 23/0 : 1[1] -> 0[0] via P2P/CUMEM
cr4-p548xlarge-0:3025300:3026308 [5] NCCL INFO Connected all trees
cr4-p548xlarge-0:3025300:3026308 [5] NCCL INFO NCCL_NVLS_CHUNKSIZE set by environment to 524288.
cr4-p548xlarge-0:3025300:3026308 [5] NCCL INFO NVLS comm 0x556199060c60 headRank 5 nHeads 8 buffSize 4194304 memSize 2097152 nvlsPerRankSize 301989888 nvlsTotalSize 2415919104
cr4-p548xlarge-0:3025299:3026292 [4] NCCL INFO Connected all trees
cr4-p548xlarge-0:3025299:3026292 [4] NCCL INFO NCCL_NVLS_CHUNKSIZE set by environment to 524288.
cr4-p548xlarge-0:3025299:3026292 [4] NCCL INFO NVLS comm 0x5593de414130 headRank 4 nHeads 8 buffSize 4194304 memSize 2097152 nvlsPerRankSize 301989888 nvlsTotalSize 2415919104
cr4-p548xlarge-0:3025295:3026185 [0] NCCL INFO Connected all trees
cr4-p548xlarge-0:3025295:3026185 [0] NCCL INFO NCCL_NVLS_CHUNKSIZE set by environment to 524288.
cr4-p548xlarge-0:3025295:3026185 [0] NCCL INFO NVLS comm 0x5636507e7080 headRank 0 nHeads 8 buffSize 4194304 memSize 2097152 nvlsPerRankSize 301989888 nvlsTotalSize 2415919104
cr4-p548xlarge-0:3025298:3026396 [3] NCCL INFO Connected all trees
cr4-p548xlarge-0:3025297:3026312 [2] NCCL INFO Connected all trees
cr4-p548xlarge-0:3025296:3026303 [1] NCCL INFO Connected all trees
cr4-p548xlarge-0:3025297:3026312 [2] NCCL INFO NCCL_NVLS_CHUNKSIZE set by environment to 524288.
cr4-p548xlarge-0:3025297:3026312 [2] NCCL INFO NVLS comm 0x558ca1098620 headRank 2 nHeads 8 buffSize 4194304 memSize 2097152 nvlsPerRankSize 301989888 nvlsTotalSize 2415919104
cr4-p548xlarge-0:3025296:3026303 [1] NCCL INFO NCCL_NVLS_CHUNKSIZE set by environment to 524288.
cr4-p548xlarge-0:3025296:3026303 [1] NCCL INFO NVLS comm 0x56106ad3d7c0 headRank 1 nHeads 8 buffSize 4194304 memSize 2097152 nvlsPerRankSize 301989888 nvlsTotalSize 2415919104
cr4-p548xlarge-0:3025298:3026396 [3] NCCL INFO NCCL_NVLS_CHUNKSIZE set by environment to 524288.
cr4-p548xlarge-0:3025298:3026396 [3] NCCL INFO NVLS comm 0x564a2f470a40 headRank 3 nHeads 8 buffSize 4194304 memSize 2097152 nvlsPerRankSize 301989888 nvlsTotalSize 2415919104
cr4-p548xlarge-0:3025297:3026312 [2] NCCL INFO NCCL_PROTO set by environment to simple
cr4-p548xlarge-0:3025297:3026312 [2] NCCL INFO NCCL_ALGO set by environment to tree
cr4-p548xlarge-0:3025297:3026312 [2] NCCL INFO threadThresholds 8/8/64 | 64/8/64 | 512 | 512
cr4-p548xlarge-0:3025297:3026312 [2] NCCL INFO 24 coll channels, 24 collnet channels, 16 nvls channels, 32 p2p channels, 32 p2p channels per peer
cr4-p548xlarge-0:3025296:3026303 [1] NCCL INFO NCCL_PROTO set by environment to simple
cr4-p548xlarge-0:3025296:3026303 [1] NCCL INFO NCCL_ALGO set by environment to tree
cr4-p548xlarge-0:3025296:3026303 [1] NCCL INFO threadThresholds 8/8/64 | 64/8/64 | 512 | 512
cr4-p548xlarge-0:3025296:3026303 [1] NCCL INFO 24 coll channels, 24 collnet channels, 16 nvls channels, 32 p2p channels, 32 p2p channels per peer
cr4-p548xlarge-0:3025299:3026292 [4] NCCL INFO NCCL_PROTO set by environment to simple
cr4-p548xlarge-0:3025299:3026292 [4] NCCL INFO NCCL_ALGO set by environment to tree
cr4-p548xlarge-0:3025299:3026292 [4] NCCL INFO threadThresholds 8/8/64 | 64/8/64 | 512 | 512
cr4-p548xlarge-0:3025299:3026292 [4] NCCL INFO 24 coll channels, 24 collnet channels, 16 nvls channels, 32 p2p channels, 32 p2p channels per peer
cr4-p548xlarge-0:3025300:3026308 [5] NCCL INFO NCCL_PROTO set by environment to simple
cr4-p548xlarge-0:3025300:3026308 [5] NCCL INFO NCCL_ALGO set by environment to tree
cr4-p548xlarge-0:3025300:3026308 [5] NCCL INFO threadThresholds 8/8/64 | 64/8/64 | 512 | 512
cr4-p548xlarge-0:3025300:3026308 [5] NCCL INFO 24 coll channels, 24 collnet channels, 16 nvls channels, 32 p2p channels, 32 p2p channels per peer
cr4-p548xlarge-0:3025301:3026329 [6] NCCL INFO NCCL_PROTO set by environment to simple
cr4-p548xlarge-0:3025301:3026329 [6] NCCL INFO NCCL_ALGO set by environment to tree
cr4-p548xlarge-0:3025301:3026329 [6] NCCL INFO threadThresholds 8/8/64 | 64/8/64 | 512 | 512
cr4-p548xlarge-0:3025301:3026329 [6] NCCL INFO 24 coll channels, 24 collnet channels, 16 nvls channels, 32 p2p channels, 32 p2p channels per peer
cr4-p548xlarge-0:3025295:3026185 [0] NCCL INFO NCCL_PROTO set by environment to simple
cr4-p548xlarge-0:3025295:3026185 [0] NCCL INFO NCCL_ALGO set by environment to tree
cr4-p548xlarge-0:3025302:3026295 [7] NCCL INFO NCCL_PROTO set by environment to simple
cr4-p548xlarge-0:3025302:3026295 [7] NCCL INFO NCCL_ALGO set by environment to tree
cr4-p548xlarge-0:3025295:3026185 [0] NCCL INFO threadThresholds 8/8/64 | 64/8/64 | 512 | 512
cr4-p548xlarge-0:3025302:3026295 [7] NCCL INFO threadThresholds 8/8/64 | 64/8/64 | 512 | 512
cr4-p548xlarge-0:3025295:3026185 [0] NCCL INFO 24 coll channels, 24 collnet channels, 16 nvls channels, 32 p2p channels, 32 p2p channels per peer
cr4-p548xlarge-0:3025302:3026295 [7] NCCL INFO 24 coll channels, 24 collnet channels, 16 nvls channels, 32 p2p channels, 32 p2p channels per peer
cr4-p548xlarge-0:3025298:3026396 [3] NCCL INFO NCCL_PROTO set by environment to simple
cr4-p548xlarge-0:3025298:3026396 [3] NCCL INFO NCCL_ALGO set by environment to tree
cr4-p548xlarge-0:3025298:3026396 [3] NCCL INFO threadThresholds 8/8/64 | 64/8/64 | 512 | 512
cr4-p548xlarge-0:3025298:3026396 [3] NCCL INFO 24 coll channels, 24 collnet channels, 16 nvls channels, 32 p2p channels, 32 p2p channels per peer
cr4-p548xlarge-0:3025300:3026308 [5] NCCL INFO TUNER/Plugin: Failed to find ncclTunerPlugin_v2, using internal tuner instead.
cr4-p548xlarge-0:3025302:3026295 [7] NCCL INFO TUNER/Plugin: Failed to find ncclTunerPlugin_v2, using internal tuner instead.
cr4-p548xlarge-0:3025300:3026308 [5] NCCL INFO ncclCommInitRank comm 0x556199060c60 rank 5 nranks 8 cudaDev 5 nvmlDev 5 busId a8000 commId 0x840a2812787e98ed - Init COMPLETE
cr4-p548xlarge-0:3025302:3026295 [7] NCCL INFO ncclCommInitRank comm 0x5596c0376950 rank 7 nranks 8 cudaDev 7 nvmlDev 7 busId ca000 commId 0x840a2812787e98ed - Init COMPLETE
cr4-p548xlarge-0:3025298:3026396 [3] NCCL INFO TUNER/Plugin: Failed to find ncclTunerPlugin_v2, using internal tuner instead.
cr4-p548xlarge-0:3025296:3026303 [1] NCCL INFO TUNER/Plugin: Failed to find ncclTunerPlugin_v2, using internal tuner instead.
cr4-p548xlarge-0:3025298:3026396 [3] NCCL INFO ncclCommInitRank comm 0x564a2f470a40 rank 3 nranks 8 cudaDev 3 nvmlDev 3 busId 86000 commId 0x840a2812787e98ed - Init COMPLETE
cr4-p548xlarge-0:3025296:3026303 [1] NCCL INFO ncclCommInitRank comm 0x56106ad3d7c0 rank 1 nranks 8 cudaDev 1 nvmlDev 1 busId 64000 commId 0x840a2812787e98ed - Init COMPLETE
cr4-p548xlarge-0:3025301:3026329 [6] NCCL INFO TUNER/Plugin: Failed to find ncclTunerPlugin_v2, using internal tuner instead.
cr4-p548xlarge-0:3025301:3026329 [6] NCCL INFO ncclCommInitRank comm 0x5652afd799a0 rank 6 nranks 8 cudaDev 6 nvmlDev 6 busId b9000 commId 0x840a2812787e98ed - Init COMPLETE
cr4-p548xlarge-0:3025299:3026292 [4] NCCL INFO TUNER/Plugin: Failed to find ncclTunerPlugin_v2, using internal tuner instead.
cr4-p548xlarge-0:3025299:3026292 [4] NCCL INFO ncclCommInitRank comm 0x5593de414130 rank 4 nranks 8 cudaDev 4 nvmlDev 4 busId 97000 commId 0x840a2812787e98ed - Init COMPLETE
cr4-p548xlarge-0:3025297:3026312 [2] NCCL INFO TUNER/Plugin: Failed to find ncclTunerPlugin_v2, using internal tuner instead.
cr4-p548xlarge-0:3025297:3026312 [2] NCCL INFO ncclCommInitRank comm 0x558ca1098620 rank 2 nranks 8 cudaDev 2 nvmlDev 2 busId 75000 commId 0x840a2812787e98ed - Init COMPLETE
cr4-p548xlarge-0:3025295:3026185 [0] NCCL INFO TUNER/Plugin: Failed to find ncclTunerPlugin_v2, using internal tuner instead.
cr4-p548xlarge-0:3025295:3026185 [0] NCCL INFO ncclCommInitRank comm 0x5636507e7080 rank 0 nranks 8 cudaDev 0 nvmlDev 0 busId 53000 commId 0x840a2812787e98ed - Init COMPLETE
[2024-08-18 21:44:21,084] [INFO] [partition_parameters.py:345:__exit__] finished initializing model - num_params = 291, num_elems = 8.03B
Loading checkpoint shards:   0%|          | 0/4 [00:00<?, ?it/s]Loading checkpoint shards:   0%|          | 0/4 [00:00<?, ?it/s]Loading checkpoint shards:   0%|          | 0/4 [00:00<?, ?it/s]Loading checkpoint shards:   0%|          | 0/4 [00:00<?, ?it/s]Loading checkpoint shards:   0%|          | 0/4 [00:00<?, ?it/s]Loading checkpoint shards:   0%|          | 0/4 [00:00<?, ?it/s]Loading checkpoint shards:   0%|          | 0/4 [00:00<?, ?it/s]Loading checkpoint shards:   0%|          | 0/4 [00:00<?, ?it/s]Loading checkpoint shards:  25%|â–ˆâ–ˆâ–Œ       | 1/4 [00:00<00:00,  3.93it/s]Loading checkpoint shards:  25%|â–ˆâ–ˆâ–Œ       | 1/4 [00:00<00:00,  3.97it/s]Loading checkpoint shards:  25%|â–ˆâ–ˆâ–Œ       | 1/4 [00:00<00:00,  3.85it/s]Loading checkpoint shards:  25%|â–ˆâ–ˆâ–Œ       | 1/4 [00:00<00:00,  3.79it/s]Loading checkpoint shards:  25%|â–ˆâ–ˆâ–Œ       | 1/4 [00:00<00:00,  3.64it/s]Loading checkpoint shards:  25%|â–ˆâ–ˆâ–Œ       | 1/4 [00:00<00:00,  3.53it/s]Loading checkpoint shards:  25%|â–ˆâ–ˆâ–Œ       | 1/4 [00:00<00:00,  3.49it/s]Loading checkpoint shards:  25%|â–ˆâ–ˆâ–Œ       | 1/4 [00:09<00:29,  9.71s/it]Loading checkpoint shards:  50%|â–ˆâ–ˆâ–ˆâ–ˆâ–ˆ     | 2/4 [00:10<00:11,  5.85s/it]Loading checkpoint shards:  50%|â–ˆâ–ˆâ–ˆâ–ˆâ–ˆ     | 2/4 [00:10<00:11,  5.86s/it]Loading checkpoint shards:  50%|â–ˆâ–ˆâ–ˆâ–ˆâ–ˆ     | 2/4 [00:10<00:11,  5.85s/it]Loading checkpoint shards:  50%|â–ˆâ–ˆâ–ˆâ–ˆâ–ˆ     | 2/4 [00:10<00:11,  5.85s/it]Loading checkpoint shards:  50%|â–ˆâ–ˆâ–ˆâ–ˆâ–ˆ     | 2/4 [00:10<00:11,  5.86s/it]Loading checkpoint shards:  50%|â–ˆâ–ˆâ–ˆâ–ˆâ–ˆ     | 2/4 [00:10<00:11,  5.88s/it]Loading checkpoint shards:  50%|â–ˆâ–ˆâ–ˆâ–ˆâ–ˆ     | 2/4 [00:10<00:12,  6.01s/it]Loading checkpoint shards:  75%|â–ˆâ–ˆâ–ˆâ–ˆâ–ˆâ–ˆâ–ˆâ–Œ  | 3/4 [00:19<00:07,  7.66s/it]Loading checkpoint shards:  75%|â–ˆâ–ˆâ–ˆâ–ˆâ–ˆâ–ˆâ–ˆâ–Œ  | 3/4 [00:19<00:07,  7.67s/it]Loading checkpoint shards:  75%|â–ˆâ–ˆâ–ˆâ–ˆâ–ˆâ–ˆâ–ˆâ–Œ  | 3/4 [00:19<00:07,  7.67s/it]Loading checkpoint shards:  75%|â–ˆâ–ˆâ–ˆâ–ˆâ–ˆâ–ˆâ–ˆâ–Œ  | 3/4 [00:19<00:07,  7.68s/it]Loading checkpoint shards:  75%|â–ˆâ–ˆâ–ˆâ–ˆâ–ˆâ–ˆâ–ˆâ–Œ  | 3/4 [00:19<00:07,  7.68s/it]Loading checkpoint shards:  75%|â–ˆâ–ˆâ–ˆâ–ˆâ–ˆâ–ˆâ–ˆâ–Œ  | 3/4 [00:19<00:07,  7.68s/it]Loading checkpoint shards:  75%|â–ˆâ–ˆâ–ˆâ–ˆâ–ˆâ–ˆâ–ˆâ–Œ  | 3/4 [00:19<00:07,  7.67s/it]Loading checkpoint shards:  50%|â–ˆâ–ˆâ–ˆâ–ˆâ–ˆ     | 2/4 [00:20<00:21, 10.52s/it]Loading checkpoint shards: 100%|â–ˆâ–ˆâ–ˆâ–ˆâ–ˆâ–ˆâ–ˆâ–ˆâ–ˆâ–ˆ| 4/4 [00:21<00:00,  5.28s/it]Loading checkpoint shards: 100%|â–ˆâ–ˆâ–ˆâ–ˆâ–ˆâ–ˆâ–ˆâ–ˆâ–ˆâ–ˆ| 4/4 [00:21<00:00,  5.37s/it]
Loading checkpoint shards: 100%|â–ˆâ–ˆâ–ˆâ–ˆâ–ˆâ–ˆâ–ˆâ–ˆâ–ˆâ–ˆ| 4/4 [00:21<00:00,  5.28s/it]Loading checkpoint shards: 100%|â–ˆâ–ˆâ–ˆâ–ˆâ–ˆâ–ˆâ–ˆâ–ˆâ–ˆâ–ˆ| 4/4 [00:21<00:00,  5.37s/it]
Loading checkpoint shards: 100%|â–ˆâ–ˆâ–ˆâ–ˆâ–ˆâ–ˆâ–ˆâ–ˆâ–ˆâ–ˆ| 4/4 [00:21<00:00,  5.30s/it]Loading checkpoint shards: 100%|â–ˆâ–ˆâ–ˆâ–ˆâ–ˆâ–ˆâ–ˆâ–ˆâ–ˆâ–ˆ| 4/4 [00:21<00:00,  5.38s/it]
Loading checkpoint shards: 100%|â–ˆâ–ˆâ–ˆâ–ˆâ–ˆâ–ˆâ–ˆâ–ˆâ–ˆâ–ˆ| 4/4 [00:21<00:00,  5.29s/it]Loading checkpoint shards: 100%|â–ˆâ–ˆâ–ˆâ–ˆâ–ˆâ–ˆâ–ˆâ–ˆâ–ˆâ–ˆ| 4/4 [00:21<00:00,  5.38s/it]
enable_input_require_grads!
enable_input_require_grads!
enable_input_require_grads!
Loading checkpoint shards: 100%|â–ˆâ–ˆâ–ˆâ–ˆâ–ˆâ–ˆâ–ˆâ–ˆâ–ˆâ–ˆ| 4/4 [00:21<00:00,  5.30s/it]Loading checkpoint shards: 100%|â–ˆâ–ˆâ–ˆâ–ˆâ–ˆâ–ˆâ–ˆâ–ˆâ–ˆâ–ˆ| 4/4 [00:21<00:00,  5.38s/it]
enable_input_require_grads!
Loading checkpoint shards: 100%|â–ˆâ–ˆâ–ˆâ–ˆâ–ˆâ–ˆâ–ˆâ–ˆâ–ˆâ–ˆ| 4/4 [00:21<00:00,  5.30s/it]Loading checkpoint shards: 100%|â–ˆâ–ˆâ–ˆâ–ˆâ–ˆâ–ˆâ–ˆâ–ˆâ–ˆâ–ˆ| 4/4 [00:21<00:00,  5.39s/it]
enable_input_require_grads!
enable_input_require_grads!
Loading checkpoint shards: 100%|â–ˆâ–ˆâ–ˆâ–ˆâ–ˆâ–ˆâ–ˆâ–ˆâ–ˆâ–ˆ| 4/4 [00:21<00:00,  5.40s/it]Loading checkpoint shards: 100%|â–ˆâ–ˆâ–ˆâ–ˆâ–ˆâ–ˆâ–ˆâ–ˆâ–ˆâ–ˆ| 4/4 [00:21<00:00,  5.47s/it]
enable_input_require_grads!
Loading checkpoint shards:  75%|â–ˆâ–ˆâ–ˆâ–ˆâ–ˆâ–ˆâ–ˆâ–Œ  | 3/4 [00:31<00:10, 10.69s/it]trainable params: 6,815,744 || all params: 8,037,076,992 || trainable%: 0.0848
Finetune with LORA setting:  None
Loading checkpoint shards: 100%|â–ˆâ–ˆâ–ˆâ–ˆâ–ˆâ–ˆâ–ˆâ–ˆâ–ˆâ–ˆ| 4/4 [00:40<00:00,  9.95s/it]Loading checkpoint shards: 100%|â–ˆâ–ˆâ–ˆâ–ˆâ–ˆâ–ˆâ–ˆâ–ˆâ–ˆâ–ˆ| 4/4 [00:40<00:00, 10.14s/it]
enable_input_require_grads!
trainable params: 6,815,744 || all params: 8,037,076,992 || trainable%: 0.0848
Finetune with LORA setting:  None
trainable params: 6,815,744 || all params: 8,037,076,992 || trainable%: 0.0848
Finetune with LORA setting:  None
trainable params: 6,815,744 || all params: 8,037,076,992 || trainable%: 0.0848
Finetune with LORA setting:  None
trainable params: 6,815,744 || all params: 8,037,076,992 || trainable%: 0.0848
Finetune with LORA setting:  None
trainable params: 6,815,744 || all params: 8,037,076,992 || trainable%: 0.0848
Finetune with LORA setting:  None
trainable params: 6,815,744 || all params: 8,037,076,992 || trainable%: 0.0848
Finetune with LORA setting:  None
trainable params: 6,815,744 || all params: 8,037,076,992 || trainable%: 0.0848
Finetune with LORA setting:  None
WARNING:root:Loading data...
WARNING:root:Loading data...
WARNING:root:Loading data...
WARNING:root:Loading data...
WARNING:root:Loading data...
WARNING:root:Loading data...
WARNING:root:Loading data...
WARNING:root:Loading data...
WARNING:root:Formatting inputs...
WARNING:root:Formatting inputs...
WARNING:root:Formatting inputs...
WARNING:root:Formatting inputs...
WARNING:root:Formatting inputs...
WARNING:root:Formatting inputs...
WARNING:root:Tokenizing inputs... This may take some time...
WARNING:root:Tokenizing inputs... This may take some time...
WARNING:root:Tokenizing inputs... This may take some time...
WARNING:root:Tokenizing inputs... This may take some time...
WARNING:root:Tokenizing inputs... This may take some time...
WARNING:root:Tokenizing inputs... This may take some time...
WARNING:root:Formatting inputs...
WARNING:root:Formatting inputs...
WARNING:root:Tokenizing inputs... This may take some time...
WARNING:root:Tokenizing inputs... This may take some time...
[rank3]:[W Utils.hpp:135] Warning: Environment variable NCCL_ASYNC_ERROR_HANDLING is deprecated; use TORCH_NCCL_ASYNC_ERROR_HANDLING instead (function getCvarInt)
[rank4]:[W Utils.hpp:135] Warning: Environment variable NCCL_ASYNC_ERROR_HANDLING is deprecated; use TORCH_NCCL_ASYNC_ERROR_HANDLING instead (function getCvarInt)
[rank1]:[W Utils.hpp:135] Warning: Environment variable NCCL_ASYNC_ERROR_HANDLING is deprecated; use TORCH_NCCL_ASYNC_ERROR_HANDLING instead (function getCvarInt)
Using /opt/hpcaas/.mounts/fs-0301404b74c8d22fd/home/yunyun/.cache/torch_extensions/py311_cu121 as PyTorch extensions root...Using /opt/hpcaas/.mounts/fs-0301404b74c8d22fd/home/yunyun/.cache/torch_extensions/py311_cu121 as PyTorch extensions root...

Using /opt/hpcaas/.mounts/fs-0301404b74c8d22fd/home/yunyun/.cache/torch_extensions/py311_cu121 as PyTorch extensions root...
[rank2]:[W Utils.hpp:135] Warning: Environment variable NCCL_ASYNC_ERROR_HANDLING is deprecated; use TORCH_NCCL_ASYNC_ERROR_HANDLING instead (function getCvarInt)
Using /opt/hpcaas/.mounts/fs-0301404b74c8d22fd/home/yunyun/.cache/torch_extensions/py311_cu121 as PyTorch extensions root...
[rank6]:[W Utils.hpp:135] Warning: Environment variable NCCL_ASYNC_ERROR_HANDLING is deprecated; use TORCH_NCCL_ASYNC_ERROR_HANDLING instead (function getCvarInt)
Using /opt/hpcaas/.mounts/fs-0301404b74c8d22fd/home/yunyun/.cache/torch_extensions/py311_cu121 as PyTorch extensions root...
[rank5]:[W Utils.hpp:135] Warning: Environment variable NCCL_ASYNC_ERROR_HANDLING is deprecated; use TORCH_NCCL_ASYNC_ERROR_HANDLING instead (function getCvarInt)
Using /opt/hpcaas/.mounts/fs-0301404b74c8d22fd/home/yunyun/.cache/torch_extensions/py311_cu121 as PyTorch extensions root...
Detected CUDA files, patching ldflags
Emitting ninja build file /opt/hpcaas/.mounts/fs-0301404b74c8d22fd/home/yunyun/.cache/torch_extensions/py311_cu121/fused_adam/build.ninja...
/data/home/yunyun/miniconda3/envs/newtorch2/lib/python3.11/site-packages/torch/utils/cpp_extension.py:1967: UserWarning: TORCH_CUDA_ARCH_LIST is not set, all archs for visible cards are included for compilation. 
If this is not desired, please set os.environ['TORCH_CUDA_ARCH_LIST'].
  warnings.warn(
Building extension module fused_adam...
Allowing ninja to set a default number of workers... (overridable by setting the environment variable MAX_JOBS=N)
ninja: no work to do.
Loading extension module fused_adam...
Loading extension module fused_adam...
Loading extension module fused_adam...
Loading extension module fused_adam...
Loading extension module fused_adam...
Loading extension module fused_adam...
Time to load fused_adam op: 2.726569175720215 secondsTime to load fused_adam op: 2.7150330543518066 secondsTime to load fused_adam op: 2.7263667583465576 seconds
Time to load fused_adam op: 2.658357620239258 secondsTime to load fused_adam op: 2.673243284225464 seconds

Time to load fused_adam op: 2.7267086505889893 seconds


[rank0]:[W Utils.hpp:135] Warning: Environment variable NCCL_ASYNC_ERROR_HANDLING is deprecated; use TORCH_NCCL_ASYNC_ERROR_HANDLING instead (function getCvarInt)
Using /opt/hpcaas/.mounts/fs-0301404b74c8d22fd/home/yunyun/.cache/torch_extensions/py311_cu121 as PyTorch extensions root...
Detected CUDA files, patching ldflags
Emitting ninja build file /opt/hpcaas/.mounts/fs-0301404b74c8d22fd/home/yunyun/.cache/torch_extensions/py311_cu121/fused_adam/build.ninja...
/data/home/yunyun/miniconda3/envs/newtorch2/lib/python3.11/site-packages/torch/utils/cpp_extension.py:1967: UserWarning: TORCH_CUDA_ARCH_LIST is not set, all archs for visible cards are included for compilation. 
If this is not desired, please set os.environ['TORCH_CUDA_ARCH_LIST'].
  warnings.warn(
Building extension module fused_adam...
Allowing ninja to set a default number of workers... (overridable by setting the environment variable MAX_JOBS=N)
[rank7]:[W Utils.hpp:135] Warning: Environment variable NCCL_ASYNC_ERROR_HANDLING is deprecated; use TORCH_NCCL_ASYNC_ERROR_HANDLING instead (function getCvarInt)
Using /opt/hpcaas/.mounts/fs-0301404b74c8d22fd/home/yunyun/.cache/torch_extensions/py311_cu121 as PyTorch extensions root...
ninja: no work to do.
Loading extension module fused_adam...
Time to load fused_adam op: 0.26671767234802246 seconds
Loading extension module fused_adam...
Time to load fused_adam op: 0.2050304412841797 seconds
Parameter Offload: Total persistent parameters: 275517440 in 257 params
  0%|          | 0/270 [00:00<?, ?it/s]/data/home/yunyun/miniconda3/envs/newtorch2/lib/python3.11/site-packages/torch/utils/checkpoint.py:464: UserWarning: torch.utils.checkpoint: the use_reentrant parameter should be passed explicitly. In version 2.4 we will raise an exception if use_reentrant is not passed. use_reentrant=False is recommended, but if you need to preserve the current default behavior, you can pass use_reentrant=True. Refer to docs for more details on the differences between the two variants.
  warnings.warn(
/data/home/yunyun/miniconda3/envs/newtorch2/lib/python3.11/site-packages/torch/utils/checkpoint.py:464: UserWarning: torch.utils.checkpoint: the use_reentrant parameter should be passed explicitly. In version 2.4 we will raise an exception if use_reentrant is not passed. use_reentrant=False is recommended, but if you need to preserve the current default behavior, you can pass use_reentrant=True. Refer to docs for more details on the differences between the two variants.
  warnings.warn(
/data/home/yunyun/miniconda3/envs/newtorch2/lib/python3.11/site-packages/torch/utils/checkpoint.py:464: UserWarning: torch.utils.checkpoint: the use_reentrant parameter should be passed explicitly. In version 2.4 we will raise an exception if use_reentrant is not passed. use_reentrant=False is recommended, but if you need to preserve the current default behavior, you can pass use_reentrant=True. Refer to docs for more details on the differences between the two variants.
  warnings.warn(
/data/home/yunyun/miniconda3/envs/newtorch2/lib/python3.11/site-packages/torch/utils/checkpoint.py:464: UserWarning: torch.utils.checkpoint: the use_reentrant parameter should be passed explicitly. In version 2.4 we will raise an exception if use_reentrant is not passed. use_reentrant=False is recommended, but if you need to preserve the current default behavior, you can pass use_reentrant=True. Refer to docs for more details on the differences between the two variants.
  warnings.warn(
/data/home/yunyun/miniconda3/envs/newtorch2/lib/python3.11/site-packages/torch/utils/checkpoint.py:464: UserWarning: torch.utils.checkpoint: the use_reentrant parameter should be passed explicitly. In version 2.4 we will raise an exception if use_reentrant is not passed. use_reentrant=False is recommended, but if you need to preserve the current default behavior, you can pass use_reentrant=True. Refer to docs for more details on the differences between the two variants.
  warnings.warn(
/data/home/yunyun/miniconda3/envs/newtorch2/lib/python3.11/site-packages/torch/utils/checkpoint.py:464: UserWarning: torch.utils.checkpoint: the use_reentrant parameter should be passed explicitly. In version 2.4 we will raise an exception if use_reentrant is not passed. use_reentrant=False is recommended, but if you need to preserve the current default behavior, you can pass use_reentrant=True. Refer to docs for more details on the differences between the two variants.
  warnings.warn(
/data/home/yunyun/miniconda3/envs/newtorch2/lib/python3.11/site-packages/torch/utils/checkpoint.py:464: UserWarning: torch.utils.checkpoint: the use_reentrant parameter should be passed explicitly. In version 2.4 we will raise an exception if use_reentrant is not passed. use_reentrant=False is recommended, but if you need to preserve the current default behavior, you can pass use_reentrant=True. Refer to docs for more details on the differences between the two variants.
  warnings.warn(
/data/home/yunyun/miniconda3/envs/newtorch2/lib/python3.11/site-packages/torch/utils/checkpoint.py:464: UserWarning: torch.utils.checkpoint: the use_reentrant parameter should be passed explicitly. In version 2.4 we will raise an exception if use_reentrant is not passed. use_reentrant=False is recommended, but if you need to preserve the current default behavior, you can pass use_reentrant=True. Refer to docs for more details on the differences between the two variants.
  warnings.warn(
cr4-p548xlarge-0:3025300:3030491 [5] NCCL INFO NET/OFI Libfabric provider associates MRs with domains
cr4-p548xlarge-0:3025296:3030490 [1] NCCL INFO NET/OFI Libfabric provider associates MRs with domains
cr4-p548xlarge-0:3025297:3030492 [2] NCCL INFO NET/OFI Libfabric provider associates MRs with domains
cr4-p548xlarge-0:3025295:3030489 [0] NCCL INFO NET/OFI Libfabric provider associates MRs with domains
cr4-p548xlarge-0:3025301:3030496 [6] NCCL INFO NET/OFI Libfabric provider associates MRs with domains
cr4-p548xlarge-0:3025298:3030493 [3] NCCL INFO NET/OFI Libfabric provider associates MRs with domains
cr4-p548xlarge-0:3025299:3030494 [4] NCCL INFO NET/OFI Libfabric provider associates MRs with domains
cr4-p548xlarge-0:3025302:3030495 [7] NCCL INFO NET/OFI Libfabric provider associates MRs with domains
cr4-p548xlarge-0:3025300:3030491 [5] NCCL INFO Using non-device net plugin version 0
cr4-p548xlarge-0:3025296:3030490 [1] NCCL INFO Using non-device net plugin version 0
cr4-p548xlarge-0:3025297:3030492 [2] NCCL INFO Using non-device net plugin version 0
cr4-p548xlarge-0:3025295:3030489 [0] NCCL INFO Using non-device net plugin version 0
cr4-p548xlarge-0:3025301:3030496 [6] NCCL INFO Using non-device net plugin version 0
cr4-p548xlarge-0:3025298:3030493 [3] NCCL INFO Using non-device net plugin version 0
cr4-p548xlarge-0:3025299:3030494 [4] NCCL INFO Using non-device net plugin version 0
cr4-p548xlarge-0:3025302:3030495 [7] NCCL INFO Using non-device net plugin version 0
cr4-p548xlarge-0:3025300:3030491 [5] NCCL INFO Using network AWS Libfabric
cr4-p548xlarge-0:3025297:3030492 [2] NCCL INFO Using network AWS Libfabric
cr4-p548xlarge-0:3025295:3030489 [0] NCCL INFO Using network AWS Libfabric
cr4-p548xlarge-0:3025296:3030490 [1] NCCL INFO Using network AWS Libfabric
cr4-p548xlarge-0:3025299:3030494 [4] NCCL INFO Using network AWS Libfabric
cr4-p548xlarge-0:3025301:3030496 [6] NCCL INFO Using network AWS Libfabric
cr4-p548xlarge-0:3025302:3030495 [7] NCCL INFO Using network AWS Libfabric
cr4-p548xlarge-0:3025300:3030491 [5] NCCL INFO DMA-BUF is available on GPU device 5
cr4-p548xlarge-0:3025297:3030492 [2] NCCL INFO DMA-BUF is available on GPU device 2
cr4-p548xlarge-0:3025295:3030489 [0] NCCL INFO DMA-BUF is available on GPU device 0
cr4-p548xlarge-0:3025296:3030490 [1] NCCL INFO DMA-BUF is available on GPU device 1
cr4-p548xlarge-0:3025299:3030494 [4] NCCL INFO DMA-BUF is available on GPU device 4
cr4-p548xlarge-0:3025301:3030496 [6] NCCL INFO DMA-BUF is available on GPU device 6
cr4-p548xlarge-0:3025302:3030495 [7] NCCL INFO DMA-BUF is available on GPU device 7
cr4-p548xlarge-0:3025298:3030493 [3] NCCL INFO Using network AWS Libfabric
cr4-p548xlarge-0:3025298:3030493 [3] NCCL INFO DMA-BUF is available on GPU device 3
cr4-p548xlarge-0:3025302:3030495 [7] NCCL INFO bootstrapSplit: comm 0x7f0e335d1330 parent 0x5596c0376950 rank 7 nranks 8 color -934961569 key 7 prev 6 next 0 - DONE
cr4-p548xlarge-0:3025300:3030491 [5] NCCL INFO bootstrapSplit: comm 0x7fe0d77ec0a0 parent 0x556199060c60 rank 5 nranks 8 color -934961569 key 5 prev 4 next 6 - DONE
cr4-p548xlarge-0:3025299:3030494 [4] NCCL INFO bootstrapSplit: comm 0x7fc91b414180 parent 0x5593de414130 rank 4 nranks 8 color -934961569 key 4 prev 3 next 5 - DONE
cr4-p548xlarge-0:3025301:3030496 [6] NCCL INFO bootstrapSplit: comm 0x7f02f5271490 parent 0x5652afd799a0 rank 6 nranks 8 color -934961569 key 6 prev 5 next 7 - DONE
cr4-p548xlarge-0:3025295:3030489 [0] NCCL INFO bootstrapSplit: comm 0x7f29f3913620 parent 0x5636507e7080 rank 0 nranks 8 color -934961569 key 0 prev 7 next 1 - DONE
cr4-p548xlarge-0:3025297:3030492 [2] NCCL INFO bootstrapSplit: comm 0x7f1bd7431330 parent 0x558ca1098620 rank 2 nranks 8 color -934961569 key 2 prev 1 next 3 - DONE
cr4-p548xlarge-0:3025296:3030490 [1] NCCL INFO bootstrapSplit: comm 0x7f063b70dad0 parent 0x56106ad3d7c0 rank 1 nranks 8 color -934961569 key 1 prev 0 next 2 - DONE
cr4-p548xlarge-0:3025298:3030493 [3] NCCL INFO bootstrapSplit: comm 0x7f67ea42dab0 parent 0x564a2f470a40 rank 3 nranks 8 color -934961569 key 3 prev 2 next 4 - DONE
cr4-p548xlarge-0:3025302:3030495 [7] NCCL INFO ncclCommSplit comm 0x7f0e335d1330 rank 7 nranks 8 cudaDev 7 nvmlDev 7 busId ca000 parent 0x5596c0376950 color -934961569 key 7 commId 0xe5490c0a9ef7503b - Init START
cr4-p548xlarge-0:3025300:3030491 [5] NCCL INFO ncclCommSplit comm 0x7fe0d77ec0a0 rank 5 nranks 8 cudaDev 5 nvmlDev 5 busId a8000 parent 0x556199060c60 color -934961569 key 5 commId 0xe5490c0a9ef7503b - Init START
cr4-p548xlarge-0:3025299:3030494 [4] NCCL INFO ncclCommSplit comm 0x7fc91b414180 rank 4 nranks 8 cudaDev 4 nvmlDev 4 busId 97000 parent 0x5593de414130 color -934961569 key 4 commId 0xe5490c0a9ef7503b - Init START
cr4-p548xlarge-0:3025301:3030496 [6] NCCL INFO ncclCommSplit comm 0x7f02f5271490 rank 6 nranks 8 cudaDev 6 nvmlDev 6 busId b9000 parent 0x5652afd799a0 color -934961569 key 6 commId 0xe5490c0a9ef7503b - Init START
cr4-p548xlarge-0:3025295:3030489 [0] NCCL INFO ncclCommSplit comm 0x7f29f3913620 rank 0 nranks 8 cudaDev 0 nvmlDev 0 busId 53000 parent 0x5636507e7080 color -934961569 key 0 commId 0xe5490c0a9ef7503b - Init START
cr4-p548xlarge-0:3025297:3030492 [2] NCCL INFO ncclCommSplit comm 0x7f1bd7431330 rank 2 nranks 8 cudaDev 2 nvmlDev 2 busId 75000 parent 0x558ca1098620 color -934961569 key 2 commId 0xe5490c0a9ef7503b - Init START
cr4-p548xlarge-0:3025296:3030490 [1] NCCL INFO ncclCommSplit comm 0x7f063b70dad0 rank 1 nranks 8 cudaDev 1 nvmlDev 1 busId 64000 parent 0x56106ad3d7c0 color -934961569 key 1 commId 0xe5490c0a9ef7503b - Init START
cr4-p548xlarge-0:3025298:3030493 [3] NCCL INFO ncclCommSplit comm 0x7f67ea42dab0 rank 3 nranks 8 cudaDev 3 nvmlDev 3 busId 86000 parent 0x564a2f470a40 color -934961569 key 3 commId 0xe5490c0a9ef7503b - Init START
