cr4-p548xlarge-8:3408752:3409620 [2] NCCL INFO Channel 08/0 : 2[2] -> 3[3] via P2P/CUMEM
cr4-p548xlarge-8:3408750:3409618 [0] NCCL INFO Channel 12/0 : 0[0] -> 1[1] via P2P/CUMEM
cr4-p548xlarge-8:3408753:3409621 [3] NCCL INFO Channel 09/0 : 3[3] -> 4[4] via P2P/CUMEM
cr4-p548xlarge-8:3408751:3409624 [1] NCCL INFO Channel 12/0 : 1[1] -> 2[2] via P2P/CUMEM
cr4-p548xlarge-8:3408752:3409620 [2] NCCL INFO Channel 09/0 : 2[2] -> 3[3] via P2P/CUMEM
cr4-p548xlarge-8:3408750:3409618 [0] NCCL INFO Channel 13/0 : 0[0] -> 1[1] via P2P/CUMEM
cr4-p548xlarge-8:3408753:3409621 [3] NCCL INFO Channel 10/0 : 3[3] -> 4[4] via P2P/CUMEM
cr4-p548xlarge-8:3408751:3409624 [1] NCCL INFO Channel 13/0 : 1[1] -> 2[2] via P2P/CUMEM
cr4-p548xlarge-8:3408752:3409620 [2] NCCL INFO Channel 10/0 : 2[2] -> 3[3] via P2P/CUMEM
cr4-p548xlarge-8:3408753:3409621 [3] NCCL INFO Channel 11/0 : 3[3] -> 4[4] via P2P/CUMEM
cr4-p548xlarge-8:3408750:3409618 [0] NCCL INFO Channel 14/0 : 0[0] -> 1[1] via P2P/CUMEM
cr4-p548xlarge-8:3408751:3409624 [1] NCCL INFO Channel 14/0 : 1[1] -> 2[2] via P2P/CUMEM
cr4-p548xlarge-8:3408752:3409620 [2] NCCL INFO Channel 11/0 : 2[2] -> 3[3] via P2P/CUMEM
cr4-p548xlarge-8:3408753:3409621 [3] NCCL INFO Channel 12/0 : 3[3] -> 4[4] via P2P/CUMEM
cr4-p548xlarge-8:3408752:3409620 [2] NCCL INFO Channel 12/0 : 2[2] -> 3[3] via P2P/CUMEM
cr4-p548xlarge-8:3408751:3409624 [1] NCCL INFO Channel 15/0 : 1[1] -> 2[2] via P2P/CUMEM
cr4-p548xlarge-8:3408750:3409618 [0] NCCL INFO Channel 15/0 : 0[0] -> 1[1] via P2P/CUMEM
cr4-p548xlarge-8:3408752:3409620 [2] NCCL INFO Channel 13/0 : 2[2] -> 3[3] via P2P/CUMEM
cr4-p548xlarge-8:3408753:3409621 [3] NCCL INFO Channel 13/0 : 3[3] -> 4[4] via P2P/CUMEM
cr4-p548xlarge-8:3408751:3409624 [1] NCCL INFO Channel 16/0 : 1[1] -> 2[2] via P2P/CUMEM
cr4-p548xlarge-8:3408750:3409618 [0] NCCL INFO Channel 16/0 : 0[0] -> 1[1] via P2P/CUMEM
cr4-p548xlarge-8:3408752:3409620 [2] NCCL INFO Channel 14/0 : 2[2] -> 3[3] via P2P/CUMEM
cr4-p548xlarge-8:3408753:3409621 [3] NCCL INFO Channel 14/0 : 3[3] -> 4[4] via P2P/CUMEM
cr4-p548xlarge-8:3408751:3409624 [1] NCCL INFO Channel 17/0 : 1[1] -> 2[2] via P2P/CUMEM
cr4-p548xlarge-8:3408750:3409618 [0] NCCL INFO Channel 17/0 : 0[0] -> 1[1] via P2P/CUMEM
cr4-p548xlarge-8:3408752:3409620 [2] NCCL INFO Channel 15/0 : 2[2] -> 3[3] via P2P/CUMEM
cr4-p548xlarge-8:3408753:3409621 [3] NCCL INFO Channel 15/0 : 3[3] -> 4[4] via P2P/CUMEM
cr4-p548xlarge-8:3408751:3409624 [1] NCCL INFO Channel 18/0 : 1[1] -> 2[2] via P2P/CUMEM
cr4-p548xlarge-8:3408752:3409620 [2] NCCL INFO Channel 16/0 : 2[2] -> 3[3] via P2P/CUMEM
cr4-p548xlarge-8:3408750:3409618 [0] NCCL INFO Channel 18/0 : 0[0] -> 1[1] via P2P/CUMEM
cr4-p548xlarge-8:3408751:3409624 [1] NCCL INFO Channel 19/0 : 1[1] -> 2[2] via P2P/CUMEM
cr4-p548xlarge-8:3408753:3409621 [3] NCCL INFO Channel 16/0 : 3[3] -> 4[4] via P2P/CUMEM
cr4-p548xlarge-8:3408752:3409620 [2] NCCL INFO Channel 17/0 : 2[2] -> 3[3] via P2P/CUMEM
cr4-p548xlarge-8:3408750:3409618 [0] NCCL INFO Channel 19/0 : 0[0] -> 1[1] via P2P/CUMEM
cr4-p548xlarge-8:3408751:3409624 [1] NCCL INFO Channel 20/0 : 1[1] -> 2[2] via P2P/CUMEM
cr4-p548xlarge-8:3408753:3409621 [3] NCCL INFO Channel 17/0 : 3[3] -> 4[4] via P2P/CUMEM
cr4-p548xlarge-8:3408752:3409620 [2] NCCL INFO Channel 18/0 : 2[2] -> 3[3] via P2P/CUMEM
cr4-p548xlarge-8:3408750:3409618 [0] NCCL INFO Channel 20/0 : 0[0] -> 1[1] via P2P/CUMEM
cr4-p548xlarge-8:3408751:3409624 [1] NCCL INFO Channel 21/0 : 1[1] -> 2[2] via P2P/CUMEM
cr4-p548xlarge-8:3408753:3409621 [3] NCCL INFO Channel 18/0 : 3[3] -> 4[4] via P2P/CUMEM
cr4-p548xlarge-8:3408752:3409620 [2] NCCL INFO Channel 19/0 : 2[2] -> 3[3] via P2P/CUMEM
cr4-p548xlarge-8:3408752:3409620 [2] NCCL INFO Channel 20/0 : 2[2] -> 3[3] via P2P/CUMEM
cr4-p548xlarge-8:3408750:3409618 [0] NCCL INFO Channel 21/0 : 0[0] -> 1[1] via P2P/CUMEM
cr4-p548xlarge-8:3408751:3409624 [1] NCCL INFO Channel 22/0 : 1[1] -> 2[2] via P2P/CUMEM
cr4-p548xlarge-8:3408753:3409621 [3] NCCL INFO Channel 19/0 : 3[3] -> 4[4] via P2P/CUMEM
cr4-p548xlarge-8:3408752:3409620 [2] NCCL INFO Channel 21/0 : 2[2] -> 3[3] via P2P/CUMEM
cr4-p548xlarge-8:3408752:3409620 [2] NCCL INFO Channel 22/0 : 2[2] -> 3[3] via P2P/CUMEM
cr4-p548xlarge-8:3408751:3409624 [1] NCCL INFO Channel 23/0 : 1[1] -> 2[2] via P2P/CUMEM
cr4-p548xlarge-8:3408750:3409618 [0] NCCL INFO Channel 22/0 : 0[0] -> 1[1] via P2P/CUMEM
cr4-p548xlarge-8:3408753:3409621 [3] NCCL INFO Channel 20/0 : 3[3] -> 4[4] via P2P/CUMEM
cr4-p548xlarge-8:3408752:3409620 [2] NCCL INFO Channel 23/0 : 2[2] -> 3[3] via P2P/CUMEM
cr4-p548xlarge-8:3408750:3409618 [0] NCCL INFO Channel 23/0 : 0[0] -> 1[1] via P2P/CUMEM
cr4-p548xlarge-8:3408753:3409621 [3] NCCL INFO Channel 21/0 : 3[3] -> 4[4] via P2P/CUMEM
cr4-p548xlarge-8:3408753:3409621 [3] NCCL INFO Channel 22/0 : 3[3] -> 4[4] via P2P/CUMEM
cr4-p548xlarge-8:3408753:3409621 [3] NCCL INFO Channel 23/0 : 3[3] -> 4[4] via P2P/CUMEM
cr4-p548xlarge-8:3408756:3409622 [6] NCCL INFO Connected all rings
cr4-p548xlarge-8:3408756:3409622 [6] NCCL INFO Channel 00/0 : 6[6] -> 5[5] via P2P/CUMEM
cr4-p548xlarge-8:3408756:3409622 [6] NCCL INFO Channel 01/0 : 6[6] -> 5[5] via P2P/CUMEM
cr4-p548xlarge-8:3408756:3409622 [6] NCCL INFO Channel 02/0 : 6[6] -> 5[5] via P2P/CUMEM
cr4-p548xlarge-8:3408756:3409622 [6] NCCL INFO Channel 03/0 : 6[6] -> 5[5] via P2P/CUMEM
cr4-p548xlarge-8:3408756:3409622 [6] NCCL INFO Channel 04/0 : 6[6] -> 5[5] via P2P/CUMEM
cr4-p548xlarge-8:3408756:3409622 [6] NCCL INFO Channel 05/0 : 6[6] -> 5[5] via P2P/CUMEM
cr4-p548xlarge-8:3408756:3409622 [6] NCCL INFO Channel 06/0 : 6[6] -> 5[5] via P2P/CUMEM
cr4-p548xlarge-8:3408756:3409622 [6] NCCL INFO Channel 07/0 : 6[6] -> 5[5] via P2P/CUMEM
cr4-p548xlarge-8:3408756:3409622 [6] NCCL INFO Channel 08/0 : 6[6] -> 5[5] via P2P/CUMEM
cr4-p548xlarge-8:3408756:3409622 [6] NCCL INFO Channel 09/0 : 6[6] -> 5[5] via P2P/CUMEM
cr4-p548xlarge-8:3408756:3409622 [6] NCCL INFO Channel 10/0 : 6[6] -> 5[5] via P2P/CUMEM
cr4-p548xlarge-8:3408756:3409622 [6] NCCL INFO Channel 11/0 : 6[6] -> 5[5] via P2P/CUMEM
cr4-p548xlarge-8:3408756:3409622 [6] NCCL INFO Channel 12/0 : 6[6] -> 5[5] via P2P/CUMEM
cr4-p548xlarge-8:3408756:3409622 [6] NCCL INFO Channel 13/0 : 6[6] -> 5[5] via P2P/CUMEM
cr4-p548xlarge-8:3408756:3409622 [6] NCCL INFO Channel 14/0 : 6[6] -> 5[5] via P2P/CUMEM
cr4-p548xlarge-8:3408756:3409622 [6] NCCL INFO Channel 15/0 : 6[6] -> 5[5] via P2P/CUMEM
cr4-p548xlarge-8:3408756:3409622 [6] NCCL INFO Channel 16/0 : 6[6] -> 5[5] via P2P/CUMEM
cr4-p548xlarge-8:3408756:3409622 [6] NCCL INFO Channel 17/0 : 6[6] -> 5[5] via P2P/CUMEM
cr4-p548xlarge-8:3408756:3409622 [6] NCCL INFO Channel 18/0 : 6[6] -> 5[5] via P2P/CUMEM
cr4-p548xlarge-8:3408756:3409622 [6] NCCL INFO Channel 19/0 : 6[6] -> 5[5] via P2P/CUMEM
cr4-p548xlarge-8:3408756:3409622 [6] NCCL INFO Channel 20/0 : 6[6] -> 5[5] via P2P/CUMEM
cr4-p548xlarge-8:3408756:3409622 [6] NCCL INFO Channel 21/0 : 6[6] -> 5[5] via P2P/CUMEM
cr4-p548xlarge-8:3408756:3409622 [6] NCCL INFO Channel 22/0 : 6[6] -> 5[5] via P2P/CUMEM
cr4-p548xlarge-8:3408756:3409622 [6] NCCL INFO Channel 23/0 : 6[6] -> 5[5] via P2P/CUMEM
cr4-p548xlarge-8:3408755:3409619 [5] NCCL INFO Connected all rings
cr4-p548xlarge-8:3408755:3409619 [5] NCCL INFO Channel 00/0 : 5[5] -> 4[4] via P2P/CUMEM
cr4-p548xlarge-8:3408755:3409619 [5] NCCL INFO Channel 01/0 : 5[5] -> 4[4] via P2P/CUMEM
cr4-p548xlarge-8:3408755:3409619 [5] NCCL INFO Channel 02/0 : 5[5] -> 4[4] via P2P/CUMEM
cr4-p548xlarge-8:3408755:3409619 [5] NCCL INFO Channel 03/0 : 5[5] -> 4[4] via P2P/CUMEM
cr4-p548xlarge-8:3408755:3409619 [5] NCCL INFO Channel 04/0 : 5[5] -> 4[4] via P2P/CUMEM
cr4-p548xlarge-8:3408755:3409619 [5] NCCL INFO Channel 05/0 : 5[5] -> 4[4] via P2P/CUMEM
cr4-p548xlarge-8:3408755:3409619 [5] NCCL INFO Channel 06/0 : 5[5] -> 4[4] via P2P/CUMEM
cr4-p548xlarge-8:3408755:3409619 [5] NCCL INFO Channel 07/0 : 5[5] -> 4[4] via P2P/CUMEM
cr4-p548xlarge-8:3408755:3409619 [5] NCCL INFO Channel 08/0 : 5[5] -> 4[4] via P2P/CUMEM
cr4-p548xlarge-8:3408755:3409619 [5] NCCL INFO Channel 09/0 : 5[5] -> 4[4] via P2P/CUMEM
cr4-p548xlarge-8:3408755:3409619 [5] NCCL INFO Channel 10/0 : 5[5] -> 4[4] via P2P/CUMEM
cr4-p548xlarge-8:3408755:3409619 [5] NCCL INFO Channel 11/0 : 5[5] -> 4[4] via P2P/CUMEM
cr4-p548xlarge-8:3408755:3409619 [5] NCCL INFO Channel 12/0 : 5[5] -> 4[4] via P2P/CUMEM
cr4-p548xlarge-8:3408755:3409619 [5] NCCL INFO Channel 13/0 : 5[5] -> 4[4] via P2P/CUMEM
cr4-p548xlarge-8:3408755:3409619 [5] NCCL INFO Channel 14/0 : 5[5] -> 4[4] via P2P/CUMEM
cr4-p548xlarge-8:3408755:3409619 [5] NCCL INFO Channel 15/0 : 5[5] -> 4[4] via P2P/CUMEM
cr4-p548xlarge-8:3408755:3409619 [5] NCCL INFO Channel 16/0 : 5[5] -> 4[4] via P2P/CUMEM
cr4-p548xlarge-8:3408755:3409619 [5] NCCL INFO Channel 17/0 : 5[5] -> 4[4] via P2P/CUMEM
cr4-p548xlarge-8:3408755:3409619 [5] NCCL INFO Channel 18/0 : 5[5] -> 4[4] via P2P/CUMEM
cr4-p548xlarge-8:3408755:3409619 [5] NCCL INFO Channel 19/0 : 5[5] -> 4[4] via P2P/CUMEM
cr4-p548xlarge-8:3408755:3409619 [5] NCCL INFO Channel 20/0 : 5[5] -> 4[4] via P2P/CUMEM
cr4-p548xlarge-8:3408755:3409619 [5] NCCL INFO Channel 21/0 : 5[5] -> 4[4] via P2P/CUMEM
cr4-p548xlarge-8:3408755:3409619 [5] NCCL INFO Channel 22/0 : 5[5] -> 4[4] via P2P/CUMEM
cr4-p548xlarge-8:3408755:3409619 [5] NCCL INFO Channel 23/0 : 5[5] -> 4[4] via P2P/CUMEM
cr4-p548xlarge-8:3408757:3409623 [7] NCCL INFO Connected all rings
cr4-p548xlarge-8:3408757:3409623 [7] NCCL INFO Channel 00/0 : 7[7] -> 6[6] via P2P/CUMEM
cr4-p548xlarge-8:3408757:3409623 [7] NCCL INFO Channel 01/0 : 7[7] -> 6[6] via P2P/CUMEM
cr4-p548xlarge-8:3408757:3409623 [7] NCCL INFO Channel 02/0 : 7[7] -> 6[6] via P2P/CUMEM
cr4-p548xlarge-8:3408757:3409623 [7] NCCL INFO Channel 03/0 : 7[7] -> 6[6] via P2P/CUMEM
cr4-p548xlarge-8:3408757:3409623 [7] NCCL INFO Channel 04/0 : 7[7] -> 6[6] via P2P/CUMEM
cr4-p548xlarge-8:3408757:3409623 [7] NCCL INFO Channel 05/0 : 7[7] -> 6[6] via P2P/CUMEM
cr4-p548xlarge-8:3408757:3409623 [7] NCCL INFO Channel 06/0 : 7[7] -> 6[6] via P2P/CUMEM
cr4-p548xlarge-8:3408757:3409623 [7] NCCL INFO Channel 07/0 : 7[7] -> 6[6] via P2P/CUMEM
cr4-p548xlarge-8:3408757:3409623 [7] NCCL INFO Channel 08/0 : 7[7] -> 6[6] via P2P/CUMEM
cr4-p548xlarge-8:3408757:3409623 [7] NCCL INFO Channel 09/0 : 7[7] -> 6[6] via P2P/CUMEM
cr4-p548xlarge-8:3408757:3409623 [7] NCCL INFO Channel 10/0 : 7[7] -> 6[6] via P2P/CUMEM
cr4-p548xlarge-8:3408757:3409623 [7] NCCL INFO Channel 11/0 : 7[7] -> 6[6] via P2P/CUMEM
cr4-p548xlarge-8:3408757:3409623 [7] NCCL INFO Channel 12/0 : 7[7] -> 6[6] via P2P/CUMEM
cr4-p548xlarge-8:3408757:3409623 [7] NCCL INFO Channel 13/0 : 7[7] -> 6[6] via P2P/CUMEM
cr4-p548xlarge-8:3408757:3409623 [7] NCCL INFO Channel 14/0 : 7[7] -> 6[6] via P2P/CUMEM
cr4-p548xlarge-8:3408757:3409623 [7] NCCL INFO Channel 15/0 : 7[7] -> 6[6] via P2P/CUMEM
cr4-p548xlarge-8:3408757:3409623 [7] NCCL INFO Channel 16/0 : 7[7] -> 6[6] via P2P/CUMEM
cr4-p548xlarge-8:3408757:3409623 [7] NCCL INFO Channel 17/0 : 7[7] -> 6[6] via P2P/CUMEM
cr4-p548xlarge-8:3408757:3409623 [7] NCCL INFO Channel 18/0 : 7[7] -> 6[6] via P2P/CUMEM
cr4-p548xlarge-8:3408757:3409623 [7] NCCL INFO Channel 19/0 : 7[7] -> 6[6] via P2P/CUMEM
cr4-p548xlarge-8:3408757:3409623 [7] NCCL INFO Channel 20/0 : 7[7] -> 6[6] via P2P/CUMEM
cr4-p548xlarge-8:3408757:3409623 [7] NCCL INFO Channel 21/0 : 7[7] -> 6[6] via P2P/CUMEM
cr4-p548xlarge-8:3408757:3409623 [7] NCCL INFO Channel 22/0 : 7[7] -> 6[6] via P2P/CUMEM
cr4-p548xlarge-8:3408757:3409623 [7] NCCL INFO Channel 23/0 : 7[7] -> 6[6] via P2P/CUMEM
cr4-p548xlarge-8:3408757:3409623 [7] NCCL INFO Connected all trees
cr4-p548xlarge-8:3408757:3409623 [7] NCCL INFO NCCL_NVLS_CHUNKSIZE set by environment to 524288.
cr4-p548xlarge-8:3408757:3409623 [7] NCCL INFO NVLS comm 0x561bc3e10700 headRank 7 nHeads 8 buffSize 4194304 memSize 2097152 nvlsPerRankSize 301989888 nvlsTotalSize 2415919104
cr4-p548xlarge-8:3408750:3409618 [0] NCCL INFO Connected all rings
cr4-p548xlarge-8:3408754:3409625 [4] NCCL INFO Connected all rings
cr4-p548xlarge-8:3408754:3409625 [4] NCCL INFO Channel 00/0 : 4[4] -> 3[3] via P2P/CUMEM
cr4-p548xlarge-8:3408754:3409625 [4] NCCL INFO Channel 01/0 : 4[4] -> 3[3] via P2P/CUMEM
cr4-p548xlarge-8:3408754:3409625 [4] NCCL INFO Channel 02/0 : 4[4] -> 3[3] via P2P/CUMEM
cr4-p548xlarge-8:3408754:3409625 [4] NCCL INFO Channel 03/0 : 4[4] -> 3[3] via P2P/CUMEM
cr4-p548xlarge-8:3408754:3409625 [4] NCCL INFO Channel 04/0 : 4[4] -> 3[3] via P2P/CUMEM
cr4-p548xlarge-8:3408754:3409625 [4] NCCL INFO Channel 05/0 : 4[4] -> 3[3] via P2P/CUMEM
cr4-p548xlarge-8:3408754:3409625 [4] NCCL INFO Channel 06/0 : 4[4] -> 3[3] via P2P/CUMEM
cr4-p548xlarge-8:3408754:3409625 [4] NCCL INFO Channel 07/0 : 4[4] -> 3[3] via P2P/CUMEM
cr4-p548xlarge-8:3408754:3409625 [4] NCCL INFO Channel 08/0 : 4[4] -> 3[3] via P2P/CUMEM
cr4-p548xlarge-8:3408754:3409625 [4] NCCL INFO Channel 09/0 : 4[4] -> 3[3] via P2P/CUMEM
cr4-p548xlarge-8:3408754:3409625 [4] NCCL INFO Channel 10/0 : 4[4] -> 3[3] via P2P/CUMEM
cr4-p548xlarge-8:3408754:3409625 [4] NCCL INFO Channel 11/0 : 4[4] -> 3[3] via P2P/CUMEM
cr4-p548xlarge-8:3408754:3409625 [4] NCCL INFO Channel 12/0 : 4[4] -> 3[3] via P2P/CUMEM
cr4-p548xlarge-8:3408754:3409625 [4] NCCL INFO Channel 13/0 : 4[4] -> 3[3] via P2P/CUMEM
cr4-p548xlarge-8:3408754:3409625 [4] NCCL INFO Channel 14/0 : 4[4] -> 3[3] via P2P/CUMEM
cr4-p548xlarge-8:3408754:3409625 [4] NCCL INFO Channel 15/0 : 4[4] -> 3[3] via P2P/CUMEM
cr4-p548xlarge-8:3408754:3409625 [4] NCCL INFO Channel 16/0 : 4[4] -> 3[3] via P2P/CUMEM
cr4-p548xlarge-8:3408754:3409625 [4] NCCL INFO Channel 17/0 : 4[4] -> 3[3] via P2P/CUMEM
cr4-p548xlarge-8:3408754:3409625 [4] NCCL INFO Channel 18/0 : 4[4] -> 3[3] via P2P/CUMEM
cr4-p548xlarge-8:3408754:3409625 [4] NCCL INFO Channel 19/0 : 4[4] -> 3[3] via P2P/CUMEM
cr4-p548xlarge-8:3408754:3409625 [4] NCCL INFO Channel 20/0 : 4[4] -> 3[3] via P2P/CUMEM
cr4-p548xlarge-8:3408754:3409625 [4] NCCL INFO Channel 21/0 : 4[4] -> 3[3] via P2P/CUMEM
cr4-p548xlarge-8:3408754:3409625 [4] NCCL INFO Channel 22/0 : 4[4] -> 3[3] via P2P/CUMEM
cr4-p548xlarge-8:3408754:3409625 [4] NCCL INFO Channel 23/0 : 4[4] -> 3[3] via P2P/CUMEM
cr4-p548xlarge-8:3408752:3409620 [2] NCCL INFO Connected all rings
cr4-p548xlarge-8:3408751:3409624 [1] NCCL INFO Connected all rings
cr4-p548xlarge-8:3408756:3409622 [6] NCCL INFO Connected all trees
cr4-p548xlarge-8:3408756:3409622 [6] NCCL INFO NCCL_NVLS_CHUNKSIZE set by environment to 524288.
cr4-p548xlarge-8:3408756:3409622 [6] NCCL INFO NVLS comm 0x55ac0c859370 headRank 6 nHeads 8 buffSize 4194304 memSize 2097152 nvlsPerRankSize 301989888 nvlsTotalSize 2415919104
cr4-p548xlarge-8:3408753:3409621 [3] NCCL INFO Connected all rings
cr4-p548xlarge-8:3408753:3409621 [3] NCCL INFO Channel 00/0 : 3[3] -> 2[2] via P2P/CUMEM
cr4-p548xlarge-8:3408753:3409621 [3] NCCL INFO Channel 01/0 : 3[3] -> 2[2] via P2P/CUMEM
cr4-p548xlarge-8:3408753:3409621 [3] NCCL INFO Channel 02/0 : 3[3] -> 2[2] via P2P/CUMEM
cr4-p548xlarge-8:3408753:3409621 [3] NCCL INFO Channel 03/0 : 3[3] -> 2[2] via P2P/CUMEM
cr4-p548xlarge-8:3408753:3409621 [3] NCCL INFO Channel 04/0 : 3[3] -> 2[2] via P2P/CUMEM
cr4-p548xlarge-8:3408753:3409621 [3] NCCL INFO Channel 05/0 : 3[3] -> 2[2] via P2P/CUMEM
cr4-p548xlarge-8:3408753:3409621 [3] NCCL INFO Channel 06/0 : 3[3] -> 2[2] via P2P/CUMEM
cr4-p548xlarge-8:3408753:3409621 [3] NCCL INFO Channel 07/0 : 3[3] -> 2[2] via P2P/CUMEM
cr4-p548xlarge-8:3408753:3409621 [3] NCCL INFO Channel 08/0 : 3[3] -> 2[2] via P2P/CUMEM
cr4-p548xlarge-8:3408753:3409621 [3] NCCL INFO Channel 09/0 : 3[3] -> 2[2] via P2P/CUMEM
cr4-p548xlarge-8:3408753:3409621 [3] NCCL INFO Channel 10/0 : 3[3] -> 2[2] via P2P/CUMEM
cr4-p548xlarge-8:3408753:3409621 [3] NCCL INFO Channel 11/0 : 3[3] -> 2[2] via P2P/CUMEM
cr4-p548xlarge-8:3408752:3409620 [2] NCCL INFO Channel 00/0 : 2[2] -> 1[1] via P2P/CUMEM
cr4-p548xlarge-8:3408752:3409620 [2] NCCL INFO Channel 01/0 : 2[2] -> 1[1] via P2P/CUMEM
cr4-p548xlarge-8:3408752:3409620 [2] NCCL INFO Channel 02/0 : 2[2] -> 1[1] via P2P/CUMEM
cr4-p548xlarge-8:3408752:3409620 [2] NCCL INFO Channel 03/0 : 2[2] -> 1[1] via P2P/CUMEM
cr4-p548xlarge-8:3408752:3409620 [2] NCCL INFO Channel 04/0 : 2[2] -> 1[1] via P2P/CUMEM
cr4-p548xlarge-8:3408752:3409620 [2] NCCL INFO Channel 05/0 : 2[2] -> 1[1] via P2P/CUMEM
cr4-p548xlarge-8:3408752:3409620 [2] NCCL INFO Channel 06/0 : 2[2] -> 1[1] via P2P/CUMEM
cr4-p548xlarge-8:3408752:3409620 [2] NCCL INFO Channel 07/0 : 2[2] -> 1[1] via P2P/CUMEM
cr4-p548xlarge-8:3408752:3409620 [2] NCCL INFO Channel 08/0 : 2[2] -> 1[1] via P2P/CUMEM
cr4-p548xlarge-8:3408753:3409621 [3] NCCL INFO Channel 12/0 : 3[3] -> 2[2] via P2P/CUMEM
cr4-p548xlarge-8:3408753:3409621 [3] NCCL INFO Channel 13/0 : 3[3] -> 2[2] via P2P/CUMEM
cr4-p548xlarge-8:3408753:3409621 [3] NCCL INFO Channel 14/0 : 3[3] -> 2[2] via P2P/CUMEM
cr4-p548xlarge-8:3408753:3409621 [3] NCCL INFO Channel 15/0 : 3[3] -> 2[2] via P2P/CUMEM
cr4-p548xlarge-8:3408753:3409621 [3] NCCL INFO Channel 16/0 : 3[3] -> 2[2] via P2P/CUMEM
cr4-p548xlarge-8:3408753:3409621 [3] NCCL INFO Channel 17/0 : 3[3] -> 2[2] via P2P/CUMEM
cr4-p548xlarge-8:3408753:3409621 [3] NCCL INFO Channel 18/0 : 3[3] -> 2[2] via P2P/CUMEM
cr4-p548xlarge-8:3408753:3409621 [3] NCCL INFO Channel 19/0 : 3[3] -> 2[2] via P2P/CUMEM
cr4-p548xlarge-8:3408753:3409621 [3] NCCL INFO Channel 20/0 : 3[3] -> 2[2] via P2P/CUMEM
cr4-p548xlarge-8:3408753:3409621 [3] NCCL INFO Channel 21/0 : 3[3] -> 2[2] via P2P/CUMEM
cr4-p548xlarge-8:3408752:3409620 [2] NCCL INFO Channel 09/0 : 2[2] -> 1[1] via P2P/CUMEM
cr4-p548xlarge-8:3408752:3409620 [2] NCCL INFO Channel 10/0 : 2[2] -> 1[1] via P2P/CUMEM
cr4-p548xlarge-8:3408753:3409621 [3] NCCL INFO Channel 22/0 : 3[3] -> 2[2] via P2P/CUMEM
cr4-p548xlarge-8:3408752:3409620 [2] NCCL INFO Channel 11/0 : 2[2] -> 1[1] via P2P/CUMEM
cr4-p548xlarge-8:3408753:3409621 [3] NCCL INFO Channel 23/0 : 3[3] -> 2[2] via P2P/CUMEM
cr4-p548xlarge-8:3408752:3409620 [2] NCCL INFO Channel 12/0 : 2[2] -> 1[1] via P2P/CUMEM
cr4-p548xlarge-8:3408752:3409620 [2] NCCL INFO Channel 13/0 : 2[2] -> 1[1] via P2P/CUMEM
cr4-p548xlarge-8:3408752:3409620 [2] NCCL INFO Channel 14/0 : 2[2] -> 1[1] via P2P/CUMEM
cr4-p548xlarge-8:3408752:3409620 [2] NCCL INFO Channel 15/0 : 2[2] -> 1[1] via P2P/CUMEM
cr4-p548xlarge-8:3408751:3409624 [1] NCCL INFO Channel 00/0 : 1[1] -> 0[0] via P2P/CUMEM
cr4-p548xlarge-8:3408751:3409624 [1] NCCL INFO Channel 01/0 : 1[1] -> 0[0] via P2P/CUMEM
cr4-p548xlarge-8:3408755:3409619 [5] NCCL INFO Connected all trees
cr4-p548xlarge-8:3408755:3409619 [5] NCCL INFO NCCL_NVLS_CHUNKSIZE set by environment to 524288.
cr4-p548xlarge-8:3408755:3409619 [5] NCCL INFO NVLS comm 0x55892db92390 headRank 5 nHeads 8 buffSize 4194304 memSize 2097152 nvlsPerRankSize 301989888 nvlsTotalSize 2415919104
cr4-p548xlarge-8:3408751:3409624 [1] NCCL INFO Channel 02/0 : 1[1] -> 0[0] via P2P/CUMEM
cr4-p548xlarge-8:3408752:3409620 [2] NCCL INFO Channel 16/0 : 2[2] -> 1[1] via P2P/CUMEM
cr4-p548xlarge-8:3408751:3409624 [1] NCCL INFO Channel 03/0 : 1[1] -> 0[0] via P2P/CUMEM
cr4-p548xlarge-8:3408752:3409620 [2] NCCL INFO Channel 17/0 : 2[2] -> 1[1] via P2P/CUMEM
cr4-p548xlarge-8:3408751:3409624 [1] NCCL INFO Channel 04/0 : 1[1] -> 0[0] via P2P/CUMEM
cr4-p548xlarge-8:3408752:3409620 [2] NCCL INFO Channel 18/0 : 2[2] -> 1[1] via P2P/CUMEM
cr4-p548xlarge-8:3408751:3409624 [1] NCCL INFO Channel 05/0 : 1[1] -> 0[0] via P2P/CUMEM
cr4-p548xlarge-8:3408752:3409620 [2] NCCL INFO Channel 19/0 : 2[2] -> 1[1] via P2P/CUMEM
cr4-p548xlarge-8:3408751:3409624 [1] NCCL INFO Channel 06/0 : 1[1] -> 0[0] via P2P/CUMEM
cr4-p548xlarge-8:3408752:3409620 [2] NCCL INFO Channel 20/0 : 2[2] -> 1[1] via P2P/CUMEM
cr4-p548xlarge-8:3408751:3409624 [1] NCCL INFO Channel 07/0 : 1[1] -> 0[0] via P2P/CUMEM
cr4-p548xlarge-8:3408752:3409620 [2] NCCL INFO Channel 21/0 : 2[2] -> 1[1] via P2P/CUMEM
cr4-p548xlarge-8:3408751:3409624 [1] NCCL INFO Channel 08/0 : 1[1] -> 0[0] via P2P/CUMEM
cr4-p548xlarge-8:3408752:3409620 [2] NCCL INFO Channel 22/0 : 2[2] -> 1[1] via P2P/CUMEM
cr4-p548xlarge-8:3408751:3409624 [1] NCCL INFO Channel 09/0 : 1[1] -> 0[0] via P2P/CUMEM
cr4-p548xlarge-8:3408752:3409620 [2] NCCL INFO Channel 23/0 : 2[2] -> 1[1] via P2P/CUMEM
cr4-p548xlarge-8:3408751:3409624 [1] NCCL INFO Channel 10/0 : 1[1] -> 0[0] via P2P/CUMEM
cr4-p548xlarge-8:3408751:3409624 [1] NCCL INFO Channel 11/0 : 1[1] -> 0[0] via P2P/CUMEM
cr4-p548xlarge-8:3408751:3409624 [1] NCCL INFO Channel 12/0 : 1[1] -> 0[0] via P2P/CUMEM
cr4-p548xlarge-8:3408751:3409624 [1] NCCL INFO Channel 13/0 : 1[1] -> 0[0] via P2P/CUMEM
cr4-p548xlarge-8:3408751:3409624 [1] NCCL INFO Channel 14/0 : 1[1] -> 0[0] via P2P/CUMEM
cr4-p548xlarge-8:3408751:3409624 [1] NCCL INFO Channel 15/0 : 1[1] -> 0[0] via P2P/CUMEM
cr4-p548xlarge-8:3408754:3409625 [4] NCCL INFO Connected all trees
cr4-p548xlarge-8:3408754:3409625 [4] NCCL INFO NCCL_NVLS_CHUNKSIZE set by environment to 524288.
cr4-p548xlarge-8:3408754:3409625 [4] NCCL INFO NVLS comm 0x5566f5d68db0 headRank 4 nHeads 8 buffSize 4194304 memSize 2097152 nvlsPerRankSize 301989888 nvlsTotalSize 2415919104
cr4-p548xlarge-8:3408751:3409624 [1] NCCL INFO Channel 16/0 : 1[1] -> 0[0] via P2P/CUMEM
cr4-p548xlarge-8:3408751:3409624 [1] NCCL INFO Channel 17/0 : 1[1] -> 0[0] via P2P/CUMEM
cr4-p548xlarge-8:3408751:3409624 [1] NCCL INFO Channel 18/0 : 1[1] -> 0[0] via P2P/CUMEM
cr4-p548xlarge-8:3408751:3409624 [1] NCCL INFO Channel 19/0 : 1[1] -> 0[0] via P2P/CUMEM
cr4-p548xlarge-8:3408751:3409624 [1] NCCL INFO Channel 20/0 : 1[1] -> 0[0] via P2P/CUMEM
cr4-p548xlarge-8:3408751:3409624 [1] NCCL INFO Channel 21/0 : 1[1] -> 0[0] via P2P/CUMEM
cr4-p548xlarge-8:3408751:3409624 [1] NCCL INFO Channel 22/0 : 1[1] -> 0[0] via P2P/CUMEM
cr4-p548xlarge-8:3408751:3409624 [1] NCCL INFO Channel 23/0 : 1[1] -> 0[0] via P2P/CUMEM
cr4-p548xlarge-8:3408753:3409621 [3] NCCL INFO Connected all trees
cr4-p548xlarge-8:3408753:3409621 [3] NCCL INFO NCCL_NVLS_CHUNKSIZE set by environment to 524288.
cr4-p548xlarge-8:3408753:3409621 [3] NCCL INFO NVLS comm 0x559ac7e24860 headRank 3 nHeads 8 buffSize 4194304 memSize 2097152 nvlsPerRankSize 301989888 nvlsTotalSize 2415919104
cr4-p548xlarge-8:3408751:3409624 [1] NCCL INFO Connected all trees
cr4-p548xlarge-8:3408752:3409620 [2] NCCL INFO Connected all trees
cr4-p548xlarge-8:3408750:3409618 [0] NCCL INFO Connected all trees
cr4-p548xlarge-8:3408750:3409618 [0] NCCL INFO NCCL_NVLS_CHUNKSIZE set by environment to 524288.
cr4-p548xlarge-8:3408750:3409618 [0] NCCL INFO NVLS comm 0x55a669422e00 headRank 0 nHeads 8 buffSize 4194304 memSize 2097152 nvlsPerRankSize 301989888 nvlsTotalSize 2415919104
cr4-p548xlarge-8:3408752:3409620 [2] NCCL INFO NCCL_NVLS_CHUNKSIZE set by environment to 524288.
cr4-p548xlarge-8:3408752:3409620 [2] NCCL INFO NVLS comm 0x55b855d9a530 headRank 2 nHeads 8 buffSize 4194304 memSize 2097152 nvlsPerRankSize 301989888 nvlsTotalSize 2415919104
cr4-p548xlarge-8:3408751:3409624 [1] NCCL INFO NCCL_NVLS_CHUNKSIZE set by environment to 524288.
cr4-p548xlarge-8:3408751:3409624 [1] NCCL INFO NVLS comm 0x5575a07a53f0 headRank 1 nHeads 8 buffSize 4194304 memSize 2097152 nvlsPerRankSize 301989888 nvlsTotalSize 2415919104
cr4-p548xlarge-8:3408752:3409620 [2] NCCL INFO NCCL_PROTO set by environment to simple
cr4-p548xlarge-8:3408752:3409620 [2] NCCL INFO NCCL_ALGO set by environment to tree
cr4-p548xlarge-8:3408752:3409620 [2] NCCL INFO threadThresholds 8/8/64 | 64/8/64 | 512 | 512
cr4-p548xlarge-8:3408752:3409620 [2] NCCL INFO 24 coll channels, 24 collnet channels, 16 nvls channels, 32 p2p channels, 32 p2p channels per peer
cr4-p548xlarge-8:3408751:3409624 [1] NCCL INFO NCCL_PROTO set by environment to simple
cr4-p548xlarge-8:3408751:3409624 [1] NCCL INFO NCCL_ALGO set by environment to tree
cr4-p548xlarge-8:3408751:3409624 [1] NCCL INFO threadThresholds 8/8/64 | 64/8/64 | 512 | 512
cr4-p548xlarge-8:3408751:3409624 [1] NCCL INFO 24 coll channels, 24 collnet channels, 16 nvls channels, 32 p2p channels, 32 p2p channels per peer
cr4-p548xlarge-8:3408754:3409625 [4] NCCL INFO NCCL_PROTO set by environment to simple
cr4-p548xlarge-8:3408754:3409625 [4] NCCL INFO NCCL_ALGO set by environment to tree
cr4-p548xlarge-8:3408754:3409625 [4] NCCL INFO threadThresholds 8/8/64 | 64/8/64 | 512 | 512
cr4-p548xlarge-8:3408754:3409625 [4] NCCL INFO 24 coll channels, 24 collnet channels, 16 nvls channels, 32 p2p channels, 32 p2p channels per peer
cr4-p548xlarge-8:3408755:3409619 [5] NCCL INFO NCCL_PROTO set by environment to simple
cr4-p548xlarge-8:3408755:3409619 [5] NCCL INFO NCCL_ALGO set by environment to tree
cr4-p548xlarge-8:3408755:3409619 [5] NCCL INFO threadThresholds 8/8/64 | 64/8/64 | 512 | 512
cr4-p548xlarge-8:3408755:3409619 [5] NCCL INFO 24 coll channels, 24 collnet channels, 16 nvls channels, 32 p2p channels, 32 p2p channels per peer
cr4-p548xlarge-8:3408756:3409622 [6] NCCL INFO NCCL_PROTO set by environment to simple
cr4-p548xlarge-8:3408756:3409622 [6] NCCL INFO NCCL_ALGO set by environment to tree
cr4-p548xlarge-8:3408756:3409622 [6] NCCL INFO threadThresholds 8/8/64 | 64/8/64 | 512 | 512
cr4-p548xlarge-8:3408756:3409622 [6] NCCL INFO 24 coll channels, 24 collnet channels, 16 nvls channels, 32 p2p channels, 32 p2p channels per peer
cr4-p548xlarge-8:3408750:3409618 [0] NCCL INFO NCCL_PROTO set by environment to simple
cr4-p548xlarge-8:3408750:3409618 [0] NCCL INFO NCCL_ALGO set by environment to tree
cr4-p548xlarge-8:3408757:3409623 [7] NCCL INFO NCCL_PROTO set by environment to simple
cr4-p548xlarge-8:3408757:3409623 [7] NCCL INFO NCCL_ALGO set by environment to tree
cr4-p548xlarge-8:3408757:3409623 [7] NCCL INFO threadThresholds 8/8/64 | 64/8/64 | 512 | 512
cr4-p548xlarge-8:3408757:3409623 [7] NCCL INFO 24 coll channels, 24 collnet channels, 16 nvls channels, 32 p2p channels, 32 p2p channels per peer
cr4-p548xlarge-8:3408750:3409618 [0] NCCL INFO threadThresholds 8/8/64 | 64/8/64 | 512 | 512
cr4-p548xlarge-8:3408750:3409618 [0] NCCL INFO 24 coll channels, 24 collnet channels, 16 nvls channels, 32 p2p channels, 32 p2p channels per peer
cr4-p548xlarge-8:3408753:3409621 [3] NCCL INFO NCCL_PROTO set by environment to simple
cr4-p548xlarge-8:3408753:3409621 [3] NCCL INFO NCCL_ALGO set by environment to tree
cr4-p548xlarge-8:3408753:3409621 [3] NCCL INFO threadThresholds 8/8/64 | 64/8/64 | 512 | 512
cr4-p548xlarge-8:3408753:3409621 [3] NCCL INFO 24 coll channels, 24 collnet channels, 16 nvls channels, 32 p2p channels, 32 p2p channels per peer
cr4-p548xlarge-8:3408755:3409619 [5] NCCL INFO TUNER/Plugin: Failed to find ncclTunerPlugin_v2, using internal tuner instead.
cr4-p548xlarge-8:3408757:3409623 [7] NCCL INFO TUNER/Plugin: Failed to find ncclTunerPlugin_v2, using internal tuner instead.
cr4-p548xlarge-8:3408754:3409625 [4] NCCL INFO TUNER/Plugin: Failed to find ncclTunerPlugin_v2, using internal tuner instead.
cr4-p548xlarge-8:3408755:3409619 [5] NCCL INFO ncclCommInitRank comm 0x55892db92390 rank 5 nranks 8 cudaDev 5 nvmlDev 5 busId a8000 commId 0xdeb855595dc137f9 - Init COMPLETE
cr4-p548xlarge-8:3408757:3409623 [7] NCCL INFO ncclCommInitRank comm 0x561bc3e10700 rank 7 nranks 8 cudaDev 7 nvmlDev 7 busId ca000 commId 0xdeb855595dc137f9 - Init COMPLETE
cr4-p548xlarge-8:3408754:3409625 [4] NCCL INFO ncclCommInitRank comm 0x5566f5d68db0 rank 4 nranks 8 cudaDev 4 nvmlDev 4 busId 97000 commId 0xdeb855595dc137f9 - Init COMPLETE
cr4-p548xlarge-8:3408753:3409621 [3] NCCL INFO TUNER/Plugin: Failed to find ncclTunerPlugin_v2, using internal tuner instead.
cr4-p548xlarge-8:3408753:3409621 [3] NCCL INFO ncclCommInitRank comm 0x559ac7e24860 rank 3 nranks 8 cudaDev 3 nvmlDev 3 busId 86000 commId 0xdeb855595dc137f9 - Init COMPLETE
cr4-p548xlarge-8:3408752:3409620 [2] NCCL INFO TUNER/Plugin: Failed to find ncclTunerPlugin_v2, using internal tuner instead.
cr4-p548xlarge-8:3408752:3409620 [2] NCCL INFO ncclCommInitRank comm 0x55b855d9a530 rank 2 nranks 8 cudaDev 2 nvmlDev 2 busId 75000 commId 0xdeb855595dc137f9 - Init COMPLETE
cr4-p548xlarge-8:3408756:3409622 [6] NCCL INFO TUNER/Plugin: Failed to find ncclTunerPlugin_v2, using internal tuner instead.
cr4-p548xlarge-8:3408756:3409622 [6] NCCL INFO ncclCommInitRank comm 0x55ac0c859370 rank 6 nranks 8 cudaDev 6 nvmlDev 6 busId b9000 commId 0xdeb855595dc137f9 - Init COMPLETE
cr4-p548xlarge-8:3408750:3409618 [0] NCCL INFO TUNER/Plugin: Failed to find ncclTunerPlugin_v2, using internal tuner instead.
cr4-p548xlarge-8:3408750:3409618 [0] NCCL INFO ncclCommInitRank comm 0x55a669422e00 rank 0 nranks 8 cudaDev 0 nvmlDev 0 busId 53000 commId 0xdeb855595dc137f9 - Init COMPLETE
cr4-p548xlarge-8:3408751:3409624 [1] NCCL INFO TUNER/Plugin: Failed to find ncclTunerPlugin_v2, using internal tuner instead.
cr4-p548xlarge-8:3408751:3409624 [1] NCCL INFO ncclCommInitRank comm 0x5575a07a53f0 rank 1 nranks 8 cudaDev 1 nvmlDev 1 busId 64000 commId 0xdeb855595dc137f9 - Init COMPLETE
[2024-08-18 21:43:24,622] [INFO] [partition_parameters.py:345:__exit__] finished initializing model - num_params = 291, num_elems = 8.03B
Loading checkpoint shards:   0%|          | 0/4 [00:00<?, ?it/s]Loading checkpoint shards:   0%|          | 0/4 [00:00<?, ?it/s]Loading checkpoint shards:   0%|          | 0/4 [00:00<?, ?it/s]Loading checkpoint shards:   0%|          | 0/4 [00:00<?, ?it/s]Loading checkpoint shards:   0%|          | 0/4 [00:00<?, ?it/s]Loading checkpoint shards:   0%|          | 0/4 [00:00<?, ?it/s]Loading checkpoint shards:   0%|          | 0/4 [00:00<?, ?it/s]Loading checkpoint shards:   0%|          | 0/4 [00:00<?, ?it/s]Loading checkpoint shards:  25%|â–ˆâ–ˆâ–Œ       | 1/4 [00:00<00:00,  4.71it/s]Loading checkpoint shards:  25%|â–ˆâ–ˆâ–Œ       | 1/4 [00:00<00:00,  3.73it/s]Loading checkpoint shards:  25%|â–ˆâ–ˆâ–Œ       | 1/4 [00:00<00:00,  4.86it/s]Loading checkpoint shards:  25%|â–ˆâ–ˆâ–Œ       | 1/4 [00:00<00:00,  3.44it/s]Loading checkpoint shards:  25%|â–ˆâ–ˆâ–Œ       | 1/4 [00:00<00:00,  3.92it/s]Loading checkpoint shards:  25%|â–ˆâ–ˆâ–Œ       | 1/4 [00:00<00:00,  4.26it/s]Loading checkpoint shards:  25%|â–ˆâ–ˆâ–Œ       | 1/4 [00:00<00:00,  3.09it/s]Loading checkpoint shards:  25%|â–ˆâ–ˆâ–Œ       | 1/4 [00:09<00:28,  9.49s/it]Loading checkpoint shards:  50%|â–ˆâ–ˆâ–ˆâ–ˆâ–ˆ     | 2/4 [00:09<00:11,  5.65s/it]Loading checkpoint shards:  50%|â–ˆâ–ˆâ–ˆâ–ˆâ–ˆ     | 2/4 [00:09<00:11,  5.63s/it]Loading checkpoint shards:  50%|â–ˆâ–ˆâ–ˆâ–ˆâ–ˆ     | 2/4 [00:09<00:11,  5.66s/it]Loading checkpoint shards:  50%|â–ˆâ–ˆâ–ˆâ–ˆâ–ˆ     | 2/4 [00:09<00:11,  5.66s/it]Loading checkpoint shards:  50%|â–ˆâ–ˆâ–ˆâ–ˆâ–ˆ     | 2/4 [00:09<00:11,  5.68s/it]Loading checkpoint shards:  50%|â–ˆâ–ˆâ–ˆâ–ˆâ–ˆ     | 2/4 [00:09<00:11,  5.65s/it]Loading checkpoint shards:  50%|â–ˆâ–ˆâ–ˆâ–ˆâ–ˆ     | 2/4 [00:09<00:11,  5.72s/it]Loading checkpoint shards:  75%|â–ˆâ–ˆâ–ˆâ–ˆâ–ˆâ–ˆâ–ˆâ–Œ  | 3/4 [00:18<00:07,  7.12s/it]Loading checkpoint shards:  75%|â–ˆâ–ˆâ–ˆâ–ˆâ–ˆâ–ˆâ–ˆâ–Œ  | 3/4 [00:18<00:07,  7.13s/it]Loading checkpoint shards:  75%|â–ˆâ–ˆâ–ˆâ–ˆâ–ˆâ–ˆâ–ˆâ–Œ  | 3/4 [00:18<00:07,  7.11s/it]Loading checkpoint shards:  75%|â–ˆâ–ˆâ–ˆâ–ˆâ–ˆâ–ˆâ–ˆâ–Œ  | 3/4 [00:18<00:07,  7.13s/it]Loading checkpoint shards:  75%|â–ˆâ–ˆâ–ˆâ–ˆâ–ˆâ–ˆâ–ˆâ–Œ  | 3/4 [00:18<00:07,  7.12s/it]Loading checkpoint shards:  75%|â–ˆâ–ˆâ–ˆâ–ˆâ–ˆâ–ˆâ–ˆâ–Œ  | 3/4 [00:18<00:07,  7.11s/it]Loading checkpoint shards:  75%|â–ˆâ–ˆâ–ˆâ–ˆâ–ˆâ–ˆâ–ˆâ–Œ  | 3/4 [00:18<00:07,  7.13s/it]Loading checkpoint shards:  50%|â–ˆâ–ˆâ–ˆâ–ˆâ–ˆ     | 2/4 [00:18<00:18,  9.39s/it]Loading checkpoint shards: 100%|â–ˆâ–ˆâ–ˆâ–ˆâ–ˆâ–ˆâ–ˆâ–ˆâ–ˆâ–ˆ| 4/4 [00:19<00:00,  4.62s/it]Loading checkpoint shards: 100%|â–ˆâ–ˆâ–ˆâ–ˆâ–ˆâ–ˆâ–ˆâ–ˆâ–ˆâ–ˆ| 4/4 [00:19<00:00,  4.84s/it]
Loading checkpoint shards: 100%|â–ˆâ–ˆâ–ˆâ–ˆâ–ˆâ–ˆâ–ˆâ–ˆâ–ˆâ–ˆ| 4/4 [00:19<00:00,  4.65s/it]Loading checkpoint shards: 100%|â–ˆâ–ˆâ–ˆâ–ˆâ–ˆâ–ˆâ–ˆâ–ˆâ–ˆâ–ˆ| 4/4 [00:19<00:00,  4.86s/it]
Loading checkpoint shards: 100%|â–ˆâ–ˆâ–ˆâ–ˆâ–ˆâ–ˆâ–ˆâ–ˆâ–ˆâ–ˆ| 4/4 [00:19<00:00,  4.64s/it]Loading checkpoint shards: 100%|â–ˆâ–ˆâ–ˆâ–ˆâ–ˆâ–ˆâ–ˆâ–ˆâ–ˆâ–ˆ| 4/4 [00:19<00:00,  4.84s/it]
Loading checkpoint shards: 100%|â–ˆâ–ˆâ–ˆâ–ˆâ–ˆâ–ˆâ–ˆâ–ˆâ–ˆâ–ˆ| 4/4 [00:19<00:00,  4.65s/it]Loading checkpoint shards: 100%|â–ˆâ–ˆâ–ˆâ–ˆâ–ˆâ–ˆâ–ˆâ–ˆâ–ˆâ–ˆ| 4/4 [00:19<00:00,  4.86s/it]
Loading checkpoint shards: 100%|â–ˆâ–ˆâ–ˆâ–ˆâ–ˆâ–ˆâ–ˆâ–ˆâ–ˆâ–ˆ| 4/4 [00:19<00:00,  4.63s/it]Loading checkpoint shards: 100%|â–ˆâ–ˆâ–ˆâ–ˆâ–ˆâ–ˆâ–ˆâ–ˆâ–ˆâ–ˆ| 4/4 [00:19<00:00,  4.84s/it]
Loading checkpoint shards: 100%|â–ˆâ–ˆâ–ˆâ–ˆâ–ˆâ–ˆâ–ˆâ–ˆâ–ˆâ–ˆ| 4/4 [00:19<00:00,  4.64s/it]Loading checkpoint shards: 100%|â–ˆâ–ˆâ–ˆâ–ˆâ–ˆâ–ˆâ–ˆâ–ˆâ–ˆâ–ˆ| 4/4 [00:19<00:00,  4.64s/it]Loading checkpoint shards: 100%|â–ˆâ–ˆâ–ˆâ–ˆâ–ˆâ–ˆâ–ˆâ–ˆâ–ˆâ–ˆ| 4/4 [00:19<00:00,  4.84s/it]
Loading checkpoint shards: 100%|â–ˆâ–ˆâ–ˆâ–ˆâ–ˆâ–ˆâ–ˆâ–ˆâ–ˆâ–ˆ| 4/4 [00:19<00:00,  4.86s/it]
enable_input_require_grads!
enable_input_require_grads!
enable_input_require_grads!
enable_input_require_grads!
enable_input_require_grads!
enable_input_require_grads!
enable_input_require_grads!
Loading checkpoint shards:  75%|â–ˆâ–ˆâ–ˆâ–ˆâ–ˆâ–ˆâ–ˆâ–Œ  | 3/4 [00:29<00:09,  9.83s/it]Loading checkpoint shards: 100%|â–ˆâ–ˆâ–ˆâ–ˆâ–ˆâ–ˆâ–ˆâ–ˆâ–ˆâ–ˆ| 4/4 [00:31<00:00,  6.92s/it]Loading checkpoint shards: 100%|â–ˆâ–ˆâ–ˆâ–ˆâ–ˆâ–ˆâ–ˆâ–ˆâ–ˆâ–ˆ| 4/4 [00:31<00:00,  7.91s/it]
enable_input_require_grads!
trainable params: 6,815,744 || all params: 8,037,076,992 || trainable%: 0.0848
Finetune with LORA setting:  None
trainable params: 6,815,744 || all params: 8,037,076,992 || trainable%: 0.0848
Finetune with LORA setting:  None
trainable params: 6,815,744 || all params: 8,037,076,992 || trainable%: 0.0848
Finetune with LORA setting:  None
trainable params: 6,815,744 || all params: 8,037,076,992 || trainable%: 0.0848
Finetune with LORA setting:  None
trainable params: 6,815,744 || all params: 8,037,076,992 || trainable%: 0.0848
Finetune with LORA setting:  None
trainable params: 6,815,744 || all params: 8,037,076,992 || trainable%: 0.0848
Finetune with LORA setting:  None
trainable params: 6,815,744 || all params: 8,037,076,992 || trainable%: 0.0848
Finetune with LORA setting:  None
trainable params: 6,815,744 || all params: 8,037,076,992 || trainable%: 0.0848
Finetune with LORA setting:  None
WARNING:root:Loading data...
WARNING:root:Loading data...
WARNING:root:Loading data...
WARNING:root:Loading data...
WARNING:root:Loading data...
WARNING:root:Loading data...
WARNING:root:Loading data...
WARNING:root:Loading data...
WARNING:root:Formatting inputs...
WARNING:root:Formatting inputs...
WARNING:root:Formatting inputs...
WARNING:root:Formatting inputs...
WARNING:root:Formatting inputs...
WARNING:root:Formatting inputs...
WARNING:root:Formatting inputs...
WARNING:root:Formatting inputs...
WARNING:root:Tokenizing inputs... This may take some time...
WARNING:root:Tokenizing inputs... This may take some time...
WARNING:root:Tokenizing inputs... This may take some time...
WARNING:root:Tokenizing inputs... This may take some time...
WARNING:root:Tokenizing inputs... This may take some time...
WARNING:root:Tokenizing inputs... This may take some time...
WARNING:root:Tokenizing inputs... This may take some time...
WARNING:root:Tokenizing inputs... This may take some time...
[rank0]:[W Utils.hpp:135] Warning: Environment variable NCCL_ASYNC_ERROR_HANDLING is deprecated; use TORCH_NCCL_ASYNC_ERROR_HANDLING instead (function getCvarInt)
[rank1]:[W Utils.hpp:135] Warning: Environment variable NCCL_ASYNC_ERROR_HANDLING is deprecated; use TORCH_NCCL_ASYNC_ERROR_HANDLING instead (function getCvarInt)
[rank3]:[W Utils.hpp:135] Warning: Environment variable NCCL_ASYNC_ERROR_HANDLING is deprecated; use TORCH_NCCL_ASYNC_ERROR_HANDLING instead (function getCvarInt)
[rank6]:[W Utils.hpp:135] Warning: Environment variable NCCL_ASYNC_ERROR_HANDLING is deprecated; use TORCH_NCCL_ASYNC_ERROR_HANDLING instead (function getCvarInt)
Using /opt/hpcaas/.mounts/fs-0301404b74c8d22fd/home/yunyun/.cache/torch_extensions/py311_cu121 as PyTorch extensions root...Using /opt/hpcaas/.mounts/fs-0301404b74c8d22fd/home/yunyun/.cache/torch_extensions/py311_cu121 as PyTorch extensions root...

Using /opt/hpcaas/.mounts/fs-0301404b74c8d22fd/home/yunyun/.cache/torch_extensions/py311_cu121 as PyTorch extensions root...[rank7]:[W Utils.hpp:135] Warning: Environment variable NCCL_ASYNC_ERROR_HANDLING is deprecated; use TORCH_NCCL_ASYNC_ERROR_HANDLING instead (function getCvarInt)

[rank5]:[W Utils.hpp:135] Warning: Environment variable NCCL_ASYNC_ERROR_HANDLING is deprecated; use TORCH_NCCL_ASYNC_ERROR_HANDLING instead (function getCvarInt)
Using /opt/hpcaas/.mounts/fs-0301404b74c8d22fd/home/yunyun/.cache/torch_extensions/py311_cu121 as PyTorch extensions root...
[rank4]:[W Utils.hpp:135] Warning: Environment variable NCCL_ASYNC_ERROR_HANDLING is deprecated; use TORCH_NCCL_ASYNC_ERROR_HANDLING instead (function getCvarInt)
Using /opt/hpcaas/.mounts/fs-0301404b74c8d22fd/home/yunyun/.cache/torch_extensions/py311_cu121 as PyTorch extensions root...
Using /opt/hpcaas/.mounts/fs-0301404b74c8d22fd/home/yunyun/.cache/torch_extensions/py311_cu121 as PyTorch extensions root...
Using /opt/hpcaas/.mounts/fs-0301404b74c8d22fd/home/yunyun/.cache/torch_extensions/py311_cu121 as PyTorch extensions root...
[rank2]:[W Utils.hpp:135] Warning: Environment variable NCCL_ASYNC_ERROR_HANDLING is deprecated; use TORCH_NCCL_ASYNC_ERROR_HANDLING instead (function getCvarInt)
Using /opt/hpcaas/.mounts/fs-0301404b74c8d22fd/home/yunyun/.cache/torch_extensions/py311_cu121 as PyTorch extensions root...
Loading extension module fused_adam...
Loading extension module fused_adam...
Loading extension module fused_adam...
Loading extension module fused_adam...
Loading extension module fused_adam...
Loading extension module fused_adam...
Loading extension module fused_adam...
Loading extension module fused_adam...
Time to load fused_adam op: 13.502116918563843 secondsTime to load fused_adam op: 13.51139783859253 secondsTime to load fused_adam op: 13.471336126327515 secondsTime to load fused_adam op: 13.50013017654419 secondsTime to load fused_adam op: 13.50290322303772 secondsTime to load fused_adam op: 13.505948305130005 seconds

Time to load fused_adam op: 13.508317232131958 secondsTime to load fused_adam op: 13.511426210403442 seconds





Parameter Offload: Total persistent parameters: 275517440 in 257 params
  0%|          | 0/171 [00:00<?, ?it/s]/data/home/yunyun/miniconda3/envs/newtorch2/lib/python3.11/site-packages/torch/utils/checkpoint.py:464: UserWarning: torch.utils.checkpoint: the use_reentrant parameter should be passed explicitly. In version 2.4 we will raise an exception if use_reentrant is not passed. use_reentrant=False is recommended, but if you need to preserve the current default behavior, you can pass use_reentrant=True. Refer to docs for more details on the differences between the two variants.
  warnings.warn(
/data/home/yunyun/miniconda3/envs/newtorch2/lib/python3.11/site-packages/torch/utils/checkpoint.py:464: UserWarning: torch.utils.checkpoint: the use_reentrant parameter should be passed explicitly. In version 2.4 we will raise an exception if use_reentrant is not passed. use_reentrant=False is recommended, but if you need to preserve the current default behavior, you can pass use_reentrant=True. Refer to docs for more details on the differences between the two variants.
  warnings.warn(
/data/home/yunyun/miniconda3/envs/newtorch2/lib/python3.11/site-packages/torch/utils/checkpoint.py:464: UserWarning: torch.utils.checkpoint: the use_reentrant parameter should be passed explicitly. In version 2.4 we will raise an exception if use_reentrant is not passed. use_reentrant=False is recommended, but if you need to preserve the current default behavior, you can pass use_reentrant=True. Refer to docs for more details on the differences between the two variants.
  warnings.warn(
/data/home/yunyun/miniconda3/envs/newtorch2/lib/python3.11/site-packages/torch/utils/checkpoint.py:464: UserWarning: torch.utils.checkpoint: the use_reentrant parameter should be passed explicitly. In version 2.4 we will raise an exception if use_reentrant is not passed. use_reentrant=False is recommended, but if you need to preserve the current default behavior, you can pass use_reentrant=True. Refer to docs for more details on the differences between the two variants.
  warnings.warn(
/data/home/yunyun/miniconda3/envs/newtorch2/lib/python3.11/site-packages/torch/utils/checkpoint.py:464: UserWarning: torch.utils.checkpoint: the use_reentrant parameter should be passed explicitly. In version 2.4 we will raise an exception if use_reentrant is not passed. use_reentrant=False is recommended, but if you need to preserve the current default behavior, you can pass use_reentrant=True. Refer to docs for more details on the differences between the two variants.
  warnings.warn(
/data/home/yunyun/miniconda3/envs/newtorch2/lib/python3.11/site-packages/torch/utils/checkpoint.py:464: UserWarning: torch.utils.checkpoint: the use_reentrant parameter should be passed explicitly. In version 2.4 we will raise an exception if use_reentrant is not passed. use_reentrant=False is recommended, but if you need to preserve the current default behavior, you can pass use_reentrant=True. Refer to docs for more details on the differences between the two variants.
  warnings.warn(
/data/home/yunyun/miniconda3/envs/newtorch2/lib/python3.11/site-packages/torch/utils/checkpoint.py:464: UserWarning: torch.utils.checkpoint: the use_reentrant parameter should be passed explicitly. In version 2.4 we will raise an exception if use_reentrant is not passed. use_reentrant=False is recommended, but if you need to preserve the current default behavior, you can pass use_reentrant=True. Refer to docs for more details on the differences between the two variants.
  warnings.warn(
/data/home/yunyun/miniconda3/envs/newtorch2/lib/python3.11/site-packages/torch/utils/checkpoint.py:464: UserWarning: torch.utils.checkpoint: the use_reentrant parameter should be passed explicitly. In version 2.4 we will raise an exception if use_reentrant is not passed. use_reentrant=False is recommended, but if you need to preserve the current default behavior, you can pass use_reentrant=True. Refer to docs for more details on the differences between the two variants.
  warnings.warn(
cr4-p548xlarge-8:3408750:3411523 [0] NCCL INFO NET/OFI Libfabric provider associates MRs with domains
cr4-p548xlarge-8:3408753:3411524 [3] NCCL INFO NET/OFI Libfabric provider associates MRs with domains
cr4-p548xlarge-8:3408751:3411526 [1] NCCL INFO NET/OFI Libfabric provider associates MRs with domains
cr4-p548xlarge-8:3408756:3411530 [6] NCCL INFO NET/OFI Libfabric provider associates MRs with domains
cr4-p548xlarge-8:3408755:3411525 [5] NCCL INFO NET/OFI Libfabric provider associates MRs with domains
cr4-p548xlarge-8:3408754:3411529 [4] NCCL INFO NET/OFI Libfabric provider associates MRs with domains
cr4-p548xlarge-8:3408757:3411528 [7] NCCL INFO NET/OFI Libfabric provider associates MRs with domains
cr4-p548xlarge-8:3408752:3411527 [2] NCCL INFO NET/OFI Libfabric provider associates MRs with domains
cr4-p548xlarge-8:3408750:3411523 [0] NCCL INFO Using non-device net plugin version 0
cr4-p548xlarge-8:3408753:3411524 [3] NCCL INFO Using non-device net plugin version 0
cr4-p548xlarge-8:3408751:3411526 [1] NCCL INFO Using non-device net plugin version 0
cr4-p548xlarge-8:3408755:3411525 [5] NCCL INFO Using non-device net plugin version 0
cr4-p548xlarge-8:3408756:3411530 [6] NCCL INFO Using non-device net plugin version 0
cr4-p548xlarge-8:3408754:3411529 [4] NCCL INFO Using non-device net plugin version 0
cr4-p548xlarge-8:3408752:3411527 [2] NCCL INFO Using non-device net plugin version 0
cr4-p548xlarge-8:3408757:3411528 [7] NCCL INFO Using non-device net plugin version 0
cr4-p548xlarge-8:3408750:3411523 [0] NCCL INFO Using network AWS Libfabric
cr4-p548xlarge-8:3408753:3411524 [3] NCCL INFO Using network AWS Libfabric
cr4-p548xlarge-8:3408751:3411526 [1] NCCL INFO Using network AWS Libfabric
cr4-p548xlarge-8:3408755:3411525 [5] NCCL INFO Using network AWS Libfabric
cr4-p548xlarge-8:3408754:3411529 [4] NCCL INFO Using network AWS Libfabric
cr4-p548xlarge-8:3408757:3411528 [7] NCCL INFO Using network AWS Libfabric
cr4-p548xlarge-8:3408752:3411527 [2] NCCL INFO Using network AWS Libfabric
cr4-p548xlarge-8:3408756:3411530 [6] NCCL INFO Using network AWS Libfabric
cr4-p548xlarge-8:3408755:3411525 [5] NCCL INFO bootstrapSplit: comm 0x7fd81526f590 parent 0x55892db92390 rank 5 nranks 8 color -934961569 key 5 prev 4 next 6 - DONE
cr4-p548xlarge-8:3408754:3411529 [4] NCCL INFO bootstrapSplit: comm 0x7fcf8524b0b0 parent 0x5566f5d68db0 rank 4 nranks 8 color -934961569 key 4 prev 3 next 5 - DONE
cr4-p548xlarge-8:3408753:3411524 [3] NCCL INFO bootstrapSplit: comm 0x7f4335245660 parent 0x559ac7e24860 rank 3 nranks 8 color -934961569 key 3 prev 2 next 4 - DONE
cr4-p548xlarge-8:3408752:3411527 [2] NCCL INFO bootstrapSplit: comm 0x7f53c923d470 parent 0x55b855d9a530 rank 2 nranks 8 color -934961569 key 2 prev 1 next 3 - DONE
cr4-p548xlarge-8:3408751:3411526 [1] NCCL INFO bootstrapSplit: comm 0x7f0b8d26dde0 parent 0x5575a07a53f0 rank 1 nranks 8 color -934961569 key 1 prev 0 next 2 - DONE
cr4-p548xlarge-8:3408750:3411523 [0] NCCL INFO bootstrapSplit: comm 0x7fb6dd274a80 parent 0x55a669422e00 rank 0 nranks 8 color -934961569 key 0 prev 7 next 1 - DONE
cr4-p548xlarge-8:3408755:3411525 [5] NCCL INFO ncclCommSplit comm 0x7fd81526f590 rank 5 nranks 8 cudaDev 5 nvmlDev 5 busId a8000 parent 0x55892db92390 color -934961569 key 5 commId 0x6c357617b55319b4 - Init START
cr4-p548xlarge-8:3408757:3411528 [7] NCCL INFO bootstrapSplit: comm 0x7f30712735c0 parent 0x561bc3e10700 rank 7 nranks 8 color -934961569 key 7 prev 6 next 0 - DONE
cr4-p548xlarge-8:3408756:3411530 [6] NCCL INFO bootstrapSplit: comm 0x7fb01d24b9f0 parent 0x55ac0c859370 rank 6 nranks 8 color -934961569 key 6 prev 5 next 7 - DONE
cr4-p548xlarge-8:3408754:3411529 [4] NCCL INFO ncclCommSplit comm 0x7fcf8524b0b0 rank 4 nranks 8 cudaDev 4 nvmlDev 4 busId 97000 parent 0x5566f5d68db0 color -934961569 key 4 commId 0x6c357617b55319b4 - Init START
cr4-p548xlarge-8:3408753:3411524 [3] NCCL INFO ncclCommSplit comm 0x7f4335245660 rank 3 nranks 8 cudaDev 3 nvmlDev 3 busId 86000 parent 0x559ac7e24860 color -934961569 key 3 commId 0x6c357617b55319b4 - Init START
cr4-p548xlarge-8:3408752:3411527 [2] NCCL INFO ncclCommSplit comm 0x7f53c923d470 rank 2 nranks 8 cudaDev 2 nvmlDev 2 busId 75000 parent 0x55b855d9a530 color -934961569 key 2 commId 0x6c357617b55319b4 - Init START
cr4-p548xlarge-8:3408751:3411526 [1] NCCL INFO ncclCommSplit comm 0x7f0b8d26dde0 rank 1 nranks 8 cudaDev 1 nvmlDev 1 busId 64000 parent 0x5575a07a53f0 color -934961569 key 1 commId 0x6c357617b55319b4 - Init START
cr4-p548xlarge-8:3408750:3411523 [0] NCCL INFO ncclCommSplit comm 0x7fb6dd274a80 rank 0 nranks 8 cudaDev 0 nvmlDev 0 busId 53000 parent 0x55a669422e00 color -934961569 key 0 commId 0x6c357617b55319b4 - Init START
cr4-p548xlarge-8:3408757:3411528 [7] NCCL INFO ncclCommSplit comm 0x7f30712735c0 rank 7 nranks 8 cudaDev 7 nvmlDev 7 busId ca000 parent 0x561bc3e10700 color -934961569 key 7 commId 0x6c357617b55319b4 - Init START
cr4-p548xlarge-8:3408756:3411530 [6] NCCL INFO ncclCommSplit comm 0x7fb01d24b9f0 rank 6 nranks 8 cudaDev 6 nvmlDev 6 busId b9000 parent 0x55ac0c859370 color -934961569 key 6 commId 0x6c357617b55319b4 - Init START
cr4-p548xlarge-8:3408755:3411525 [5] NCCL INFO NCCL_TOPO_FILE set by environment to /usr/local/cuda-12.1/efa/share/aws-ofi-nccl/xml/p4d-24xl-topo.xml
cr4-p548xlarge-8:3408754:3411529 [4] NCCL INFO NCCL_TOPO_FILE set by environment to /usr/local/cuda-12.1/efa/share/aws-ofi-nccl/xml/p4d-24xl-topo.xml
cr4-p548xlarge-8:3408756:3411530 [6] NCCL INFO NCCL_TOPO_FILE set by environment to /usr/local/cuda-12.1/efa/share/aws-ofi-nccl/xml/p4d-24xl-topo.xml
cr4-p548xlarge-8:3408751:3411526 [1] NCCL INFO NCCL_TOPO_FILE set by environment to /usr/local/cuda-12.1/efa/share/aws-ofi-nccl/xml/p4d-24xl-topo.xml
cr4-p548xlarge-8:3408753:3411524 [3] NCCL INFO NCCL_TOPO_FILE set by environment to /usr/local/cuda-12.1/efa/share/aws-ofi-nccl/xml/p4d-24xl-topo.xml
cr4-p548xlarge-8:3408750:3411523 [0] NCCL INFO NCCL_TOPO_FILE set by environment to /usr/local/cuda-12.1/efa/share/aws-ofi-nccl/xml/p4d-24xl-topo.xml
cr4-p548xlarge-8:3408752:3411527 [2] NCCL INFO NCCL_TOPO_FILE set by environment to /usr/local/cuda-12.1/efa/share/aws-ofi-nccl/xml/p4d-24xl-topo.xml
cr4-p548xlarge-8:3408757:3411528 [7] NCCL INFO NCCL_TOPO_FILE set by environment to /usr/local/cuda-12.1/efa/share/aws-ofi-nccl/xml/p4d-24xl-topo.xml

cr4-p548xlarge-8:3408755:3411525 [5] graph/xml.cc:392 NCCL WARN Could not open XML topology file /usr/local/cuda-12.1/efa/share/aws-ofi-nccl/xml/p4d-24xl-topo.xml : No such file or directory

cr4-p548xlarge-8:3408754:3411529 [4] graph/xml.cc:392 NCCL WARN Could not open XML topology file /usr/local/cuda-12.1/efa/share/aws-ofi-nccl/xml/p4d-24xl-topo.xml : No such file or directory

cr4-p548xlarge-8:3408756:3411530 [6] graph/xml.cc:392 NCCL WARN Could not open XML topology file /usr/local/cuda-12.1/efa/share/aws-ofi-nccl/xml/p4d-24xl-topo.xml : No such file or directory

cr4-p548xlarge-8:3408751:3411526 [1] graph/xml.cc:392 NCCL WARN Could not open XML topology file /usr/local/cuda-12.1/efa/share/aws-ofi-nccl/xml/p4d-24xl-topo.xml : No such file or directory

cr4-p548xlarge-8:3408753:3411524 [3] graph/xml.cc:392 NCCL WARN Could not open XML topology file /usr/local/cuda-12.1/efa/share/aws-ofi-nccl/xml/p4d-24xl-topo.xml : No such file or directory

cr4-p548xlarge-8:3408750:3411523 [0] graph/xml.cc:392 NCCL WARN Could not open XML topology file /usr/local/cuda-12.1/efa/share/aws-ofi-nccl/xml/p4d-24xl-topo.xml : No such file or directory

cr4-p548xlarge-8:3408752:3411527 [2] graph/xml.cc:392 NCCL WARN Could not open XML topology file /usr/local/cuda-12.1/efa/share/aws-ofi-nccl/xml/p4d-24xl-topo.xml : No such file or directory

