cr1-p548xlarge-25:1945112:1945948 [6] NCCL INFO Channel 01/0 : 6[6] -> 5[5] via P2P/CUMEM
cr1-p548xlarge-25:1945112:1945948 [6] NCCL INFO Channel 02/0 : 6[6] -> 5[5] via P2P/CUMEM
cr1-p548xlarge-25:1945112:1945948 [6] NCCL INFO Channel 03/0 : 6[6] -> 5[5] via P2P/CUMEM
cr1-p548xlarge-25:1945112:1945948 [6] NCCL INFO Channel 04/0 : 6[6] -> 5[5] via P2P/CUMEM
cr1-p548xlarge-25:1945112:1945948 [6] NCCL INFO Channel 05/0 : 6[6] -> 5[5] via P2P/CUMEM
cr1-p548xlarge-25:1945112:1945948 [6] NCCL INFO Channel 06/0 : 6[6] -> 5[5] via P2P/CUMEM
cr1-p548xlarge-25:1945112:1945948 [6] NCCL INFO Channel 07/0 : 6[6] -> 5[5] via P2P/CUMEM
cr1-p548xlarge-25:1945112:1945948 [6] NCCL INFO Channel 08/0 : 6[6] -> 5[5] via P2P/CUMEM
cr1-p548xlarge-25:1945112:1945948 [6] NCCL INFO Channel 09/0 : 6[6] -> 5[5] via P2P/CUMEM
cr1-p548xlarge-25:1945112:1945948 [6] NCCL INFO Channel 10/0 : 6[6] -> 5[5] via P2P/CUMEM
cr1-p548xlarge-25:1945112:1945948 [6] NCCL INFO Channel 11/0 : 6[6] -> 5[5] via P2P/CUMEM
cr1-p548xlarge-25:1945112:1945948 [6] NCCL INFO Channel 12/0 : 6[6] -> 5[5] via P2P/CUMEM
cr1-p548xlarge-25:1945112:1945948 [6] NCCL INFO Channel 13/0 : 6[6] -> 5[5] via P2P/CUMEM
cr1-p548xlarge-25:1945112:1945948 [6] NCCL INFO Channel 14/0 : 6[6] -> 5[5] via P2P/CUMEM
cr1-p548xlarge-25:1945112:1945948 [6] NCCL INFO Channel 15/0 : 6[6] -> 5[5] via P2P/CUMEM
cr1-p548xlarge-25:1945112:1945948 [6] NCCL INFO Channel 16/0 : 6[6] -> 5[5] via P2P/CUMEM
cr1-p548xlarge-25:1945112:1945948 [6] NCCL INFO Channel 17/0 : 6[6] -> 5[5] via P2P/CUMEM
cr1-p548xlarge-25:1945112:1945948 [6] NCCL INFO Channel 18/0 : 6[6] -> 5[5] via P2P/CUMEM
cr1-p548xlarge-25:1945112:1945948 [6] NCCL INFO Channel 19/0 : 6[6] -> 5[5] via P2P/CUMEM
cr1-p548xlarge-25:1945112:1945948 [6] NCCL INFO Channel 20/0 : 6[6] -> 5[5] via P2P/CUMEM
cr1-p548xlarge-25:1945112:1945948 [6] NCCL INFO Channel 21/0 : 6[6] -> 5[5] via P2P/CUMEM
cr1-p548xlarge-25:1945112:1945948 [6] NCCL INFO Channel 22/0 : 6[6] -> 5[5] via P2P/CUMEM
cr1-p548xlarge-25:1945112:1945948 [6] NCCL INFO Channel 23/0 : 6[6] -> 5[5] via P2P/CUMEM
cr1-p548xlarge-25:1945108:1945944 [2] NCCL INFO Channel 00/0 : 2[2] -> 3[3] via P2P/CUMEM
cr1-p548xlarge-25:1945108:1945944 [2] NCCL INFO Channel 01/0 : 2[2] -> 3[3] via P2P/CUMEM
cr1-p548xlarge-25:1945108:1945944 [2] NCCL INFO Channel 02/0 : 2[2] -> 3[3] via P2P/CUMEM
cr1-p548xlarge-25:1945108:1945944 [2] NCCL INFO Channel 03/0 : 2[2] -> 3[3] via P2P/CUMEM
cr1-p548xlarge-25:1945107:1945949 [1] NCCL INFO Channel 00/0 : 1[1] -> 2[2] via P2P/CUMEM
cr1-p548xlarge-25:1945108:1945944 [2] NCCL INFO Channel 04/0 : 2[2] -> 3[3] via P2P/CUMEM
cr1-p548xlarge-25:1945108:1945944 [2] NCCL INFO Channel 05/0 : 2[2] -> 3[3] via P2P/CUMEM
cr1-p548xlarge-25:1945108:1945944 [2] NCCL INFO Channel 06/0 : 2[2] -> 3[3] via P2P/CUMEM
cr1-p548xlarge-25:1945108:1945944 [2] NCCL INFO Channel 07/0 : 2[2] -> 3[3] via P2P/CUMEM
cr1-p548xlarge-25:1945108:1945944 [2] NCCL INFO Channel 08/0 : 2[2] -> 3[3] via P2P/CUMEM
cr1-p548xlarge-25:1945108:1945944 [2] NCCL INFO Channel 09/0 : 2[2] -> 3[3] via P2P/CUMEM
cr1-p548xlarge-25:1945108:1945944 [2] NCCL INFO Channel 10/0 : 2[2] -> 3[3] via P2P/CUMEM
cr1-p548xlarge-25:1945108:1945944 [2] NCCL INFO Channel 11/0 : 2[2] -> 3[3] via P2P/CUMEM
cr1-p548xlarge-25:1945108:1945944 [2] NCCL INFO Channel 12/0 : 2[2] -> 3[3] via P2P/CUMEM
cr1-p548xlarge-25:1945108:1945944 [2] NCCL INFO Channel 13/0 : 2[2] -> 3[3] via P2P/CUMEM
cr1-p548xlarge-25:1945108:1945944 [2] NCCL INFO Channel 14/0 : 2[2] -> 3[3] via P2P/CUMEM
cr1-p548xlarge-25:1945108:1945944 [2] NCCL INFO Channel 15/0 : 2[2] -> 3[3] via P2P/CUMEM
cr1-p548xlarge-25:1945108:1945944 [2] NCCL INFO Channel 16/0 : 2[2] -> 3[3] via P2P/CUMEM
cr1-p548xlarge-25:1945108:1945944 [2] NCCL INFO Channel 17/0 : 2[2] -> 3[3] via P2P/CUMEM
cr1-p548xlarge-25:1945108:1945944 [2] NCCL INFO Channel 18/0 : 2[2] -> 3[3] via P2P/CUMEM
cr1-p548xlarge-25:1945108:1945944 [2] NCCL INFO Channel 19/0 : 2[2] -> 3[3] via P2P/CUMEM
cr1-p548xlarge-25:1945108:1945944 [2] NCCL INFO Channel 20/0 : 2[2] -> 3[3] via P2P/CUMEM
cr1-p548xlarge-25:1945108:1945944 [2] NCCL INFO Channel 21/0 : 2[2] -> 3[3] via P2P/CUMEM
cr1-p548xlarge-25:1945108:1945944 [2] NCCL INFO Channel 22/0 : 2[2] -> 3[3] via P2P/CUMEM
cr1-p548xlarge-25:1945108:1945944 [2] NCCL INFO Channel 23/0 : 2[2] -> 3[3] via P2P/CUMEM
cr1-p548xlarge-25:1945107:1945949 [1] NCCL INFO Channel 01/0 : 1[1] -> 2[2] via P2P/CUMEM
cr1-p548xlarge-25:1945107:1945949 [1] NCCL INFO Channel 02/0 : 1[1] -> 2[2] via P2P/CUMEM
cr1-p548xlarge-25:1945107:1945949 [1] NCCL INFO Channel 03/0 : 1[1] -> 2[2] via P2P/CUMEM
cr1-p548xlarge-25:1945107:1945949 [1] NCCL INFO Channel 04/0 : 1[1] -> 2[2] via P2P/CUMEM
cr1-p548xlarge-25:1945107:1945949 [1] NCCL INFO Channel 05/0 : 1[1] -> 2[2] via P2P/CUMEM
cr1-p548xlarge-25:1945107:1945949 [1] NCCL INFO Channel 06/0 : 1[1] -> 2[2] via P2P/CUMEM
cr1-p548xlarge-25:1945107:1945949 [1] NCCL INFO Channel 07/0 : 1[1] -> 2[2] via P2P/CUMEM
cr1-p548xlarge-25:1945107:1945949 [1] NCCL INFO Channel 08/0 : 1[1] -> 2[2] via P2P/CUMEM
cr1-p548xlarge-25:1945107:1945949 [1] NCCL INFO Channel 09/0 : 1[1] -> 2[2] via P2P/CUMEM
cr1-p548xlarge-25:1945107:1945949 [1] NCCL INFO Channel 10/0 : 1[1] -> 2[2] via P2P/CUMEM
cr1-p548xlarge-25:1945107:1945949 [1] NCCL INFO Channel 11/0 : 1[1] -> 2[2] via P2P/CUMEM
cr1-p548xlarge-25:1945107:1945949 [1] NCCL INFO Channel 12/0 : 1[1] -> 2[2] via P2P/CUMEM
cr1-p548xlarge-25:1945107:1945949 [1] NCCL INFO Channel 13/0 : 1[1] -> 2[2] via P2P/CUMEM
cr1-p548xlarge-25:1945107:1945949 [1] NCCL INFO Channel 14/0 : 1[1] -> 2[2] via P2P/CUMEM
cr1-p548xlarge-25:1945107:1945949 [1] NCCL INFO Channel 15/0 : 1[1] -> 2[2] via P2P/CUMEM
cr1-p548xlarge-25:1945107:1945949 [1] NCCL INFO Channel 16/0 : 1[1] -> 2[2] via P2P/CUMEM
cr1-p548xlarge-25:1945107:1945949 [1] NCCL INFO Channel 17/0 : 1[1] -> 2[2] via P2P/CUMEM
cr1-p548xlarge-25:1945107:1945949 [1] NCCL INFO Channel 18/0 : 1[1] -> 2[2] via P2P/CUMEM
cr1-p548xlarge-25:1945107:1945949 [1] NCCL INFO Channel 19/0 : 1[1] -> 2[2] via P2P/CUMEM
cr1-p548xlarge-25:1945107:1945949 [1] NCCL INFO Channel 20/0 : 1[1] -> 2[2] via P2P/CUMEM
cr1-p548xlarge-25:1945107:1945949 [1] NCCL INFO Channel 21/0 : 1[1] -> 2[2] via P2P/CUMEM
cr1-p548xlarge-25:1945109:1945946 [3] NCCL INFO Channel 00/0 : 3[3] -> 4[4] via P2P/CUMEM
cr1-p548xlarge-25:1945109:1945946 [3] NCCL INFO Channel 01/0 : 3[3] -> 4[4] via P2P/CUMEM
cr1-p548xlarge-25:1945109:1945946 [3] NCCL INFO Channel 02/0 : 3[3] -> 4[4] via P2P/CUMEM
cr1-p548xlarge-25:1945109:1945946 [3] NCCL INFO Channel 03/0 : 3[3] -> 4[4] via P2P/CUMEM
cr1-p548xlarge-25:1945109:1945946 [3] NCCL INFO Channel 04/0 : 3[3] -> 4[4] via P2P/CUMEM
cr1-p548xlarge-25:1945109:1945946 [3] NCCL INFO Channel 05/0 : 3[3] -> 4[4] via P2P/CUMEM
cr1-p548xlarge-25:1945109:1945946 [3] NCCL INFO Channel 06/0 : 3[3] -> 4[4] via P2P/CUMEM
cr1-p548xlarge-25:1945109:1945946 [3] NCCL INFO Channel 07/0 : 3[3] -> 4[4] via P2P/CUMEM
cr1-p548xlarge-25:1945109:1945946 [3] NCCL INFO Channel 08/0 : 3[3] -> 4[4] via P2P/CUMEM
cr1-p548xlarge-25:1945109:1945946 [3] NCCL INFO Channel 09/0 : 3[3] -> 4[4] via P2P/CUMEM
cr1-p548xlarge-25:1945109:1945946 [3] NCCL INFO Channel 10/0 : 3[3] -> 4[4] via P2P/CUMEM
cr1-p548xlarge-25:1945109:1945946 [3] NCCL INFO Channel 11/0 : 3[3] -> 4[4] via P2P/CUMEM
cr1-p548xlarge-25:1945109:1945946 [3] NCCL INFO Channel 12/0 : 3[3] -> 4[4] via P2P/CUMEM
cr1-p548xlarge-25:1945107:1945949 [1] NCCL INFO Channel 22/0 : 1[1] -> 2[2] via P2P/CUMEM
cr1-p548xlarge-25:1945107:1945949 [1] NCCL INFO Channel 23/0 : 1[1] -> 2[2] via P2P/CUMEM
cr1-p548xlarge-25:1945109:1945946 [3] NCCL INFO Channel 13/0 : 3[3] -> 4[4] via P2P/CUMEM
cr1-p548xlarge-25:1945109:1945946 [3] NCCL INFO Channel 14/0 : 3[3] -> 4[4] via P2P/CUMEM
cr1-p548xlarge-25:1945109:1945946 [3] NCCL INFO Channel 15/0 : 3[3] -> 4[4] via P2P/CUMEM
cr1-p548xlarge-25:1945109:1945946 [3] NCCL INFO Channel 16/0 : 3[3] -> 4[4] via P2P/CUMEM
cr1-p548xlarge-25:1945109:1945946 [3] NCCL INFO Channel 17/0 : 3[3] -> 4[4] via P2P/CUMEM
cr1-p548xlarge-25:1945109:1945946 [3] NCCL INFO Channel 18/0 : 3[3] -> 4[4] via P2P/CUMEM
cr1-p548xlarge-25:1945109:1945946 [3] NCCL INFO Channel 19/0 : 3[3] -> 4[4] via P2P/CUMEM
cr1-p548xlarge-25:1945109:1945946 [3] NCCL INFO Channel 20/0 : 3[3] -> 4[4] via P2P/CUMEM
cr1-p548xlarge-25:1945109:1945946 [3] NCCL INFO Channel 21/0 : 3[3] -> 4[4] via P2P/CUMEM
cr1-p548xlarge-25:1945109:1945946 [3] NCCL INFO Channel 22/0 : 3[3] -> 4[4] via P2P/CUMEM
cr1-p548xlarge-25:1945109:1945946 [3] NCCL INFO Channel 23/0 : 3[3] -> 4[4] via P2P/CUMEM
cr1-p548xlarge-25:1945106:1945943 [0] NCCL INFO Connected all rings
cr1-p548xlarge-25:1945113:1945945 [7] NCCL INFO Connected all rings
cr1-p548xlarge-25:1945113:1945945 [7] NCCL INFO Channel 00/0 : 7[7] -> 6[6] via P2P/CUMEM
cr1-p548xlarge-25:1945113:1945945 [7] NCCL INFO Channel 01/0 : 7[7] -> 6[6] via P2P/CUMEM
cr1-p548xlarge-25:1945113:1945945 [7] NCCL INFO Channel 02/0 : 7[7] -> 6[6] via P2P/CUMEM
cr1-p548xlarge-25:1945113:1945945 [7] NCCL INFO Channel 03/0 : 7[7] -> 6[6] via P2P/CUMEM
cr1-p548xlarge-25:1945113:1945945 [7] NCCL INFO Channel 04/0 : 7[7] -> 6[6] via P2P/CUMEM
cr1-p548xlarge-25:1945113:1945945 [7] NCCL INFO Channel 05/0 : 7[7] -> 6[6] via P2P/CUMEM
cr1-p548xlarge-25:1945113:1945945 [7] NCCL INFO Channel 06/0 : 7[7] -> 6[6] via P2P/CUMEM
cr1-p548xlarge-25:1945113:1945945 [7] NCCL INFO Channel 07/0 : 7[7] -> 6[6] via P2P/CUMEM
cr1-p548xlarge-25:1945113:1945945 [7] NCCL INFO Channel 08/0 : 7[7] -> 6[6] via P2P/CUMEM
cr1-p548xlarge-25:1945113:1945945 [7] NCCL INFO Channel 09/0 : 7[7] -> 6[6] via P2P/CUMEM
cr1-p548xlarge-25:1945113:1945945 [7] NCCL INFO Channel 10/0 : 7[7] -> 6[6] via P2P/CUMEM
cr1-p548xlarge-25:1945113:1945945 [7] NCCL INFO Channel 11/0 : 7[7] -> 6[6] via P2P/CUMEM
cr1-p548xlarge-25:1945113:1945945 [7] NCCL INFO Channel 12/0 : 7[7] -> 6[6] via P2P/CUMEM
cr1-p548xlarge-25:1945113:1945945 [7] NCCL INFO Channel 13/0 : 7[7] -> 6[6] via P2P/CUMEM
cr1-p548xlarge-25:1945113:1945945 [7] NCCL INFO Channel 14/0 : 7[7] -> 6[6] via P2P/CUMEM
cr1-p548xlarge-25:1945113:1945945 [7] NCCL INFO Channel 15/0 : 7[7] -> 6[6] via P2P/CUMEM
cr1-p548xlarge-25:1945113:1945945 [7] NCCL INFO Channel 16/0 : 7[7] -> 6[6] via P2P/CUMEM
cr1-p548xlarge-25:1945113:1945945 [7] NCCL INFO Channel 17/0 : 7[7] -> 6[6] via P2P/CUMEM
cr1-p548xlarge-25:1945113:1945945 [7] NCCL INFO Channel 18/0 : 7[7] -> 6[6] via P2P/CUMEM
cr1-p548xlarge-25:1945113:1945945 [7] NCCL INFO Channel 19/0 : 7[7] -> 6[6] via P2P/CUMEM
cr1-p548xlarge-25:1945113:1945945 [7] NCCL INFO Channel 20/0 : 7[7] -> 6[6] via P2P/CUMEM
cr1-p548xlarge-25:1945113:1945945 [7] NCCL INFO Channel 21/0 : 7[7] -> 6[6] via P2P/CUMEM
cr1-p548xlarge-25:1945113:1945945 [7] NCCL INFO Channel 22/0 : 7[7] -> 6[6] via P2P/CUMEM
cr1-p548xlarge-25:1945113:1945945 [7] NCCL INFO Channel 23/0 : 7[7] -> 6[6] via P2P/CUMEM
cr1-p548xlarge-25:1945111:1945950 [5] NCCL INFO Connected all rings
cr1-p548xlarge-25:1945111:1945950 [5] NCCL INFO Channel 00/0 : 5[5] -> 4[4] via P2P/CUMEM
cr1-p548xlarge-25:1945111:1945950 [5] NCCL INFO Channel 01/0 : 5[5] -> 4[4] via P2P/CUMEM
cr1-p548xlarge-25:1945111:1945950 [5] NCCL INFO Channel 02/0 : 5[5] -> 4[4] via P2P/CUMEM
cr1-p548xlarge-25:1945111:1945950 [5] NCCL INFO Channel 03/0 : 5[5] -> 4[4] via P2P/CUMEM
cr1-p548xlarge-25:1945111:1945950 [5] NCCL INFO Channel 04/0 : 5[5] -> 4[4] via P2P/CUMEM
cr1-p548xlarge-25:1945111:1945950 [5] NCCL INFO Channel 05/0 : 5[5] -> 4[4] via P2P/CUMEM
cr1-p548xlarge-25:1945111:1945950 [5] NCCL INFO Channel 06/0 : 5[5] -> 4[4] via P2P/CUMEM
cr1-p548xlarge-25:1945111:1945950 [5] NCCL INFO Channel 07/0 : 5[5] -> 4[4] via P2P/CUMEM
cr1-p548xlarge-25:1945111:1945950 [5] NCCL INFO Channel 08/0 : 5[5] -> 4[4] via P2P/CUMEM
cr1-p548xlarge-25:1945111:1945950 [5] NCCL INFO Channel 09/0 : 5[5] -> 4[4] via P2P/CUMEM
cr1-p548xlarge-25:1945111:1945950 [5] NCCL INFO Channel 10/0 : 5[5] -> 4[4] via P2P/CUMEM
cr1-p548xlarge-25:1945111:1945950 [5] NCCL INFO Channel 11/0 : 5[5] -> 4[4] via P2P/CUMEM
cr1-p548xlarge-25:1945111:1945950 [5] NCCL INFO Channel 12/0 : 5[5] -> 4[4] via P2P/CUMEM
cr1-p548xlarge-25:1945111:1945950 [5] NCCL INFO Channel 13/0 : 5[5] -> 4[4] via P2P/CUMEM
cr1-p548xlarge-25:1945111:1945950 [5] NCCL INFO Channel 14/0 : 5[5] -> 4[4] via P2P/CUMEM
cr1-p548xlarge-25:1945111:1945950 [5] NCCL INFO Channel 15/0 : 5[5] -> 4[4] via P2P/CUMEM
cr1-p548xlarge-25:1945111:1945950 [5] NCCL INFO Channel 16/0 : 5[5] -> 4[4] via P2P/CUMEM
cr1-p548xlarge-25:1945111:1945950 [5] NCCL INFO Channel 17/0 : 5[5] -> 4[4] via P2P/CUMEM
cr1-p548xlarge-25:1945111:1945950 [5] NCCL INFO Channel 18/0 : 5[5] -> 4[4] via P2P/CUMEM
cr1-p548xlarge-25:1945111:1945950 [5] NCCL INFO Channel 19/0 : 5[5] -> 4[4] via P2P/CUMEM
cr1-p548xlarge-25:1945111:1945950 [5] NCCL INFO Channel 20/0 : 5[5] -> 4[4] via P2P/CUMEM
cr1-p548xlarge-25:1945111:1945950 [5] NCCL INFO Channel 21/0 : 5[5] -> 4[4] via P2P/CUMEM
cr1-p548xlarge-25:1945111:1945950 [5] NCCL INFO Channel 22/0 : 5[5] -> 4[4] via P2P/CUMEM
cr1-p548xlarge-25:1945111:1945950 [5] NCCL INFO Channel 23/0 : 5[5] -> 4[4] via P2P/CUMEM
cr1-p548xlarge-25:1945110:1945947 [4] NCCL INFO Connected all rings
cr1-p548xlarge-25:1945110:1945947 [4] NCCL INFO Channel 00/0 : 4[4] -> 3[3] via P2P/CUMEM
cr1-p548xlarge-25:1945110:1945947 [4] NCCL INFO Channel 01/0 : 4[4] -> 3[3] via P2P/CUMEM
cr1-p548xlarge-25:1945110:1945947 [4] NCCL INFO Channel 02/0 : 4[4] -> 3[3] via P2P/CUMEM
cr1-p548xlarge-25:1945110:1945947 [4] NCCL INFO Channel 03/0 : 4[4] -> 3[3] via P2P/CUMEM
cr1-p548xlarge-25:1945110:1945947 [4] NCCL INFO Channel 04/0 : 4[4] -> 3[3] via P2P/CUMEM
cr1-p548xlarge-25:1945110:1945947 [4] NCCL INFO Channel 05/0 : 4[4] -> 3[3] via P2P/CUMEM
cr1-p548xlarge-25:1945110:1945947 [4] NCCL INFO Channel 06/0 : 4[4] -> 3[3] via P2P/CUMEM
cr1-p548xlarge-25:1945110:1945947 [4] NCCL INFO Channel 07/0 : 4[4] -> 3[3] via P2P/CUMEM
cr1-p548xlarge-25:1945110:1945947 [4] NCCL INFO Channel 08/0 : 4[4] -> 3[3] via P2P/CUMEM
cr1-p548xlarge-25:1945110:1945947 [4] NCCL INFO Channel 09/0 : 4[4] -> 3[3] via P2P/CUMEM
cr1-p548xlarge-25:1945110:1945947 [4] NCCL INFO Channel 10/0 : 4[4] -> 3[3] via P2P/CUMEM
cr1-p548xlarge-25:1945110:1945947 [4] NCCL INFO Channel 11/0 : 4[4] -> 3[3] via P2P/CUMEM
cr1-p548xlarge-25:1945110:1945947 [4] NCCL INFO Channel 12/0 : 4[4] -> 3[3] via P2P/CUMEM
cr1-p548xlarge-25:1945110:1945947 [4] NCCL INFO Channel 13/0 : 4[4] -> 3[3] via P2P/CUMEM
cr1-p548xlarge-25:1945110:1945947 [4] NCCL INFO Channel 14/0 : 4[4] -> 3[3] via P2P/CUMEM
cr1-p548xlarge-25:1945110:1945947 [4] NCCL INFO Channel 15/0 : 4[4] -> 3[3] via P2P/CUMEM
cr1-p548xlarge-25:1945110:1945947 [4] NCCL INFO Channel 16/0 : 4[4] -> 3[3] via P2P/CUMEM
cr1-p548xlarge-25:1945110:1945947 [4] NCCL INFO Channel 17/0 : 4[4] -> 3[3] via P2P/CUMEM
cr1-p548xlarge-25:1945110:1945947 [4] NCCL INFO Channel 18/0 : 4[4] -> 3[3] via P2P/CUMEM
cr1-p548xlarge-25:1945110:1945947 [4] NCCL INFO Channel 19/0 : 4[4] -> 3[3] via P2P/CUMEM
cr1-p548xlarge-25:1945110:1945947 [4] NCCL INFO Channel 20/0 : 4[4] -> 3[3] via P2P/CUMEM
cr1-p548xlarge-25:1945110:1945947 [4] NCCL INFO Channel 21/0 : 4[4] -> 3[3] via P2P/CUMEM
cr1-p548xlarge-25:1945110:1945947 [4] NCCL INFO Channel 22/0 : 4[4] -> 3[3] via P2P/CUMEM
cr1-p548xlarge-25:1945110:1945947 [4] NCCL INFO Channel 23/0 : 4[4] -> 3[3] via P2P/CUMEM
cr1-p548xlarge-25:1945113:1945945 [7] NCCL INFO Connected all trees
cr1-p548xlarge-25:1945113:1945945 [7] NCCL INFO NCCL_NVLS_CHUNKSIZE set by environment to 524288.
cr1-p548xlarge-25:1945113:1945945 [7] NCCL INFO NVLS comm 0x55832488f520 headRank 7 nHeads 8 buffSize 4194304 memSize 2097152 nvlsPerRankSize 301989888 nvlsTotalSize 2415919104
cr1-p548xlarge-25:1945108:1945944 [2] NCCL INFO Connected all rings
cr1-p548xlarge-25:1945107:1945949 [1] NCCL INFO Connected all rings
cr1-p548xlarge-25:1945109:1945946 [3] NCCL INFO Connected all rings
cr1-p548xlarge-25:1945112:1945948 [6] NCCL INFO Connected all trees
cr1-p548xlarge-25:1945112:1945948 [6] NCCL INFO NCCL_NVLS_CHUNKSIZE set by environment to 524288.
cr1-p548xlarge-25:1945112:1945948 [6] NCCL INFO NVLS comm 0x55a3df668e30 headRank 6 nHeads 8 buffSize 4194304 memSize 2097152 nvlsPerRankSize 301989888 nvlsTotalSize 2415919104
cr1-p548xlarge-25:1945107:1945949 [1] NCCL INFO Channel 00/0 : 1[1] -> 0[0] via P2P/CUMEM
cr1-p548xlarge-25:1945107:1945949 [1] NCCL INFO Channel 01/0 : 1[1] -> 0[0] via P2P/CUMEM
cr1-p548xlarge-25:1945108:1945944 [2] NCCL INFO Channel 00/0 : 2[2] -> 1[1] via P2P/CUMEM
cr1-p548xlarge-25:1945107:1945949 [1] NCCL INFO Channel 02/0 : 1[1] -> 0[0] via P2P/CUMEM
cr1-p548xlarge-25:1945108:1945944 [2] NCCL INFO Channel 01/0 : 2[2] -> 1[1] via P2P/CUMEM
cr1-p548xlarge-25:1945107:1945949 [1] NCCL INFO Channel 03/0 : 1[1] -> 0[0] via P2P/CUMEM
cr1-p548xlarge-25:1945109:1945946 [3] NCCL INFO Channel 00/0 : 3[3] -> 2[2] via P2P/CUMEM
cr1-p548xlarge-25:1945108:1945944 [2] NCCL INFO Channel 02/0 : 2[2] -> 1[1] via P2P/CUMEM
cr1-p548xlarge-25:1945107:1945949 [1] NCCL INFO Channel 04/0 : 1[1] -> 0[0] via P2P/CUMEM
cr1-p548xlarge-25:1945109:1945946 [3] NCCL INFO Channel 01/0 : 3[3] -> 2[2] via P2P/CUMEM
cr1-p548xlarge-25:1945108:1945944 [2] NCCL INFO Channel 03/0 : 2[2] -> 1[1] via P2P/CUMEM
cr1-p548xlarge-25:1945107:1945949 [1] NCCL INFO Channel 05/0 : 1[1] -> 0[0] via P2P/CUMEM
cr1-p548xlarge-25:1945107:1945949 [1] NCCL INFO Channel 06/0 : 1[1] -> 0[0] via P2P/CUMEM
cr1-p548xlarge-25:1945109:1945946 [3] NCCL INFO Channel 02/0 : 3[3] -> 2[2] via P2P/CUMEM
cr1-p548xlarge-25:1945108:1945944 [2] NCCL INFO Channel 04/0 : 2[2] -> 1[1] via P2P/CUMEM
cr1-p548xlarge-25:1945107:1945949 [1] NCCL INFO Channel 07/0 : 1[1] -> 0[0] via P2P/CUMEM
cr1-p548xlarge-25:1945109:1945946 [3] NCCL INFO Channel 03/0 : 3[3] -> 2[2] via P2P/CUMEM
cr1-p548xlarge-25:1945107:1945949 [1] NCCL INFO Channel 08/0 : 1[1] -> 0[0] via P2P/CUMEM
cr1-p548xlarge-25:1945108:1945944 [2] NCCL INFO Channel 05/0 : 2[2] -> 1[1] via P2P/CUMEM
cr1-p548xlarge-25:1945107:1945949 [1] NCCL INFO Channel 09/0 : 1[1] -> 0[0] via P2P/CUMEM
cr1-p548xlarge-25:1945109:1945946 [3] NCCL INFO Channel 04/0 : 3[3] -> 2[2] via P2P/CUMEM
cr1-p548xlarge-25:1945108:1945944 [2] NCCL INFO Channel 06/0 : 2[2] -> 1[1] via P2P/CUMEM
cr1-p548xlarge-25:1945107:1945949 [1] NCCL INFO Channel 10/0 : 1[1] -> 0[0] via P2P/CUMEM
cr1-p548xlarge-25:1945108:1945944 [2] NCCL INFO Channel 07/0 : 2[2] -> 1[1] via P2P/CUMEM
cr1-p548xlarge-25:1945109:1945946 [3] NCCL INFO Channel 05/0 : 3[3] -> 2[2] via P2P/CUMEM
cr1-p548xlarge-25:1945107:1945949 [1] NCCL INFO Channel 11/0 : 1[1] -> 0[0] via P2P/CUMEM
cr1-p548xlarge-25:1945108:1945944 [2] NCCL INFO Channel 08/0 : 2[2] -> 1[1] via P2P/CUMEM
cr1-p548xlarge-25:1945107:1945949 [1] NCCL INFO Channel 12/0 : 1[1] -> 0[0] via P2P/CUMEM
cr1-p548xlarge-25:1945108:1945944 [2] NCCL INFO Channel 09/0 : 2[2] -> 1[1] via P2P/CUMEM
cr1-p548xlarge-25:1945109:1945946 [3] NCCL INFO Channel 06/0 : 3[3] -> 2[2] via P2P/CUMEM
cr1-p548xlarge-25:1945107:1945949 [1] NCCL INFO Channel 13/0 : 1[1] -> 0[0] via P2P/CUMEM
cr1-p548xlarge-25:1945109:1945946 [3] NCCL INFO Channel 07/0 : 3[3] -> 2[2] via P2P/CUMEM
cr1-p548xlarge-25:1945108:1945944 [2] NCCL INFO Channel 10/0 : 2[2] -> 1[1] via P2P/CUMEM
cr1-p548xlarge-25:1945107:1945949 [1] NCCL INFO Channel 14/0 : 1[1] -> 0[0] via P2P/CUMEM
cr1-p548xlarge-25:1945109:1945946 [3] NCCL INFO Channel 08/0 : 3[3] -> 2[2] via P2P/CUMEM
cr1-p548xlarge-25:1945108:1945944 [2] NCCL INFO Channel 11/0 : 2[2] -> 1[1] via P2P/CUMEM
cr1-p548xlarge-25:1945107:1945949 [1] NCCL INFO Channel 15/0 : 1[1] -> 0[0] via P2P/CUMEM
cr1-p548xlarge-25:1945108:1945944 [2] NCCL INFO Channel 12/0 : 2[2] -> 1[1] via P2P/CUMEM
cr1-p548xlarge-25:1945107:1945949 [1] NCCL INFO Channel 16/0 : 1[1] -> 0[0] via P2P/CUMEM
cr1-p548xlarge-25:1945109:1945946 [3] NCCL INFO Channel 09/0 : 3[3] -> 2[2] via P2P/CUMEM
cr1-p548xlarge-25:1945108:1945944 [2] NCCL INFO Channel 13/0 : 2[2] -> 1[1] via P2P/CUMEM
cr1-p548xlarge-25:1945109:1945946 [3] NCCL INFO Channel 10/0 : 3[3] -> 2[2] via P2P/CUMEM
cr1-p548xlarge-25:1945107:1945949 [1] NCCL INFO Channel 17/0 : 1[1] -> 0[0] via P2P/CUMEM
cr1-p548xlarge-25:1945108:1945944 [2] NCCL INFO Channel 14/0 : 2[2] -> 1[1] via P2P/CUMEM
cr1-p548xlarge-25:1945109:1945946 [3] NCCL INFO Channel 11/0 : 3[3] -> 2[2] via P2P/CUMEM
cr1-p548xlarge-25:1945108:1945944 [2] NCCL INFO Channel 15/0 : 2[2] -> 1[1] via P2P/CUMEM
cr1-p548xlarge-25:1945107:1945949 [1] NCCL INFO Channel 18/0 : 1[1] -> 0[0] via P2P/CUMEM
cr1-p548xlarge-25:1945109:1945946 [3] NCCL INFO Channel 12/0 : 3[3] -> 2[2] via P2P/CUMEM
cr1-p548xlarge-25:1945107:1945949 [1] NCCL INFO Channel 19/0 : 1[1] -> 0[0] via P2P/CUMEM
cr1-p548xlarge-25:1945108:1945944 [2] NCCL INFO Channel 16/0 : 2[2] -> 1[1] via P2P/CUMEM
cr1-p548xlarge-25:1945109:1945946 [3] NCCL INFO Channel 13/0 : 3[3] -> 2[2] via P2P/CUMEM
cr1-p548xlarge-25:1945107:1945949 [1] NCCL INFO Channel 20/0 : 1[1] -> 0[0] via P2P/CUMEM
cr1-p548xlarge-25:1945109:1945946 [3] NCCL INFO Channel 14/0 : 3[3] -> 2[2] via P2P/CUMEM
cr1-p548xlarge-25:1945108:1945944 [2] NCCL INFO Channel 17/0 : 2[2] -> 1[1] via P2P/CUMEM
cr1-p548xlarge-25:1945107:1945949 [1] NCCL INFO Channel 21/0 : 1[1] -> 0[0] via P2P/CUMEM
cr1-p548xlarge-25:1945109:1945946 [3] NCCL INFO Channel 15/0 : 3[3] -> 2[2] via P2P/CUMEM
cr1-p548xlarge-25:1945107:1945949 [1] NCCL INFO Channel 22/0 : 1[1] -> 0[0] via P2P/CUMEM
cr1-p548xlarge-25:1945108:1945944 [2] NCCL INFO Channel 18/0 : 2[2] -> 1[1] via P2P/CUMEM
cr1-p548xlarge-25:1945107:1945949 [1] NCCL INFO Channel 23/0 : 1[1] -> 0[0] via P2P/CUMEM
cr1-p548xlarge-25:1945109:1945946 [3] NCCL INFO Channel 16/0 : 3[3] -> 2[2] via P2P/CUMEM
cr1-p548xlarge-25:1945108:1945944 [2] NCCL INFO Channel 19/0 : 2[2] -> 1[1] via P2P/CUMEM
cr1-p548xlarge-25:1945109:1945946 [3] NCCL INFO Channel 17/0 : 3[3] -> 2[2] via P2P/CUMEM
cr1-p548xlarge-25:1945108:1945944 [2] NCCL INFO Channel 20/0 : 2[2] -> 1[1] via P2P/CUMEM
cr1-p548xlarge-25:1945109:1945946 [3] NCCL INFO Channel 18/0 : 3[3] -> 2[2] via P2P/CUMEM
cr1-p548xlarge-25:1945108:1945944 [2] NCCL INFO Channel 21/0 : 2[2] -> 1[1] via P2P/CUMEM
cr1-p548xlarge-25:1945108:1945944 [2] NCCL INFO Channel 22/0 : 2[2] -> 1[1] via P2P/CUMEM
cr1-p548xlarge-25:1945108:1945944 [2] NCCL INFO Channel 23/0 : 2[2] -> 1[1] via P2P/CUMEM
cr1-p548xlarge-25:1945109:1945946 [3] NCCL INFO Channel 19/0 : 3[3] -> 2[2] via P2P/CUMEM
cr1-p548xlarge-25:1945109:1945946 [3] NCCL INFO Channel 20/0 : 3[3] -> 2[2] via P2P/CUMEM
cr1-p548xlarge-25:1945109:1945946 [3] NCCL INFO Channel 21/0 : 3[3] -> 2[2] via P2P/CUMEM
cr1-p548xlarge-25:1945109:1945946 [3] NCCL INFO Channel 22/0 : 3[3] -> 2[2] via P2P/CUMEM
cr1-p548xlarge-25:1945109:1945946 [3] NCCL INFO Channel 23/0 : 3[3] -> 2[2] via P2P/CUMEM
cr1-p548xlarge-25:1945106:1945943 [0] NCCL INFO Connected all trees
cr1-p548xlarge-25:1945106:1945943 [0] NCCL INFO NCCL_NVLS_CHUNKSIZE set by environment to 524288.
cr1-p548xlarge-25:1945106:1945943 [0] NCCL INFO NVLS comm 0x558b130291d0 headRank 0 nHeads 8 buffSize 4194304 memSize 2097152 nvlsPerRankSize 301989888 nvlsTotalSize 2415919104
cr1-p548xlarge-25:1945111:1945950 [5] NCCL INFO Connected all trees
cr1-p548xlarge-25:1945111:1945950 [5] NCCL INFO NCCL_NVLS_CHUNKSIZE set by environment to 524288.
cr1-p548xlarge-25:1945111:1945950 [5] NCCL INFO NVLS comm 0x563e4318fa60 headRank 5 nHeads 8 buffSize 4194304 memSize 2097152 nvlsPerRankSize 301989888 nvlsTotalSize 2415919104
cr1-p548xlarge-25:1945107:1945949 [1] NCCL INFO Connected all trees
cr1-p548xlarge-25:1945107:1945949 [1] NCCL INFO NCCL_NVLS_CHUNKSIZE set by environment to 524288.
cr1-p548xlarge-25:1945107:1945949 [1] NCCL INFO NVLS comm 0x55888c88e580 headRank 1 nHeads 8 buffSize 4194304 memSize 2097152 nvlsPerRankSize 301989888 nvlsTotalSize 2415919104
cr1-p548xlarge-25:1945108:1945944 [2] NCCL INFO Connected all trees
cr1-p548xlarge-25:1945110:1945947 [4] NCCL INFO Connected all trees
cr1-p548xlarge-25:1945109:1945946 [3] NCCL INFO Connected all trees
cr1-p548xlarge-25:1945108:1945944 [2] NCCL INFO NCCL_NVLS_CHUNKSIZE set by environment to 524288.
cr1-p548xlarge-25:1945108:1945944 [2] NCCL INFO NVLS comm 0x5616d8dbb120 headRank 2 nHeads 8 buffSize 4194304 memSize 2097152 nvlsPerRankSize 301989888 nvlsTotalSize 2415919104
cr1-p548xlarge-25:1945109:1945946 [3] NCCL INFO NCCL_NVLS_CHUNKSIZE set by environment to 524288.
cr1-p548xlarge-25:1945109:1945946 [3] NCCL INFO NVLS comm 0x5607185d78a0 headRank 3 nHeads 8 buffSize 4194304 memSize 2097152 nvlsPerRankSize 301989888 nvlsTotalSize 2415919104
cr1-p548xlarge-25:1945110:1945947 [4] NCCL INFO NCCL_NVLS_CHUNKSIZE set by environment to 524288.
cr1-p548xlarge-25:1945110:1945947 [4] NCCL INFO NVLS comm 0x55d1184f3860 headRank 4 nHeads 8 buffSize 4194304 memSize 2097152 nvlsPerRankSize 301989888 nvlsTotalSize 2415919104
cr1-p548xlarge-25:1945108:1945944 [2] NCCL INFO NCCL_PROTO set by environment to simple
cr1-p548xlarge-25:1945108:1945944 [2] NCCL INFO NCCL_ALGO set by environment to tree
cr1-p548xlarge-25:1945108:1945944 [2] NCCL INFO threadThresholds 8/8/64 | 64/8/64 | 512 | 512
cr1-p548xlarge-25:1945108:1945944 [2] NCCL INFO 24 coll channels, 24 collnet channels, 16 nvls channels, 32 p2p channels, 32 p2p channels per peer
cr1-p548xlarge-25:1945110:1945947 [4] NCCL INFO NCCL_PROTO set by environment to simple
cr1-p548xlarge-25:1945110:1945947 [4] NCCL INFO NCCL_ALGO set by environment to tree
cr1-p548xlarge-25:1945110:1945947 [4] NCCL INFO threadThresholds 8/8/64 | 64/8/64 | 512 | 512
cr1-p548xlarge-25:1945110:1945947 [4] NCCL INFO 24 coll channels, 24 collnet channels, 16 nvls channels, 32 p2p channels, 32 p2p channels per peer
cr1-p548xlarge-25:1945111:1945950 [5] NCCL INFO NCCL_PROTO set by environment to simple
cr1-p548xlarge-25:1945111:1945950 [5] NCCL INFO NCCL_ALGO set by environment to tree
cr1-p548xlarge-25:1945111:1945950 [5] NCCL INFO threadThresholds 8/8/64 | 64/8/64 | 512 | 512
cr1-p548xlarge-25:1945111:1945950 [5] NCCL INFO 24 coll channels, 24 collnet channels, 16 nvls channels, 32 p2p channels, 32 p2p channels per peer
cr1-p548xlarge-25:1945112:1945948 [6] NCCL INFO NCCL_PROTO set by environment to simple
cr1-p548xlarge-25:1945112:1945948 [6] NCCL INFO NCCL_ALGO set by environment to tree
cr1-p548xlarge-25:1945112:1945948 [6] NCCL INFO threadThresholds 8/8/64 | 64/8/64 | 512 | 512
cr1-p548xlarge-25:1945112:1945948 [6] NCCL INFO 24 coll channels, 24 collnet channels, 16 nvls channels, 32 p2p channels, 32 p2p channels per peer
cr1-p548xlarge-25:1945106:1945943 [0] NCCL INFO NCCL_PROTO set by environment to simple
cr1-p548xlarge-25:1945106:1945943 [0] NCCL INFO NCCL_ALGO set by environment to tree
cr1-p548xlarge-25:1945113:1945945 [7] NCCL INFO NCCL_PROTO set by environment to simple
cr1-p548xlarge-25:1945113:1945945 [7] NCCL INFO NCCL_ALGO set by environment to tree
cr1-p548xlarge-25:1945113:1945945 [7] NCCL INFO threadThresholds 8/8/64 | 64/8/64 | 512 | 512
cr1-p548xlarge-25:1945106:1945943 [0] NCCL INFO threadThresholds 8/8/64 | 64/8/64 | 512 | 512
cr1-p548xlarge-25:1945113:1945945 [7] NCCL INFO 24 coll channels, 24 collnet channels, 16 nvls channels, 32 p2p channels, 32 p2p channels per peer
cr1-p548xlarge-25:1945106:1945943 [0] NCCL INFO 24 coll channels, 24 collnet channels, 16 nvls channels, 32 p2p channels, 32 p2p channels per peer
cr1-p548xlarge-25:1945109:1945946 [3] NCCL INFO NCCL_PROTO set by environment to simple
cr1-p548xlarge-25:1945109:1945946 [3] NCCL INFO NCCL_ALGO set by environment to tree
cr1-p548xlarge-25:1945109:1945946 [3] NCCL INFO threadThresholds 8/8/64 | 64/8/64 | 512 | 512
cr1-p548xlarge-25:1945109:1945946 [3] NCCL INFO 24 coll channels, 24 collnet channels, 16 nvls channels, 32 p2p channels, 32 p2p channels per peer
cr1-p548xlarge-25:1945107:1945949 [1] NCCL INFO NCCL_PROTO set by environment to simple
cr1-p548xlarge-25:1945107:1945949 [1] NCCL INFO NCCL_ALGO set by environment to tree
cr1-p548xlarge-25:1945107:1945949 [1] NCCL INFO threadThresholds 8/8/64 | 64/8/64 | 512 | 512
cr1-p548xlarge-25:1945107:1945949 [1] NCCL INFO 24 coll channels, 24 collnet channels, 16 nvls channels, 32 p2p channels, 32 p2p channels per peer
cr1-p548xlarge-25:1945111:1945950 [5] NCCL INFO TUNER/Plugin: Failed to find ncclTunerPlugin_v2, using internal tuner instead.
cr1-p548xlarge-25:1945113:1945945 [7] NCCL INFO TUNER/Plugin: Failed to find ncclTunerPlugin_v2, using internal tuner instead.
cr1-p548xlarge-25:1945111:1945950 [5] NCCL INFO ncclCommInitRank comm 0x563e4318fa60 rank 5 nranks 8 cudaDev 5 nvmlDev 5 busId a8000 commId 0x9295f08ff5fe4ae0 - Init COMPLETE
cr1-p548xlarge-25:1945113:1945945 [7] NCCL INFO ncclCommInitRank comm 0x55832488f520 rank 7 nranks 8 cudaDev 7 nvmlDev 7 busId ca000 commId 0x9295f08ff5fe4ae0 - Init COMPLETE
cr1-p548xlarge-25:1945109:1945946 [3] NCCL INFO TUNER/Plugin: Failed to find ncclTunerPlugin_v2, using internal tuner instead.
cr1-p548xlarge-25:1945107:1945949 [1] NCCL INFO TUNER/Plugin: Failed to find ncclTunerPlugin_v2, using internal tuner instead.
cr1-p548xlarge-25:1945109:1945946 [3] NCCL INFO ncclCommInitRank comm 0x5607185d78a0 rank 3 nranks 8 cudaDev 3 nvmlDev 3 busId 86000 commId 0x9295f08ff5fe4ae0 - Init COMPLETE
cr1-p548xlarge-25:1945107:1945949 [1] NCCL INFO ncclCommInitRank comm 0x55888c88e580 rank 1 nranks 8 cudaDev 1 nvmlDev 1 busId 64000 commId 0x9295f08ff5fe4ae0 - Init COMPLETE
cr1-p548xlarge-25:1945112:1945948 [6] NCCL INFO TUNER/Plugin: Failed to find ncclTunerPlugin_v2, using internal tuner instead.
cr1-p548xlarge-25:1945112:1945948 [6] NCCL INFO ncclCommInitRank comm 0x55a3df668e30 rank 6 nranks 8 cudaDev 6 nvmlDev 6 busId b9000 commId 0x9295f08ff5fe4ae0 - Init COMPLETE
cr1-p548xlarge-25:1945110:1945947 [4] NCCL INFO TUNER/Plugin: Failed to find ncclTunerPlugin_v2, using internal tuner instead.
cr1-p548xlarge-25:1945110:1945947 [4] NCCL INFO ncclCommInitRank comm 0x55d1184f3860 rank 4 nranks 8 cudaDev 4 nvmlDev 4 busId 97000 commId 0x9295f08ff5fe4ae0 - Init COMPLETE
cr1-p548xlarge-25:1945108:1945944 [2] NCCL INFO TUNER/Plugin: Failed to find ncclTunerPlugin_v2, using internal tuner instead.
cr1-p548xlarge-25:1945108:1945944 [2] NCCL INFO ncclCommInitRank comm 0x5616d8dbb120 rank 2 nranks 8 cudaDev 2 nvmlDev 2 busId 75000 commId 0x9295f08ff5fe4ae0 - Init COMPLETE
cr1-p548xlarge-25:1945106:1945943 [0] NCCL INFO TUNER/Plugin: Failed to find ncclTunerPlugin_v2, using internal tuner instead.
cr1-p548xlarge-25:1945106:1945943 [0] NCCL INFO ncclCommInitRank comm 0x558b130291d0 rank 0 nranks 8 cudaDev 0 nvmlDev 0 busId 53000 commId 0x9295f08ff5fe4ae0 - Init COMPLETE
[2024-08-23 03:50:48,828] [INFO] [partition_parameters.py:345:__exit__] finished initializing model - num_params = 291, num_elems = 7.25B
Loading checkpoint shards:   0%|          | 0/3 [00:00<?, ?it/s]Loading checkpoint shards:   0%|          | 0/3 [00:00<?, ?it/s]Loading checkpoint shards:   0%|          | 0/3 [00:00<?, ?it/s]Loading checkpoint shards:   0%|          | 0/3 [00:00<?, ?it/s]Loading checkpoint shards:   0%|          | 0/3 [00:00<?, ?it/s]Loading checkpoint shards:   0%|          | 0/3 [00:00<?, ?it/s]Loading checkpoint shards:   0%|          | 0/3 [00:00<?, ?it/s]Loading checkpoint shards:   0%|          | 0/3 [00:00<?, ?it/s]Loading checkpoint shards:  33%|â–ˆâ–ˆâ–ˆâ–Ž      | 1/3 [00:00<00:00,  3.78it/s]Loading checkpoint shards:  33%|â–ˆâ–ˆâ–ˆâ–Ž      | 1/3 [00:00<00:00,  3.69it/s]Loading checkpoint shards:  33%|â–ˆâ–ˆâ–ˆâ–Ž      | 1/3 [00:00<00:00,  3.62it/s]Loading checkpoint shards:  33%|â–ˆâ–ˆâ–ˆâ–Ž      | 1/3 [00:00<00:00,  3.52it/s]Loading checkpoint shards:  33%|â–ˆâ–ˆâ–ˆâ–Ž      | 1/3 [00:00<00:00,  3.51it/s]Loading checkpoint shards:  33%|â–ˆâ–ˆâ–ˆâ–Ž      | 1/3 [00:00<00:00,  3.50it/s]Loading checkpoint shards:  33%|â–ˆâ–ˆâ–ˆâ–Ž      | 1/3 [00:00<00:00,  3.49it/s]Loading checkpoint shards:  33%|â–ˆâ–ˆâ–ˆâ–Ž      | 1/3 [00:09<00:19,  9.91s/it]Loading checkpoint shards:  67%|â–ˆâ–ˆâ–ˆâ–ˆâ–ˆâ–ˆâ–‹   | 2/3 [00:10<00:06,  6.04s/it]Loading checkpoint shards:  67%|â–ˆâ–ˆâ–ˆâ–ˆâ–ˆâ–ˆâ–‹   | 2/3 [00:10<00:06,  6.05s/it]Loading checkpoint shards:  67%|â–ˆâ–ˆâ–ˆâ–ˆâ–ˆâ–ˆâ–‹   | 2/3 [00:10<00:06,  6.05s/it]Loading checkpoint shards:  67%|â–ˆâ–ˆâ–ˆâ–ˆâ–ˆâ–ˆâ–‹   | 2/3 [00:10<00:06,  6.05s/it]Loading checkpoint shards:  67%|â–ˆâ–ˆâ–ˆâ–ˆâ–ˆâ–ˆâ–‹   | 2/3 [00:10<00:06,  6.05s/it]Loading checkpoint shards:  67%|â–ˆâ–ˆâ–ˆâ–ˆâ–ˆâ–ˆâ–‹   | 2/3 [00:10<00:06,  6.06s/it]Loading checkpoint shards:  67%|â–ˆâ–ˆâ–ˆâ–ˆâ–ˆâ–ˆâ–‹   | 2/3 [00:10<00:06,  6.18s/it]Loading checkpoint shards: 100%|â–ˆâ–ˆâ–ˆâ–ˆâ–ˆâ–ˆâ–ˆâ–ˆâ–ˆâ–ˆ| 3/3 [00:18<00:00,  7.11s/it]Loading checkpoint shards: 100%|â–ˆâ–ˆâ–ˆâ–ˆâ–ˆâ–ˆâ–ˆâ–ˆâ–ˆâ–ˆ| 3/3 [00:18<00:00,  6.25s/it]
Loading checkpoint shards: 100%|â–ˆâ–ˆâ–ˆâ–ˆâ–ˆâ–ˆâ–ˆâ–ˆâ–ˆâ–ˆ| 3/3 [00:18<00:00,  7.11s/it]Loading checkpoint shards: 100%|â–ˆâ–ˆâ–ˆâ–ˆâ–ˆâ–ˆâ–ˆâ–ˆâ–ˆâ–ˆ| 3/3 [00:18<00:00,  6.25s/it]
Loading checkpoint shards: 100%|â–ˆâ–ˆâ–ˆâ–ˆâ–ˆâ–ˆâ–ˆâ–ˆâ–ˆâ–ˆ| 3/3 [00:18<00:00,  7.11s/it]Loading checkpoint shards: 100%|â–ˆâ–ˆâ–ˆâ–ˆâ–ˆâ–ˆâ–ˆâ–ˆâ–ˆâ–ˆ| 3/3 [00:18<00:00,  6.25s/it]
Loading checkpoint shards: 100%|â–ˆâ–ˆâ–ˆâ–ˆâ–ˆâ–ˆâ–ˆâ–ˆâ–ˆâ–ˆ| 3/3 [00:18<00:00,  7.11s/it]Loading checkpoint shards: 100%|â–ˆâ–ˆâ–ˆâ–ˆâ–ˆâ–ˆâ–ˆâ–ˆâ–ˆâ–ˆ| 3/3 [00:18<00:00,  6.25s/it]
Loading checkpoint shards: 100%|â–ˆâ–ˆâ–ˆâ–ˆâ–ˆâ–ˆâ–ˆâ–ˆâ–ˆâ–ˆ| 3/3 [00:18<00:00,  7.12s/it]Loading checkpoint shards: 100%|â–ˆâ–ˆâ–ˆâ–ˆâ–ˆâ–ˆâ–ˆâ–ˆâ–ˆâ–ˆ| 3/3 [00:18<00:00,  6.25s/it]
Loading checkpoint shards: 100%|â–ˆâ–ˆâ–ˆâ–ˆâ–ˆâ–ˆâ–ˆâ–ˆâ–ˆâ–ˆ| 3/3 [00:18<00:00,  7.12s/it]Loading checkpoint shards: 100%|â–ˆâ–ˆâ–ˆâ–ˆâ–ˆâ–ˆâ–ˆâ–ˆâ–ˆâ–ˆ| 3/3 [00:18<00:00,  6.25s/it]
Loading checkpoint shards: 100%|â–ˆâ–ˆâ–ˆâ–ˆâ–ˆâ–ˆâ–ˆâ–ˆâ–ˆâ–ˆ| 3/3 [00:18<00:00,  7.09s/it]Loading checkpoint shards: 100%|â–ˆâ–ˆâ–ˆâ–ˆâ–ˆâ–ˆâ–ˆâ–ˆâ–ˆâ–ˆ| 3/3 [00:18<00:00,  6.26s/it]
enable_input_require_grads!
enable_input_require_grads!
enable_input_require_grads!
enable_input_require_grads!
enable_input_require_grads!
enable_input_require_grads!
enable_input_require_grads!
Loading checkpoint shards:  67%|â–ˆâ–ˆâ–ˆâ–ˆâ–ˆâ–ˆâ–‹   | 2/3 [00:20<00:10, 10.03s/it]Loading checkpoint shards: 100%|â–ˆâ–ˆâ–ˆâ–ˆâ–ˆâ–ˆâ–ˆâ–ˆâ–ˆâ–ˆ| 3/3 [00:29<00:00,  9.76s/it]Loading checkpoint shards: 100%|â–ˆâ–ˆâ–ˆâ–ˆâ–ˆâ–ˆâ–ˆâ–ˆâ–ˆâ–ˆ| 3/3 [00:29<00:00,  9.84s/it]
enable_input_require_grads!
trainable params: 6,815,744 || all params: 7,254,839,296 || trainable%: 0.0939
Finetune with LORA setting:  None
trainable params: 6,815,744 || all params: 7,254,839,296 || trainable%: 0.0939
Finetune with LORA setting:  None
trainable params: 6,815,744 || all params: 7,254,839,296 || trainable%: 0.0939
Finetune with LORA setting:  None
trainable params: 6,815,744 || all params: 7,254,839,296 || trainable%: 0.0939
Finetune with LORA setting:  None
trainable params: 6,815,744 || all params: 7,254,839,296 || trainable%: 0.0939
Finetune with LORA setting:  None
trainable params: 6,815,744 || all params: 7,254,839,296 || trainable%: 0.0939
Finetune with LORA setting:  None
trainable params: 6,815,744 || all params: 7,254,839,296 || trainable%: 0.0939
Finetune with LORA setting:  None
trainable params: 6,815,744 || all params: 7,254,839,296 || trainable%: 0.0939
Finetune with LORA setting:  None
WARNING:root:Loading data...
WARNING:root:Loading data...
WARNING:root:Loading data...
WARNING:root:Loading data...
WARNING:root:Loading data...
WARNING:root:Loading data...
WARNING:root:Loading data...
WARNING:root:Loading data...
WARNING:root:Formatting inputs...
WARNING:root:Formatting inputs...
WARNING:root:Formatting inputs...
WARNING:root:Formatting inputs...
WARNING:root:Formatting inputs...
WARNING:root:Formatting inputs...
WARNING:root:Formatting inputs...
WARNING:root:Formatting inputs...
WARNING:root:Tokenizing inputs... This may take some time...
WARNING:root:Tokenizing inputs... This may take some time...
WARNING:root:Tokenizing inputs... This may take some time...
WARNING:root:Tokenizing inputs... This may take some time...
WARNING:root:Tokenizing inputs... This may take some time...
WARNING:root:Tokenizing inputs... This may take some time...
WARNING:root:Tokenizing inputs... This may take some time...
WARNING:root:Tokenizing inputs... This may take some time...
[rank7]:[W Utils.hpp:135] Warning: Environment variable NCCL_ASYNC_ERROR_HANDLING is deprecated; use TORCH_NCCL_ASYNC_ERROR_HANDLING instead (function getCvarInt)
[rank0]:[W Utils.hpp:135] Warning: Environment variable NCCL_ASYNC_ERROR_HANDLING is deprecated; use TORCH_NCCL_ASYNC_ERROR_HANDLING instead (function getCvarInt)
[rank6]:[W Utils.hpp:135] Warning: Environment variable NCCL_ASYNC_ERROR_HANDLING is deprecated; use TORCH_NCCL_ASYNC_ERROR_HANDLING instead (function getCvarInt)
Using /opt/hpcaas/.mounts/fs-0301404b74c8d22fd/home/yunyun/.cache/torch_extensions/py311_cu121 as PyTorch extensions root...
Using /opt/hpcaas/.mounts/fs-0301404b74c8d22fd/home/yunyun/.cache/torch_extensions/py311_cu121 as PyTorch extensions root...
[rank1]:[W Utils.hpp:135] Warning: Environment variable NCCL_ASYNC_ERROR_HANDLING is deprecated; use TORCH_NCCL_ASYNC_ERROR_HANDLING instead (function getCvarInt)
[rank2]:[W Utils.hpp:135] Warning: Environment variable NCCL_ASYNC_ERROR_HANDLING is deprecated; use TORCH_NCCL_ASYNC_ERROR_HANDLING instead (function getCvarInt)
Using /opt/hpcaas/.mounts/fs-0301404b74c8d22fd/home/yunyun/.cache/torch_extensions/py311_cu121 as PyTorch extensions root...
Using /opt/hpcaas/.mounts/fs-0301404b74c8d22fd/home/yunyun/.cache/torch_extensions/py311_cu121 as PyTorch extensions root...
[rank5]:[W Utils.hpp:135] Warning: Environment variable NCCL_ASYNC_ERROR_HANDLING is deprecated; use TORCH_NCCL_ASYNC_ERROR_HANDLING instead (function getCvarInt)
[rank3]:[W Utils.hpp:135] Warning: Environment variable NCCL_ASYNC_ERROR_HANDLING is deprecated; use TORCH_NCCL_ASYNC_ERROR_HANDLING instead (function getCvarInt)
[rank4]:[W Utils.hpp:135] Warning: Environment variable NCCL_ASYNC_ERROR_HANDLING is deprecated; use TORCH_NCCL_ASYNC_ERROR_HANDLING instead (function getCvarInt)
Using /opt/hpcaas/.mounts/fs-0301404b74c8d22fd/home/yunyun/.cache/torch_extensions/py311_cu121 as PyTorch extensions root...
Using /opt/hpcaas/.mounts/fs-0301404b74c8d22fd/home/yunyun/.cache/torch_extensions/py311_cu121 as PyTorch extensions root...
Using /opt/hpcaas/.mounts/fs-0301404b74c8d22fd/home/yunyun/.cache/torch_extensions/py311_cu121 as PyTorch extensions root...
Using /opt/hpcaas/.mounts/fs-0301404b74c8d22fd/home/yunyun/.cache/torch_extensions/py311_cu121 as PyTorch extensions root...
Detected CUDA files, patching ldflags
Emitting ninja build file /opt/hpcaas/.mounts/fs-0301404b74c8d22fd/home/yunyun/.cache/torch_extensions/py311_cu121/fused_adam/build.ninja...
/data/home/yunyun/miniconda3/envs/newtorch2/lib/python3.11/site-packages/torch/utils/cpp_extension.py:1967: UserWarning: TORCH_CUDA_ARCH_LIST is not set, all archs for visible cards are included for compilation. 
If this is not desired, please set os.environ['TORCH_CUDA_ARCH_LIST'].
  warnings.warn(
Building extension module fused_adam...
Allowing ninja to set a default number of workers... (overridable by setting the environment variable MAX_JOBS=N)
ninja: no work to do.
Loading extension module fused_adam...
Loading extension module fused_adam...
Loading extension module fused_adam...
Loading extension module fused_adam...
Loading extension module fused_adam...
Loading extension module fused_adam...
Loading extension module fused_adam...
Loading extension module fused_adam...
Time to load fused_adam op: 2.8595235347747803 secondsTime to load fused_adam op: 2.8932244777679443 secondsTime to load fused_adam op: 2.9050328731536865 secondsTime to load fused_adam op: 2.8938491344451904 secondsTime to load fused_adam op: 2.904207468032837 seconds
Time to load fused_adam op: 2.893752098083496 seconds
Time to load fused_adam op: 2.923619270324707 seconds



Time to load fused_adam op: 2.9273648262023926 seconds

Parameter Offload: Total persistent parameters: 275517440 in 257 params
  0%|          | 0/171 [00:00<?, ?it/s]/data/home/yunyun/miniconda3/envs/newtorch2/lib/python3.11/site-packages/torch/utils/checkpoint.py:464: UserWarning: torch.utils.checkpoint: the use_reentrant parameter should be passed explicitly. In version 2.4 we will raise an exception if use_reentrant is not passed. use_reentrant=False is recommended, but if you need to preserve the current default behavior, you can pass use_reentrant=True. Refer to docs for more details on the differences between the two variants.
  warnings.warn(
/data/home/yunyun/miniconda3/envs/newtorch2/lib/python3.11/site-packages/torch/utils/checkpoint.py:464: UserWarning: torch.utils.checkpoint: the use_reentrant parameter should be passed explicitly. In version 2.4 we will raise an exception if use_reentrant is not passed. use_reentrant=False is recommended, but if you need to preserve the current default behavior, you can pass use_reentrant=True. Refer to docs for more details on the differences between the two variants.
  warnings.warn(
/data/home/yunyun/miniconda3/envs/newtorch2/lib/python3.11/site-packages/torch/utils/checkpoint.py:464: UserWarning: torch.utils.checkpoint: the use_reentrant parameter should be passed explicitly. In version 2.4 we will raise an exception if use_reentrant is not passed. use_reentrant=False is recommended, but if you need to preserve the current default behavior, you can pass use_reentrant=True. Refer to docs for more details on the differences between the two variants.
  warnings.warn(
/data/home/yunyun/miniconda3/envs/newtorch2/lib/python3.11/site-packages/torch/utils/checkpoint.py:464: UserWarning: torch.utils.checkpoint: the use_reentrant parameter should be passed explicitly. In version 2.4 we will raise an exception if use_reentrant is not passed. use_reentrant=False is recommended, but if you need to preserve the current default behavior, you can pass use_reentrant=True. Refer to docs for more details on the differences between the two variants.
  warnings.warn(
/data/home/yunyun/miniconda3/envs/newtorch2/lib/python3.11/site-packages/torch/utils/checkpoint.py:464: UserWarning: torch.utils.checkpoint: the use_reentrant parameter should be passed explicitly. In version 2.4 we will raise an exception if use_reentrant is not passed. use_reentrant=False is recommended, but if you need to preserve the current default behavior, you can pass use_reentrant=True. Refer to docs for more details on the differences between the two variants.
  warnings.warn(
/data/home/yunyun/miniconda3/envs/newtorch2/lib/python3.11/site-packages/torch/utils/checkpoint.py:464: UserWarning: torch.utils.checkpoint: the use_reentrant parameter should be passed explicitly. In version 2.4 we will raise an exception if use_reentrant is not passed. use_reentrant=False is recommended, but if you need to preserve the current default behavior, you can pass use_reentrant=True. Refer to docs for more details on the differences between the two variants.
  warnings.warn(
/data/home/yunyun/miniconda3/envs/newtorch2/lib/python3.11/site-packages/torch/utils/checkpoint.py:464: UserWarning: torch.utils.checkpoint: the use_reentrant parameter should be passed explicitly. In version 2.4 we will raise an exception if use_reentrant is not passed. use_reentrant=False is recommended, but if you need to preserve the current default behavior, you can pass use_reentrant=True. Refer to docs for more details on the differences between the two variants.
  warnings.warn(
/data/home/yunyun/miniconda3/envs/newtorch2/lib/python3.11/site-packages/torch/utils/checkpoint.py:464: UserWarning: torch.utils.checkpoint: the use_reentrant parameter should be passed explicitly. In version 2.4 we will raise an exception if use_reentrant is not passed. use_reentrant=False is recommended, but if you need to preserve the current default behavior, you can pass use_reentrant=True. Refer to docs for more details on the differences between the two variants.
  warnings.warn(
cr1-p548xlarge-25:1945112:1948683 [6] NCCL INFO NET/OFI Libfabric provider associates MRs with domains
cr1-p548xlarge-25:1945110:1948679 [4] NCCL INFO NET/OFI Libfabric provider associates MRs with domains
cr1-p548xlarge-25:1945108:1948674 [2] NCCL INFO NET/OFI Libfabric provider associates MRs with domains
cr1-p548xlarge-25:1945113:1948682 [7] NCCL INFO NET/OFI Libfabric provider associates MRs with domains
cr1-p548xlarge-25:1945106:1948675 [0] NCCL INFO NET/OFI Libfabric provider associates MRs with domains
cr1-p548xlarge-25:1945107:1948676 [1] NCCL INFO NET/OFI Libfabric provider associates MRs with domains
cr1-p548xlarge-25:1945109:1948678 [3] NCCL INFO NET/OFI Libfabric provider associates MRs with domains
cr1-p548xlarge-25:1945111:1948677 [5] NCCL INFO NET/OFI Libfabric provider associates MRs with domains
cr1-p548xlarge-25:1945112:1948683 [6] NCCL INFO Using non-device net plugin version 0
cr1-p548xlarge-25:1945110:1948679 [4] NCCL INFO Using non-device net plugin version 0
cr1-p548xlarge-25:1945113:1948682 [7] NCCL INFO Using non-device net plugin version 0
cr1-p548xlarge-25:1945108:1948674 [2] NCCL INFO Using non-device net plugin version 0
cr1-p548xlarge-25:1945106:1948675 [0] NCCL INFO Using non-device net plugin version 0
cr1-p548xlarge-25:1945107:1948676 [1] NCCL INFO Using non-device net plugin version 0
cr1-p548xlarge-25:1945111:1948677 [5] NCCL INFO Using non-device net plugin version 0
cr1-p548xlarge-25:1945109:1948678 [3] NCCL INFO Using non-device net plugin version 0
cr1-p548xlarge-25:1945112:1948683 [6] NCCL INFO Using network AWS Libfabric
cr1-p548xlarge-25:1945113:1948682 [7] NCCL INFO Using network AWS Libfabric
cr1-p548xlarge-25:1945108:1948674 [2] NCCL INFO Using network AWS Libfabric
cr1-p548xlarge-25:1945106:1948675 [0] NCCL INFO Using network AWS Libfabric
cr1-p548xlarge-25:1945107:1948676 [1] NCCL INFO Using network AWS Libfabric
cr1-p548xlarge-25:1945110:1948679 [4] NCCL INFO Using network AWS Libfabric
cr1-p548xlarge-25:1945109:1948678 [3] NCCL INFO Using network AWS Libfabric
cr1-p548xlarge-25:1945111:1948677 [5] NCCL INFO Using network AWS Libfabric
cr1-p548xlarge-25:1945113:1948682 [7] NCCL INFO DMA-BUF is available on GPU device 7
cr1-p548xlarge-25:1945112:1948683 [6] NCCL INFO DMA-BUF is available on GPU device 6
cr1-p548xlarge-25:1945108:1948674 [2] NCCL INFO DMA-BUF is available on GPU device 2
cr1-p548xlarge-25:1945106:1948675 [0] NCCL INFO DMA-BUF is available on GPU device 0
cr1-p548xlarge-25:1945107:1948676 [1] NCCL INFO DMA-BUF is available on GPU device 1
cr1-p548xlarge-25:1945110:1948679 [4] NCCL INFO DMA-BUF is available on GPU device 4
cr1-p548xlarge-25:1945111:1948677 [5] NCCL INFO DMA-BUF is available on GPU device 5
cr1-p548xlarge-25:1945109:1948678 [3] NCCL INFO DMA-BUF is available on GPU device 3
cr1-p548xlarge-25:1945108:1948674 [2] NCCL INFO bootstrapSplit: comm 0x5616f3282870 parent 0x5616d8dbb120 rank 2 nranks 8 color -934961569 key 2 prev 1 next 3 - DONE
cr1-p548xlarge-25:1945106:1948675 [0] NCCL INFO bootstrapSplit: comm 0x558b2d331f10 parent 0x558b130291d0 rank 0 nranks 8 color -934961569 key 0 prev 7 next 1 - DONE
cr1-p548xlarge-25:1945107:1948676 [1] NCCL INFO bootstrapSplit: comm 0x5588a6baabd0 parent 0x55888c88e580 rank 1 nranks 8 color -934961569 key 1 prev 0 next 2 - DONE
cr1-p548xlarge-25:1945113:1948682 [7] NCCL INFO bootstrapSplit: comm 0x55833eba4250 parent 0x55832488f520 rank 7 nranks 8 color -934961569 key 7 prev 6 next 0 - DONE
cr1-p548xlarge-25:1945112:1948683 [6] NCCL INFO bootstrapSplit: comm 0x55a3f9af10b0 parent 0x55a3df668e30 rank 6 nranks 8 color -934961569 key 6 prev 5 next 7 - DONE
cr1-p548xlarge-25:1945111:1948677 [5] NCCL INFO bootstrapSplit: comm 0x563e5d4c79d0 parent 0x563e4318fa60 rank 5 nranks 8 color -934961569 key 5 prev 4 next 6 - DONE
cr1-p548xlarge-25:1945108:1948674 [2] NCCL INFO ncclCommSplit comm 0x5616f3282870 rank 2 nranks 8 cudaDev 2 nvmlDev 2 busId 75000 parent 0x5616d8dbb120 color -934961569 key 2 commId 0x4fd9e665894de2e3 - Init START
cr1-p548xlarge-25:1945110:1948679 [4] NCCL INFO bootstrapSplit: comm 0x55d1329bbf90 parent 0x55d1184f3860 rank 4 nranks 8 color -934961569 key 4 prev 3 next 5 - DONE
cr1-p548xlarge-25:1945109:1948678 [3] NCCL INFO bootstrapSplit: comm 0x560732912a10 parent 0x5607185d78a0 rank 3 nranks 8 color -934961569 key 3 prev 2 next 4 - DONE
cr1-p548xlarge-25:1945106:1948675 [0] NCCL INFO ncclCommSplit comm 0x558b2d331f10 rank 0 nranks 8 cudaDev 0 nvmlDev 0 busId 53000 parent 0x558b130291d0 color -934961569 key 0 commId 0x4fd9e665894de2e3 - Init START
cr1-p548xlarge-25:1945107:1948676 [1] NCCL INFO ncclCommSplit comm 0x5588a6baabd0 rank 1 nranks 8 cudaDev 1 nvmlDev 1 busId 64000 parent 0x55888c88e580 color -934961569 key 1 commId 0x4fd9e665894de2e3 - Init START
cr1-p548xlarge-25:1945113:1948682 [7] NCCL INFO ncclCommSplit comm 0x55833eba4250 rank 7 nranks 8 cudaDev 7 nvmlDev 7 busId ca000 parent 0x55832488f520 color -934961569 key 7 commId 0x4fd9e665894de2e3 - Init START
cr1-p548xlarge-25:1945112:1948683 [6] NCCL INFO ncclCommSplit comm 0x55a3f9af10b0 rank 6 nranks 8 cudaDev 6 nvmlDev 6 busId b9000 parent 0x55a3df668e30 color -934961569 key 6 commId 0x4fd9e665894de2e3 - Init START
cr1-p548xlarge-25:1945111:1948677 [5] NCCL INFO ncclCommSplit comm 0x563e5d4c79d0 rank 5 nranks 8 cudaDev 5 nvmlDev 5 busId a8000 parent 0x563e4318fa60 color -934961569 key 5 commId 0x4fd9e665894de2e3 - Init START
cr1-p548xlarge-25:1945110:1948679 [4] NCCL INFO ncclCommSplit comm 0x55d1329bbf90 rank 4 nranks 8 cudaDev 4 nvmlDev 4 busId 97000 parent 0x55d1184f3860 color -934961569 key 4 commId 0x4fd9e665894de2e3 - Init START
cr1-p548xlarge-25:1945109:1948678 [3] NCCL INFO ncclCommSplit comm 0x560732912a10 rank 3 nranks 8 cudaDev 3 nvmlDev 3 busId 86000 parent 0x5607185d78a0 color -934961569 key 3 commId 0x4fd9e665894de2e3 - Init START
cr1-p548xlarge-25:1945108:1948674 [2] NCCL INFO NCCL_TOPO_FILE set by environment to /usr/local/cuda-12.1/efa/share/aws-ofi-nccl/xml/p4d-24xl-topo.xml
cr1-p548xlarge-25:1945113:1948682 [7] NCCL INFO NCCL_TOPO_FILE set by environment to /usr/local/cuda-12.1/efa/share/aws-ofi-nccl/xml/p4d-24xl-topo.xml
