cr1-p548xlarge-25:1955109:1955941 [0] NCCL INFO Channel 09/0 : 0[0] -> 1[1] via P2P/CUMEM
cr1-p548xlarge-25:1955112:1955943 [3] NCCL INFO Channel 16/0 : 3[3] -> 4[4] via P2P/CUMEM
cr1-p548xlarge-25:1955109:1955941 [0] NCCL INFO Channel 10/0 : 0[0] -> 1[1] via P2P/CUMEM
cr1-p548xlarge-25:1955112:1955943 [3] NCCL INFO Channel 17/0 : 3[3] -> 4[4] via P2P/CUMEM
cr1-p548xlarge-25:1955109:1955941 [0] NCCL INFO Channel 11/0 : 0[0] -> 1[1] via P2P/CUMEM
cr1-p548xlarge-25:1955112:1955943 [3] NCCL INFO Channel 18/0 : 3[3] -> 4[4] via P2P/CUMEM
cr1-p548xlarge-25:1955109:1955941 [0] NCCL INFO Channel 12/0 : 0[0] -> 1[1] via P2P/CUMEM
cr1-p548xlarge-25:1955112:1955943 [3] NCCL INFO Channel 19/0 : 3[3] -> 4[4] via P2P/CUMEM
cr1-p548xlarge-25:1955109:1955941 [0] NCCL INFO Channel 13/0 : 0[0] -> 1[1] via P2P/CUMEM
cr1-p548xlarge-25:1955112:1955943 [3] NCCL INFO Channel 20/0 : 3[3] -> 4[4] via P2P/CUMEM
cr1-p548xlarge-25:1955109:1955941 [0] NCCL INFO Channel 14/0 : 0[0] -> 1[1] via P2P/CUMEM
cr1-p548xlarge-25:1955112:1955943 [3] NCCL INFO Channel 21/0 : 3[3] -> 4[4] via P2P/CUMEM
cr1-p548xlarge-25:1955112:1955943 [3] NCCL INFO Channel 22/0 : 3[3] -> 4[4] via P2P/CUMEM
cr1-p548xlarge-25:1955109:1955941 [0] NCCL INFO Channel 15/0 : 0[0] -> 1[1] via P2P/CUMEM
cr1-p548xlarge-25:1955112:1955943 [3] NCCL INFO Channel 23/0 : 3[3] -> 4[4] via P2P/CUMEM
cr1-p548xlarge-25:1955109:1955941 [0] NCCL INFO Channel 16/0 : 0[0] -> 1[1] via P2P/CUMEM
cr1-p548xlarge-25:1955109:1955941 [0] NCCL INFO Channel 17/0 : 0[0] -> 1[1] via P2P/CUMEM
cr1-p548xlarge-25:1955109:1955941 [0] NCCL INFO Channel 18/0 : 0[0] -> 1[1] via P2P/CUMEM
cr1-p548xlarge-25:1955111:1955948 [2] NCCL INFO Channel 00/0 : 2[2] -> 3[3] via P2P/CUMEM
cr1-p548xlarge-25:1955110:1955946 [1] NCCL INFO Channel 00/0 : 1[1] -> 2[2] via P2P/CUMEM
cr1-p548xlarge-25:1955114:1955942 [5] NCCL INFO Connected all rings
cr1-p548xlarge-25:1955109:1955941 [0] NCCL INFO Channel 19/0 : 0[0] -> 1[1] via P2P/CUMEM
cr1-p548xlarge-25:1955114:1955942 [5] NCCL INFO Channel 00/0 : 5[5] -> 4[4] via P2P/CUMEM
cr1-p548xlarge-25:1955114:1955942 [5] NCCL INFO Channel 01/0 : 5[5] -> 4[4] via P2P/CUMEM
cr1-p548xlarge-25:1955114:1955942 [5] NCCL INFO Channel 02/0 : 5[5] -> 4[4] via P2P/CUMEM
cr1-p548xlarge-25:1955114:1955942 [5] NCCL INFO Channel 03/0 : 5[5] -> 4[4] via P2P/CUMEM
cr1-p548xlarge-25:1955114:1955942 [5] NCCL INFO Channel 04/0 : 5[5] -> 4[4] via P2P/CUMEM
cr1-p548xlarge-25:1955114:1955942 [5] NCCL INFO Channel 05/0 : 5[5] -> 4[4] via P2P/CUMEM
cr1-p548xlarge-25:1955114:1955942 [5] NCCL INFO Channel 06/0 : 5[5] -> 4[4] via P2P/CUMEM
cr1-p548xlarge-25:1955114:1955942 [5] NCCL INFO Channel 07/0 : 5[5] -> 4[4] via P2P/CUMEM
cr1-p548xlarge-25:1955114:1955942 [5] NCCL INFO Channel 08/0 : 5[5] -> 4[4] via P2P/CUMEM
cr1-p548xlarge-25:1955114:1955942 [5] NCCL INFO Channel 09/0 : 5[5] -> 4[4] via P2P/CUMEM
cr1-p548xlarge-25:1955114:1955942 [5] NCCL INFO Channel 10/0 : 5[5] -> 4[4] via P2P/CUMEM
cr1-p548xlarge-25:1955114:1955942 [5] NCCL INFO Channel 11/0 : 5[5] -> 4[4] via P2P/CUMEM
cr1-p548xlarge-25:1955114:1955942 [5] NCCL INFO Channel 12/0 : 5[5] -> 4[4] via P2P/CUMEM
cr1-p548xlarge-25:1955114:1955942 [5] NCCL INFO Channel 13/0 : 5[5] -> 4[4] via P2P/CUMEM
cr1-p548xlarge-25:1955114:1955942 [5] NCCL INFO Channel 14/0 : 5[5] -> 4[4] via P2P/CUMEM
cr1-p548xlarge-25:1955114:1955942 [5] NCCL INFO Channel 15/0 : 5[5] -> 4[4] via P2P/CUMEM
cr1-p548xlarge-25:1955114:1955942 [5] NCCL INFO Channel 16/0 : 5[5] -> 4[4] via P2P/CUMEM
cr1-p548xlarge-25:1955114:1955942 [5] NCCL INFO Channel 17/0 : 5[5] -> 4[4] via P2P/CUMEM
cr1-p548xlarge-25:1955114:1955942 [5] NCCL INFO Channel 18/0 : 5[5] -> 4[4] via P2P/CUMEM
cr1-p548xlarge-25:1955114:1955942 [5] NCCL INFO Channel 19/0 : 5[5] -> 4[4] via P2P/CUMEM
cr1-p548xlarge-25:1955114:1955942 [5] NCCL INFO Channel 20/0 : 5[5] -> 4[4] via P2P/CUMEM
cr1-p548xlarge-25:1955114:1955942 [5] NCCL INFO Channel 21/0 : 5[5] -> 4[4] via P2P/CUMEM
cr1-p548xlarge-25:1955114:1955942 [5] NCCL INFO Channel 22/0 : 5[5] -> 4[4] via P2P/CUMEM
cr1-p548xlarge-25:1955114:1955942 [5] NCCL INFO Channel 23/0 : 5[5] -> 4[4] via P2P/CUMEM
cr1-p548xlarge-25:1955111:1955948 [2] NCCL INFO Channel 01/0 : 2[2] -> 3[3] via P2P/CUMEM
cr1-p548xlarge-25:1955110:1955946 [1] NCCL INFO Channel 01/0 : 1[1] -> 2[2] via P2P/CUMEM
cr1-p548xlarge-25:1955111:1955948 [2] NCCL INFO Channel 02/0 : 2[2] -> 3[3] via P2P/CUMEM
cr1-p548xlarge-25:1955109:1955941 [0] NCCL INFO Channel 20/0 : 0[0] -> 1[1] via P2P/CUMEM
cr1-p548xlarge-25:1955110:1955946 [1] NCCL INFO Channel 02/0 : 1[1] -> 2[2] via P2P/CUMEM
cr1-p548xlarge-25:1955111:1955948 [2] NCCL INFO Channel 03/0 : 2[2] -> 3[3] via P2P/CUMEM
cr1-p548xlarge-25:1955109:1955941 [0] NCCL INFO Channel 21/0 : 0[0] -> 1[1] via P2P/CUMEM
cr1-p548xlarge-25:1955111:1955948 [2] NCCL INFO Channel 04/0 : 2[2] -> 3[3] via P2P/CUMEM
cr1-p548xlarge-25:1955110:1955946 [1] NCCL INFO Channel 03/0 : 1[1] -> 2[2] via P2P/CUMEM
cr1-p548xlarge-25:1955109:1955941 [0] NCCL INFO Channel 22/0 : 0[0] -> 1[1] via P2P/CUMEM
cr1-p548xlarge-25:1955111:1955948 [2] NCCL INFO Channel 05/0 : 2[2] -> 3[3] via P2P/CUMEM
cr1-p548xlarge-25:1955111:1955948 [2] NCCL INFO Channel 06/0 : 2[2] -> 3[3] via P2P/CUMEM
cr1-p548xlarge-25:1955110:1955946 [1] NCCL INFO Channel 04/0 : 1[1] -> 2[2] via P2P/CUMEM
cr1-p548xlarge-25:1955109:1955941 [0] NCCL INFO Channel 23/0 : 0[0] -> 1[1] via P2P/CUMEM
cr1-p548xlarge-25:1955111:1955948 [2] NCCL INFO Channel 07/0 : 2[2] -> 3[3] via P2P/CUMEM
cr1-p548xlarge-25:1955110:1955946 [1] NCCL INFO Channel 05/0 : 1[1] -> 2[2] via P2P/CUMEM
cr1-p548xlarge-25:1955110:1955946 [1] NCCL INFO Channel 06/0 : 1[1] -> 2[2] via P2P/CUMEM
cr1-p548xlarge-25:1955111:1955948 [2] NCCL INFO Channel 08/0 : 2[2] -> 3[3] via P2P/CUMEM
cr1-p548xlarge-25:1955111:1955948 [2] NCCL INFO Channel 09/0 : 2[2] -> 3[3] via P2P/CUMEM
cr1-p548xlarge-25:1955110:1955946 [1] NCCL INFO Channel 07/0 : 1[1] -> 2[2] via P2P/CUMEM
cr1-p548xlarge-25:1955110:1955946 [1] NCCL INFO Channel 08/0 : 1[1] -> 2[2] via P2P/CUMEM
cr1-p548xlarge-25:1955111:1955948 [2] NCCL INFO Channel 10/0 : 2[2] -> 3[3] via P2P/CUMEM
cr1-p548xlarge-25:1955115:1955945 [6] NCCL INFO Connected all rings
cr1-p548xlarge-25:1955115:1955945 [6] NCCL INFO Channel 00/0 : 6[6] -> 5[5] via P2P/CUMEM
cr1-p548xlarge-25:1955115:1955945 [6] NCCL INFO Channel 01/0 : 6[6] -> 5[5] via P2P/CUMEM
cr1-p548xlarge-25:1955115:1955945 [6] NCCL INFO Channel 02/0 : 6[6] -> 5[5] via P2P/CUMEM
cr1-p548xlarge-25:1955115:1955945 [6] NCCL INFO Channel 03/0 : 6[6] -> 5[5] via P2P/CUMEM
cr1-p548xlarge-25:1955115:1955945 [6] NCCL INFO Channel 04/0 : 6[6] -> 5[5] via P2P/CUMEM
cr1-p548xlarge-25:1955115:1955945 [6] NCCL INFO Channel 05/0 : 6[6] -> 5[5] via P2P/CUMEM
cr1-p548xlarge-25:1955115:1955945 [6] NCCL INFO Channel 06/0 : 6[6] -> 5[5] via P2P/CUMEM
cr1-p548xlarge-25:1955115:1955945 [6] NCCL INFO Channel 07/0 : 6[6] -> 5[5] via P2P/CUMEM
cr1-p548xlarge-25:1955115:1955945 [6] NCCL INFO Channel 08/0 : 6[6] -> 5[5] via P2P/CUMEM
cr1-p548xlarge-25:1955115:1955945 [6] NCCL INFO Channel 09/0 : 6[6] -> 5[5] via P2P/CUMEM
cr1-p548xlarge-25:1955115:1955945 [6] NCCL INFO Channel 10/0 : 6[6] -> 5[5] via P2P/CUMEM
cr1-p548xlarge-25:1955115:1955945 [6] NCCL INFO Channel 11/0 : 6[6] -> 5[5] via P2P/CUMEM
cr1-p548xlarge-25:1955115:1955945 [6] NCCL INFO Channel 12/0 : 6[6] -> 5[5] via P2P/CUMEM
cr1-p548xlarge-25:1955115:1955945 [6] NCCL INFO Channel 13/0 : 6[6] -> 5[5] via P2P/CUMEM
cr1-p548xlarge-25:1955115:1955945 [6] NCCL INFO Channel 14/0 : 6[6] -> 5[5] via P2P/CUMEM
cr1-p548xlarge-25:1955115:1955945 [6] NCCL INFO Channel 15/0 : 6[6] -> 5[5] via P2P/CUMEM
cr1-p548xlarge-25:1955115:1955945 [6] NCCL INFO Channel 16/0 : 6[6] -> 5[5] via P2P/CUMEM
cr1-p548xlarge-25:1955115:1955945 [6] NCCL INFO Channel 17/0 : 6[6] -> 5[5] via P2P/CUMEM
cr1-p548xlarge-25:1955115:1955945 [6] NCCL INFO Channel 18/0 : 6[6] -> 5[5] via P2P/CUMEM
cr1-p548xlarge-25:1955115:1955945 [6] NCCL INFO Channel 19/0 : 6[6] -> 5[5] via P2P/CUMEM
cr1-p548xlarge-25:1955115:1955945 [6] NCCL INFO Channel 20/0 : 6[6] -> 5[5] via P2P/CUMEM
cr1-p548xlarge-25:1955115:1955945 [6] NCCL INFO Channel 21/0 : 6[6] -> 5[5] via P2P/CUMEM
cr1-p548xlarge-25:1955115:1955945 [6] NCCL INFO Channel 22/0 : 6[6] -> 5[5] via P2P/CUMEM
cr1-p548xlarge-25:1955115:1955945 [6] NCCL INFO Channel 23/0 : 6[6] -> 5[5] via P2P/CUMEM
cr1-p548xlarge-25:1955110:1955946 [1] NCCL INFO Channel 09/0 : 1[1] -> 2[2] via P2P/CUMEM
cr1-p548xlarge-25:1955111:1955948 [2] NCCL INFO Channel 11/0 : 2[2] -> 3[3] via P2P/CUMEM
cr1-p548xlarge-25:1955111:1955948 [2] NCCL INFO Channel 12/0 : 2[2] -> 3[3] via P2P/CUMEM
cr1-p548xlarge-25:1955111:1955948 [2] NCCL INFO Channel 13/0 : 2[2] -> 3[3] via P2P/CUMEM
cr1-p548xlarge-25:1955111:1955948 [2] NCCL INFO Channel 14/0 : 2[2] -> 3[3] via P2P/CUMEM
cr1-p548xlarge-25:1955111:1955948 [2] NCCL INFO Channel 15/0 : 2[2] -> 3[3] via P2P/CUMEM
cr1-p548xlarge-25:1955111:1955948 [2] NCCL INFO Channel 16/0 : 2[2] -> 3[3] via P2P/CUMEM
cr1-p548xlarge-25:1955111:1955948 [2] NCCL INFO Channel 17/0 : 2[2] -> 3[3] via P2P/CUMEM
cr1-p548xlarge-25:1955111:1955948 [2] NCCL INFO Channel 18/0 : 2[2] -> 3[3] via P2P/CUMEM
cr1-p548xlarge-25:1955111:1955948 [2] NCCL INFO Channel 19/0 : 2[2] -> 3[3] via P2P/CUMEM
cr1-p548xlarge-25:1955111:1955948 [2] NCCL INFO Channel 20/0 : 2[2] -> 3[3] via P2P/CUMEM
cr1-p548xlarge-25:1955111:1955948 [2] NCCL INFO Channel 21/0 : 2[2] -> 3[3] via P2P/CUMEM
cr1-p548xlarge-25:1955111:1955948 [2] NCCL INFO Channel 22/0 : 2[2] -> 3[3] via P2P/CUMEM
cr1-p548xlarge-25:1955111:1955948 [2] NCCL INFO Channel 23/0 : 2[2] -> 3[3] via P2P/CUMEM
cr1-p548xlarge-25:1955110:1955946 [1] NCCL INFO Channel 10/0 : 1[1] -> 2[2] via P2P/CUMEM
cr1-p548xlarge-25:1955110:1955946 [1] NCCL INFO Channel 11/0 : 1[1] -> 2[2] via P2P/CUMEM
cr1-p548xlarge-25:1955110:1955946 [1] NCCL INFO Channel 12/0 : 1[1] -> 2[2] via P2P/CUMEM
cr1-p548xlarge-25:1955110:1955946 [1] NCCL INFO Channel 13/0 : 1[1] -> 2[2] via P2P/CUMEM
cr1-p548xlarge-25:1955110:1955946 [1] NCCL INFO Channel 14/0 : 1[1] -> 2[2] via P2P/CUMEM
cr1-p548xlarge-25:1955110:1955946 [1] NCCL INFO Channel 15/0 : 1[1] -> 2[2] via P2P/CUMEM
cr1-p548xlarge-25:1955110:1955946 [1] NCCL INFO Channel 16/0 : 1[1] -> 2[2] via P2P/CUMEM
cr1-p548xlarge-25:1955113:1955944 [4] NCCL INFO Connected all rings
cr1-p548xlarge-25:1955113:1955944 [4] NCCL INFO Channel 00/0 : 4[4] -> 3[3] via P2P/CUMEM
cr1-p548xlarge-25:1955113:1955944 [4] NCCL INFO Channel 01/0 : 4[4] -> 3[3] via P2P/CUMEM
cr1-p548xlarge-25:1955113:1955944 [4] NCCL INFO Channel 02/0 : 4[4] -> 3[3] via P2P/CUMEM
cr1-p548xlarge-25:1955113:1955944 [4] NCCL INFO Channel 03/0 : 4[4] -> 3[3] via P2P/CUMEM
cr1-p548xlarge-25:1955113:1955944 [4] NCCL INFO Channel 04/0 : 4[4] -> 3[3] via P2P/CUMEM
cr1-p548xlarge-25:1955113:1955944 [4] NCCL INFO Channel 05/0 : 4[4] -> 3[3] via P2P/CUMEM
cr1-p548xlarge-25:1955113:1955944 [4] NCCL INFO Channel 06/0 : 4[4] -> 3[3] via P2P/CUMEM
cr1-p548xlarge-25:1955113:1955944 [4] NCCL INFO Channel 07/0 : 4[4] -> 3[3] via P2P/CUMEM
cr1-p548xlarge-25:1955113:1955944 [4] NCCL INFO Channel 08/0 : 4[4] -> 3[3] via P2P/CUMEM
cr1-p548xlarge-25:1955113:1955944 [4] NCCL INFO Channel 09/0 : 4[4] -> 3[3] via P2P/CUMEM
cr1-p548xlarge-25:1955113:1955944 [4] NCCL INFO Channel 10/0 : 4[4] -> 3[3] via P2P/CUMEM
cr1-p548xlarge-25:1955113:1955944 [4] NCCL INFO Channel 11/0 : 4[4] -> 3[3] via P2P/CUMEM
cr1-p548xlarge-25:1955113:1955944 [4] NCCL INFO Channel 12/0 : 4[4] -> 3[3] via P2P/CUMEM
cr1-p548xlarge-25:1955113:1955944 [4] NCCL INFO Channel 13/0 : 4[4] -> 3[3] via P2P/CUMEM
cr1-p548xlarge-25:1955113:1955944 [4] NCCL INFO Channel 14/0 : 4[4] -> 3[3] via P2P/CUMEM
cr1-p548xlarge-25:1955113:1955944 [4] NCCL INFO Channel 15/0 : 4[4] -> 3[3] via P2P/CUMEM
cr1-p548xlarge-25:1955113:1955944 [4] NCCL INFO Channel 16/0 : 4[4] -> 3[3] via P2P/CUMEM
cr1-p548xlarge-25:1955113:1955944 [4] NCCL INFO Channel 17/0 : 4[4] -> 3[3] via P2P/CUMEM
cr1-p548xlarge-25:1955113:1955944 [4] NCCL INFO Channel 18/0 : 4[4] -> 3[3] via P2P/CUMEM
cr1-p548xlarge-25:1955113:1955944 [4] NCCL INFO Channel 19/0 : 4[4] -> 3[3] via P2P/CUMEM
cr1-p548xlarge-25:1955113:1955944 [4] NCCL INFO Channel 20/0 : 4[4] -> 3[3] via P2P/CUMEM
cr1-p548xlarge-25:1955113:1955944 [4] NCCL INFO Channel 21/0 : 4[4] -> 3[3] via P2P/CUMEM
cr1-p548xlarge-25:1955113:1955944 [4] NCCL INFO Channel 22/0 : 4[4] -> 3[3] via P2P/CUMEM
cr1-p548xlarge-25:1955113:1955944 [4] NCCL INFO Channel 23/0 : 4[4] -> 3[3] via P2P/CUMEM
cr1-p548xlarge-25:1955110:1955946 [1] NCCL INFO Channel 17/0 : 1[1] -> 2[2] via P2P/CUMEM
cr1-p548xlarge-25:1955110:1955946 [1] NCCL INFO Channel 18/0 : 1[1] -> 2[2] via P2P/CUMEM
cr1-p548xlarge-25:1955110:1955946 [1] NCCL INFO Channel 19/0 : 1[1] -> 2[2] via P2P/CUMEM
cr1-p548xlarge-25:1955110:1955946 [1] NCCL INFO Channel 20/0 : 1[1] -> 2[2] via P2P/CUMEM
cr1-p548xlarge-25:1955110:1955946 [1] NCCL INFO Channel 21/0 : 1[1] -> 2[2] via P2P/CUMEM
cr1-p548xlarge-25:1955110:1955946 [1] NCCL INFO Channel 22/0 : 1[1] -> 2[2] via P2P/CUMEM
cr1-p548xlarge-25:1955110:1955946 [1] NCCL INFO Channel 23/0 : 1[1] -> 2[2] via P2P/CUMEM
cr1-p548xlarge-25:1955112:1955943 [3] NCCL INFO Connected all rings
cr1-p548xlarge-25:1955116:1955947 [7] NCCL INFO Connected all rings
cr1-p548xlarge-25:1955116:1955947 [7] NCCL INFO Channel 00/0 : 7[7] -> 6[6] via P2P/CUMEM
cr1-p548xlarge-25:1955116:1955947 [7] NCCL INFO Channel 01/0 : 7[7] -> 6[6] via P2P/CUMEM
cr1-p548xlarge-25:1955116:1955947 [7] NCCL INFO Channel 02/0 : 7[7] -> 6[6] via P2P/CUMEM
cr1-p548xlarge-25:1955116:1955947 [7] NCCL INFO Channel 03/0 : 7[7] -> 6[6] via P2P/CUMEM
cr1-p548xlarge-25:1955116:1955947 [7] NCCL INFO Channel 04/0 : 7[7] -> 6[6] via P2P/CUMEM
cr1-p548xlarge-25:1955116:1955947 [7] NCCL INFO Channel 05/0 : 7[7] -> 6[6] via P2P/CUMEM
cr1-p548xlarge-25:1955116:1955947 [7] NCCL INFO Channel 06/0 : 7[7] -> 6[6] via P2P/CUMEM
cr1-p548xlarge-25:1955111:1955948 [2] NCCL INFO Connected all rings
cr1-p548xlarge-25:1955110:1955946 [1] NCCL INFO Connected all rings
cr1-p548xlarge-25:1955116:1955947 [7] NCCL INFO Channel 07/0 : 7[7] -> 6[6] via P2P/CUMEM
cr1-p548xlarge-25:1955116:1955947 [7] NCCL INFO Channel 08/0 : 7[7] -> 6[6] via P2P/CUMEM
cr1-p548xlarge-25:1955116:1955947 [7] NCCL INFO Channel 09/0 : 7[7] -> 6[6] via P2P/CUMEM
cr1-p548xlarge-25:1955116:1955947 [7] NCCL INFO Channel 10/0 : 7[7] -> 6[6] via P2P/CUMEM
cr1-p548xlarge-25:1955116:1955947 [7] NCCL INFO Channel 11/0 : 7[7] -> 6[6] via P2P/CUMEM
cr1-p548xlarge-25:1955116:1955947 [7] NCCL INFO Channel 12/0 : 7[7] -> 6[6] via P2P/CUMEM
cr1-p548xlarge-25:1955116:1955947 [7] NCCL INFO Channel 13/0 : 7[7] -> 6[6] via P2P/CUMEM
cr1-p548xlarge-25:1955116:1955947 [7] NCCL INFO Channel 14/0 : 7[7] -> 6[6] via P2P/CUMEM
cr1-p548xlarge-25:1955116:1955947 [7] NCCL INFO Channel 15/0 : 7[7] -> 6[6] via P2P/CUMEM
cr1-p548xlarge-25:1955116:1955947 [7] NCCL INFO Channel 16/0 : 7[7] -> 6[6] via P2P/CUMEM
cr1-p548xlarge-25:1955116:1955947 [7] NCCL INFO Channel 17/0 : 7[7] -> 6[6] via P2P/CUMEM
cr1-p548xlarge-25:1955116:1955947 [7] NCCL INFO Channel 18/0 : 7[7] -> 6[6] via P2P/CUMEM
cr1-p548xlarge-25:1955116:1955947 [7] NCCL INFO Channel 19/0 : 7[7] -> 6[6] via P2P/CUMEM
cr1-p548xlarge-25:1955116:1955947 [7] NCCL INFO Channel 20/0 : 7[7] -> 6[6] via P2P/CUMEM
cr1-p548xlarge-25:1955116:1955947 [7] NCCL INFO Channel 21/0 : 7[7] -> 6[6] via P2P/CUMEM
cr1-p548xlarge-25:1955116:1955947 [7] NCCL INFO Channel 22/0 : 7[7] -> 6[6] via P2P/CUMEM
cr1-p548xlarge-25:1955116:1955947 [7] NCCL INFO Channel 23/0 : 7[7] -> 6[6] via P2P/CUMEM
cr1-p548xlarge-25:1955109:1955941 [0] NCCL INFO Connected all rings
cr1-p548xlarge-25:1955116:1955947 [7] NCCL INFO Connected all trees
cr1-p548xlarge-25:1955115:1955945 [6] NCCL INFO Connected all trees
cr1-p548xlarge-25:1955115:1955945 [6] NCCL INFO NCCL_NVLS_CHUNKSIZE set by environment to 524288.
cr1-p548xlarge-25:1955115:1955945 [6] NCCL INFO NVLS comm 0x556e27877280 headRank 6 nHeads 8 buffSize 4194304 memSize 2097152 nvlsPerRankSize 301989888 nvlsTotalSize 2415919104
cr1-p548xlarge-25:1955116:1955947 [7] NCCL INFO NCCL_NVLS_CHUNKSIZE set by environment to 524288.
cr1-p548xlarge-25:1955116:1955947 [7] NCCL INFO NVLS comm 0x5621acaccaf0 headRank 7 nHeads 8 buffSize 4194304 memSize 2097152 nvlsPerRankSize 301989888 nvlsTotalSize 2415919104
cr1-p548xlarge-25:1955112:1955943 [3] NCCL INFO Channel 00/0 : 3[3] -> 2[2] via P2P/CUMEM
cr1-p548xlarge-25:1955112:1955943 [3] NCCL INFO Channel 01/0 : 3[3] -> 2[2] via P2P/CUMEM
cr1-p548xlarge-25:1955112:1955943 [3] NCCL INFO Channel 02/0 : 3[3] -> 2[2] via P2P/CUMEM
cr1-p548xlarge-25:1955112:1955943 [3] NCCL INFO Channel 03/0 : 3[3] -> 2[2] via P2P/CUMEM
cr1-p548xlarge-25:1955111:1955948 [2] NCCL INFO Channel 00/0 : 2[2] -> 1[1] via P2P/CUMEM
cr1-p548xlarge-25:1955112:1955943 [3] NCCL INFO Channel 04/0 : 3[3] -> 2[2] via P2P/CUMEM
cr1-p548xlarge-25:1955111:1955948 [2] NCCL INFO Channel 01/0 : 2[2] -> 1[1] via P2P/CUMEM
cr1-p548xlarge-25:1955112:1955943 [3] NCCL INFO Channel 05/0 : 3[3] -> 2[2] via P2P/CUMEM
cr1-p548xlarge-25:1955112:1955943 [3] NCCL INFO Channel 06/0 : 3[3] -> 2[2] via P2P/CUMEM
cr1-p548xlarge-25:1955112:1955943 [3] NCCL INFO Channel 07/0 : 3[3] -> 2[2] via P2P/CUMEM
cr1-p548xlarge-25:1955112:1955943 [3] NCCL INFO Channel 08/0 : 3[3] -> 2[2] via P2P/CUMEM
cr1-p548xlarge-25:1955112:1955943 [3] NCCL INFO Channel 09/0 : 3[3] -> 2[2] via P2P/CUMEM
cr1-p548xlarge-25:1955112:1955943 [3] NCCL INFO Channel 10/0 : 3[3] -> 2[2] via P2P/CUMEM
cr1-p548xlarge-25:1955112:1955943 [3] NCCL INFO Channel 11/0 : 3[3] -> 2[2] via P2P/CUMEM
cr1-p548xlarge-25:1955112:1955943 [3] NCCL INFO Channel 12/0 : 3[3] -> 2[2] via P2P/CUMEM
cr1-p548xlarge-25:1955112:1955943 [3] NCCL INFO Channel 13/0 : 3[3] -> 2[2] via P2P/CUMEM
cr1-p548xlarge-25:1955112:1955943 [3] NCCL INFO Channel 14/0 : 3[3] -> 2[2] via P2P/CUMEM
cr1-p548xlarge-25:1955112:1955943 [3] NCCL INFO Channel 15/0 : 3[3] -> 2[2] via P2P/CUMEM
cr1-p548xlarge-25:1955112:1955943 [3] NCCL INFO Channel 16/0 : 3[3] -> 2[2] via P2P/CUMEM
cr1-p548xlarge-25:1955112:1955943 [3] NCCL INFO Channel 17/0 : 3[3] -> 2[2] via P2P/CUMEM
cr1-p548xlarge-25:1955112:1955943 [3] NCCL INFO Channel 18/0 : 3[3] -> 2[2] via P2P/CUMEM
cr1-p548xlarge-25:1955111:1955948 [2] NCCL INFO Channel 02/0 : 2[2] -> 1[1] via P2P/CUMEM
cr1-p548xlarge-25:1955112:1955943 [3] NCCL INFO Channel 19/0 : 3[3] -> 2[2] via P2P/CUMEM
cr1-p548xlarge-25:1955112:1955943 [3] NCCL INFO Channel 20/0 : 3[3] -> 2[2] via P2P/CUMEM
cr1-p548xlarge-25:1955112:1955943 [3] NCCL INFO Channel 21/0 : 3[3] -> 2[2] via P2P/CUMEM
cr1-p548xlarge-25:1955112:1955943 [3] NCCL INFO Channel 22/0 : 3[3] -> 2[2] via P2P/CUMEM
cr1-p548xlarge-25:1955112:1955943 [3] NCCL INFO Channel 23/0 : 3[3] -> 2[2] via P2P/CUMEM
cr1-p548xlarge-25:1955110:1955946 [1] NCCL INFO Channel 00/0 : 1[1] -> 0[0] via P2P/CUMEM
cr1-p548xlarge-25:1955110:1955946 [1] NCCL INFO Channel 01/0 : 1[1] -> 0[0] via P2P/CUMEM
cr1-p548xlarge-25:1955111:1955948 [2] NCCL INFO Channel 03/0 : 2[2] -> 1[1] via P2P/CUMEM
cr1-p548xlarge-25:1955110:1955946 [1] NCCL INFO Channel 02/0 : 1[1] -> 0[0] via P2P/CUMEM
cr1-p548xlarge-25:1955110:1955946 [1] NCCL INFO Channel 03/0 : 1[1] -> 0[0] via P2P/CUMEM
cr1-p548xlarge-25:1955114:1955942 [5] NCCL INFO Connected all trees
cr1-p548xlarge-25:1955114:1955942 [5] NCCL INFO NCCL_NVLS_CHUNKSIZE set by environment to 524288.
cr1-p548xlarge-25:1955114:1955942 [5] NCCL INFO NVLS comm 0x560d0cab7750 headRank 5 nHeads 8 buffSize 4194304 memSize 2097152 nvlsPerRankSize 301989888 nvlsTotalSize 2415919104
cr1-p548xlarge-25:1955111:1955948 [2] NCCL INFO Channel 04/0 : 2[2] -> 1[1] via P2P/CUMEM
cr1-p548xlarge-25:1955111:1955948 [2] NCCL INFO Channel 05/0 : 2[2] -> 1[1] via P2P/CUMEM
cr1-p548xlarge-25:1955110:1955946 [1] NCCL INFO Channel 04/0 : 1[1] -> 0[0] via P2P/CUMEM
cr1-p548xlarge-25:1955111:1955948 [2] NCCL INFO Channel 06/0 : 2[2] -> 1[1] via P2P/CUMEM
cr1-p548xlarge-25:1955110:1955946 [1] NCCL INFO Channel 05/0 : 1[1] -> 0[0] via P2P/CUMEM
cr1-p548xlarge-25:1955111:1955948 [2] NCCL INFO Channel 07/0 : 2[2] -> 1[1] via P2P/CUMEM
cr1-p548xlarge-25:1955110:1955946 [1] NCCL INFO Channel 06/0 : 1[1] -> 0[0] via P2P/CUMEM
cr1-p548xlarge-25:1955111:1955948 [2] NCCL INFO Channel 08/0 : 2[2] -> 1[1] via P2P/CUMEM
cr1-p548xlarge-25:1955111:1955948 [2] NCCL INFO Channel 09/0 : 2[2] -> 1[1] via P2P/CUMEM
cr1-p548xlarge-25:1955111:1955948 [2] NCCL INFO Channel 10/0 : 2[2] -> 1[1] via P2P/CUMEM
cr1-p548xlarge-25:1955111:1955948 [2] NCCL INFO Channel 11/0 : 2[2] -> 1[1] via P2P/CUMEM
cr1-p548xlarge-25:1955111:1955948 [2] NCCL INFO Channel 12/0 : 2[2] -> 1[1] via P2P/CUMEM
cr1-p548xlarge-25:1955111:1955948 [2] NCCL INFO Channel 13/0 : 2[2] -> 1[1] via P2P/CUMEM
cr1-p548xlarge-25:1955111:1955948 [2] NCCL INFO Channel 14/0 : 2[2] -> 1[1] via P2P/CUMEM
cr1-p548xlarge-25:1955111:1955948 [2] NCCL INFO Channel 15/0 : 2[2] -> 1[1] via P2P/CUMEM
cr1-p548xlarge-25:1955111:1955948 [2] NCCL INFO Channel 16/0 : 2[2] -> 1[1] via P2P/CUMEM
cr1-p548xlarge-25:1955111:1955948 [2] NCCL INFO Channel 17/0 : 2[2] -> 1[1] via P2P/CUMEM
cr1-p548xlarge-25:1955111:1955948 [2] NCCL INFO Channel 18/0 : 2[2] -> 1[1] via P2P/CUMEM
cr1-p548xlarge-25:1955111:1955948 [2] NCCL INFO Channel 19/0 : 2[2] -> 1[1] via P2P/CUMEM
cr1-p548xlarge-25:1955111:1955948 [2] NCCL INFO Channel 20/0 : 2[2] -> 1[1] via P2P/CUMEM
cr1-p548xlarge-25:1955111:1955948 [2] NCCL INFO Channel 21/0 : 2[2] -> 1[1] via P2P/CUMEM
cr1-p548xlarge-25:1955111:1955948 [2] NCCL INFO Channel 22/0 : 2[2] -> 1[1] via P2P/CUMEM
cr1-p548xlarge-25:1955111:1955948 [2] NCCL INFO Channel 23/0 : 2[2] -> 1[1] via P2P/CUMEM
cr1-p548xlarge-25:1955110:1955946 [1] NCCL INFO Channel 07/0 : 1[1] -> 0[0] via P2P/CUMEM
cr1-p548xlarge-25:1955110:1955946 [1] NCCL INFO Channel 08/0 : 1[1] -> 0[0] via P2P/CUMEM
cr1-p548xlarge-25:1955110:1955946 [1] NCCL INFO Channel 09/0 : 1[1] -> 0[0] via P2P/CUMEM
cr1-p548xlarge-25:1955110:1955946 [1] NCCL INFO Channel 10/0 : 1[1] -> 0[0] via P2P/CUMEM
cr1-p548xlarge-25:1955110:1955946 [1] NCCL INFO Channel 11/0 : 1[1] -> 0[0] via P2P/CUMEM
cr1-p548xlarge-25:1955110:1955946 [1] NCCL INFO Channel 12/0 : 1[1] -> 0[0] via P2P/CUMEM
cr1-p548xlarge-25:1955110:1955946 [1] NCCL INFO Channel 13/0 : 1[1] -> 0[0] via P2P/CUMEM
cr1-p548xlarge-25:1955110:1955946 [1] NCCL INFO Channel 14/0 : 1[1] -> 0[0] via P2P/CUMEM
cr1-p548xlarge-25:1955110:1955946 [1] NCCL INFO Channel 15/0 : 1[1] -> 0[0] via P2P/CUMEM
cr1-p548xlarge-25:1955113:1955944 [4] NCCL INFO Connected all trees
cr1-p548xlarge-25:1955113:1955944 [4] NCCL INFO NCCL_NVLS_CHUNKSIZE set by environment to 524288.
cr1-p548xlarge-25:1955113:1955944 [4] NCCL INFO NVLS comm 0x55def95c39a0 headRank 4 nHeads 8 buffSize 4194304 memSize 2097152 nvlsPerRankSize 301989888 nvlsTotalSize 2415919104
cr1-p548xlarge-25:1955110:1955946 [1] NCCL INFO Channel 16/0 : 1[1] -> 0[0] via P2P/CUMEM
cr1-p548xlarge-25:1955110:1955946 [1] NCCL INFO Channel 17/0 : 1[1] -> 0[0] via P2P/CUMEM
cr1-p548xlarge-25:1955110:1955946 [1] NCCL INFO Channel 18/0 : 1[1] -> 0[0] via P2P/CUMEM
cr1-p548xlarge-25:1955110:1955946 [1] NCCL INFO Channel 19/0 : 1[1] -> 0[0] via P2P/CUMEM
cr1-p548xlarge-25:1955110:1955946 [1] NCCL INFO Channel 20/0 : 1[1] -> 0[0] via P2P/CUMEM
cr1-p548xlarge-25:1955110:1955946 [1] NCCL INFO Channel 21/0 : 1[1] -> 0[0] via P2P/CUMEM
cr1-p548xlarge-25:1955110:1955946 [1] NCCL INFO Channel 22/0 : 1[1] -> 0[0] via P2P/CUMEM
cr1-p548xlarge-25:1955110:1955946 [1] NCCL INFO Channel 23/0 : 1[1] -> 0[0] via P2P/CUMEM
cr1-p548xlarge-25:1955109:1955941 [0] NCCL INFO Connected all trees
cr1-p548xlarge-25:1955109:1955941 [0] NCCL INFO NCCL_NVLS_CHUNKSIZE set by environment to 524288.
cr1-p548xlarge-25:1955109:1955941 [0] NCCL INFO NVLS comm 0x55e2454181b0 headRank 0 nHeads 8 buffSize 4194304 memSize 2097152 nvlsPerRankSize 301989888 nvlsTotalSize 2415919104
cr1-p548xlarge-25:1955111:1955948 [2] NCCL INFO Connected all trees
cr1-p548xlarge-25:1955110:1955946 [1] NCCL INFO Connected all trees
cr1-p548xlarge-25:1955112:1955943 [3] NCCL INFO Connected all trees
cr1-p548xlarge-25:1955110:1955946 [1] NCCL INFO NCCL_NVLS_CHUNKSIZE set by environment to 524288.
cr1-p548xlarge-25:1955110:1955946 [1] NCCL INFO NVLS comm 0x55a1ad9b8b70 headRank 1 nHeads 8 buffSize 4194304 memSize 2097152 nvlsPerRankSize 301989888 nvlsTotalSize 2415919104
cr1-p548xlarge-25:1955112:1955943 [3] NCCL INFO NCCL_NVLS_CHUNKSIZE set by environment to 524288.
cr1-p548xlarge-25:1955112:1955943 [3] NCCL INFO NVLS comm 0x55bcf139ef50 headRank 3 nHeads 8 buffSize 4194304 memSize 2097152 nvlsPerRankSize 301989888 nvlsTotalSize 2415919104
cr1-p548xlarge-25:1955111:1955948 [2] NCCL INFO NCCL_NVLS_CHUNKSIZE set by environment to 524288.
cr1-p548xlarge-25:1955111:1955948 [2] NCCL INFO NVLS comm 0x55e64a11ed60 headRank 2 nHeads 8 buffSize 4194304 memSize 2097152 nvlsPerRankSize 301989888 nvlsTotalSize 2415919104
cr1-p548xlarge-25:1955110:1955946 [1] NCCL INFO NCCL_PROTO set by environment to simple
cr1-p548xlarge-25:1955110:1955946 [1] NCCL INFO NCCL_ALGO set by environment to tree
cr1-p548xlarge-25:1955110:1955946 [1] NCCL INFO threadThresholds 8/8/64 | 64/8/64 | 512 | 512
cr1-p548xlarge-25:1955110:1955946 [1] NCCL INFO 24 coll channels, 24 collnet channels, 16 nvls channels, 32 p2p channels, 32 p2p channels per peer
cr1-p548xlarge-25:1955113:1955944 [4] NCCL INFO NCCL_PROTO set by environment to simple
cr1-p548xlarge-25:1955113:1955944 [4] NCCL INFO NCCL_ALGO set by environment to tree
cr1-p548xlarge-25:1955113:1955944 [4] NCCL INFO threadThresholds 8/8/64 | 64/8/64 | 512 | 512
cr1-p548xlarge-25:1955113:1955944 [4] NCCL INFO 24 coll channels, 24 collnet channels, 16 nvls channels, 32 p2p channels, 32 p2p channels per peer
cr1-p548xlarge-25:1955114:1955942 [5] NCCL INFO NCCL_PROTO set by environment to simple
cr1-p548xlarge-25:1955114:1955942 [5] NCCL INFO NCCL_ALGO set by environment to tree
cr1-p548xlarge-25:1955114:1955942 [5] NCCL INFO threadThresholds 8/8/64 | 64/8/64 | 512 | 512
cr1-p548xlarge-25:1955114:1955942 [5] NCCL INFO 24 coll channels, 24 collnet channels, 16 nvls channels, 32 p2p channels, 32 p2p channels per peer
cr1-p548xlarge-25:1955115:1955945 [6] NCCL INFO NCCL_PROTO set by environment to simple
cr1-p548xlarge-25:1955115:1955945 [6] NCCL INFO NCCL_ALGO set by environment to tree
cr1-p548xlarge-25:1955115:1955945 [6] NCCL INFO threadThresholds 8/8/64 | 64/8/64 | 512 | 512
cr1-p548xlarge-25:1955115:1955945 [6] NCCL INFO 24 coll channels, 24 collnet channels, 16 nvls channels, 32 p2p channels, 32 p2p channels per peer
cr1-p548xlarge-25:1955109:1955941 [0] NCCL INFO NCCL_PROTO set by environment to simple
cr1-p548xlarge-25:1955116:1955947 [7] NCCL INFO NCCL_PROTO set by environment to simple
cr1-p548xlarge-25:1955109:1955941 [0] NCCL INFO NCCL_ALGO set by environment to tree
cr1-p548xlarge-25:1955116:1955947 [7] NCCL INFO NCCL_ALGO set by environment to tree
cr1-p548xlarge-25:1955116:1955947 [7] NCCL INFO threadThresholds 8/8/64 | 64/8/64 | 512 | 512
cr1-p548xlarge-25:1955116:1955947 [7] NCCL INFO 24 coll channels, 24 collnet channels, 16 nvls channels, 32 p2p channels, 32 p2p channels per peer
cr1-p548xlarge-25:1955109:1955941 [0] NCCL INFO threadThresholds 8/8/64 | 64/8/64 | 512 | 512
cr1-p548xlarge-25:1955109:1955941 [0] NCCL INFO 24 coll channels, 24 collnet channels, 16 nvls channels, 32 p2p channels, 32 p2p channels per peer
cr1-p548xlarge-25:1955111:1955948 [2] NCCL INFO NCCL_PROTO set by environment to simple
cr1-p548xlarge-25:1955111:1955948 [2] NCCL INFO NCCL_ALGO set by environment to tree
cr1-p548xlarge-25:1955111:1955948 [2] NCCL INFO threadThresholds 8/8/64 | 64/8/64 | 512 | 512
cr1-p548xlarge-25:1955111:1955948 [2] NCCL INFO 24 coll channels, 24 collnet channels, 16 nvls channels, 32 p2p channels, 32 p2p channels per peer
cr1-p548xlarge-25:1955112:1955943 [3] NCCL INFO NCCL_PROTO set by environment to simple
cr1-p548xlarge-25:1955112:1955943 [3] NCCL INFO NCCL_ALGO set by environment to tree
cr1-p548xlarge-25:1955112:1955943 [3] NCCL INFO threadThresholds 8/8/64 | 64/8/64 | 512 | 512
cr1-p548xlarge-25:1955112:1955943 [3] NCCL INFO 24 coll channels, 24 collnet channels, 16 nvls channels, 32 p2p channels, 32 p2p channels per peer
cr1-p548xlarge-25:1955114:1955942 [5] NCCL INFO TUNER/Plugin: Failed to find ncclTunerPlugin_v2, using internal tuner instead.
cr1-p548xlarge-25:1955114:1955942 [5] NCCL INFO ncclCommInitRank comm 0x560d0cab7750 rank 5 nranks 8 cudaDev 5 nvmlDev 5 busId a8000 commId 0x6b24749bfd35336b - Init COMPLETE
cr1-p548xlarge-25:1955110:1955946 [1] NCCL INFO TUNER/Plugin: Failed to find ncclTunerPlugin_v2, using internal tuner instead.
cr1-p548xlarge-25:1955110:1955946 [1] NCCL INFO ncclCommInitRank comm 0x55a1ad9b8b70 rank 1 nranks 8 cudaDev 1 nvmlDev 1 busId 64000 commId 0x6b24749bfd35336b - Init COMPLETE
cr1-p548xlarge-25:1955116:1955947 [7] NCCL INFO TUNER/Plugin: Failed to find ncclTunerPlugin_v2, using internal tuner instead.
cr1-p548xlarge-25:1955116:1955947 [7] NCCL INFO ncclCommInitRank comm 0x5621acaccaf0 rank 7 nranks 8 cudaDev 7 nvmlDev 7 busId ca000 commId 0x6b24749bfd35336b - Init COMPLETE
cr1-p548xlarge-25:1955113:1955944 [4] NCCL INFO TUNER/Plugin: Failed to find ncclTunerPlugin_v2, using internal tuner instead.
cr1-p548xlarge-25:1955113:1955944 [4] NCCL INFO ncclCommInitRank comm 0x55def95c39a0 rank 4 nranks 8 cudaDev 4 nvmlDev 4 busId 97000 commId 0x6b24749bfd35336b - Init COMPLETE
cr1-p548xlarge-25:1955115:1955945 [6] NCCL INFO TUNER/Plugin: Failed to find ncclTunerPlugin_v2, using internal tuner instead.
cr1-p548xlarge-25:1955115:1955945 [6] NCCL INFO ncclCommInitRank comm 0x556e27877280 rank 6 nranks 8 cudaDev 6 nvmlDev 6 busId b9000 commId 0x6b24749bfd35336b - Init COMPLETE
cr1-p548xlarge-25:1955112:1955943 [3] NCCL INFO TUNER/Plugin: Failed to find ncclTunerPlugin_v2, using internal tuner instead.
cr1-p548xlarge-25:1955112:1955943 [3] NCCL INFO ncclCommInitRank comm 0x55bcf139ef50 rank 3 nranks 8 cudaDev 3 nvmlDev 3 busId 86000 commId 0x6b24749bfd35336b - Init COMPLETE
cr1-p548xlarge-25:1955111:1955948 [2] NCCL INFO TUNER/Plugin: Failed to find ncclTunerPlugin_v2, using internal tuner instead.
cr1-p548xlarge-25:1955111:1955948 [2] NCCL INFO ncclCommInitRank comm 0x55e64a11ed60 rank 2 nranks 8 cudaDev 2 nvmlDev 2 busId 75000 commId 0x6b24749bfd35336b - Init COMPLETE
cr1-p548xlarge-25:1955109:1955941 [0] NCCL INFO TUNER/Plugin: Failed to find ncclTunerPlugin_v2, using internal tuner instead.
cr1-p548xlarge-25:1955109:1955941 [0] NCCL INFO ncclCommInitRank comm 0x55e2454181b0 rank 0 nranks 8 cudaDev 0 nvmlDev 0 busId 53000 commId 0x6b24749bfd35336b - Init COMPLETE
[2024-08-23 03:57:06,688] [INFO] [partition_parameters.py:345:__exit__] finished initializing model - num_params = 291, num_elems = 7.25B
Loading checkpoint shards:   0%|          | 0/3 [00:00<?, ?it/s]Loading checkpoint shards:   0%|          | 0/3 [00:00<?, ?it/s]Loading checkpoint shards:   0%|          | 0/3 [00:00<?, ?it/s]Loading checkpoint shards:   0%|          | 0/3 [00:00<?, ?it/s]Loading checkpoint shards:   0%|          | 0/3 [00:00<?, ?it/s]Loading checkpoint shards:   0%|          | 0/3 [00:00<?, ?it/s]Loading checkpoint shards:   0%|          | 0/3 [00:00<?, ?it/s]Loading checkpoint shards:   0%|          | 0/3 [00:00<?, ?it/s]Loading checkpoint shards:  33%|â–ˆâ–ˆâ–ˆâ–Ž      | 1/3 [00:00<00:00,  3.68it/s]Loading checkpoint shards:  33%|â–ˆâ–ˆâ–ˆâ–Ž      | 1/3 [00:00<00:00,  3.25it/s]Loading checkpoint shards:  33%|â–ˆâ–ˆâ–ˆâ–Ž      | 1/3 [00:00<00:00,  3.22it/s]Loading checkpoint shards:  33%|â–ˆâ–ˆâ–ˆâ–Ž      | 1/3 [00:00<00:00,  3.24it/s]Loading checkpoint shards:  33%|â–ˆâ–ˆâ–ˆâ–Ž      | 1/3 [00:00<00:00,  3.21it/s]Loading checkpoint shards:  33%|â–ˆâ–ˆâ–ˆâ–Ž      | 1/3 [00:00<00:00,  3.14it/s]Loading checkpoint shards:  33%|â–ˆâ–ˆâ–ˆâ–Ž      | 1/3 [00:00<00:00,  3.06it/s]Loading checkpoint shards:  33%|â–ˆâ–ˆâ–ˆâ–Ž      | 1/3 [00:09<00:18,  9.42s/it]Loading checkpoint shards:  67%|â–ˆâ–ˆâ–ˆâ–ˆâ–ˆâ–ˆâ–‹   | 2/3 [00:09<00:05,  5.77s/it]Loading checkpoint shards:  67%|â–ˆâ–ˆâ–ˆâ–ˆâ–ˆâ–ˆâ–‹   | 2/3 [00:09<00:05,  5.77s/it]Loading checkpoint shards:  67%|â–ˆâ–ˆâ–ˆâ–ˆâ–ˆâ–ˆâ–‹   | 2/3 [00:09<00:05,  5.77s/it]Loading checkpoint shards:  67%|â–ˆâ–ˆâ–ˆâ–ˆâ–ˆâ–ˆâ–‹   | 2/3 [00:09<00:05,  5.78s/it]Loading checkpoint shards:  67%|â–ˆâ–ˆâ–ˆâ–ˆâ–ˆâ–ˆâ–‹   | 2/3 [00:09<00:05,  5.79s/it]Loading checkpoint shards:  67%|â–ˆâ–ˆâ–ˆâ–ˆâ–ˆâ–ˆâ–‹   | 2/3 [00:09<00:05,  5.80s/it]Loading checkpoint shards:  67%|â–ˆâ–ˆâ–ˆâ–ˆâ–ˆâ–ˆâ–‹   | 2/3 [00:10<00:05,  5.91s/it]Loading checkpoint shards: 100%|â–ˆâ–ˆâ–ˆâ–ˆâ–ˆâ–ˆâ–ˆâ–ˆâ–ˆâ–ˆ| 3/3 [00:17<00:00,  6.83s/it]Loading checkpoint shards: 100%|â–ˆâ–ˆâ–ˆâ–ˆâ–ˆâ–ˆâ–ˆâ–ˆâ–ˆâ–ˆ| 3/3 [00:17<00:00,  6.83s/it]Loading checkpoint shards: 100%|â–ˆâ–ˆâ–ˆâ–ˆâ–ˆâ–ˆâ–ˆâ–ˆâ–ˆâ–ˆ| 3/3 [00:17<00:00,  6.00s/it]
Loading checkpoint shards: 100%|â–ˆâ–ˆâ–ˆâ–ˆâ–ˆâ–ˆâ–ˆâ–ˆâ–ˆâ–ˆ| 3/3 [00:17<00:00,  6.00s/it]
Loading checkpoint shards: 100%|â–ˆâ–ˆâ–ˆâ–ˆâ–ˆâ–ˆâ–ˆâ–ˆâ–ˆâ–ˆ| 3/3 [00:17<00:00,  6.82s/it]Loading checkpoint shards: 100%|â–ˆâ–ˆâ–ˆâ–ˆâ–ˆâ–ˆâ–ˆâ–ˆâ–ˆâ–ˆ| 3/3 [00:17<00:00,  5.99s/it]
Loading checkpoint shards: 100%|â–ˆâ–ˆâ–ˆâ–ˆâ–ˆâ–ˆâ–ˆâ–ˆâ–ˆâ–ˆ| 3/3 [00:17<00:00,  6.83s/it]Loading checkpoint shards: 100%|â–ˆâ–ˆâ–ˆâ–ˆâ–ˆâ–ˆâ–ˆâ–ˆâ–ˆâ–ˆ| 3/3 [00:17<00:00,  6.00s/it]
enable_input_require_grads!
enable_input_require_grads!
enable_input_require_grads!
enable_input_require_grads!
Loading checkpoint shards: 100%|â–ˆâ–ˆâ–ˆâ–ˆâ–ˆâ–ˆâ–ˆâ–ˆâ–ˆâ–ˆ| 3/3 [00:18<00:00,  6.83s/it]Loading checkpoint shards: 100%|â–ˆâ–ˆâ–ˆâ–ˆâ–ˆâ–ˆâ–ˆâ–ˆâ–ˆâ–ˆ| 3/3 [00:18<00:00,  6.01s/it]
Loading checkpoint shards: 100%|â–ˆâ–ˆâ–ˆâ–ˆâ–ˆâ–ˆâ–ˆâ–ˆâ–ˆâ–ˆ| 3/3 [00:18<00:00,  6.85s/it]Loading checkpoint shards: 100%|â–ˆâ–ˆâ–ˆâ–ˆâ–ˆâ–ˆâ–ˆâ–ˆâ–ˆâ–ˆ| 3/3 [00:18<00:00,  6.01s/it]
Loading checkpoint shards: 100%|â–ˆâ–ˆâ–ˆâ–ˆâ–ˆâ–ˆâ–ˆâ–ˆâ–ˆâ–ˆ| 3/3 [00:18<00:00,  6.85s/it]Loading checkpoint shards: 100%|â–ˆâ–ˆâ–ˆâ–ˆâ–ˆâ–ˆâ–ˆâ–ˆâ–ˆâ–ˆ| 3/3 [00:18<00:00,  6.02s/it]
enable_input_require_grads!
enable_input_require_grads!
enable_input_require_grads!
Loading checkpoint shards:  67%|â–ˆâ–ˆâ–ˆâ–ˆâ–ˆâ–ˆâ–‹   | 2/3 [00:19<00:09,  9.59s/it]Loading checkpoint shards: 100%|â–ˆâ–ˆâ–ˆâ–ˆâ–ˆâ–ˆâ–ˆâ–ˆâ–ˆâ–ˆ| 3/3 [00:28<00:00,  9.46s/it]Loading checkpoint shards: 100%|â–ˆâ–ˆâ–ˆâ–ˆâ–ˆâ–ˆâ–ˆâ–ˆâ–ˆâ–ˆ| 3/3 [00:28<00:00,  9.48s/it]
enable_input_require_grads!
trainable params: 6,815,744 || all params: 7,254,839,296 || trainable%: 0.0939
Finetune with LORA setting:  None
trainable params: 6,815,744 || all params: 7,254,839,296 || trainable%: 0.0939
Finetune with LORA setting:  None
trainable params: 6,815,744 || all params: 7,254,839,296 || trainable%: 0.0939
Finetune with LORA setting:  None
trainable params: 6,815,744 || all params: 7,254,839,296 || trainable%: 0.0939
Finetune with LORA setting:  None
trainable params: 6,815,744 || all params: 7,254,839,296 || trainable%: 0.0939
Finetune with LORA setting:  None
trainable params: 6,815,744 || all params: 7,254,839,296 || trainable%: 0.0939
Finetune with LORA setting:  None
trainable params: 6,815,744 || all params: 7,254,839,296 || trainable%: 0.0939
Finetune with LORA setting:  None
trainable params: 6,815,744 || all params: 7,254,839,296 || trainable%: 0.0939
Finetune with LORA setting:  None
WARNING:root:Loading data...
WARNING:root:Loading data...
WARNING:root:Loading data...
WARNING:root:Loading data...
WARNING:root:Loading data...
WARNING:root:Loading data...
WARNING:root:Loading data...
WARNING:root:Loading data...
WARNING:root:Formatting inputs...
WARNING:root:Formatting inputs...
WARNING:root:Formatting inputs...
WARNING:root:Formatting inputs...
WARNING:root:Formatting inputs...
WARNING:root:Formatting inputs...
WARNING:root:Formatting inputs...
WARNING:root:Formatting inputs...
WARNING:root:Tokenizing inputs... This may take some time...
WARNING:root:Tokenizing inputs... This may take some time...
WARNING:root:Tokenizing inputs... This may take some time...
WARNING:root:Tokenizing inputs... This may take some time...
WARNING:root:Tokenizing inputs... This may take some time...
WARNING:root:Tokenizing inputs... This may take some time...
WARNING:root:Tokenizing inputs... This may take some time...
WARNING:root:Tokenizing inputs... This may take some time...
[rank3]:[W Utils.hpp:135] Warning: Environment variable NCCL_ASYNC_ERROR_HANDLING is deprecated; use TORCH_NCCL_ASYNC_ERROR_HANDLING instead (function getCvarInt)
[rank7]:[W Utils.hpp:135] Warning: Environment variable NCCL_ASYNC_ERROR_HANDLING is deprecated; use TORCH_NCCL_ASYNC_ERROR_HANDLING instead (function getCvarInt)
[rank5]:[W Utils.hpp:135] Warning: Environment variable NCCL_ASYNC_ERROR_HANDLING is deprecated; use TORCH_NCCL_ASYNC_ERROR_HANDLING instead (function getCvarInt)
[rank4]:[W Utils.hpp:135] Warning: Environment variable NCCL_ASYNC_ERROR_HANDLING is deprecated; use TORCH_NCCL_ASYNC_ERROR_HANDLING instead (function getCvarInt)
Using /opt/hpcaas/.mounts/fs-0301404b74c8d22fd/home/yunyun/.cache/torch_extensions/py311_cu121 as PyTorch extensions root...Using /opt/hpcaas/.mounts/fs-0301404b74c8d22fd/home/yunyun/.cache/torch_extensions/py311_cu121 as PyTorch extensions root...
Using /opt/hpcaas/.mounts/fs-0301404b74c8d22fd/home/yunyun/.cache/torch_extensions/py311_cu121 as PyTorch extensions root...

[rank6]:[W Utils.hpp:135] Warning: Environment variable NCCL_ASYNC_ERROR_HANDLING is deprecated; use TORCH_NCCL_ASYNC_ERROR_HANDLING instead (function getCvarInt)
Using /opt/hpcaas/.mounts/fs-0301404b74c8d22fd/home/yunyun/.cache/torch_extensions/py311_cu121 as PyTorch extensions root...
[rank0]:[W Utils.hpp:135] Warning: Environment variable NCCL_ASYNC_ERROR_HANDLING is deprecated; use TORCH_NCCL_ASYNC_ERROR_HANDLING instead (function getCvarInt)
Using /opt/hpcaas/.mounts/fs-0301404b74c8d22fd/home/yunyun/.cache/torch_extensions/py311_cu121 as PyTorch extensions root...
Using /opt/hpcaas/.mounts/fs-0301404b74c8d22fd/home/yunyun/.cache/torch_extensions/py311_cu121 as PyTorch extensions root...
Detected CUDA files, patching ldflags
Emitting ninja build file /opt/hpcaas/.mounts/fs-0301404b74c8d22fd/home/yunyun/.cache/torch_extensions/py311_cu121/fused_adam/build.ninja...
/data/home/yunyun/miniconda3/envs/newtorch2/lib/python3.11/site-packages/torch/utils/cpp_extension.py:1967: UserWarning: TORCH_CUDA_ARCH_LIST is not set, all archs for visible cards are included for compilation. 
If this is not desired, please set os.environ['TORCH_CUDA_ARCH_LIST'].
  warnings.warn(
Building extension module fused_adam...
Allowing ninja to set a default number of workers... (overridable by setting the environment variable MAX_JOBS=N)
ninja: no work to do.
Loading extension module fused_adam...
Loading extension module fused_adam...Loading extension module fused_adam...

Loading extension module fused_adam...
Loading extension module fused_adam...
Loading extension module fused_adam...
Time to load fused_adam op: 2.847750425338745 seconds
Time to load fused_adam op: 2.9057934284210205 secondsTime to load fused_adam op: 2.799867868423462 secondsTime to load fused_adam op: 2.873753309249878 secondsTime to load fused_adam op: 2.9062821865081787 seconds



Time to load fused_adam op: 2.90644907951355 seconds
Parameter Offload: Total persistent parameters: 275517440 in 257 params
[rank2]:[W Utils.hpp:135] Warning: Environment variable NCCL_ASYNC_ERROR_HANDLING is deprecated; use TORCH_NCCL_ASYNC_ERROR_HANDLING instead (function getCvarInt)
Using /opt/hpcaas/.mounts/fs-0301404b74c8d22fd/home/yunyun/.cache/torch_extensions/py311_cu121 as PyTorch extensions root...
Detected CUDA files, patching ldflags
Emitting ninja build file /opt/hpcaas/.mounts/fs-0301404b74c8d22fd/home/yunyun/.cache/torch_extensions/py311_cu121/fused_adam/build.ninja...
/data/home/yunyun/miniconda3/envs/newtorch2/lib/python3.11/site-packages/torch/utils/cpp_extension.py:1967: UserWarning: TORCH_CUDA_ARCH_LIST is not set, all archs for visible cards are included for compilation. 
If this is not desired, please set os.environ['TORCH_CUDA_ARCH_LIST'].
  warnings.warn(
Building extension module fused_adam...
Allowing ninja to set a default number of workers... (overridable by setting the environment variable MAX_JOBS=N)
ninja: no work to do.
Loading extension module fused_adam...
Time to load fused_adam op: 0.3304932117462158 seconds
[rank1]:[W Utils.hpp:135] Warning: Environment variable NCCL_ASYNC_ERROR_HANDLING is deprecated; use TORCH_NCCL_ASYNC_ERROR_HANDLING instead (function getCvarInt)
Using /opt/hpcaas/.mounts/fs-0301404b74c8d22fd/home/yunyun/.cache/torch_extensions/py311_cu121 as PyTorch extensions root...
Detected CUDA files, patching ldflags
Emitting ninja build file /opt/hpcaas/.mounts/fs-0301404b74c8d22fd/home/yunyun/.cache/torch_extensions/py311_cu121/fused_adam/build.ninja...
/data/home/yunyun/miniconda3/envs/newtorch2/lib/python3.11/site-packages/torch/utils/cpp_extension.py:1967: UserWarning: TORCH_CUDA_ARCH_LIST is not set, all archs for visible cards are included for compilation. 
If this is not desired, please set os.environ['TORCH_CUDA_ARCH_LIST'].
  warnings.warn(
Building extension module fused_adam...
Allowing ninja to set a default number of workers... (overridable by setting the environment variable MAX_JOBS=N)
ninja: no work to do.
Loading extension module fused_adam...
Time to load fused_adam op: 0.31700778007507324 seconds
  0%|          | 0/270 [00:00<?, ?it/s]/data/home/yunyun/miniconda3/envs/newtorch2/lib/python3.11/site-packages/torch/utils/checkpoint.py:464: UserWarning: torch.utils.checkpoint: the use_reentrant parameter should be passed explicitly. In version 2.4 we will raise an exception if use_reentrant is not passed. use_reentrant=False is recommended, but if you need to preserve the current default behavior, you can pass use_reentrant=True. Refer to docs for more details on the differences between the two variants.
  warnings.warn(
/data/home/yunyun/miniconda3/envs/newtorch2/lib/python3.11/site-packages/torch/utils/checkpoint.py:464: UserWarning: torch.utils.checkpoint: the use_reentrant parameter should be passed explicitly. In version 2.4 we will raise an exception if use_reentrant is not passed. use_reentrant=False is recommended, but if you need to preserve the current default behavior, you can pass use_reentrant=True. Refer to docs for more details on the differences between the two variants.
  warnings.warn(
/data/home/yunyun/miniconda3/envs/newtorch2/lib/python3.11/site-packages/torch/utils/checkpoint.py:464: UserWarning: torch.utils.checkpoint: the use_reentrant parameter should be passed explicitly. In version 2.4 we will raise an exception if use_reentrant is not passed. use_reentrant=False is recommended, but if you need to preserve the current default behavior, you can pass use_reentrant=True. Refer to docs for more details on the differences between the two variants.
  warnings.warn(
/data/home/yunyun/miniconda3/envs/newtorch2/lib/python3.11/site-packages/torch/utils/checkpoint.py:464: UserWarning: torch.utils.checkpoint: the use_reentrant parameter should be passed explicitly. In version 2.4 we will raise an exception if use_reentrant is not passed. use_reentrant=False is recommended, but if you need to preserve the current default behavior, you can pass use_reentrant=True. Refer to docs for more details on the differences between the two variants.
  warnings.warn(
/data/home/yunyun/miniconda3/envs/newtorch2/lib/python3.11/site-packages/torch/utils/checkpoint.py:464: UserWarning: torch.utils.checkpoint: the use_reentrant parameter should be passed explicitly. In version 2.4 we will raise an exception if use_reentrant is not passed. use_reentrant=False is recommended, but if you need to preserve the current default behavior, you can pass use_reentrant=True. Refer to docs for more details on the differences between the two variants.
  warnings.warn(
/data/home/yunyun/miniconda3/envs/newtorch2/lib/python3.11/site-packages/torch/utils/checkpoint.py:464: UserWarning: torch.utils.checkpoint: the use_reentrant parameter should be passed explicitly. In version 2.4 we will raise an exception if use_reentrant is not passed. use_reentrant=False is recommended, but if you need to preserve the current default behavior, you can pass use_reentrant=True. Refer to docs for more details on the differences between the two variants.
  warnings.warn(
/data/home/yunyun/miniconda3/envs/newtorch2/lib/python3.11/site-packages/torch/utils/checkpoint.py:464: UserWarning: torch.utils.checkpoint: the use_reentrant parameter should be passed explicitly. In version 2.4 we will raise an exception if use_reentrant is not passed. use_reentrant=False is recommended, but if you need to preserve the current default behavior, you can pass use_reentrant=True. Refer to docs for more details on the differences between the two variants.
  warnings.warn(
/data/home/yunyun/miniconda3/envs/newtorch2/lib/python3.11/site-packages/torch/utils/checkpoint.py:464: UserWarning: torch.utils.checkpoint: the use_reentrant parameter should be passed explicitly. In version 2.4 we will raise an exception if use_reentrant is not passed. use_reentrant=False is recommended, but if you need to preserve the current default behavior, you can pass use_reentrant=True. Refer to docs for more details on the differences between the two variants.
  warnings.warn(
cr1-p548xlarge-25:1955113:1958317 [4] NCCL INFO NET/OFI Libfabric provider associates MRs with domains
cr1-p548xlarge-25:1955115:1958319 [6] NCCL INFO NET/OFI Libfabric provider associates MRs with domains
cr1-p548xlarge-25:1955114:1958315 [5] NCCL INFO NET/OFI Libfabric provider associates MRs with domains
cr1-p548xlarge-25:1955116:1958316 [7] NCCL INFO NET/OFI Libfabric provider associates MRs with domains
cr1-p548xlarge-25:1955109:1958314 [0] NCCL INFO NET/OFI Libfabric provider associates MRs with domains
cr1-p548xlarge-25:1955112:1958318 [3] NCCL INFO NET/OFI Libfabric provider associates MRs with domains
cr1-p548xlarge-25:1955110:1958320 [1] NCCL INFO NET/OFI Libfabric provider associates MRs with domains
cr1-p548xlarge-25:1955111:1958321 [2] NCCL INFO NET/OFI Libfabric provider associates MRs with domains
cr1-p548xlarge-25:1955113:1958317 [4] NCCL INFO Using non-device net plugin version 0
cr1-p548xlarge-25:1955115:1958319 [6] NCCL INFO Using non-device net plugin version 0
cr1-p548xlarge-25:1955116:1958316 [7] NCCL INFO Using non-device net plugin version 0
cr1-p548xlarge-25:1955114:1958315 [5] NCCL INFO Using non-device net plugin version 0
cr1-p548xlarge-25:1955109:1958314 [0] NCCL INFO Using non-device net plugin version 0
cr1-p548xlarge-25:1955112:1958318 [3] NCCL INFO Using non-device net plugin version 0
cr1-p548xlarge-25:1955110:1958320 [1] NCCL INFO Using non-device net plugin version 0
cr1-p548xlarge-25:1955111:1958321 [2] NCCL INFO Using non-device net plugin version 0
cr1-p548xlarge-25:1955113:1958317 [4] NCCL INFO Using network AWS Libfabric
cr1-p548xlarge-25:1955115:1958319 [6] NCCL INFO Using network AWS Libfabric
cr1-p548xlarge-25:1955116:1958316 [7] NCCL INFO Using network AWS Libfabric
cr1-p548xlarge-25:1955114:1958315 [5] NCCL INFO Using network AWS Libfabric
cr1-p548xlarge-25:1955112:1958318 [3] NCCL INFO Using network AWS Libfabric
cr1-p548xlarge-25:1955110:1958320 [1] NCCL INFO Using network AWS Libfabric
cr1-p548xlarge-25:1955111:1958321 [2] NCCL INFO Using network AWS Libfabric
cr1-p548xlarge-25:1955109:1958314 [0] NCCL INFO Using network AWS Libfabric
cr1-p548xlarge-25:1955113:1958317 [4] NCCL INFO DMA-BUF is available on GPU device 4
cr1-p548xlarge-25:1955115:1958319 [6] NCCL INFO DMA-BUF is available on GPU device 6
cr1-p548xlarge-25:1955111:1958321 [2] NCCL INFO DMA-BUF is available on GPU device 2
cr1-p548xlarge-25:1955116:1958316 [7] NCCL INFO DMA-BUF is available on GPU device 7
cr1-p548xlarge-25:1955114:1958315 [5] NCCL INFO DMA-BUF is available on GPU device 5
cr1-p548xlarge-25:1955112:1958318 [3] NCCL INFO DMA-BUF is available on GPU device 3
cr1-p548xlarge-25:1955110:1958320 [1] NCCL INFO DMA-BUF is available on GPU device 1
cr1-p548xlarge-25:1955109:1958314 [0] NCCL INFO DMA-BUF is available on GPU device 0
cr1-p548xlarge-25:1955110:1958320 [1] NCCL INFO bootstrapSplit: comm 0x55a1c8a80b80 parent 0x55a1ad9b8b70 rank 1 nranks 8 color -934961569 key 1 prev 0 next 2 - DONE
cr1-p548xlarge-25:1955109:1958314 [0] NCCL INFO bootstrapSplit: comm 0x55e25f0e1f00 parent 0x55e2454181b0 rank 0 nranks 8 color -934961569 key 0 prev 7 next 1 - DONE
cr1-p548xlarge-25:1955116:1958316 [7] NCCL INFO bootstrapSplit: comm 0x5621c67c8530 parent 0x5621acaccaf0 rank 7 nranks 8 color -934961569 key 7 prev 6 next 0 - DONE
cr1-p548xlarge-25:1955115:1958319 [6] NCCL INFO bootstrapSplit: comm 0x556e429132a0 parent 0x556e27877280 rank 6 nranks 8 color -934961569 key 6 prev 5 next 7 - DONE
cr1-p548xlarge-25:1955114:1958315 [5] NCCL INFO bootstrapSplit: comm 0x560d27b790c0 parent 0x560d0cab7750 rank 5 nranks 8 color -934961569 key 5 prev 4 next 6 - DONE
cr1-p548xlarge-25:1955113:1958317 [4] NCCL INFO bootstrapSplit: comm 0x55df132c4e90 parent 0x55def95c39a0 rank 4 nranks 8 color -934961569 key 4 prev 3 next 5 - DONE
cr1-p548xlarge-25:1955110:1958320 [1] NCCL INFO ncclCommSplit comm 0x55a1c8a80b80 rank 1 nranks 8 cudaDev 1 nvmlDev 1 busId 64000 parent 0x55a1ad9b8b70 color -934961569 key 1 commId 0xd862df467ac321e0 - Init START
cr1-p548xlarge-25:1955112:1958318 [3] NCCL INFO bootstrapSplit: comm 0x55bd0af13150 parent 0x55bcf139ef50 rank 3 nranks 8 color -934961569 key 3 prev 2 next 4 - DONE
cr1-p548xlarge-25:1955111:1958321 [2] NCCL INFO bootstrapSplit: comm 0x55e663c981f0 parent 0x55e64a11ed60 rank 2 nranks 8 color -934961569 key 2 prev 1 next 3 - DONE
cr1-p548xlarge-25:1955109:1958314 [0] NCCL INFO ncclCommSplit comm 0x55e25f0e1f00 rank 0 nranks 8 cudaDev 0 nvmlDev 0 busId 53000 parent 0x55e2454181b0 color -934961569 key 0 commId 0xd862df467ac321e0 - Init START
cr1-p548xlarge-25:1955116:1958316 [7] NCCL INFO ncclCommSplit comm 0x5621c67c8530 rank 7 nranks 8 cudaDev 7 nvmlDev 7 busId ca000 parent 0x5621acaccaf0 color -934961569 key 7 commId 0xd862df467ac321e0 - Init START
