cr2-p548xlarge-0:2555798:2556638 [2] NCCL INFO Channel 10/0 : 2[2] -> 3[3] via P2P/CUMEM
cr2-p548xlarge-0:2555796:2556630 [0] NCCL INFO Channel 07/0 : 0[0] -> 1[1] via P2P/CUMEM
cr2-p548xlarge-0:2555799:2556631 [3] NCCL INFO Channel 23/0 : 3[3] -> 4[4] via P2P/CUMEM
cr2-p548xlarge-0:2555797:2556636 [1] NCCL INFO Channel 05/0 : 1[1] -> 2[2] via P2P/CUMEM
cr2-p548xlarge-0:2555798:2556638 [2] NCCL INFO Channel 11/0 : 2[2] -> 3[3] via P2P/CUMEM
cr2-p548xlarge-0:2555796:2556630 [0] NCCL INFO Channel 08/0 : 0[0] -> 1[1] via P2P/CUMEM
cr2-p548xlarge-0:2555798:2556638 [2] NCCL INFO Channel 12/0 : 2[2] -> 3[3] via P2P/CUMEM
cr2-p548xlarge-0:2555797:2556636 [1] NCCL INFO Channel 06/0 : 1[1] -> 2[2] via P2P/CUMEM
cr2-p548xlarge-0:2555798:2556638 [2] NCCL INFO Channel 13/0 : 2[2] -> 3[3] via P2P/CUMEM
cr2-p548xlarge-0:2555796:2556630 [0] NCCL INFO Channel 09/0 : 0[0] -> 1[1] via P2P/CUMEM
cr2-p548xlarge-0:2555797:2556636 [1] NCCL INFO Channel 07/0 : 1[1] -> 2[2] via P2P/CUMEM
cr2-p548xlarge-0:2555798:2556638 [2] NCCL INFO Channel 14/0 : 2[2] -> 3[3] via P2P/CUMEM
cr2-p548xlarge-0:2555796:2556630 [0] NCCL INFO Channel 10/0 : 0[0] -> 1[1] via P2P/CUMEM
cr2-p548xlarge-0:2555797:2556636 [1] NCCL INFO Channel 08/0 : 1[1] -> 2[2] via P2P/CUMEM
cr2-p548xlarge-0:2555796:2556630 [0] NCCL INFO Channel 11/0 : 0[0] -> 1[1] via P2P/CUMEM
cr2-p548xlarge-0:2555798:2556638 [2] NCCL INFO Channel 15/0 : 2[2] -> 3[3] via P2P/CUMEM
cr2-p548xlarge-0:2555797:2556636 [1] NCCL INFO Channel 09/0 : 1[1] -> 2[2] via P2P/CUMEM
cr2-p548xlarge-0:2555801:2556634 [5] NCCL INFO Connected all rings
cr2-p548xlarge-0:2555801:2556634 [5] NCCL INFO Channel 00/0 : 5[5] -> 4[4] via P2P/CUMEM
cr2-p548xlarge-0:2555801:2556634 [5] NCCL INFO Channel 01/0 : 5[5] -> 4[4] via P2P/CUMEM
cr2-p548xlarge-0:2555801:2556634 [5] NCCL INFO Channel 02/0 : 5[5] -> 4[4] via P2P/CUMEM
cr2-p548xlarge-0:2555801:2556634 [5] NCCL INFO Channel 03/0 : 5[5] -> 4[4] via P2P/CUMEM
cr2-p548xlarge-0:2555801:2556634 [5] NCCL INFO Channel 04/0 : 5[5] -> 4[4] via P2P/CUMEM
cr2-p548xlarge-0:2555801:2556634 [5] NCCL INFO Channel 05/0 : 5[5] -> 4[4] via P2P/CUMEM
cr2-p548xlarge-0:2555801:2556634 [5] NCCL INFO Channel 06/0 : 5[5] -> 4[4] via P2P/CUMEM
cr2-p548xlarge-0:2555801:2556634 [5] NCCL INFO Channel 07/0 : 5[5] -> 4[4] via P2P/CUMEM
cr2-p548xlarge-0:2555801:2556634 [5] NCCL INFO Channel 08/0 : 5[5] -> 4[4] via P2P/CUMEM
cr2-p548xlarge-0:2555798:2556638 [2] NCCL INFO Channel 16/0 : 2[2] -> 3[3] via P2P/CUMEM
cr2-p548xlarge-0:2555797:2556636 [1] NCCL INFO Channel 10/0 : 1[1] -> 2[2] via P2P/CUMEM
cr2-p548xlarge-0:2555801:2556634 [5] NCCL INFO Channel 09/0 : 5[5] -> 4[4] via P2P/CUMEM
cr2-p548xlarge-0:2555801:2556634 [5] NCCL INFO Channel 10/0 : 5[5] -> 4[4] via P2P/CUMEM
cr2-p548xlarge-0:2555801:2556634 [5] NCCL INFO Channel 11/0 : 5[5] -> 4[4] via P2P/CUMEM
cr2-p548xlarge-0:2555801:2556634 [5] NCCL INFO Channel 12/0 : 5[5] -> 4[4] via P2P/CUMEM
cr2-p548xlarge-0:2555801:2556634 [5] NCCL INFO Channel 13/0 : 5[5] -> 4[4] via P2P/CUMEM
cr2-p548xlarge-0:2555801:2556634 [5] NCCL INFO Channel 14/0 : 5[5] -> 4[4] via P2P/CUMEM
cr2-p548xlarge-0:2555801:2556634 [5] NCCL INFO Channel 15/0 : 5[5] -> 4[4] via P2P/CUMEM
cr2-p548xlarge-0:2555801:2556634 [5] NCCL INFO Channel 16/0 : 5[5] -> 4[4] via P2P/CUMEM
cr2-p548xlarge-0:2555801:2556634 [5] NCCL INFO Channel 17/0 : 5[5] -> 4[4] via P2P/CUMEM
cr2-p548xlarge-0:2555801:2556634 [5] NCCL INFO Channel 18/0 : 5[5] -> 4[4] via P2P/CUMEM
cr2-p548xlarge-0:2555801:2556634 [5] NCCL INFO Channel 19/0 : 5[5] -> 4[4] via P2P/CUMEM
cr2-p548xlarge-0:2555801:2556634 [5] NCCL INFO Channel 20/0 : 5[5] -> 4[4] via P2P/CUMEM
cr2-p548xlarge-0:2555801:2556634 [5] NCCL INFO Channel 21/0 : 5[5] -> 4[4] via P2P/CUMEM
cr2-p548xlarge-0:2555801:2556634 [5] NCCL INFO Channel 22/0 : 5[5] -> 4[4] via P2P/CUMEM
cr2-p548xlarge-0:2555801:2556634 [5] NCCL INFO Channel 23/0 : 5[5] -> 4[4] via P2P/CUMEM
cr2-p548xlarge-0:2555796:2556630 [0] NCCL INFO Channel 12/0 : 0[0] -> 1[1] via P2P/CUMEM
cr2-p548xlarge-0:2555798:2556638 [2] NCCL INFO Channel 17/0 : 2[2] -> 3[3] via P2P/CUMEM
cr2-p548xlarge-0:2555797:2556636 [1] NCCL INFO Channel 11/0 : 1[1] -> 2[2] via P2P/CUMEM
cr2-p548xlarge-0:2555796:2556630 [0] NCCL INFO Channel 13/0 : 0[0] -> 1[1] via P2P/CUMEM
cr2-p548xlarge-0:2555798:2556638 [2] NCCL INFO Channel 18/0 : 2[2] -> 3[3] via P2P/CUMEM
cr2-p548xlarge-0:2555798:2556638 [2] NCCL INFO Channel 19/0 : 2[2] -> 3[3] via P2P/CUMEM
cr2-p548xlarge-0:2555797:2556636 [1] NCCL INFO Channel 12/0 : 1[1] -> 2[2] via P2P/CUMEM
cr2-p548xlarge-0:2555796:2556630 [0] NCCL INFO Channel 14/0 : 0[0] -> 1[1] via P2P/CUMEM
cr2-p548xlarge-0:2555798:2556638 [2] NCCL INFO Channel 20/0 : 2[2] -> 3[3] via P2P/CUMEM
cr2-p548xlarge-0:2555796:2556630 [0] NCCL INFO Channel 15/0 : 0[0] -> 1[1] via P2P/CUMEM
cr2-p548xlarge-0:2555797:2556636 [1] NCCL INFO Channel 13/0 : 1[1] -> 2[2] via P2P/CUMEM
cr2-p548xlarge-0:2555798:2556638 [2] NCCL INFO Channel 21/0 : 2[2] -> 3[3] via P2P/CUMEM
cr2-p548xlarge-0:2555796:2556630 [0] NCCL INFO Channel 16/0 : 0[0] -> 1[1] via P2P/CUMEM
cr2-p548xlarge-0:2555798:2556638 [2] NCCL INFO Channel 22/0 : 2[2] -> 3[3] via P2P/CUMEM
cr2-p548xlarge-0:2555797:2556636 [1] NCCL INFO Channel 14/0 : 1[1] -> 2[2] via P2P/CUMEM
cr2-p548xlarge-0:2555798:2556638 [2] NCCL INFO Channel 23/0 : 2[2] -> 3[3] via P2P/CUMEM
cr2-p548xlarge-0:2555796:2556630 [0] NCCL INFO Channel 17/0 : 0[0] -> 1[1] via P2P/CUMEM
cr2-p548xlarge-0:2555797:2556636 [1] NCCL INFO Channel 15/0 : 1[1] -> 2[2] via P2P/CUMEM
cr2-p548xlarge-0:2555797:2556636 [1] NCCL INFO Channel 16/0 : 1[1] -> 2[2] via P2P/CUMEM
cr2-p548xlarge-0:2555796:2556630 [0] NCCL INFO Channel 18/0 : 0[0] -> 1[1] via P2P/CUMEM
cr2-p548xlarge-0:2555796:2556630 [0] NCCL INFO Channel 19/0 : 0[0] -> 1[1] via P2P/CUMEM
cr2-p548xlarge-0:2555796:2556630 [0] NCCL INFO Channel 20/0 : 0[0] -> 1[1] via P2P/CUMEM
cr2-p548xlarge-0:2555796:2556630 [0] NCCL INFO Channel 21/0 : 0[0] -> 1[1] via P2P/CUMEM
cr2-p548xlarge-0:2555796:2556630 [0] NCCL INFO Channel 22/0 : 0[0] -> 1[1] via P2P/CUMEM
cr2-p548xlarge-0:2555796:2556630 [0] NCCL INFO Channel 23/0 : 0[0] -> 1[1] via P2P/CUMEM
cr2-p548xlarge-0:2555797:2556636 [1] NCCL INFO Channel 17/0 : 1[1] -> 2[2] via P2P/CUMEM
cr2-p548xlarge-0:2555797:2556636 [1] NCCL INFO Channel 18/0 : 1[1] -> 2[2] via P2P/CUMEM
cr2-p548xlarge-0:2555797:2556636 [1] NCCL INFO Channel 19/0 : 1[1] -> 2[2] via P2P/CUMEM
cr2-p548xlarge-0:2555797:2556636 [1] NCCL INFO Channel 20/0 : 1[1] -> 2[2] via P2P/CUMEM
cr2-p548xlarge-0:2555797:2556636 [1] NCCL INFO Channel 21/0 : 1[1] -> 2[2] via P2P/CUMEM
cr2-p548xlarge-0:2555802:2556635 [6] NCCL INFO Connected all rings
cr2-p548xlarge-0:2555797:2556636 [1] NCCL INFO Channel 22/0 : 1[1] -> 2[2] via P2P/CUMEM
cr2-p548xlarge-0:2555802:2556635 [6] NCCL INFO Channel 00/0 : 6[6] -> 5[5] via P2P/CUMEM
cr2-p548xlarge-0:2555802:2556635 [6] NCCL INFO Channel 01/0 : 6[6] -> 5[5] via P2P/CUMEM
cr2-p548xlarge-0:2555802:2556635 [6] NCCL INFO Channel 02/0 : 6[6] -> 5[5] via P2P/CUMEM
cr2-p548xlarge-0:2555802:2556635 [6] NCCL INFO Channel 03/0 : 6[6] -> 5[5] via P2P/CUMEM
cr2-p548xlarge-0:2555802:2556635 [6] NCCL INFO Channel 04/0 : 6[6] -> 5[5] via P2P/CUMEM
cr2-p548xlarge-0:2555802:2556635 [6] NCCL INFO Channel 05/0 : 6[6] -> 5[5] via P2P/CUMEM
cr2-p548xlarge-0:2555802:2556635 [6] NCCL INFO Channel 06/0 : 6[6] -> 5[5] via P2P/CUMEM
cr2-p548xlarge-0:2555802:2556635 [6] NCCL INFO Channel 07/0 : 6[6] -> 5[5] via P2P/CUMEM
cr2-p548xlarge-0:2555802:2556635 [6] NCCL INFO Channel 08/0 : 6[6] -> 5[5] via P2P/CUMEM
cr2-p548xlarge-0:2555802:2556635 [6] NCCL INFO Channel 09/0 : 6[6] -> 5[5] via P2P/CUMEM
cr2-p548xlarge-0:2555802:2556635 [6] NCCL INFO Channel 10/0 : 6[6] -> 5[5] via P2P/CUMEM
cr2-p548xlarge-0:2555802:2556635 [6] NCCL INFO Channel 11/0 : 6[6] -> 5[5] via P2P/CUMEM
cr2-p548xlarge-0:2555802:2556635 [6] NCCL INFO Channel 12/0 : 6[6] -> 5[5] via P2P/CUMEM
cr2-p548xlarge-0:2555802:2556635 [6] NCCL INFO Channel 13/0 : 6[6] -> 5[5] via P2P/CUMEM
cr2-p548xlarge-0:2555802:2556635 [6] NCCL INFO Channel 14/0 : 6[6] -> 5[5] via P2P/CUMEM
cr2-p548xlarge-0:2555802:2556635 [6] NCCL INFO Channel 15/0 : 6[6] -> 5[5] via P2P/CUMEM
cr2-p548xlarge-0:2555802:2556635 [6] NCCL INFO Channel 16/0 : 6[6] -> 5[5] via P2P/CUMEM
cr2-p548xlarge-0:2555802:2556635 [6] NCCL INFO Channel 17/0 : 6[6] -> 5[5] via P2P/CUMEM
cr2-p548xlarge-0:2555802:2556635 [6] NCCL INFO Channel 18/0 : 6[6] -> 5[5] via P2P/CUMEM
cr2-p548xlarge-0:2555802:2556635 [6] NCCL INFO Channel 19/0 : 6[6] -> 5[5] via P2P/CUMEM
cr2-p548xlarge-0:2555802:2556635 [6] NCCL INFO Channel 20/0 : 6[6] -> 5[5] via P2P/CUMEM
cr2-p548xlarge-0:2555802:2556635 [6] NCCL INFO Channel 21/0 : 6[6] -> 5[5] via P2P/CUMEM
cr2-p548xlarge-0:2555802:2556635 [6] NCCL INFO Channel 22/0 : 6[6] -> 5[5] via P2P/CUMEM
cr2-p548xlarge-0:2555802:2556635 [6] NCCL INFO Channel 23/0 : 6[6] -> 5[5] via P2P/CUMEM
cr2-p548xlarge-0:2555797:2556636 [1] NCCL INFO Channel 23/0 : 1[1] -> 2[2] via P2P/CUMEM
cr2-p548xlarge-0:2555800:2556633 [4] NCCL INFO Connected all rings
cr2-p548xlarge-0:2555800:2556633 [4] NCCL INFO Channel 00/0 : 4[4] -> 3[3] via P2P/CUMEM
cr2-p548xlarge-0:2555800:2556633 [4] NCCL INFO Channel 01/0 : 4[4] -> 3[3] via P2P/CUMEM
cr2-p548xlarge-0:2555800:2556633 [4] NCCL INFO Channel 02/0 : 4[4] -> 3[3] via P2P/CUMEM
cr2-p548xlarge-0:2555800:2556633 [4] NCCL INFO Channel 03/0 : 4[4] -> 3[3] via P2P/CUMEM
cr2-p548xlarge-0:2555800:2556633 [4] NCCL INFO Channel 04/0 : 4[4] -> 3[3] via P2P/CUMEM
cr2-p548xlarge-0:2555800:2556633 [4] NCCL INFO Channel 05/0 : 4[4] -> 3[3] via P2P/CUMEM
cr2-p548xlarge-0:2555800:2556633 [4] NCCL INFO Channel 06/0 : 4[4] -> 3[3] via P2P/CUMEM
cr2-p548xlarge-0:2555800:2556633 [4] NCCL INFO Channel 07/0 : 4[4] -> 3[3] via P2P/CUMEM
cr2-p548xlarge-0:2555800:2556633 [4] NCCL INFO Channel 08/0 : 4[4] -> 3[3] via P2P/CUMEM
cr2-p548xlarge-0:2555800:2556633 [4] NCCL INFO Channel 09/0 : 4[4] -> 3[3] via P2P/CUMEM
cr2-p548xlarge-0:2555800:2556633 [4] NCCL INFO Channel 10/0 : 4[4] -> 3[3] via P2P/CUMEM
cr2-p548xlarge-0:2555800:2556633 [4] NCCL INFO Channel 11/0 : 4[4] -> 3[3] via P2P/CUMEM
cr2-p548xlarge-0:2555800:2556633 [4] NCCL INFO Channel 12/0 : 4[4] -> 3[3] via P2P/CUMEM
cr2-p548xlarge-0:2555800:2556633 [4] NCCL INFO Channel 13/0 : 4[4] -> 3[3] via P2P/CUMEM
cr2-p548xlarge-0:2555800:2556633 [4] NCCL INFO Channel 14/0 : 4[4] -> 3[3] via P2P/CUMEM
cr2-p548xlarge-0:2555800:2556633 [4] NCCL INFO Channel 15/0 : 4[4] -> 3[3] via P2P/CUMEM
cr2-p548xlarge-0:2555800:2556633 [4] NCCL INFO Channel 16/0 : 4[4] -> 3[3] via P2P/CUMEM
cr2-p548xlarge-0:2555800:2556633 [4] NCCL INFO Channel 17/0 : 4[4] -> 3[3] via P2P/CUMEM
cr2-p548xlarge-0:2555800:2556633 [4] NCCL INFO Channel 18/0 : 4[4] -> 3[3] via P2P/CUMEM
cr2-p548xlarge-0:2555800:2556633 [4] NCCL INFO Channel 19/0 : 4[4] -> 3[3] via P2P/CUMEM
cr2-p548xlarge-0:2555800:2556633 [4] NCCL INFO Channel 20/0 : 4[4] -> 3[3] via P2P/CUMEM
cr2-p548xlarge-0:2555800:2556633 [4] NCCL INFO Channel 21/0 : 4[4] -> 3[3] via P2P/CUMEM
cr2-p548xlarge-0:2555800:2556633 [4] NCCL INFO Channel 22/0 : 4[4] -> 3[3] via P2P/CUMEM
cr2-p548xlarge-0:2555800:2556633 [4] NCCL INFO Channel 23/0 : 4[4] -> 3[3] via P2P/CUMEM
cr2-p548xlarge-0:2555803:2556632 [7] NCCL INFO Connected all rings
cr2-p548xlarge-0:2555803:2556632 [7] NCCL INFO Channel 00/0 : 7[7] -> 6[6] via P2P/CUMEM
cr2-p548xlarge-0:2555803:2556632 [7] NCCL INFO Channel 01/0 : 7[7] -> 6[6] via P2P/CUMEM
cr2-p548xlarge-0:2555803:2556632 [7] NCCL INFO Channel 02/0 : 7[7] -> 6[6] via P2P/CUMEM
cr2-p548xlarge-0:2555803:2556632 [7] NCCL INFO Channel 03/0 : 7[7] -> 6[6] via P2P/CUMEM
cr2-p548xlarge-0:2555803:2556632 [7] NCCL INFO Channel 04/0 : 7[7] -> 6[6] via P2P/CUMEM
cr2-p548xlarge-0:2555803:2556632 [7] NCCL INFO Channel 05/0 : 7[7] -> 6[6] via P2P/CUMEM
cr2-p548xlarge-0:2555803:2556632 [7] NCCL INFO Channel 06/0 : 7[7] -> 6[6] via P2P/CUMEM
cr2-p548xlarge-0:2555803:2556632 [7] NCCL INFO Channel 07/0 : 7[7] -> 6[6] via P2P/CUMEM
cr2-p548xlarge-0:2555803:2556632 [7] NCCL INFO Channel 08/0 : 7[7] -> 6[6] via P2P/CUMEM
cr2-p548xlarge-0:2555803:2556632 [7] NCCL INFO Channel 09/0 : 7[7] -> 6[6] via P2P/CUMEM
cr2-p548xlarge-0:2555803:2556632 [7] NCCL INFO Channel 10/0 : 7[7] -> 6[6] via P2P/CUMEM
cr2-p548xlarge-0:2555803:2556632 [7] NCCL INFO Channel 11/0 : 7[7] -> 6[6] via P2P/CUMEM
cr2-p548xlarge-0:2555803:2556632 [7] NCCL INFO Channel 12/0 : 7[7] -> 6[6] via P2P/CUMEM
cr2-p548xlarge-0:2555803:2556632 [7] NCCL INFO Channel 13/0 : 7[7] -> 6[6] via P2P/CUMEM
cr2-p548xlarge-0:2555803:2556632 [7] NCCL INFO Channel 14/0 : 7[7] -> 6[6] via P2P/CUMEM
cr2-p548xlarge-0:2555803:2556632 [7] NCCL INFO Channel 15/0 : 7[7] -> 6[6] via P2P/CUMEM
cr2-p548xlarge-0:2555803:2556632 [7] NCCL INFO Channel 16/0 : 7[7] -> 6[6] via P2P/CUMEM
cr2-p548xlarge-0:2555803:2556632 [7] NCCL INFO Channel 17/0 : 7[7] -> 6[6] via P2P/CUMEM
cr2-p548xlarge-0:2555803:2556632 [7] NCCL INFO Channel 18/0 : 7[7] -> 6[6] via P2P/CUMEM
cr2-p548xlarge-0:2555803:2556632 [7] NCCL INFO Channel 19/0 : 7[7] -> 6[6] via P2P/CUMEM
cr2-p548xlarge-0:2555803:2556632 [7] NCCL INFO Channel 20/0 : 7[7] -> 6[6] via P2P/CUMEM
cr2-p548xlarge-0:2555803:2556632 [7] NCCL INFO Channel 21/0 : 7[7] -> 6[6] via P2P/CUMEM
cr2-p548xlarge-0:2555803:2556632 [7] NCCL INFO Channel 22/0 : 7[7] -> 6[6] via P2P/CUMEM
cr2-p548xlarge-0:2555803:2556632 [7] NCCL INFO Channel 23/0 : 7[7] -> 6[6] via P2P/CUMEM
cr2-p548xlarge-0:2555799:2556631 [3] NCCL INFO Connected all rings
cr2-p548xlarge-0:2555797:2556636 [1] NCCL INFO Connected all rings
cr2-p548xlarge-0:2555798:2556638 [2] NCCL INFO Connected all rings
cr2-p548xlarge-0:2555796:2556630 [0] NCCL INFO Connected all rings
cr2-p548xlarge-0:2555803:2556632 [7] NCCL INFO Connected all trees
cr2-p548xlarge-0:2555802:2556635 [6] NCCL INFO Connected all trees
cr2-p548xlarge-0:2555802:2556635 [6] NCCL INFO NCCL_NVLS_CHUNKSIZE set by environment to 524288.
cr2-p548xlarge-0:2555802:2556635 [6] NCCL INFO NVLS comm 0x55803b1548f0 headRank 6 nHeads 8 buffSize 4194304 memSize 2097152 nvlsPerRankSize 301989888 nvlsTotalSize 2415919104
cr2-p548xlarge-0:2555803:2556632 [7] NCCL INFO NCCL_NVLS_CHUNKSIZE set by environment to 524288.
cr2-p548xlarge-0:2555803:2556632 [7] NCCL INFO NVLS comm 0x55ddd02d9ff0 headRank 7 nHeads 8 buffSize 4194304 memSize 2097152 nvlsPerRankSize 301989888 nvlsTotalSize 2415919104
cr2-p548xlarge-0:2555797:2556636 [1] NCCL INFO Channel 00/0 : 1[1] -> 0[0] via P2P/CUMEM
cr2-p548xlarge-0:2555797:2556636 [1] NCCL INFO Channel 01/0 : 1[1] -> 0[0] via P2P/CUMEM
cr2-p548xlarge-0:2555797:2556636 [1] NCCL INFO Channel 02/0 : 1[1] -> 0[0] via P2P/CUMEM
cr2-p548xlarge-0:2555797:2556636 [1] NCCL INFO Channel 03/0 : 1[1] -> 0[0] via P2P/CUMEM
cr2-p548xlarge-0:2555797:2556636 [1] NCCL INFO Channel 04/0 : 1[1] -> 0[0] via P2P/CUMEM
cr2-p548xlarge-0:2555797:2556636 [1] NCCL INFO Channel 05/0 : 1[1] -> 0[0] via P2P/CUMEM
cr2-p548xlarge-0:2555797:2556636 [1] NCCL INFO Channel 06/0 : 1[1] -> 0[0] via P2P/CUMEM
cr2-p548xlarge-0:2555797:2556636 [1] NCCL INFO Channel 07/0 : 1[1] -> 0[0] via P2P/CUMEM
cr2-p548xlarge-0:2555797:2556636 [1] NCCL INFO Channel 08/0 : 1[1] -> 0[0] via P2P/CUMEM
cr2-p548xlarge-0:2555797:2556636 [1] NCCL INFO Channel 09/0 : 1[1] -> 0[0] via P2P/CUMEM
cr2-p548xlarge-0:2555797:2556636 [1] NCCL INFO Channel 10/0 : 1[1] -> 0[0] via P2P/CUMEM
cr2-p548xlarge-0:2555797:2556636 [1] NCCL INFO Channel 11/0 : 1[1] -> 0[0] via P2P/CUMEM
cr2-p548xlarge-0:2555797:2556636 [1] NCCL INFO Channel 12/0 : 1[1] -> 0[0] via P2P/CUMEM
cr2-p548xlarge-0:2555797:2556636 [1] NCCL INFO Channel 13/0 : 1[1] -> 0[0] via P2P/CUMEM
cr2-p548xlarge-0:2555797:2556636 [1] NCCL INFO Channel 14/0 : 1[1] -> 0[0] via P2P/CUMEM
cr2-p548xlarge-0:2555797:2556636 [1] NCCL INFO Channel 15/0 : 1[1] -> 0[0] via P2P/CUMEM
cr2-p548xlarge-0:2555797:2556636 [1] NCCL INFO Channel 16/0 : 1[1] -> 0[0] via P2P/CUMEM
cr2-p548xlarge-0:2555797:2556636 [1] NCCL INFO Channel 17/0 : 1[1] -> 0[0] via P2P/CUMEM
cr2-p548xlarge-0:2555797:2556636 [1] NCCL INFO Channel 18/0 : 1[1] -> 0[0] via P2P/CUMEM
cr2-p548xlarge-0:2555797:2556636 [1] NCCL INFO Channel 19/0 : 1[1] -> 0[0] via P2P/CUMEM
cr2-p548xlarge-0:2555797:2556636 [1] NCCL INFO Channel 20/0 : 1[1] -> 0[0] via P2P/CUMEM
cr2-p548xlarge-0:2555797:2556636 [1] NCCL INFO Channel 21/0 : 1[1] -> 0[0] via P2P/CUMEM
cr2-p548xlarge-0:2555797:2556636 [1] NCCL INFO Channel 22/0 : 1[1] -> 0[0] via P2P/CUMEM
cr2-p548xlarge-0:2555797:2556636 [1] NCCL INFO Channel 23/0 : 1[1] -> 0[0] via P2P/CUMEM
cr2-p548xlarge-0:2555798:2556638 [2] NCCL INFO Channel 00/0 : 2[2] -> 1[1] via P2P/CUMEM
cr2-p548xlarge-0:2555798:2556638 [2] NCCL INFO Channel 01/0 : 2[2] -> 1[1] via P2P/CUMEM
cr2-p548xlarge-0:2555798:2556638 [2] NCCL INFO Channel 02/0 : 2[2] -> 1[1] via P2P/CUMEM
cr2-p548xlarge-0:2555798:2556638 [2] NCCL INFO Channel 03/0 : 2[2] -> 1[1] via P2P/CUMEM
cr2-p548xlarge-0:2555798:2556638 [2] NCCL INFO Channel 04/0 : 2[2] -> 1[1] via P2P/CUMEM
cr2-p548xlarge-0:2555798:2556638 [2] NCCL INFO Channel 05/0 : 2[2] -> 1[1] via P2P/CUMEM
cr2-p548xlarge-0:2555798:2556638 [2] NCCL INFO Channel 06/0 : 2[2] -> 1[1] via P2P/CUMEM
cr2-p548xlarge-0:2555798:2556638 [2] NCCL INFO Channel 07/0 : 2[2] -> 1[1] via P2P/CUMEM
cr2-p548xlarge-0:2555798:2556638 [2] NCCL INFO Channel 08/0 : 2[2] -> 1[1] via P2P/CUMEM
cr2-p548xlarge-0:2555798:2556638 [2] NCCL INFO Channel 09/0 : 2[2] -> 1[1] via P2P/CUMEM
cr2-p548xlarge-0:2555798:2556638 [2] NCCL INFO Channel 10/0 : 2[2] -> 1[1] via P2P/CUMEM
cr2-p548xlarge-0:2555799:2556631 [3] NCCL INFO Channel 00/0 : 3[3] -> 2[2] via P2P/CUMEM
cr2-p548xlarge-0:2555798:2556638 [2] NCCL INFO Channel 11/0 : 2[2] -> 1[1] via P2P/CUMEM
cr2-p548xlarge-0:2555799:2556631 [3] NCCL INFO Channel 01/0 : 3[3] -> 2[2] via P2P/CUMEM
cr2-p548xlarge-0:2555798:2556638 [2] NCCL INFO Channel 12/0 : 2[2] -> 1[1] via P2P/CUMEM
cr2-p548xlarge-0:2555799:2556631 [3] NCCL INFO Channel 02/0 : 3[3] -> 2[2] via P2P/CUMEM
cr2-p548xlarge-0:2555798:2556638 [2] NCCL INFO Channel 13/0 : 2[2] -> 1[1] via P2P/CUMEM
cr2-p548xlarge-0:2555799:2556631 [3] NCCL INFO Channel 03/0 : 3[3] -> 2[2] via P2P/CUMEM
cr2-p548xlarge-0:2555799:2556631 [3] NCCL INFO Channel 04/0 : 3[3] -> 2[2] via P2P/CUMEM
cr2-p548xlarge-0:2555798:2556638 [2] NCCL INFO Channel 14/0 : 2[2] -> 1[1] via P2P/CUMEM
cr2-p548xlarge-0:2555799:2556631 [3] NCCL INFO Channel 05/0 : 3[3] -> 2[2] via P2P/CUMEM
cr2-p548xlarge-0:2555798:2556638 [2] NCCL INFO Channel 15/0 : 2[2] -> 1[1] via P2P/CUMEM
cr2-p548xlarge-0:2555799:2556631 [3] NCCL INFO Channel 06/0 : 3[3] -> 2[2] via P2P/CUMEM
cr2-p548xlarge-0:2555798:2556638 [2] NCCL INFO Channel 16/0 : 2[2] -> 1[1] via P2P/CUMEM
cr2-p548xlarge-0:2555799:2556631 [3] NCCL INFO Channel 07/0 : 3[3] -> 2[2] via P2P/CUMEM
cr2-p548xlarge-0:2555798:2556638 [2] NCCL INFO Channel 17/0 : 2[2] -> 1[1] via P2P/CUMEM
cr2-p548xlarge-0:2555799:2556631 [3] NCCL INFO Channel 08/0 : 3[3] -> 2[2] via P2P/CUMEM
cr2-p548xlarge-0:2555799:2556631 [3] NCCL INFO Channel 09/0 : 3[3] -> 2[2] via P2P/CUMEM
cr2-p548xlarge-0:2555798:2556638 [2] NCCL INFO Channel 18/0 : 2[2] -> 1[1] via P2P/CUMEM
cr2-p548xlarge-0:2555798:2556638 [2] NCCL INFO Channel 19/0 : 2[2] -> 1[1] via P2P/CUMEM
cr2-p548xlarge-0:2555799:2556631 [3] NCCL INFO Channel 10/0 : 3[3] -> 2[2] via P2P/CUMEM
cr2-p548xlarge-0:2555798:2556638 [2] NCCL INFO Channel 20/0 : 2[2] -> 1[1] via P2P/CUMEM
cr2-p548xlarge-0:2555799:2556631 [3] NCCL INFO Channel 11/0 : 3[3] -> 2[2] via P2P/CUMEM
cr2-p548xlarge-0:2555798:2556638 [2] NCCL INFO Channel 21/0 : 2[2] -> 1[1] via P2P/CUMEM
cr2-p548xlarge-0:2555799:2556631 [3] NCCL INFO Channel 12/0 : 3[3] -> 2[2] via P2P/CUMEM
cr2-p548xlarge-0:2555798:2556638 [2] NCCL INFO Channel 22/0 : 2[2] -> 1[1] via P2P/CUMEM
cr2-p548xlarge-0:2555798:2556638 [2] NCCL INFO Channel 23/0 : 2[2] -> 1[1] via P2P/CUMEM
cr2-p548xlarge-0:2555799:2556631 [3] NCCL INFO Channel 13/0 : 3[3] -> 2[2] via P2P/CUMEM
cr2-p548xlarge-0:2555799:2556631 [3] NCCL INFO Channel 14/0 : 3[3] -> 2[2] via P2P/CUMEM
cr2-p548xlarge-0:2555799:2556631 [3] NCCL INFO Channel 15/0 : 3[3] -> 2[2] via P2P/CUMEM
cr2-p548xlarge-0:2555799:2556631 [3] NCCL INFO Channel 16/0 : 3[3] -> 2[2] via P2P/CUMEM
cr2-p548xlarge-0:2555799:2556631 [3] NCCL INFO Channel 17/0 : 3[3] -> 2[2] via P2P/CUMEM
cr2-p548xlarge-0:2555799:2556631 [3] NCCL INFO Channel 18/0 : 3[3] -> 2[2] via P2P/CUMEM
cr2-p548xlarge-0:2555799:2556631 [3] NCCL INFO Channel 19/0 : 3[3] -> 2[2] via P2P/CUMEM
cr2-p548xlarge-0:2555799:2556631 [3] NCCL INFO Channel 20/0 : 3[3] -> 2[2] via P2P/CUMEM
cr2-p548xlarge-0:2555796:2556630 [0] NCCL INFO Connected all trees
cr2-p548xlarge-0:2555799:2556631 [3] NCCL INFO Channel 21/0 : 3[3] -> 2[2] via P2P/CUMEM
cr2-p548xlarge-0:2555796:2556630 [0] NCCL INFO NCCL_NVLS_CHUNKSIZE set by environment to 524288.
cr2-p548xlarge-0:2555796:2556630 [0] NCCL INFO NVLS comm 0x563c6e7851f0 headRank 0 nHeads 8 buffSize 4194304 memSize 2097152 nvlsPerRankSize 301989888 nvlsTotalSize 2415919104
cr2-p548xlarge-0:2555799:2556631 [3] NCCL INFO Channel 22/0 : 3[3] -> 2[2] via P2P/CUMEM
cr2-p548xlarge-0:2555799:2556631 [3] NCCL INFO Channel 23/0 : 3[3] -> 2[2] via P2P/CUMEM
cr2-p548xlarge-0:2555801:2556634 [5] NCCL INFO Connected all trees
cr2-p548xlarge-0:2555801:2556634 [5] NCCL INFO NCCL_NVLS_CHUNKSIZE set by environment to 524288.
cr2-p548xlarge-0:2555801:2556634 [5] NCCL INFO NVLS comm 0x55ef0ea72e80 headRank 5 nHeads 8 buffSize 4194304 memSize 2097152 nvlsPerRankSize 301989888 nvlsTotalSize 2415919104
cr2-p548xlarge-0:2555797:2556636 [1] NCCL INFO Connected all trees
cr2-p548xlarge-0:2555798:2556638 [2] NCCL INFO Connected all trees
cr2-p548xlarge-0:2555799:2556631 [3] NCCL INFO Connected all trees
cr2-p548xlarge-0:2555800:2556633 [4] NCCL INFO Connected all trees
cr2-p548xlarge-0:2555798:2556638 [2] NCCL INFO NCCL_NVLS_CHUNKSIZE set by environment to 524288.
cr2-p548xlarge-0:2555798:2556638 [2] NCCL INFO NVLS comm 0x559493f482e0 headRank 2 nHeads 8 buffSize 4194304 memSize 2097152 nvlsPerRankSize 301989888 nvlsTotalSize 2415919104
cr2-p548xlarge-0:2555800:2556633 [4] NCCL INFO NCCL_NVLS_CHUNKSIZE set by environment to 524288.
cr2-p548xlarge-0:2555800:2556633 [4] NCCL INFO NVLS comm 0x55dcab3d4850 headRank 4 nHeads 8 buffSize 4194304 memSize 2097152 nvlsPerRankSize 301989888 nvlsTotalSize 2415919104
cr2-p548xlarge-0:2555797:2556636 [1] NCCL INFO NCCL_NVLS_CHUNKSIZE set by environment to 524288.
cr2-p548xlarge-0:2555797:2556636 [1] NCCL INFO NVLS comm 0x5638a19494f0 headRank 1 nHeads 8 buffSize 4194304 memSize 2097152 nvlsPerRankSize 301989888 nvlsTotalSize 2415919104
cr2-p548xlarge-0:2555799:2556631 [3] NCCL INFO NCCL_NVLS_CHUNKSIZE set by environment to 524288.
cr2-p548xlarge-0:2555799:2556631 [3] NCCL INFO NVLS comm 0x559a27e54920 headRank 3 nHeads 8 buffSize 4194304 memSize 2097152 nvlsPerRankSize 301989888 nvlsTotalSize 2415919104
cr2-p548xlarge-0:2555800:2556633 [4] NCCL INFO NCCL_PROTO set by environment to simple
cr2-p548xlarge-0:2555800:2556633 [4] NCCL INFO NCCL_ALGO set by environment to tree
cr2-p548xlarge-0:2555800:2556633 [4] NCCL INFO threadThresholds 8/8/64 | 64/8/64 | 512 | 512
cr2-p548xlarge-0:2555800:2556633 [4] NCCL INFO 24 coll channels, 24 collnet channels, 16 nvls channels, 32 p2p channels, 32 p2p channels per peer
cr2-p548xlarge-0:2555802:2556635 [6] NCCL INFO NCCL_PROTO set by environment to simple
cr2-p548xlarge-0:2555796:2556630 [0] NCCL INFO NCCL_PROTO set by environment to simple
cr2-p548xlarge-0:2555802:2556635 [6] NCCL INFO NCCL_ALGO set by environment to tree
cr2-p548xlarge-0:2555802:2556635 [6] NCCL INFO threadThresholds 8/8/64 | 64/8/64 | 512 | 512
cr2-p548xlarge-0:2555802:2556635 [6] NCCL INFO 24 coll channels, 24 collnet channels, 16 nvls channels, 32 p2p channels, 32 p2p channels per peer
cr2-p548xlarge-0:2555796:2556630 [0] NCCL INFO NCCL_ALGO set by environment to tree
cr2-p548xlarge-0:2555796:2556630 [0] NCCL INFO threadThresholds 8/8/64 | 64/8/64 | 512 | 512
cr2-p548xlarge-0:2555796:2556630 [0] NCCL INFO 24 coll channels, 24 collnet channels, 16 nvls channels, 32 p2p channels, 32 p2p channels per peer
cr2-p548xlarge-0:2555798:2556638 [2] NCCL INFO NCCL_PROTO set by environment to simple
cr2-p548xlarge-0:2555798:2556638 [2] NCCL INFO NCCL_ALGO set by environment to tree
cr2-p548xlarge-0:2555798:2556638 [2] NCCL INFO threadThresholds 8/8/64 | 64/8/64 | 512 | 512
cr2-p548xlarge-0:2555798:2556638 [2] NCCL INFO 24 coll channels, 24 collnet channels, 16 nvls channels, 32 p2p channels, 32 p2p channels per peer
cr2-p548xlarge-0:2555801:2556634 [5] NCCL INFO NCCL_PROTO set by environment to simple
cr2-p548xlarge-0:2555801:2556634 [5] NCCL INFO NCCL_ALGO set by environment to tree
cr2-p548xlarge-0:2555801:2556634 [5] NCCL INFO threadThresholds 8/8/64 | 64/8/64 | 512 | 512
cr2-p548xlarge-0:2555801:2556634 [5] NCCL INFO 24 coll channels, 24 collnet channels, 16 nvls channels, 32 p2p channels, 32 p2p channels per peer
cr2-p548xlarge-0:2555803:2556632 [7] NCCL INFO NCCL_PROTO set by environment to simple
cr2-p548xlarge-0:2555803:2556632 [7] NCCL INFO NCCL_ALGO set by environment to tree
cr2-p548xlarge-0:2555803:2556632 [7] NCCL INFO threadThresholds 8/8/64 | 64/8/64 | 512 | 512
cr2-p548xlarge-0:2555803:2556632 [7] NCCL INFO 24 coll channels, 24 collnet channels, 16 nvls channels, 32 p2p channels, 32 p2p channels per peer
cr2-p548xlarge-0:2555799:2556631 [3] NCCL INFO NCCL_PROTO set by environment to simple
cr2-p548xlarge-0:2555799:2556631 [3] NCCL INFO NCCL_ALGO set by environment to tree
cr2-p548xlarge-0:2555799:2556631 [3] NCCL INFO threadThresholds 8/8/64 | 64/8/64 | 512 | 512
cr2-p548xlarge-0:2555799:2556631 [3] NCCL INFO 24 coll channels, 24 collnet channels, 16 nvls channels, 32 p2p channels, 32 p2p channels per peer
cr2-p548xlarge-0:2555797:2556636 [1] NCCL INFO NCCL_PROTO set by environment to simple
cr2-p548xlarge-0:2555797:2556636 [1] NCCL INFO NCCL_ALGO set by environment to tree
cr2-p548xlarge-0:2555797:2556636 [1] NCCL INFO threadThresholds 8/8/64 | 64/8/64 | 512 | 512
cr2-p548xlarge-0:2555797:2556636 [1] NCCL INFO 24 coll channels, 24 collnet channels, 16 nvls channels, 32 p2p channels, 32 p2p channels per peer
cr2-p548xlarge-0:2555801:2556634 [5] NCCL INFO TUNER/Plugin: Failed to find ncclTunerPlugin_v2, using internal tuner instead.
cr2-p548xlarge-0:2555801:2556634 [5] NCCL INFO ncclCommInitRank comm 0x55ef0ea72e80 rank 5 nranks 8 cudaDev 5 nvmlDev 5 busId a8000 commId 0xa451b3f9713f61c7 - Init COMPLETE
cr2-p548xlarge-0:2555802:2556635 [6] NCCL INFO TUNER/Plugin: Failed to find ncclTunerPlugin_v2, using internal tuner instead.
cr2-p548xlarge-0:2555802:2556635 [6] NCCL INFO ncclCommInitRank comm 0x55803b1548f0 rank 6 nranks 8 cudaDev 6 nvmlDev 6 busId b9000 commId 0xa451b3f9713f61c7 - Init COMPLETE
cr2-p548xlarge-0:2555800:2556633 [4] NCCL INFO TUNER/Plugin: Failed to find ncclTunerPlugin_v2, using internal tuner instead.
cr2-p548xlarge-0:2555800:2556633 [4] NCCL INFO ncclCommInitRank comm 0x55dcab3d4850 rank 4 nranks 8 cudaDev 4 nvmlDev 4 busId 97000 commId 0xa451b3f9713f61c7 - Init COMPLETE
cr2-p548xlarge-0:2555797:2556636 [1] NCCL INFO TUNER/Plugin: Failed to find ncclTunerPlugin_v2, using internal tuner instead.
cr2-p548xlarge-0:2555797:2556636 [1] NCCL INFO ncclCommInitRank comm 0x5638a19494f0 rank 1 nranks 8 cudaDev 1 nvmlDev 1 busId 64000 commId 0xa451b3f9713f61c7 - Init COMPLETE
cr2-p548xlarge-0:2555803:2556632 [7] NCCL INFO TUNER/Plugin: Failed to find ncclTunerPlugin_v2, using internal tuner instead.
cr2-p548xlarge-0:2555803:2556632 [7] NCCL INFO ncclCommInitRank comm 0x55ddd02d9ff0 rank 7 nranks 8 cudaDev 7 nvmlDev 7 busId ca000 commId 0xa451b3f9713f61c7 - Init COMPLETE
cr2-p548xlarge-0:2555798:2556638 [2] NCCL INFO TUNER/Plugin: Failed to find ncclTunerPlugin_v2, using internal tuner instead.
cr2-p548xlarge-0:2555798:2556638 [2] NCCL INFO ncclCommInitRank comm 0x559493f482e0 rank 2 nranks 8 cudaDev 2 nvmlDev 2 busId 75000 commId 0xa451b3f9713f61c7 - Init COMPLETE
cr2-p548xlarge-0:2555799:2556631 [3] NCCL INFO TUNER/Plugin: Failed to find ncclTunerPlugin_v2, using internal tuner instead.
cr2-p548xlarge-0:2555799:2556631 [3] NCCL INFO ncclCommInitRank comm 0x559a27e54920 rank 3 nranks 8 cudaDev 3 nvmlDev 3 busId 86000 commId 0xa451b3f9713f61c7 - Init COMPLETE
cr2-p548xlarge-0:2555796:2556630 [0] NCCL INFO TUNER/Plugin: Failed to find ncclTunerPlugin_v2, using internal tuner instead.
cr2-p548xlarge-0:2555796:2556630 [0] NCCL INFO ncclCommInitRank comm 0x563c6e7851f0 rank 0 nranks 8 cudaDev 0 nvmlDev 0 busId 53000 commId 0xa451b3f9713f61c7 - Init COMPLETE
[2024-08-08 15:57:28,752] [INFO] [partition_parameters.py:345:__exit__] finished initializing model - num_params = 363, num_elems = 13.02B
Loading checkpoint shards:   0%|          | 0/3 [00:00<?, ?it/s]Loading checkpoint shards:   0%|          | 0/3 [00:00<?, ?it/s]Loading checkpoint shards:   0%|          | 0/3 [00:00<?, ?it/s]Loading checkpoint shards:   0%|          | 0/3 [00:00<?, ?it/s]Loading checkpoint shards:   0%|          | 0/3 [00:00<?, ?it/s]Loading checkpoint shards:   0%|          | 0/3 [00:00<?, ?it/s]Loading checkpoint shards:   0%|          | 0/3 [00:00<?, ?it/s]Loading checkpoint shards:   0%|          | 0/3 [00:00<?, ?it/s]Loading checkpoint shards:  33%|â–ˆâ–ˆâ–ˆâ–Ž      | 1/3 [00:10<00:20, 10.11s/it]Loading checkpoint shards:  33%|â–ˆâ–ˆâ–ˆâ–Ž      | 1/3 [00:10<00:20, 10.13s/it]Loading checkpoint shards:  33%|â–ˆâ–ˆâ–ˆâ–Ž      | 1/3 [00:10<00:20, 10.12s/it]Loading checkpoint shards:  33%|â–ˆâ–ˆâ–ˆâ–Ž      | 1/3 [00:10<00:20, 10.13s/it]Loading checkpoint shards:  33%|â–ˆâ–ˆâ–ˆâ–Ž      | 1/3 [00:10<00:20, 10.14s/it]Loading checkpoint shards:  33%|â–ˆâ–ˆâ–ˆâ–Ž      | 1/3 [00:10<00:20, 10.13s/it]Loading checkpoint shards:  33%|â–ˆâ–ˆâ–ˆâ–Ž      | 1/3 [00:10<00:20, 10.14s/it]Loading checkpoint shards:  33%|â–ˆâ–ˆâ–ˆâ–Ž      | 1/3 [00:34<01:09, 34.95s/it]Loading checkpoint shards:  67%|â–ˆâ–ˆâ–ˆâ–ˆâ–ˆâ–ˆâ–‹   | 2/3 [00:43<00:23, 23.81s/it]Loading checkpoint shards:  67%|â–ˆâ–ˆâ–ˆâ–ˆâ–ˆâ–ˆâ–‹   | 2/3 [00:43<00:23, 23.82s/it]Loading checkpoint shards:  67%|â–ˆâ–ˆâ–ˆâ–ˆâ–ˆâ–ˆâ–‹   | 2/3 [00:43<00:23, 23.83s/it]Loading checkpoint shards:  67%|â–ˆâ–ˆâ–ˆâ–ˆâ–ˆâ–ˆâ–‹   | 2/3 [00:43<00:23, 23.83s/it]Loading checkpoint shards:  67%|â–ˆâ–ˆâ–ˆâ–ˆâ–ˆâ–ˆâ–‹   | 2/3 [00:43<00:23, 23.83s/it]Loading checkpoint shards:  67%|â–ˆâ–ˆâ–ˆâ–ˆâ–ˆâ–ˆâ–‹   | 2/3 [00:43<00:23, 23.83s/it]Loading checkpoint shards:  67%|â–ˆâ–ˆâ–ˆâ–ˆâ–ˆâ–ˆâ–‹   | 2/3 [00:43<00:23, 23.84s/it]Loading checkpoint shards: 100%|â–ˆâ–ˆâ–ˆâ–ˆâ–ˆâ–ˆâ–ˆâ–ˆâ–ˆâ–ˆ| 3/3 [01:04<00:00, 22.61s/it]Loading checkpoint shards: 100%|â–ˆâ–ˆâ–ˆâ–ˆâ–ˆâ–ˆâ–ˆâ–ˆâ–ˆâ–ˆ| 3/3 [01:04<00:00, 21.57s/it]
Loading checkpoint shards: 100%|â–ˆâ–ˆâ–ˆâ–ˆâ–ˆâ–ˆâ–ˆâ–ˆâ–ˆâ–ˆ| 3/3 [01:04<00:00, 22.62s/it]Loading checkpoint shards: 100%|â–ˆâ–ˆâ–ˆâ–ˆâ–ˆâ–ˆâ–ˆâ–ˆâ–ˆâ–ˆ| 3/3 [01:04<00:00, 21.57s/it]
Loading checkpoint shards: 100%|â–ˆâ–ˆâ–ˆâ–ˆâ–ˆâ–ˆâ–ˆâ–ˆâ–ˆâ–ˆ| 3/3 [01:04<00:00, 22.61s/it]Loading checkpoint shards: 100%|â–ˆâ–ˆâ–ˆâ–ˆâ–ˆâ–ˆâ–ˆâ–ˆâ–ˆâ–ˆ| 3/3 [01:04<00:00, 21.57s/it]
Loading checkpoint shards: 100%|â–ˆâ–ˆâ–ˆâ–ˆâ–ˆâ–ˆâ–ˆâ–ˆâ–ˆâ–ˆ| 3/3 [01:04<00:00, 22.62s/it]Loading checkpoint shards: 100%|â–ˆâ–ˆâ–ˆâ–ˆâ–ˆâ–ˆâ–ˆâ–ˆâ–ˆâ–ˆ| 3/3 [01:04<00:00, 21.58s/it]
Loading checkpoint shards: 100%|â–ˆâ–ˆâ–ˆâ–ˆâ–ˆâ–ˆâ–ˆâ–ˆâ–ˆâ–ˆ| 3/3 [01:04<00:00, 22.62s/it]Loading checkpoint shards: 100%|â–ˆâ–ˆâ–ˆâ–ˆâ–ˆâ–ˆâ–ˆâ–ˆâ–ˆâ–ˆ| 3/3 [01:04<00:00, 21.58s/it]
Loading checkpoint shards: 100%|â–ˆâ–ˆâ–ˆâ–ˆâ–ˆâ–ˆâ–ˆâ–ˆâ–ˆâ–ˆ| 3/3 [01:04<00:00, 22.63s/it]Loading checkpoint shards: 100%|â–ˆâ–ˆâ–ˆâ–ˆâ–ˆâ–ˆâ–ˆâ–ˆâ–ˆâ–ˆ| 3/3 [01:04<00:00, 21.58s/it]
Loading checkpoint shards: 100%|â–ˆâ–ˆâ–ˆâ–ˆâ–ˆâ–ˆâ–ˆâ–ˆâ–ˆâ–ˆ| 3/3 [01:04<00:00, 22.63s/it]Loading checkpoint shards: 100%|â–ˆâ–ˆâ–ˆâ–ˆâ–ˆâ–ˆâ–ˆâ–ˆâ–ˆâ–ˆ| 3/3 [01:04<00:00, 21.58s/it]
Loading checkpoint shards:  67%|â–ˆâ–ˆâ–ˆâ–ˆâ–ˆâ–ˆâ–‹   | 2/3 [01:09<00:34, 34.42s/it]Loading checkpoint shards: 100%|â–ˆâ–ˆâ–ˆâ–ˆâ–ˆâ–ˆâ–ˆâ–ˆâ–ˆâ–ˆ| 3/3 [01:31<00:00, 28.87s/it]Loading checkpoint shards: 100%|â–ˆâ–ˆâ–ˆâ–ˆâ–ˆâ–ˆâ–ˆâ–ˆâ–ˆâ–ˆ| 3/3 [01:31<00:00, 30.42s/it]
WARNING:root:Loading data...
WARNING:root:Loading data...
WARNING:root:Loading data...
WARNING:root:Loading data...
WARNING:root:Loading data...
WARNING:root:Loading data...
WARNING:root:Loading data...
WARNING:root:Loading data...
WARNING:root:Formatting inputs...
WARNING:root:Formatting inputs...
WARNING:root:Formatting inputs...
WARNING:root:Formatting inputs...
WARNING:root:Formatting inputs...
WARNING:root:Formatting inputs...
WARNING:root:Formatting inputs...
WARNING:root:Formatting inputs...
WARNING:root:Tokenizing inputs... This may take some time...
WARNING:root:Tokenizing inputs... This may take some time...
WARNING:root:Tokenizing inputs... This may take some time...
WARNING:root:Tokenizing inputs... This may take some time...
WARNING:root:Tokenizing inputs... This may take some time...
WARNING:root:Tokenizing inputs... This may take some time...
WARNING:root:Tokenizing inputs... This may take some time...
WARNING:root:Tokenizing inputs... This may take some time...
[rank1]:[W Utils.hpp:135] Warning: Environment variable NCCL_ASYNC_ERROR_HANDLING is deprecated; use TORCH_NCCL_ASYNC_ERROR_HANDLING instead (function getCvarInt)
[rank2]:[W Utils.hpp:135] Warning: Environment variable NCCL_ASYNC_ERROR_HANDLING is deprecated; use TORCH_NCCL_ASYNC_ERROR_HANDLING instead (function getCvarInt)
[rank5]:[W Utils.hpp:135] Warning: Environment variable NCCL_ASYNC_ERROR_HANDLING is deprecated; use TORCH_NCCL_ASYNC_ERROR_HANDLING instead (function getCvarInt)
Using /opt/hpcaas/.mounts/fs-0301404b74c8d22fd/home/yunyun/.cache/torch_extensions/py311_cu121 as PyTorch extensions root...Using /opt/hpcaas/.mounts/fs-0301404b74c8d22fd/home/yunyun/.cache/torch_extensions/py311_cu121 as PyTorch extensions root...Using /opt/hpcaas/.mounts/fs-0301404b74c8d22fd/home/yunyun/.cache/torch_extensions/py311_cu121 as PyTorch extensions root...


[rank4]:[W Utils.hpp:135] Warning: Environment variable NCCL_ASYNC_ERROR_HANDLING is deprecated; use TORCH_NCCL_ASYNC_ERROR_HANDLING instead (function getCvarInt)
Using /opt/hpcaas/.mounts/fs-0301404b74c8d22fd/home/yunyun/.cache/torch_extensions/py311_cu121 as PyTorch extensions root...
Detected CUDA files, patching ldflags
Emitting ninja build file /opt/hpcaas/.mounts/fs-0301404b74c8d22fd/home/yunyun/.cache/torch_extensions/py311_cu121/fused_adam/build.ninja...
/data/home/yunyun/miniconda3/envs/newtorch2/lib/python3.11/site-packages/torch/utils/cpp_extension.py:1967: UserWarning: TORCH_CUDA_ARCH_LIST is not set, all archs for visible cards are included for compilation. 
If this is not desired, please set os.environ['TORCH_CUDA_ARCH_LIST'].
  warnings.warn(
Building extension module fused_adam...
Allowing ninja to set a default number of workers... (overridable by setting the environment variable MAX_JOBS=N)
[rank0]:[W Utils.hpp:135] Warning: Environment variable NCCL_ASYNC_ERROR_HANDLING is deprecated; use TORCH_NCCL_ASYNC_ERROR_HANDLING instead (function getCvarInt)
Using /opt/hpcaas/.mounts/fs-0301404b74c8d22fd/home/yunyun/.cache/torch_extensions/py311_cu121 as PyTorch extensions root...
[rank3]:[W Utils.hpp:135] Warning: Environment variable NCCL_ASYNC_ERROR_HANDLING is deprecated; use TORCH_NCCL_ASYNC_ERROR_HANDLING instead (function getCvarInt)
Using /opt/hpcaas/.mounts/fs-0301404b74c8d22fd/home/yunyun/.cache/torch_extensions/py311_cu121 as PyTorch extensions root...
[rank7]:[W Utils.hpp:135] Warning: Environment variable NCCL_ASYNC_ERROR_HANDLING is deprecated; use TORCH_NCCL_ASYNC_ERROR_HANDLING instead (function getCvarInt)
Using /opt/hpcaas/.mounts/fs-0301404b74c8d22fd/home/yunyun/.cache/torch_extensions/py311_cu121 as PyTorch extensions root...
[rank6]:[W Utils.hpp:135] Warning: Environment variable NCCL_ASYNC_ERROR_HANDLING is deprecated; use TORCH_NCCL_ASYNC_ERROR_HANDLING instead (function getCvarInt)
Using /opt/hpcaas/.mounts/fs-0301404b74c8d22fd/home/yunyun/.cache/torch_extensions/py311_cu121 as PyTorch extensions root...
[1/3] /usr/local/cuda-12.1/bin/nvcc --generate-dependencies-with-compile --dependency-output multi_tensor_adam.cuda.o.d -DTORCH_EXTENSION_NAME=fused_adam -DTORCH_API_INCLUDE_EXTENSION_H -DPYBIND11_COMPILER_TYPE=\"_gcc\" -DPYBIND11_STDLIB=\"_libstdcpp\" -DPYBIND11_BUILD_ABI=\"_cxxabi1011\" -I/data/home/yunyun/miniconda3/envs/newtorch2/lib/python3.11/site-packages/deepspeed/ops/csrc/includes -I/data/home/yunyun/miniconda3/envs/newtorch2/lib/python3.11/site-packages/deepspeed/ops/csrc/adam -isystem /data/home/yunyun/miniconda3/envs/newtorch2/lib/python3.11/site-packages/torch/include -isystem /data/home/yunyun/miniconda3/envs/newtorch2/lib/python3.11/site-packages/torch/include/torch/csrc/api/include -isystem /data/home/yunyun/miniconda3/envs/newtorch2/lib/python3.11/site-packages/torch/include/TH -isystem /data/home/yunyun/miniconda3/envs/newtorch2/lib/python3.11/site-packages/torch/include/THC -isystem /usr/local/cuda-12.1/include -isystem /data/home/yunyun/miniconda3/envs/newtorch2/include/python3.11 -D_GLIBCXX_USE_CXX11_ABI=0 -D__CUDA_NO_HALF_OPERATORS__ -D__CUDA_NO_HALF_CONVERSIONS__ -D__CUDA_NO_BFLOAT16_CONVERSIONS__ -D__CUDA_NO_HALF2_OPERATORS__ --expt-relaxed-constexpr -gencode=arch=compute_90,code=compute_90 -gencode=arch=compute_90,code=sm_90 --compiler-options '-fPIC' -O3 -DVERSION_GE_1_1 -DVERSION_GE_1_3 -DVERSION_GE_1_5 -lineinfo --use_fast_math -gencode=arch=compute_90,code=sm_90 -gencode=arch=compute_90,code=compute_90 -DBF16_AVAILABLE -U__CUDA_NO_BFLOAT16_OPERATORS__ -U__CUDA_NO_BFLOAT162_OPERATORS__ -U__CUDA_NO_BFLOAT16_CONVERSIONS__ -std=c++17 -c /data/home/yunyun/miniconda3/envs/newtorch2/lib/python3.11/site-packages/deepspeed/ops/csrc/adam/multi_tensor_adam.cu -o multi_tensor_adam.cuda.o 
[2/3] c++ -MMD -MF fused_adam_frontend.o.d -DTORCH_EXTENSION_NAME=fused_adam -DTORCH_API_INCLUDE_EXTENSION_H -DPYBIND11_COMPILER_TYPE=\"_gcc\" -DPYBIND11_STDLIB=\"_libstdcpp\" -DPYBIND11_BUILD_ABI=\"_cxxabi1011\" -I/data/home/yunyun/miniconda3/envs/newtorch2/lib/python3.11/site-packages/deepspeed/ops/csrc/includes -I/data/home/yunyun/miniconda3/envs/newtorch2/lib/python3.11/site-packages/deepspeed/ops/csrc/adam -isystem /data/home/yunyun/miniconda3/envs/newtorch2/lib/python3.11/site-packages/torch/include -isystem /data/home/yunyun/miniconda3/envs/newtorch2/lib/python3.11/site-packages/torch/include/torch/csrc/api/include -isystem /data/home/yunyun/miniconda3/envs/newtorch2/lib/python3.11/site-packages/torch/include/TH -isystem /data/home/yunyun/miniconda3/envs/newtorch2/lib/python3.11/site-packages/torch/include/THC -isystem /usr/local/cuda-12.1/include -isystem /data/home/yunyun/miniconda3/envs/newtorch2/include/python3.11 -D_GLIBCXX_USE_CXX11_ABI=0 -fPIC -std=c++17 -O3 -std=c++17 -g -Wno-reorder -DVERSION_GE_1_1 -DVERSION_GE_1_3 -DVERSION_GE_1_5 -DBF16_AVAILABLE -c /data/home/yunyun/miniconda3/envs/newtorch2/lib/python3.11/site-packages/deepspeed/ops/csrc/adam/fused_adam_frontend.cpp -o fused_adam_frontend.o 
[3/3] c++ fused_adam_frontend.o multi_tensor_adam.cuda.o -shared -L/data/home/yunyun/miniconda3/envs/newtorch2/lib/python3.11/site-packages/torch/lib -lc10 -lc10_cuda -ltorch_cpu -ltorch_cuda -ltorch -ltorch_python -L/usr/local/cuda-12.1/lib64 -lcudart -o fused_adam.so
Loading extension module fused_adam...
Loading extension module fused_adam...
Loading extension module fused_adam...
Loading extension module fused_adam...
Loading extension module fused_adam...
Loading extension module fused_adam...
Loading extension module fused_adam...
Loading extension module fused_adam...
Time to load fused_adam op: 26.478384733200073 secondsTime to load fused_adam op: 34.14859127998352 secondsTime to load fused_adam op: 26.519890308380127 seconds
Time to load fused_adam op: 34.16313648223877 secondsTime to load fused_adam op: 33.81522226333618 secondsTime to load fused_adam op: 33.4069287776947 secondsTime to load fused_adam op: 34.163167238235474 seconds





Time to load fused_adam op: 34.163165807724 seconds
Parameter Offload: Total persistent parameters: 414720 in 81 params
`use_cache=True` is incompatible with gradient checkpointing. Setting `use_cache=False`.
`use_cache=True` is incompatible with gradient checkpointing. Setting `use_cache=False`.
`use_cache=True` is incompatible with gradient checkpointing. Setting `use_cache=False`.
`use_cache=True` is incompatible with gradient checkpointing. Setting `use_cache=False`.
`use_cache=True` is incompatible with gradient checkpointing. Setting `use_cache=False`.
`use_cache=True` is incompatible with gradient checkpointing. Setting `use_cache=False`.
`use_cache=True` is incompatible with gradient checkpointing. Setting `use_cache=False`.
  0%|          | 0/564 [00:00<?, ?it/s]`use_cache=True` is incompatible with gradient checkpointing. Setting `use_cache=False`.
/data/home/yunyun/miniconda3/envs/newtorch2/lib/python3.11/site-packages/torch/utils/checkpoint.py:464: UserWarning: torch.utils.checkpoint: the use_reentrant parameter should be passed explicitly. In version 2.4 we will raise an exception if use_reentrant is not passed. use_reentrant=False is recommended, but if you need to preserve the current default behavior, you can pass use_reentrant=True. Refer to docs for more details on the differences between the two variants.
  warnings.warn(
/data/home/yunyun/miniconda3/envs/newtorch2/lib/python3.11/site-packages/torch/utils/checkpoint.py:464: UserWarning: torch.utils.checkpoint: the use_reentrant parameter should be passed explicitly. In version 2.4 we will raise an exception if use_reentrant is not passed. use_reentrant=False is recommended, but if you need to preserve the current default behavior, you can pass use_reentrant=True. Refer to docs for more details on the differences between the two variants.
  warnings.warn(
/data/home/yunyun/miniconda3/envs/newtorch2/lib/python3.11/site-packages/torch/utils/checkpoint.py:464: UserWarning: torch.utils.checkpoint: the use_reentrant parameter should be passed explicitly. In version 2.4 we will raise an exception if use_reentrant is not passed. use_reentrant=False is recommended, but if you need to preserve the current default behavior, you can pass use_reentrant=True. Refer to docs for more details on the differences between the two variants.
  warnings.warn(
/data/home/yunyun/miniconda3/envs/newtorch2/lib/python3.11/site-packages/torch/utils/checkpoint.py:464: UserWarning: torch.utils.checkpoint: the use_reentrant parameter should be passed explicitly. In version 2.4 we will raise an exception if use_reentrant is not passed. use_reentrant=False is recommended, but if you need to preserve the current default behavior, you can pass use_reentrant=True. Refer to docs for more details on the differences between the two variants.
  warnings.warn(
/data/home/yunyun/miniconda3/envs/newtorch2/lib/python3.11/site-packages/torch/utils/checkpoint.py:464: UserWarning: torch.utils.checkpoint: the use_reentrant parameter should be passed explicitly. In version 2.4 we will raise an exception if use_reentrant is not passed. use_reentrant=False is recommended, but if you need to preserve the current default behavior, you can pass use_reentrant=True. Refer to docs for more details on the differences between the two variants.
  warnings.warn(
/data/home/yunyun/miniconda3/envs/newtorch2/lib/python3.11/site-packages/torch/utils/checkpoint.py:464: UserWarning: torch.utils.checkpoint: the use_reentrant parameter should be passed explicitly. In version 2.4 we will raise an exception if use_reentrant is not passed. use_reentrant=False is recommended, but if you need to preserve the current default behavior, you can pass use_reentrant=True. Refer to docs for more details on the differences between the two variants.
  warnings.warn(
/data/home/yunyun/miniconda3/envs/newtorch2/lib/python3.11/site-packages/torch/utils/checkpoint.py:464: UserWarning: torch.utils.checkpoint: the use_reentrant parameter should be passed explicitly. In version 2.4 we will raise an exception if use_reentrant is not passed. use_reentrant=False is recommended, but if you need to preserve the current default behavior, you can pass use_reentrant=True. Refer to docs for more details on the differences between the two variants.
  warnings.warn(
/data/home/yunyun/miniconda3/envs/newtorch2/lib/python3.11/site-packages/torch/utils/checkpoint.py:464: UserWarning: torch.utils.checkpoint: the use_reentrant parameter should be passed explicitly. In version 2.4 we will raise an exception if use_reentrant is not passed. use_reentrant=False is recommended, but if you need to preserve the current default behavior, you can pass use_reentrant=True. Refer to docs for more details on the differences between the two variants.
  warnings.warn(
cr2-p548xlarge-0:2555803:2559130 [7] NCCL INFO NET/OFI Libfabric provider associates MRs with domains
cr2-p548xlarge-0:2555799:2559131 [3] NCCL INFO NET/OFI Libfabric provider associates MRs with domains
cr2-p548xlarge-0:2555798:2559129 [2] NCCL INFO NET/OFI Libfabric provider associates MRs with domains
cr2-p548xlarge-0:2555802:2559132 [6] NCCL INFO NET/OFI Libfabric provider associates MRs with domains
cr2-p548xlarge-0:2555796:2559125 [0] NCCL INFO NET/OFI Libfabric provider associates MRs with domains
cr2-p548xlarge-0:2555800:2559128 [4] NCCL INFO NET/OFI Libfabric provider associates MRs with domains
cr2-p548xlarge-0:2555797:2559126 [1] NCCL INFO NET/OFI Libfabric provider associates MRs with domains
cr2-p548xlarge-0:2555801:2559127 [5] NCCL INFO NET/OFI Libfabric provider associates MRs with domains
cr2-p548xlarge-0:2555803:2559130 [7] NCCL INFO Using non-device net plugin version 0
cr2-p548xlarge-0:2555799:2559131 [3] NCCL INFO Using non-device net plugin version 0
cr2-p548xlarge-0:2555802:2559132 [6] NCCL INFO Using non-device net plugin version 0
cr2-p548xlarge-0:2555798:2559129 [2] NCCL INFO Using non-device net plugin version 0
cr2-p548xlarge-0:2555796:2559125 [0] NCCL INFO Using non-device net plugin version 0
cr2-p548xlarge-0:2555800:2559128 [4] NCCL INFO Using non-device net plugin version 0
cr2-p548xlarge-0:2555797:2559126 [1] NCCL INFO Using non-device net plugin version 0
cr2-p548xlarge-0:2555801:2559127 [5] NCCL INFO Using non-device net plugin version 0
cr2-p548xlarge-0:2555803:2559130 [7] NCCL INFO Using network AWS Libfabric
cr2-p548xlarge-0:2555799:2559131 [3] NCCL INFO Using network AWS Libfabric
cr2-p548xlarge-0:2555802:2559132 [6] NCCL INFO Using network AWS Libfabric
cr2-p548xlarge-0:2555798:2559129 [2] NCCL INFO Using network AWS Libfabric
cr2-p548xlarge-0:2555796:2559125 [0] NCCL INFO Using network AWS Libfabric
cr2-p548xlarge-0:2555797:2559126 [1] NCCL INFO Using network AWS Libfabric
cr2-p548xlarge-0:2555801:2559127 [5] NCCL INFO Using network AWS Libfabric
cr2-p548xlarge-0:2555800:2559128 [4] NCCL INFO Using network AWS Libfabric
cr2-p548xlarge-0:2555803:2559130 [7] NCCL INFO DMA-BUF is available on GPU device 7
cr2-p548xlarge-0:2555799:2559131 [3] NCCL INFO DMA-BUF is available on GPU device 3
cr2-p548xlarge-0:2555802:2559132 [6] NCCL INFO DMA-BUF is available on GPU device 6
cr2-p548xlarge-0:2555798:2559129 [2] NCCL INFO DMA-BUF is available on GPU device 2
cr2-p548xlarge-0:2555796:2559125 [0] NCCL INFO DMA-BUF is available on GPU device 0
cr2-p548xlarge-0:2555797:2559126 [1] NCCL INFO DMA-BUF is available on GPU device 1
cr2-p548xlarge-0:2555801:2559127 [5] NCCL INFO DMA-BUF is available on GPU device 5
cr2-p548xlarge-0:2555800:2559128 [4] NCCL INFO DMA-BUF is available on GPU device 4
cr2-p548xlarge-0:2555798:2559129 [2] NCCL INFO bootstrapSplit: comm 0x7fa57d129230 parent 0x559493f482e0 rank 2 nranks 8 color -934961569 key 2 prev 1 next 3 - DONE
cr2-p548xlarge-0:2555797:2559126 [1] NCCL INFO bootstrapSplit: comm 0x7f0c9d128f70 parent 0x5638a19494f0 rank 1 nranks 8 color -934961569 key 1 prev 0 next 2 - DONE
cr2-p548xlarge-0:2555796:2559125 [0] NCCL INFO bootstrapSplit: comm 0x7f9f89127020 parent 0x563c6e7851f0 rank 0 nranks 8 color -934961569 key 0 prev 7 next 1 - DONE
cr2-p548xlarge-0:2555803:2559130 [7] NCCL INFO bootstrapSplit: comm 0x7fa7e9128330 parent 0x55ddd02d9ff0 rank 7 nranks 8 color -934961569 key 7 prev 6 next 0 - DONE
cr2-p548xlarge-0:2555802:2559132 [6] NCCL INFO bootstrapSplit: comm 0x7fcd39129020 parent 0x55803b1548f0 rank 6 nranks 8 color -934961569 key 6 prev 5 next 7 - DONE
cr2-p548xlarge-0:2555801:2559127 [5] NCCL INFO bootstrapSplit: comm 0x7ff4c11283b0 parent 0x55ef0ea72e80 rank 5 nranks 8 color -934961569 key 5 prev 4 next 6 - DONE
cr2-p548xlarge-0:2555800:2559128 [4] NCCL INFO bootstrapSplit: comm 0x7f9fed1280b0 parent 0x55dcab3d4850 rank 4 nranks 8 color -934961569 key 4 prev 3 next 5 - DONE
cr2-p548xlarge-0:2555799:2559131 [3] NCCL INFO bootstrapSplit: comm 0x7ef8291287f0 parent 0x559a27e54920 rank 3 nranks 8 color -934961569 key 3 prev 2 next 4 - DONE
cr2-p548xlarge-0:2555798:2559129 [2] NCCL INFO ncclCommSplit comm 0x7fa57d129230 rank 2 nranks 8 cudaDev 2 nvmlDev 2 busId 75000 parent 0x559493f482e0 color -934961569 key 2 commId 0x58896d74bda0e62f - Init START
cr2-p548xlarge-0:2555797:2559126 [1] NCCL INFO ncclCommSplit comm 0x7f0c9d128f70 rank 1 nranks 8 cudaDev 1 nvmlDev 1 busId 64000 parent 0x5638a19494f0 color -934961569 key 1 commId 0x58896d74bda0e62f - Init START
cr2-p548xlarge-0:2555796:2559125 [0] NCCL INFO ncclCommSplit comm 0x7f9f89127020 rank 0 nranks 8 cudaDev 0 nvmlDev 0 busId 53000 parent 0x563c6e7851f0 color -934961569 key 0 commId 0x58896d74bda0e62f - Init START
cr2-p548xlarge-0:2555803:2559130 [7] NCCL INFO ncclCommSplit comm 0x7fa7e9128330 rank 7 nranks 8 cudaDev 7 nvmlDev 7 busId ca000 parent 0x55ddd02d9ff0 color -934961569 key 7 commId 0x58896d74bda0e62f - Init START
cr2-p548xlarge-0:2555802:2559132 [6] NCCL INFO ncclCommSplit comm 0x7fcd39129020 rank 6 nranks 8 cudaDev 6 nvmlDev 6 busId b9000 parent 0x55803b1548f0 color -934961569 key 6 commId 0x58896d74bda0e62f - Init START
cr2-p548xlarge-0:2555801:2559127 [5] NCCL INFO ncclCommSplit comm 0x7ff4c11283b0 rank 5 nranks 8 cudaDev 5 nvmlDev 5 busId a8000 parent 0x55ef0ea72e80 color -934961569 key 5 commId 0x58896d74bda0e62f - Init START
