cr2-p548xlarge-8:3757460:3758356 [0] NCCL INFO Channel 03/0 : 0[0] -> 1[1] via P2P/CUMEM
cr2-p548xlarge-8:3757463:3758363 [3] NCCL INFO Channel 12/0 : 3[3] -> 4[4] via P2P/CUMEM
cr2-p548xlarge-8:3757461:3758359 [1] NCCL INFO Channel 02/0 : 1[1] -> 2[2] via P2P/CUMEM
cr2-p548xlarge-8:3757462:3758358 [2] NCCL INFO Channel 17/0 : 2[2] -> 3[3] via P2P/CUMEM
cr2-p548xlarge-8:3757460:3758356 [0] NCCL INFO Channel 04/0 : 0[0] -> 1[1] via P2P/CUMEM
cr2-p548xlarge-8:3757463:3758363 [3] NCCL INFO Channel 13/0 : 3[3] -> 4[4] via P2P/CUMEM
cr2-p548xlarge-8:3757461:3758359 [1] NCCL INFO Channel 03/0 : 1[1] -> 2[2] via P2P/CUMEM
cr2-p548xlarge-8:3757462:3758358 [2] NCCL INFO Channel 18/0 : 2[2] -> 3[3] via P2P/CUMEM
cr2-p548xlarge-8:3757460:3758356 [0] NCCL INFO Channel 05/0 : 0[0] -> 1[1] via P2P/CUMEM
cr2-p548xlarge-8:3757463:3758363 [3] NCCL INFO Channel 14/0 : 3[3] -> 4[4] via P2P/CUMEM
cr2-p548xlarge-8:3757461:3758359 [1] NCCL INFO Channel 04/0 : 1[1] -> 2[2] via P2P/CUMEM
cr2-p548xlarge-8:3757462:3758358 [2] NCCL INFO Channel 19/0 : 2[2] -> 3[3] via P2P/CUMEM
cr2-p548xlarge-8:3757460:3758356 [0] NCCL INFO Channel 06/0 : 0[0] -> 1[1] via P2P/CUMEM
cr2-p548xlarge-8:3757463:3758363 [3] NCCL INFO Channel 15/0 : 3[3] -> 4[4] via P2P/CUMEM
cr2-p548xlarge-8:3757461:3758359 [1] NCCL INFO Channel 05/0 : 1[1] -> 2[2] via P2P/CUMEM
cr2-p548xlarge-8:3757460:3758356 [0] NCCL INFO Channel 07/0 : 0[0] -> 1[1] via P2P/CUMEM
cr2-p548xlarge-8:3757462:3758358 [2] NCCL INFO Channel 20/0 : 2[2] -> 3[3] via P2P/CUMEM
cr2-p548xlarge-8:3757463:3758363 [3] NCCL INFO Channel 16/0 : 3[3] -> 4[4] via P2P/CUMEM
cr2-p548xlarge-8:3757461:3758359 [1] NCCL INFO Channel 06/0 : 1[1] -> 2[2] via P2P/CUMEM
cr2-p548xlarge-8:3757463:3758363 [3] NCCL INFO Channel 17/0 : 3[3] -> 4[4] via P2P/CUMEM
cr2-p548xlarge-8:3757462:3758358 [2] NCCL INFO Channel 21/0 : 2[2] -> 3[3] via P2P/CUMEM
cr2-p548xlarge-8:3757460:3758356 [0] NCCL INFO Channel 08/0 : 0[0] -> 1[1] via P2P/CUMEM
cr2-p548xlarge-8:3757461:3758359 [1] NCCL INFO Channel 07/0 : 1[1] -> 2[2] via P2P/CUMEM
cr2-p548xlarge-8:3757462:3758358 [2] NCCL INFO Channel 22/0 : 2[2] -> 3[3] via P2P/CUMEM
cr2-p548xlarge-8:3757463:3758363 [3] NCCL INFO Channel 18/0 : 3[3] -> 4[4] via P2P/CUMEM
cr2-p548xlarge-8:3757460:3758356 [0] NCCL INFO Channel 09/0 : 0[0] -> 1[1] via P2P/CUMEM
cr2-p548xlarge-8:3757462:3758358 [2] NCCL INFO Channel 23/0 : 2[2] -> 3[3] via P2P/CUMEM
cr2-p548xlarge-8:3757463:3758363 [3] NCCL INFO Channel 19/0 : 3[3] -> 4[4] via P2P/CUMEM
cr2-p548xlarge-8:3757460:3758356 [0] NCCL INFO Channel 10/0 : 0[0] -> 1[1] via P2P/CUMEM
cr2-p548xlarge-8:3757461:3758359 [1] NCCL INFO Channel 08/0 : 1[1] -> 2[2] via P2P/CUMEM
cr2-p548xlarge-8:3757463:3758363 [3] NCCL INFO Channel 20/0 : 3[3] -> 4[4] via P2P/CUMEM
cr2-p548xlarge-8:3757461:3758359 [1] NCCL INFO Channel 09/0 : 1[1] -> 2[2] via P2P/CUMEM
cr2-p548xlarge-8:3757460:3758356 [0] NCCL INFO Channel 11/0 : 0[0] -> 1[1] via P2P/CUMEM
cr2-p548xlarge-8:3757461:3758359 [1] NCCL INFO Channel 10/0 : 1[1] -> 2[2] via P2P/CUMEM
cr2-p548xlarge-8:3757463:3758363 [3] NCCL INFO Channel 21/0 : 3[3] -> 4[4] via P2P/CUMEM
cr2-p548xlarge-8:3757460:3758356 [0] NCCL INFO Channel 12/0 : 0[0] -> 1[1] via P2P/CUMEM
cr2-p548xlarge-8:3757461:3758359 [1] NCCL INFO Channel 11/0 : 1[1] -> 2[2] via P2P/CUMEM
cr2-p548xlarge-8:3757463:3758363 [3] NCCL INFO Channel 22/0 : 3[3] -> 4[4] via P2P/CUMEM
cr2-p548xlarge-8:3757460:3758356 [0] NCCL INFO Channel 13/0 : 0[0] -> 1[1] via P2P/CUMEM
cr2-p548xlarge-8:3757461:3758359 [1] NCCL INFO Channel 12/0 : 1[1] -> 2[2] via P2P/CUMEM
cr2-p548xlarge-8:3757463:3758363 [3] NCCL INFO Channel 23/0 : 3[3] -> 4[4] via P2P/CUMEM
cr2-p548xlarge-8:3757460:3758356 [0] NCCL INFO Channel 14/0 : 0[0] -> 1[1] via P2P/CUMEM
cr2-p548xlarge-8:3757461:3758359 [1] NCCL INFO Channel 13/0 : 1[1] -> 2[2] via P2P/CUMEM
cr2-p548xlarge-8:3757460:3758356 [0] NCCL INFO Channel 15/0 : 0[0] -> 1[1] via P2P/CUMEM
cr2-p548xlarge-8:3757461:3758359 [1] NCCL INFO Channel 14/0 : 1[1] -> 2[2] via P2P/CUMEM
cr2-p548xlarge-8:3757460:3758356 [0] NCCL INFO Channel 16/0 : 0[0] -> 1[1] via P2P/CUMEM
cr2-p548xlarge-8:3757460:3758356 [0] NCCL INFO Channel 17/0 : 0[0] -> 1[1] via P2P/CUMEM
cr2-p548xlarge-8:3757461:3758359 [1] NCCL INFO Channel 15/0 : 1[1] -> 2[2] via P2P/CUMEM
cr2-p548xlarge-8:3757460:3758356 [0] NCCL INFO Channel 18/0 : 0[0] -> 1[1] via P2P/CUMEM
cr2-p548xlarge-8:3757461:3758359 [1] NCCL INFO Channel 16/0 : 1[1] -> 2[2] via P2P/CUMEM
cr2-p548xlarge-8:3757460:3758356 [0] NCCL INFO Channel 19/0 : 0[0] -> 1[1] via P2P/CUMEM
cr2-p548xlarge-8:3757460:3758356 [0] NCCL INFO Channel 20/0 : 0[0] -> 1[1] via P2P/CUMEM
cr2-p548xlarge-8:3757461:3758359 [1] NCCL INFO Channel 17/0 : 1[1] -> 2[2] via P2P/CUMEM
cr2-p548xlarge-8:3757460:3758356 [0] NCCL INFO Channel 21/0 : 0[0] -> 1[1] via P2P/CUMEM
cr2-p548xlarge-8:3757461:3758359 [1] NCCL INFO Channel 18/0 : 1[1] -> 2[2] via P2P/CUMEM
cr2-p548xlarge-8:3757460:3758356 [0] NCCL INFO Channel 22/0 : 0[0] -> 1[1] via P2P/CUMEM
cr2-p548xlarge-8:3757465:3758360 [5] NCCL INFO Connected all rings
cr2-p548xlarge-8:3757465:3758360 [5] NCCL INFO Channel 00/0 : 5[5] -> 4[4] via P2P/CUMEM
cr2-p548xlarge-8:3757465:3758360 [5] NCCL INFO Channel 01/0 : 5[5] -> 4[4] via P2P/CUMEM
cr2-p548xlarge-8:3757465:3758360 [5] NCCL INFO Channel 02/0 : 5[5] -> 4[4] via P2P/CUMEM
cr2-p548xlarge-8:3757465:3758360 [5] NCCL INFO Channel 03/0 : 5[5] -> 4[4] via P2P/CUMEM
cr2-p548xlarge-8:3757465:3758360 [5] NCCL INFO Channel 04/0 : 5[5] -> 4[4] via P2P/CUMEM
cr2-p548xlarge-8:3757460:3758356 [0] NCCL INFO Channel 23/0 : 0[0] -> 1[1] via P2P/CUMEM
cr2-p548xlarge-8:3757465:3758360 [5] NCCL INFO Channel 05/0 : 5[5] -> 4[4] via P2P/CUMEM
cr2-p548xlarge-8:3757465:3758360 [5] NCCL INFO Channel 06/0 : 5[5] -> 4[4] via P2P/CUMEM
cr2-p548xlarge-8:3757465:3758360 [5] NCCL INFO Channel 07/0 : 5[5] -> 4[4] via P2P/CUMEM
cr2-p548xlarge-8:3757465:3758360 [5] NCCL INFO Channel 08/0 : 5[5] -> 4[4] via P2P/CUMEM
cr2-p548xlarge-8:3757465:3758360 [5] NCCL INFO Channel 09/0 : 5[5] -> 4[4] via P2P/CUMEM
cr2-p548xlarge-8:3757465:3758360 [5] NCCL INFO Channel 10/0 : 5[5] -> 4[4] via P2P/CUMEM
cr2-p548xlarge-8:3757465:3758360 [5] NCCL INFO Channel 11/0 : 5[5] -> 4[4] via P2P/CUMEM
cr2-p548xlarge-8:3757465:3758360 [5] NCCL INFO Channel 12/0 : 5[5] -> 4[4] via P2P/CUMEM
cr2-p548xlarge-8:3757465:3758360 [5] NCCL INFO Channel 13/0 : 5[5] -> 4[4] via P2P/CUMEM
cr2-p548xlarge-8:3757465:3758360 [5] NCCL INFO Channel 14/0 : 5[5] -> 4[4] via P2P/CUMEM
cr2-p548xlarge-8:3757465:3758360 [5] NCCL INFO Channel 15/0 : 5[5] -> 4[4] via P2P/CUMEM
cr2-p548xlarge-8:3757465:3758360 [5] NCCL INFO Channel 16/0 : 5[5] -> 4[4] via P2P/CUMEM
cr2-p548xlarge-8:3757465:3758360 [5] NCCL INFO Channel 17/0 : 5[5] -> 4[4] via P2P/CUMEM
cr2-p548xlarge-8:3757465:3758360 [5] NCCL INFO Channel 18/0 : 5[5] -> 4[4] via P2P/CUMEM
cr2-p548xlarge-8:3757465:3758360 [5] NCCL INFO Channel 19/0 : 5[5] -> 4[4] via P2P/CUMEM
cr2-p548xlarge-8:3757465:3758360 [5] NCCL INFO Channel 20/0 : 5[5] -> 4[4] via P2P/CUMEM
cr2-p548xlarge-8:3757465:3758360 [5] NCCL INFO Channel 21/0 : 5[5] -> 4[4] via P2P/CUMEM
cr2-p548xlarge-8:3757465:3758360 [5] NCCL INFO Channel 22/0 : 5[5] -> 4[4] via P2P/CUMEM
cr2-p548xlarge-8:3757465:3758360 [5] NCCL INFO Channel 23/0 : 5[5] -> 4[4] via P2P/CUMEM
cr2-p548xlarge-8:3757461:3758359 [1] NCCL INFO Channel 19/0 : 1[1] -> 2[2] via P2P/CUMEM
cr2-p548xlarge-8:3757461:3758359 [1] NCCL INFO Channel 20/0 : 1[1] -> 2[2] via P2P/CUMEM
cr2-p548xlarge-8:3757461:3758359 [1] NCCL INFO Channel 21/0 : 1[1] -> 2[2] via P2P/CUMEM
cr2-p548xlarge-8:3757461:3758359 [1] NCCL INFO Channel 22/0 : 1[1] -> 2[2] via P2P/CUMEM
cr2-p548xlarge-8:3757461:3758359 [1] NCCL INFO Channel 23/0 : 1[1] -> 2[2] via P2P/CUMEM
cr2-p548xlarge-8:3757464:3758364 [4] NCCL INFO Connected all rings
cr2-p548xlarge-8:3757464:3758364 [4] NCCL INFO Channel 00/0 : 4[4] -> 3[3] via P2P/CUMEM
cr2-p548xlarge-8:3757464:3758364 [4] NCCL INFO Channel 01/0 : 4[4] -> 3[3] via P2P/CUMEM
cr2-p548xlarge-8:3757464:3758364 [4] NCCL INFO Channel 02/0 : 4[4] -> 3[3] via P2P/CUMEM
cr2-p548xlarge-8:3757464:3758364 [4] NCCL INFO Channel 03/0 : 4[4] -> 3[3] via P2P/CUMEM
cr2-p548xlarge-8:3757464:3758364 [4] NCCL INFO Channel 04/0 : 4[4] -> 3[3] via P2P/CUMEM
cr2-p548xlarge-8:3757464:3758364 [4] NCCL INFO Channel 05/0 : 4[4] -> 3[3] via P2P/CUMEM
cr2-p548xlarge-8:3757464:3758364 [4] NCCL INFO Channel 06/0 : 4[4] -> 3[3] via P2P/CUMEM
cr2-p548xlarge-8:3757464:3758364 [4] NCCL INFO Channel 07/0 : 4[4] -> 3[3] via P2P/CUMEM
cr2-p548xlarge-8:3757464:3758364 [4] NCCL INFO Channel 08/0 : 4[4] -> 3[3] via P2P/CUMEM
cr2-p548xlarge-8:3757464:3758364 [4] NCCL INFO Channel 09/0 : 4[4] -> 3[3] via P2P/CUMEM
cr2-p548xlarge-8:3757464:3758364 [4] NCCL INFO Channel 10/0 : 4[4] -> 3[3] via P2P/CUMEM
cr2-p548xlarge-8:3757464:3758364 [4] NCCL INFO Channel 11/0 : 4[4] -> 3[3] via P2P/CUMEM
cr2-p548xlarge-8:3757464:3758364 [4] NCCL INFO Channel 12/0 : 4[4] -> 3[3] via P2P/CUMEM
cr2-p548xlarge-8:3757464:3758364 [4] NCCL INFO Channel 13/0 : 4[4] -> 3[3] via P2P/CUMEM
cr2-p548xlarge-8:3757464:3758364 [4] NCCL INFO Channel 14/0 : 4[4] -> 3[3] via P2P/CUMEM
cr2-p548xlarge-8:3757464:3758364 [4] NCCL INFO Channel 15/0 : 4[4] -> 3[3] via P2P/CUMEM
cr2-p548xlarge-8:3757464:3758364 [4] NCCL INFO Channel 16/0 : 4[4] -> 3[3] via P2P/CUMEM
cr2-p548xlarge-8:3757464:3758364 [4] NCCL INFO Channel 17/0 : 4[4] -> 3[3] via P2P/CUMEM
cr2-p548xlarge-8:3757464:3758364 [4] NCCL INFO Channel 18/0 : 4[4] -> 3[3] via P2P/CUMEM
cr2-p548xlarge-8:3757464:3758364 [4] NCCL INFO Channel 19/0 : 4[4] -> 3[3] via P2P/CUMEM
cr2-p548xlarge-8:3757464:3758364 [4] NCCL INFO Channel 20/0 : 4[4] -> 3[3] via P2P/CUMEM
cr2-p548xlarge-8:3757464:3758364 [4] NCCL INFO Channel 21/0 : 4[4] -> 3[3] via P2P/CUMEM
cr2-p548xlarge-8:3757464:3758364 [4] NCCL INFO Channel 22/0 : 4[4] -> 3[3] via P2P/CUMEM
cr2-p548xlarge-8:3757464:3758364 [4] NCCL INFO Channel 23/0 : 4[4] -> 3[3] via P2P/CUMEM
cr2-p548xlarge-8:3757466:3758362 [6] NCCL INFO Connected all rings
cr2-p548xlarge-8:3757466:3758362 [6] NCCL INFO Channel 00/0 : 6[6] -> 5[5] via P2P/CUMEM
cr2-p548xlarge-8:3757466:3758362 [6] NCCL INFO Channel 01/0 : 6[6] -> 5[5] via P2P/CUMEM
cr2-p548xlarge-8:3757466:3758362 [6] NCCL INFO Channel 02/0 : 6[6] -> 5[5] via P2P/CUMEM
cr2-p548xlarge-8:3757466:3758362 [6] NCCL INFO Channel 03/0 : 6[6] -> 5[5] via P2P/CUMEM
cr2-p548xlarge-8:3757466:3758362 [6] NCCL INFO Channel 04/0 : 6[6] -> 5[5] via P2P/CUMEM
cr2-p548xlarge-8:3757466:3758362 [6] NCCL INFO Channel 05/0 : 6[6] -> 5[5] via P2P/CUMEM
cr2-p548xlarge-8:3757466:3758362 [6] NCCL INFO Channel 06/0 : 6[6] -> 5[5] via P2P/CUMEM
cr2-p548xlarge-8:3757466:3758362 [6] NCCL INFO Channel 07/0 : 6[6] -> 5[5] via P2P/CUMEM
cr2-p548xlarge-8:3757466:3758362 [6] NCCL INFO Channel 08/0 : 6[6] -> 5[5] via P2P/CUMEM
cr2-p548xlarge-8:3757466:3758362 [6] NCCL INFO Channel 09/0 : 6[6] -> 5[5] via P2P/CUMEM
cr2-p548xlarge-8:3757466:3758362 [6] NCCL INFO Channel 10/0 : 6[6] -> 5[5] via P2P/CUMEM
cr2-p548xlarge-8:3757466:3758362 [6] NCCL INFO Channel 11/0 : 6[6] -> 5[5] via P2P/CUMEM
cr2-p548xlarge-8:3757466:3758362 [6] NCCL INFO Channel 12/0 : 6[6] -> 5[5] via P2P/CUMEM
cr2-p548xlarge-8:3757466:3758362 [6] NCCL INFO Channel 13/0 : 6[6] -> 5[5] via P2P/CUMEM
cr2-p548xlarge-8:3757466:3758362 [6] NCCL INFO Channel 14/0 : 6[6] -> 5[5] via P2P/CUMEM
cr2-p548xlarge-8:3757466:3758362 [6] NCCL INFO Channel 15/0 : 6[6] -> 5[5] via P2P/CUMEM
cr2-p548xlarge-8:3757466:3758362 [6] NCCL INFO Channel 16/0 : 6[6] -> 5[5] via P2P/CUMEM
cr2-p548xlarge-8:3757466:3758362 [6] NCCL INFO Channel 17/0 : 6[6] -> 5[5] via P2P/CUMEM
cr2-p548xlarge-8:3757466:3758362 [6] NCCL INFO Channel 18/0 : 6[6] -> 5[5] via P2P/CUMEM
cr2-p548xlarge-8:3757466:3758362 [6] NCCL INFO Channel 19/0 : 6[6] -> 5[5] via P2P/CUMEM
cr2-p548xlarge-8:3757466:3758362 [6] NCCL INFO Channel 20/0 : 6[6] -> 5[5] via P2P/CUMEM
cr2-p548xlarge-8:3757466:3758362 [6] NCCL INFO Channel 21/0 : 6[6] -> 5[5] via P2P/CUMEM
cr2-p548xlarge-8:3757466:3758362 [6] NCCL INFO Channel 22/0 : 6[6] -> 5[5] via P2P/CUMEM
cr2-p548xlarge-8:3757466:3758362 [6] NCCL INFO Channel 23/0 : 6[6] -> 5[5] via P2P/CUMEM
cr2-p548xlarge-8:3757467:3758361 [7] NCCL INFO Connected all rings
cr2-p548xlarge-8:3757467:3758361 [7] NCCL INFO Channel 00/0 : 7[7] -> 6[6] via P2P/CUMEM
cr2-p548xlarge-8:3757467:3758361 [7] NCCL INFO Channel 01/0 : 7[7] -> 6[6] via P2P/CUMEM
cr2-p548xlarge-8:3757467:3758361 [7] NCCL INFO Channel 02/0 : 7[7] -> 6[6] via P2P/CUMEM
cr2-p548xlarge-8:3757467:3758361 [7] NCCL INFO Channel 03/0 : 7[7] -> 6[6] via P2P/CUMEM
cr2-p548xlarge-8:3757467:3758361 [7] NCCL INFO Channel 04/0 : 7[7] -> 6[6] via P2P/CUMEM
cr2-p548xlarge-8:3757467:3758361 [7] NCCL INFO Channel 05/0 : 7[7] -> 6[6] via P2P/CUMEM
cr2-p548xlarge-8:3757467:3758361 [7] NCCL INFO Channel 06/0 : 7[7] -> 6[6] via P2P/CUMEM
cr2-p548xlarge-8:3757467:3758361 [7] NCCL INFO Channel 07/0 : 7[7] -> 6[6] via P2P/CUMEM
cr2-p548xlarge-8:3757467:3758361 [7] NCCL INFO Channel 08/0 : 7[7] -> 6[6] via P2P/CUMEM
cr2-p548xlarge-8:3757467:3758361 [7] NCCL INFO Channel 09/0 : 7[7] -> 6[6] via P2P/CUMEM
cr2-p548xlarge-8:3757467:3758361 [7] NCCL INFO Channel 10/0 : 7[7] -> 6[6] via P2P/CUMEM
cr2-p548xlarge-8:3757467:3758361 [7] NCCL INFO Channel 11/0 : 7[7] -> 6[6] via P2P/CUMEM
cr2-p548xlarge-8:3757467:3758361 [7] NCCL INFO Channel 12/0 : 7[7] -> 6[6] via P2P/CUMEM
cr2-p548xlarge-8:3757467:3758361 [7] NCCL INFO Channel 13/0 : 7[7] -> 6[6] via P2P/CUMEM
cr2-p548xlarge-8:3757467:3758361 [7] NCCL INFO Channel 14/0 : 7[7] -> 6[6] via P2P/CUMEM
cr2-p548xlarge-8:3757467:3758361 [7] NCCL INFO Channel 15/0 : 7[7] -> 6[6] via P2P/CUMEM
cr2-p548xlarge-8:3757467:3758361 [7] NCCL INFO Channel 16/0 : 7[7] -> 6[6] via P2P/CUMEM
cr2-p548xlarge-8:3757467:3758361 [7] NCCL INFO Channel 17/0 : 7[7] -> 6[6] via P2P/CUMEM
cr2-p548xlarge-8:3757467:3758361 [7] NCCL INFO Channel 18/0 : 7[7] -> 6[6] via P2P/CUMEM
cr2-p548xlarge-8:3757467:3758361 [7] NCCL INFO Channel 19/0 : 7[7] -> 6[6] via P2P/CUMEM
cr2-p548xlarge-8:3757467:3758361 [7] NCCL INFO Channel 20/0 : 7[7] -> 6[6] via P2P/CUMEM
cr2-p548xlarge-8:3757467:3758361 [7] NCCL INFO Channel 21/0 : 7[7] -> 6[6] via P2P/CUMEM
cr2-p548xlarge-8:3757467:3758361 [7] NCCL INFO Channel 22/0 : 7[7] -> 6[6] via P2P/CUMEM
cr2-p548xlarge-8:3757467:3758361 [7] NCCL INFO Channel 23/0 : 7[7] -> 6[6] via P2P/CUMEM
cr2-p548xlarge-8:3757463:3758363 [3] NCCL INFO Connected all rings
cr2-p548xlarge-8:3757461:3758359 [1] NCCL INFO Connected all rings
cr2-p548xlarge-8:3757460:3758356 [0] NCCL INFO Connected all rings
cr2-p548xlarge-8:3757462:3758358 [2] NCCL INFO Connected all rings
cr2-p548xlarge-8:3757467:3758361 [7] NCCL INFO Connected all trees
cr2-p548xlarge-8:3757466:3758362 [6] NCCL INFO Connected all trees
cr2-p548xlarge-8:3757466:3758362 [6] NCCL INFO NCCL_NVLS_CHUNKSIZE set by environment to 524288.
cr2-p548xlarge-8:3757466:3758362 [6] NCCL INFO NVLS comm 0x5637dcddcd80 headRank 6 nHeads 8 buffSize 4194304 memSize 2097152 nvlsPerRankSize 301989888 nvlsTotalSize 2415919104
cr2-p548xlarge-8:3757467:3758361 [7] NCCL INFO NCCL_NVLS_CHUNKSIZE set by environment to 524288.
cr2-p548xlarge-8:3757467:3758361 [7] NCCL INFO NVLS comm 0x557e9a5c7040 headRank 7 nHeads 8 buffSize 4194304 memSize 2097152 nvlsPerRankSize 301989888 nvlsTotalSize 2415919104
cr2-p548xlarge-8:3757461:3758359 [1] NCCL INFO Channel 00/0 : 1[1] -> 0[0] via P2P/CUMEM
cr2-p548xlarge-8:3757461:3758359 [1] NCCL INFO Channel 01/0 : 1[1] -> 0[0] via P2P/CUMEM
cr2-p548xlarge-8:3757461:3758359 [1] NCCL INFO Channel 02/0 : 1[1] -> 0[0] via P2P/CUMEM
cr2-p548xlarge-8:3757463:3758363 [3] NCCL INFO Channel 00/0 : 3[3] -> 2[2] via P2P/CUMEM
cr2-p548xlarge-8:3757461:3758359 [1] NCCL INFO Channel 03/0 : 1[1] -> 0[0] via P2P/CUMEM
cr2-p548xlarge-8:3757463:3758363 [3] NCCL INFO Channel 01/0 : 3[3] -> 2[2] via P2P/CUMEM
cr2-p548xlarge-8:3757461:3758359 [1] NCCL INFO Channel 04/0 : 1[1] -> 0[0] via P2P/CUMEM
cr2-p548xlarge-8:3757463:3758363 [3] NCCL INFO Channel 02/0 : 3[3] -> 2[2] via P2P/CUMEM
cr2-p548xlarge-8:3757461:3758359 [1] NCCL INFO Channel 05/0 : 1[1] -> 0[0] via P2P/CUMEM
cr2-p548xlarge-8:3757463:3758363 [3] NCCL INFO Channel 03/0 : 3[3] -> 2[2] via P2P/CUMEM
cr2-p548xlarge-8:3757461:3758359 [1] NCCL INFO Channel 06/0 : 1[1] -> 0[0] via P2P/CUMEM
cr2-p548xlarge-8:3757463:3758363 [3] NCCL INFO Channel 04/0 : 3[3] -> 2[2] via P2P/CUMEM
cr2-p548xlarge-8:3757461:3758359 [1] NCCL INFO Channel 07/0 : 1[1] -> 0[0] via P2P/CUMEM
cr2-p548xlarge-8:3757463:3758363 [3] NCCL INFO Channel 05/0 : 3[3] -> 2[2] via P2P/CUMEM
cr2-p548xlarge-8:3757462:3758358 [2] NCCL INFO Channel 00/0 : 2[2] -> 1[1] via P2P/CUMEM
cr2-p548xlarge-8:3757461:3758359 [1] NCCL INFO Channel 08/0 : 1[1] -> 0[0] via P2P/CUMEM
cr2-p548xlarge-8:3757462:3758358 [2] NCCL INFO Channel 01/0 : 2[2] -> 1[1] via P2P/CUMEM
cr2-p548xlarge-8:3757463:3758363 [3] NCCL INFO Channel 06/0 : 3[3] -> 2[2] via P2P/CUMEM
cr2-p548xlarge-8:3757461:3758359 [1] NCCL INFO Channel 09/0 : 1[1] -> 0[0] via P2P/CUMEM
cr2-p548xlarge-8:3757463:3758363 [3] NCCL INFO Channel 07/0 : 3[3] -> 2[2] via P2P/CUMEM
cr2-p548xlarge-8:3757462:3758358 [2] NCCL INFO Channel 02/0 : 2[2] -> 1[1] via P2P/CUMEM
cr2-p548xlarge-8:3757461:3758359 [1] NCCL INFO Channel 10/0 : 1[1] -> 0[0] via P2P/CUMEM
cr2-p548xlarge-8:3757462:3758358 [2] NCCL INFO Channel 03/0 : 2[2] -> 1[1] via P2P/CUMEM
cr2-p548xlarge-8:3757463:3758363 [3] NCCL INFO Channel 08/0 : 3[3] -> 2[2] via P2P/CUMEM
cr2-p548xlarge-8:3757461:3758359 [1] NCCL INFO Channel 11/0 : 1[1] -> 0[0] via P2P/CUMEM
cr2-p548xlarge-8:3757462:3758358 [2] NCCL INFO Channel 04/0 : 2[2] -> 1[1] via P2P/CUMEM
cr2-p548xlarge-8:3757463:3758363 [3] NCCL INFO Channel 09/0 : 3[3] -> 2[2] via P2P/CUMEM
cr2-p548xlarge-8:3757461:3758359 [1] NCCL INFO Channel 12/0 : 1[1] -> 0[0] via P2P/CUMEM
cr2-p548xlarge-8:3757462:3758358 [2] NCCL INFO Channel 05/0 : 2[2] -> 1[1] via P2P/CUMEM
cr2-p548xlarge-8:3757463:3758363 [3] NCCL INFO Channel 10/0 : 3[3] -> 2[2] via P2P/CUMEM
cr2-p548xlarge-8:3757462:3758358 [2] NCCL INFO Channel 06/0 : 2[2] -> 1[1] via P2P/CUMEM
cr2-p548xlarge-8:3757461:3758359 [1] NCCL INFO Channel 13/0 : 1[1] -> 0[0] via P2P/CUMEM
cr2-p548xlarge-8:3757463:3758363 [3] NCCL INFO Channel 11/0 : 3[3] -> 2[2] via P2P/CUMEM
cr2-p548xlarge-8:3757462:3758358 [2] NCCL INFO Channel 07/0 : 2[2] -> 1[1] via P2P/CUMEM
cr2-p548xlarge-8:3757461:3758359 [1] NCCL INFO Channel 14/0 : 1[1] -> 0[0] via P2P/CUMEM
cr2-p548xlarge-8:3757462:3758358 [2] NCCL INFO Channel 08/0 : 2[2] -> 1[1] via P2P/CUMEM
cr2-p548xlarge-8:3757463:3758363 [3] NCCL INFO Channel 12/0 : 3[3] -> 2[2] via P2P/CUMEM
cr2-p548xlarge-8:3757461:3758359 [1] NCCL INFO Channel 15/0 : 1[1] -> 0[0] via P2P/CUMEM
cr2-p548xlarge-8:3757462:3758358 [2] NCCL INFO Channel 09/0 : 2[2] -> 1[1] via P2P/CUMEM
cr2-p548xlarge-8:3757463:3758363 [3] NCCL INFO Channel 13/0 : 3[3] -> 2[2] via P2P/CUMEM
cr2-p548xlarge-8:3757462:3758358 [2] NCCL INFO Channel 10/0 : 2[2] -> 1[1] via P2P/CUMEM
cr2-p548xlarge-8:3757461:3758359 [1] NCCL INFO Channel 16/0 : 1[1] -> 0[0] via P2P/CUMEM
cr2-p548xlarge-8:3757462:3758358 [2] NCCL INFO Channel 11/0 : 2[2] -> 1[1] via P2P/CUMEM
cr2-p548xlarge-8:3757463:3758363 [3] NCCL INFO Channel 14/0 : 3[3] -> 2[2] via P2P/CUMEM
cr2-p548xlarge-8:3757461:3758359 [1] NCCL INFO Channel 17/0 : 1[1] -> 0[0] via P2P/CUMEM
cr2-p548xlarge-8:3757462:3758358 [2] NCCL INFO Channel 12/0 : 2[2] -> 1[1] via P2P/CUMEM
cr2-p548xlarge-8:3757462:3758358 [2] NCCL INFO Channel 13/0 : 2[2] -> 1[1] via P2P/CUMEM
cr2-p548xlarge-8:3757463:3758363 [3] NCCL INFO Channel 15/0 : 3[3] -> 2[2] via P2P/CUMEM
cr2-p548xlarge-8:3757461:3758359 [1] NCCL INFO Channel 18/0 : 1[1] -> 0[0] via P2P/CUMEM
cr2-p548xlarge-8:3757462:3758358 [2] NCCL INFO Channel 14/0 : 2[2] -> 1[1] via P2P/CUMEM
cr2-p548xlarge-8:3757463:3758363 [3] NCCL INFO Channel 16/0 : 3[3] -> 2[2] via P2P/CUMEM
cr2-p548xlarge-8:3757461:3758359 [1] NCCL INFO Channel 19/0 : 1[1] -> 0[0] via P2P/CUMEM
cr2-p548xlarge-8:3757462:3758358 [2] NCCL INFO Channel 15/0 : 2[2] -> 1[1] via P2P/CUMEM
cr2-p548xlarge-8:3757463:3758363 [3] NCCL INFO Channel 17/0 : 3[3] -> 2[2] via P2P/CUMEM
cr2-p548xlarge-8:3757461:3758359 [1] NCCL INFO Channel 20/0 : 1[1] -> 0[0] via P2P/CUMEM
cr2-p548xlarge-8:3757462:3758358 [2] NCCL INFO Channel 16/0 : 2[2] -> 1[1] via P2P/CUMEM
cr2-p548xlarge-8:3757463:3758363 [3] NCCL INFO Channel 18/0 : 3[3] -> 2[2] via P2P/CUMEM
cr2-p548xlarge-8:3757461:3758359 [1] NCCL INFO Channel 21/0 : 1[1] -> 0[0] via P2P/CUMEM
cr2-p548xlarge-8:3757462:3758358 [2] NCCL INFO Channel 17/0 : 2[2] -> 1[1] via P2P/CUMEM
cr2-p548xlarge-8:3757463:3758363 [3] NCCL INFO Channel 19/0 : 3[3] -> 2[2] via P2P/CUMEM
cr2-p548xlarge-8:3757461:3758359 [1] NCCL INFO Channel 22/0 : 1[1] -> 0[0] via P2P/CUMEM
cr2-p548xlarge-8:3757462:3758358 [2] NCCL INFO Channel 18/0 : 2[2] -> 1[1] via P2P/CUMEM
cr2-p548xlarge-8:3757463:3758363 [3] NCCL INFO Channel 20/0 : 3[3] -> 2[2] via P2P/CUMEM
cr2-p548xlarge-8:3757461:3758359 [1] NCCL INFO Channel 23/0 : 1[1] -> 0[0] via P2P/CUMEM
cr2-p548xlarge-8:3757462:3758358 [2] NCCL INFO Channel 19/0 : 2[2] -> 1[1] via P2P/CUMEM
cr2-p548xlarge-8:3757463:3758363 [3] NCCL INFO Channel 21/0 : 3[3] -> 2[2] via P2P/CUMEM
cr2-p548xlarge-8:3757462:3758358 [2] NCCL INFO Channel 20/0 : 2[2] -> 1[1] via P2P/CUMEM
cr2-p548xlarge-8:3757463:3758363 [3] NCCL INFO Channel 22/0 : 3[3] -> 2[2] via P2P/CUMEM
cr2-p548xlarge-8:3757462:3758358 [2] NCCL INFO Channel 21/0 : 2[2] -> 1[1] via P2P/CUMEM
cr2-p548xlarge-8:3757463:3758363 [3] NCCL INFO Channel 23/0 : 3[3] -> 2[2] via P2P/CUMEM
cr2-p548xlarge-8:3757462:3758358 [2] NCCL INFO Channel 22/0 : 2[2] -> 1[1] via P2P/CUMEM
cr2-p548xlarge-8:3757462:3758358 [2] NCCL INFO Channel 23/0 : 2[2] -> 1[1] via P2P/CUMEM
cr2-p548xlarge-8:3757465:3758360 [5] NCCL INFO Connected all trees
cr2-p548xlarge-8:3757465:3758360 [5] NCCL INFO NCCL_NVLS_CHUNKSIZE set by environment to 524288.
cr2-p548xlarge-8:3757465:3758360 [5] NCCL INFO NVLS comm 0x55b2fb620140 headRank 5 nHeads 8 buffSize 4194304 memSize 2097152 nvlsPerRankSize 301989888 nvlsTotalSize 2415919104
cr2-p548xlarge-8:3757463:3758363 [3] NCCL INFO Connected all trees
cr2-p548xlarge-8:3757464:3758364 [4] NCCL INFO Connected all trees
cr2-p548xlarge-8:3757464:3758364 [4] NCCL INFO NCCL_NVLS_CHUNKSIZE set by environment to 524288.
cr2-p548xlarge-8:3757464:3758364 [4] NCCL INFO NVLS comm 0x55ec3f42a730 headRank 4 nHeads 8 buffSize 4194304 memSize 2097152 nvlsPerRankSize 301989888 nvlsTotalSize 2415919104
cr2-p548xlarge-8:3757463:3758363 [3] NCCL INFO NCCL_NVLS_CHUNKSIZE set by environment to 524288.
cr2-p548xlarge-8:3757463:3758363 [3] NCCL INFO NVLS comm 0x557ea2f20570 headRank 3 nHeads 8 buffSize 4194304 memSize 2097152 nvlsPerRankSize 301989888 nvlsTotalSize 2415919104
cr2-p548xlarge-8:3757461:3758359 [1] NCCL INFO Connected all trees
cr2-p548xlarge-8:3757460:3758356 [0] NCCL INFO Connected all trees
cr2-p548xlarge-8:3757461:3758359 [1] NCCL INFO NCCL_NVLS_CHUNKSIZE set by environment to 524288.
cr2-p548xlarge-8:3757461:3758359 [1] NCCL INFO NVLS comm 0x560702601720 headRank 1 nHeads 8 buffSize 4194304 memSize 2097152 nvlsPerRankSize 301989888 nvlsTotalSize 2415919104
cr2-p548xlarge-8:3757460:3758356 [0] NCCL INFO NCCL_NVLS_CHUNKSIZE set by environment to 524288.
cr2-p548xlarge-8:3757460:3758356 [0] NCCL INFO NVLS comm 0x55f698472240 headRank 0 nHeads 8 buffSize 4194304 memSize 2097152 nvlsPerRankSize 301989888 nvlsTotalSize 2415919104
cr2-p548xlarge-8:3757462:3758358 [2] NCCL INFO Connected all trees
cr2-p548xlarge-8:3757462:3758358 [2] NCCL INFO NCCL_NVLS_CHUNKSIZE set by environment to 524288.
cr2-p548xlarge-8:3757462:3758358 [2] NCCL INFO NVLS comm 0x55fbaeac0810 headRank 2 nHeads 8 buffSize 4194304 memSize 2097152 nvlsPerRankSize 301989888 nvlsTotalSize 2415919104
cr2-p548xlarge-8:3757462:3758358 [2] NCCL INFO NCCL_PROTO set by environment to simple
cr2-p548xlarge-8:3757462:3758358 [2] NCCL INFO NCCL_ALGO set by environment to tree
cr2-p548xlarge-8:3757462:3758358 [2] NCCL INFO threadThresholds 8/8/64 | 64/8/64 | 512 | 512
cr2-p548xlarge-8:3757462:3758358 [2] NCCL INFO 24 coll channels, 24 collnet channels, 16 nvls channels, 32 p2p channels, 32 p2p channels per peer
cr2-p548xlarge-8:3757464:3758364 [4] NCCL INFO NCCL_PROTO set by environment to simple
cr2-p548xlarge-8:3757464:3758364 [4] NCCL INFO NCCL_ALGO set by environment to tree
cr2-p548xlarge-8:3757464:3758364 [4] NCCL INFO threadThresholds 8/8/64 | 64/8/64 | 512 | 512
cr2-p548xlarge-8:3757464:3758364 [4] NCCL INFO 24 coll channels, 24 collnet channels, 16 nvls channels, 32 p2p channels, 32 p2p channels per peer
cr2-p548xlarge-8:3757465:3758360 [5] NCCL INFO NCCL_PROTO set by environment to simple
cr2-p548xlarge-8:3757465:3758360 [5] NCCL INFO NCCL_ALGO set by environment to tree
cr2-p548xlarge-8:3757465:3758360 [5] NCCL INFO threadThresholds 8/8/64 | 64/8/64 | 512 | 512
cr2-p548xlarge-8:3757465:3758360 [5] NCCL INFO 24 coll channels, 24 collnet channels, 16 nvls channels, 32 p2p channels, 32 p2p channels per peer
cr2-p548xlarge-8:3757463:3758363 [3] NCCL INFO NCCL_PROTO set by environment to simple
cr2-p548xlarge-8:3757463:3758363 [3] NCCL INFO NCCL_ALGO set by environment to tree
cr2-p548xlarge-8:3757463:3758363 [3] NCCL INFO threadThresholds 8/8/64 | 64/8/64 | 512 | 512
cr2-p548xlarge-8:3757463:3758363 [3] NCCL INFO 24 coll channels, 24 collnet channels, 16 nvls channels, 32 p2p channels, 32 p2p channels per peer
cr2-p548xlarge-8:3757461:3758359 [1] NCCL INFO NCCL_PROTO set by environment to simple
cr2-p548xlarge-8:3757461:3758359 [1] NCCL INFO NCCL_ALGO set by environment to tree
cr2-p548xlarge-8:3757461:3758359 [1] NCCL INFO threadThresholds 8/8/64 | 64/8/64 | 512 | 512
cr2-p548xlarge-8:3757461:3758359 [1] NCCL INFO 24 coll channels, 24 collnet channels, 16 nvls channels, 32 p2p channels, 32 p2p channels per peer
cr2-p548xlarge-8:3757466:3758362 [6] NCCL INFO NCCL_PROTO set by environment to simple
cr2-p548xlarge-8:3757466:3758362 [6] NCCL INFO NCCL_ALGO set by environment to tree
cr2-p548xlarge-8:3757466:3758362 [6] NCCL INFO threadThresholds 8/8/64 | 64/8/64 | 512 | 512
cr2-p548xlarge-8:3757466:3758362 [6] NCCL INFO 24 coll channels, 24 collnet channels, 16 nvls channels, 32 p2p channels, 32 p2p channels per peer
cr2-p548xlarge-8:3757460:3758356 [0] NCCL INFO NCCL_PROTO set by environment to simple
cr2-p548xlarge-8:3757460:3758356 [0] NCCL INFO NCCL_ALGO set by environment to tree
cr2-p548xlarge-8:3757467:3758361 [7] NCCL INFO NCCL_PROTO set by environment to simple
cr2-p548xlarge-8:3757467:3758361 [7] NCCL INFO NCCL_ALGO set by environment to tree
cr2-p548xlarge-8:3757460:3758356 [0] NCCL INFO threadThresholds 8/8/64 | 64/8/64 | 512 | 512
cr2-p548xlarge-8:3757467:3758361 [7] NCCL INFO threadThresholds 8/8/64 | 64/8/64 | 512 | 512
cr2-p548xlarge-8:3757460:3758356 [0] NCCL INFO 24 coll channels, 24 collnet channels, 16 nvls channels, 32 p2p channels, 32 p2p channels per peer
cr2-p548xlarge-8:3757467:3758361 [7] NCCL INFO 24 coll channels, 24 collnet channels, 16 nvls channels, 32 p2p channels, 32 p2p channels per peer
cr2-p548xlarge-8:3757464:3758364 [4] NCCL INFO TUNER/Plugin: Failed to find ncclTunerPlugin_v2, using internal tuner instead.
cr2-p548xlarge-8:3757466:3758362 [6] NCCL INFO TUNER/Plugin: Failed to find ncclTunerPlugin_v2, using internal tuner instead.
cr2-p548xlarge-8:3757464:3758364 [4] NCCL INFO ncclCommInitRank comm 0x55ec3f42a730 rank 4 nranks 8 cudaDev 4 nvmlDev 4 busId 97000 commId 0xe66ffec7ce6d8472 - Init COMPLETE
cr2-p548xlarge-8:3757466:3758362 [6] NCCL INFO ncclCommInitRank comm 0x5637dcddcd80 rank 6 nranks 8 cudaDev 6 nvmlDev 6 busId b9000 commId 0xe66ffec7ce6d8472 - Init COMPLETE
cr2-p548xlarge-8:3757462:3758358 [2] NCCL INFO TUNER/Plugin: Failed to find ncclTunerPlugin_v2, using internal tuner instead.
cr2-p548xlarge-8:3757462:3758358 [2] NCCL INFO ncclCommInitRank comm 0x55fbaeac0810 rank 2 nranks 8 cudaDev 2 nvmlDev 2 busId 75000 commId 0xe66ffec7ce6d8472 - Init COMPLETE
cr2-p548xlarge-8:3757465:3758360 [5] NCCL INFO TUNER/Plugin: Failed to find ncclTunerPlugin_v2, using internal tuner instead.
cr2-p548xlarge-8:3757465:3758360 [5] NCCL INFO ncclCommInitRank comm 0x55b2fb620140 rank 5 nranks 8 cudaDev 5 nvmlDev 5 busId a8000 commId 0xe66ffec7ce6d8472 - Init COMPLETE
cr2-p548xlarge-8:3757467:3758361 [7] NCCL INFO TUNER/Plugin: Failed to find ncclTunerPlugin_v2, using internal tuner instead.
cr2-p548xlarge-8:3757467:3758361 [7] NCCL INFO ncclCommInitRank comm 0x557e9a5c7040 rank 7 nranks 8 cudaDev 7 nvmlDev 7 busId ca000 commId 0xe66ffec7ce6d8472 - Init COMPLETE
cr2-p548xlarge-8:3757461:3758359 [1] NCCL INFO TUNER/Plugin: Failed to find ncclTunerPlugin_v2, using internal tuner instead.
cr2-p548xlarge-8:3757461:3758359 [1] NCCL INFO ncclCommInitRank comm 0x560702601720 rank 1 nranks 8 cudaDev 1 nvmlDev 1 busId 64000 commId 0xe66ffec7ce6d8472 - Init COMPLETE
cr2-p548xlarge-8:3757463:3758363 [3] NCCL INFO TUNER/Plugin: Failed to find ncclTunerPlugin_v2, using internal tuner instead.
cr2-p548xlarge-8:3757463:3758363 [3] NCCL INFO ncclCommInitRank comm 0x557ea2f20570 rank 3 nranks 8 cudaDev 3 nvmlDev 3 busId 86000 commId 0xe66ffec7ce6d8472 - Init COMPLETE
cr2-p548xlarge-8:3757460:3758356 [0] NCCL INFO TUNER/Plugin: Failed to find ncclTunerPlugin_v2, using internal tuner instead.
cr2-p548xlarge-8:3757460:3758356 [0] NCCL INFO ncclCommInitRank comm 0x55f698472240 rank 0 nranks 8 cudaDev 0 nvmlDev 0 busId 53000 commId 0xe66ffec7ce6d8472 - Init COMPLETE
[2024-08-13 15:47:24,470] [INFO] [partition_parameters.py:345:__exit__] finished initializing model - num_params = 363, num_elems = 13.02B
Loading checkpoint shards:   0%|          | 0/3 [00:00<?, ?it/s]Loading checkpoint shards:   0%|          | 0/3 [00:00<?, ?it/s]Loading checkpoint shards:   0%|          | 0/3 [00:00<?, ?it/s]Loading checkpoint shards:   0%|          | 0/3 [00:00<?, ?it/s]Loading checkpoint shards:   0%|          | 0/3 [00:00<?, ?it/s]Loading checkpoint shards:   0%|          | 0/3 [00:00<?, ?it/s]Loading checkpoint shards:   0%|          | 0/3 [00:00<?, ?it/s]Loading checkpoint shards:   0%|          | 0/3 [00:00<?, ?it/s]Loading checkpoint shards:  33%|â–ˆâ–ˆâ–ˆâ–Ž      | 1/3 [00:09<00:19,  9.61s/it]Loading checkpoint shards:  33%|â–ˆâ–ˆâ–ˆâ–Ž      | 1/3 [00:09<00:19,  9.62s/it]Loading checkpoint shards:  33%|â–ˆâ–ˆâ–ˆâ–Ž      | 1/3 [00:09<00:19,  9.63s/it]Loading checkpoint shards:  33%|â–ˆâ–ˆâ–ˆâ–Ž      | 1/3 [00:09<00:19,  9.62s/it]Loading checkpoint shards:  33%|â–ˆâ–ˆâ–ˆâ–Ž      | 1/3 [00:09<00:19,  9.62s/it]Loading checkpoint shards:  33%|â–ˆâ–ˆâ–ˆâ–Ž      | 1/3 [00:09<00:19,  9.64s/it]Loading checkpoint shards:  33%|â–ˆâ–ˆâ–ˆâ–Ž      | 1/3 [00:09<00:19,  9.64s/it]Loading checkpoint shards:  33%|â–ˆâ–ˆâ–ˆâ–Ž      | 1/3 [00:33<01:06, 33.22s/it]Loading checkpoint shards:  67%|â–ˆâ–ˆâ–ˆâ–ˆâ–ˆâ–ˆâ–‹   | 2/3 [00:41<00:22, 22.76s/it]Loading checkpoint shards:  67%|â–ˆâ–ˆâ–ˆâ–ˆâ–ˆâ–ˆâ–‹   | 2/3 [00:41<00:22, 22.76s/it]Loading checkpoint shards:  67%|â–ˆâ–ˆâ–ˆâ–ˆâ–ˆâ–ˆâ–‹   | 2/3 [00:41<00:22, 22.77s/it]Loading checkpoint shards:  67%|â–ˆâ–ˆâ–ˆâ–ˆâ–ˆâ–ˆâ–‹   | 2/3 [00:41<00:22, 22.78s/it]Loading checkpoint shards:  67%|â–ˆâ–ˆâ–ˆâ–ˆâ–ˆâ–ˆâ–‹   | 2/3 [00:41<00:22, 22.77s/it]Loading checkpoint shards:  67%|â–ˆâ–ˆâ–ˆâ–ˆâ–ˆâ–ˆâ–‹   | 2/3 [00:41<00:22, 22.82s/it]Loading checkpoint shards:  67%|â–ˆâ–ˆâ–ˆâ–ˆâ–ˆâ–ˆâ–‹   | 2/3 [00:41<00:22, 22.84s/it]Loading checkpoint shards: 100%|â–ˆâ–ˆâ–ˆâ–ˆâ–ˆâ–ˆâ–ˆâ–ˆâ–ˆâ–ˆ| 3/3 [01:01<00:00, 21.67s/it]Loading checkpoint shards: 100%|â–ˆâ–ˆâ–ˆâ–ˆâ–ˆâ–ˆâ–ˆâ–ˆâ–ˆâ–ˆ| 3/3 [01:01<00:00, 20.66s/it]
Loading checkpoint shards: 100%|â–ˆâ–ˆâ–ˆâ–ˆâ–ˆâ–ˆâ–ˆâ–ˆâ–ˆâ–ˆ| 3/3 [01:01<00:00, 21.67s/it]Loading checkpoint shards: 100%|â–ˆâ–ˆâ–ˆâ–ˆâ–ˆâ–ˆâ–ˆâ–ˆâ–ˆâ–ˆ| 3/3 [01:01<00:00, 20.65s/it]
Loading checkpoint shards: 100%|â–ˆâ–ˆâ–ˆâ–ˆâ–ˆâ–ˆâ–ˆâ–ˆâ–ˆâ–ˆ| 3/3 [01:01<00:00, 21.68s/it]Loading checkpoint shards: 100%|â–ˆâ–ˆâ–ˆâ–ˆâ–ˆâ–ˆâ–ˆâ–ˆâ–ˆâ–ˆ| 3/3 [01:01<00:00, 20.66s/it]
Loading checkpoint shards: 100%|â–ˆâ–ˆâ–ˆâ–ˆâ–ˆâ–ˆâ–ˆâ–ˆâ–ˆâ–ˆ| 3/3 [01:01<00:00, 21.67s/it]Loading checkpoint shards: 100%|â–ˆâ–ˆâ–ˆâ–ˆâ–ˆâ–ˆâ–ˆâ–ˆâ–ˆâ–ˆ| 3/3 [01:01<00:00, 20.66s/it]
Loading checkpoint shards: 100%|â–ˆâ–ˆâ–ˆâ–ˆâ–ˆâ–ˆâ–ˆâ–ˆâ–ˆâ–ˆ| 3/3 [01:01<00:00, 21.68s/it]Loading checkpoint shards: 100%|â–ˆâ–ˆâ–ˆâ–ˆâ–ˆâ–ˆâ–ˆâ–ˆâ–ˆâ–ˆ| 3/3 [01:01<00:00, 20.66s/it]
Loading checkpoint shards: 100%|â–ˆâ–ˆâ–ˆâ–ˆâ–ˆâ–ˆâ–ˆâ–ˆâ–ˆâ–ˆ| 3/3 [01:02<00:00, 21.70s/it]Loading checkpoint shards: 100%|â–ˆâ–ˆâ–ˆâ–ˆâ–ˆâ–ˆâ–ˆâ–ˆâ–ˆâ–ˆ| 3/3 [01:02<00:00, 20.67s/it]
Loading checkpoint shards: 100%|â–ˆâ–ˆâ–ˆâ–ˆâ–ˆâ–ˆâ–ˆâ–ˆâ–ˆâ–ˆ| 3/3 [01:02<00:00, 21.68s/it]Loading checkpoint shards: 100%|â–ˆâ–ˆâ–ˆâ–ˆâ–ˆâ–ˆâ–ˆâ–ˆâ–ˆâ–ˆ| 3/3 [01:02<00:00, 20.67s/it]
enable_input_require_grads!
enable_input_require_grads!
enable_input_require_grads!
enable_input_require_grads!
enable_input_require_grads!
enable_input_require_grads!
enable_input_require_grads!
Loading checkpoint shards:  67%|â–ˆâ–ˆâ–ˆâ–ˆâ–ˆâ–ˆâ–‹   | 2/3 [01:06<00:33, 33.06s/it]Loading checkpoint shards: 100%|â–ˆâ–ˆâ–ˆâ–ˆâ–ˆâ–ˆâ–ˆâ–ˆâ–ˆâ–ˆ| 3/3 [01:28<00:00, 28.27s/it]Loading checkpoint shards: 100%|â–ˆâ–ˆâ–ˆâ–ˆâ–ˆâ–ˆâ–ˆâ–ˆâ–ˆâ–ˆ| 3/3 [01:28<00:00, 29.59s/it]
enable_input_require_grads!
trainable params: 13,107,200 || all params: 13,028,971,520 || trainable%: 0.1006
Finetune with LORA setting:  None
trainable params: 13,107,200 || all params: 13,028,971,520 || trainable%: 0.1006
Finetune with LORA setting:  None
trainable params: 13,107,200 || all params: 13,028,971,520 || trainable%: 0.1006
Finetune with LORA setting:  None
trainable params: 13,107,200 || all params: 13,028,971,520 || trainable%: 0.1006
Finetune with LORA setting:  None
trainable params: 13,107,200 || all params: 13,028,971,520 || trainable%: 0.1006
Finetune with LORA setting:  None
trainable params: 13,107,200 || all params: 13,028,971,520 || trainable%: 0.1006
Finetune with LORA setting:  None
trainable params: 13,107,200 || all params: 13,028,971,520 || trainable%: 0.1006
Finetune with LORA setting:  None
trainable params: 13,107,200 || all params: 13,028,971,520 || trainable%: 0.1006
Finetune with LORA setting:  None
WARNING:root:Loading data...
WARNING:root:Loading data...
WARNING:root:Loading data...
WARNING:root:Loading data...
WARNING:root:Loading data...
WARNING:root:Loading data...
WARNING:root:Loading data...
WARNING:root:Loading data...
WARNING:root:Formatting inputs...
WARNING:root:Formatting inputs...
WARNING:root:Formatting inputs...
WARNING:root:Formatting inputs...
WARNING:root:Formatting inputs...
WARNING:root:Formatting inputs...
WARNING:root:Formatting inputs...
WARNING:root:Formatting inputs...
WARNING:root:Tokenizing inputs... This may take some time...
WARNING:root:Tokenizing inputs... This may take some time...
WARNING:root:Tokenizing inputs... This may take some time...
WARNING:root:Tokenizing inputs... This may take some time...
WARNING:root:Tokenizing inputs... This may take some time...
WARNING:root:Tokenizing inputs... This may take some time...
WARNING:root:Tokenizing inputs... This may take some time...
WARNING:root:Tokenizing inputs... This may take some time...
[rank7]:[W Utils.hpp:135] Warning: Environment variable NCCL_ASYNC_ERROR_HANDLING is deprecated; use TORCH_NCCL_ASYNC_ERROR_HANDLING instead (function getCvarInt)
[rank5]:[W Utils.hpp:135] Warning: Environment variable NCCL_ASYNC_ERROR_HANDLING is deprecated; use TORCH_NCCL_ASYNC_ERROR_HANDLING instead (function getCvarInt)
[rank1]:[W Utils.hpp:135] Warning: Environment variable NCCL_ASYNC_ERROR_HANDLING is deprecated; use TORCH_NCCL_ASYNC_ERROR_HANDLING instead (function getCvarInt)
Using /opt/hpcaas/.mounts/fs-0301404b74c8d22fd/home/yunyun/.cache/torch_extensions/py311_cu121 as PyTorch extensions root...Using /opt/hpcaas/.mounts/fs-0301404b74c8d22fd/home/yunyun/.cache/torch_extensions/py311_cu121 as PyTorch extensions root...Using /opt/hpcaas/.mounts/fs-0301404b74c8d22fd/home/yunyun/.cache/torch_extensions/py311_cu121 as PyTorch extensions root...


[rank2]:[W Utils.hpp:135] Warning: Environment variable NCCL_ASYNC_ERROR_HANDLING is deprecated; use TORCH_NCCL_ASYNC_ERROR_HANDLING instead (function getCvarInt)
Using /opt/hpcaas/.mounts/fs-0301404b74c8d22fd/home/yunyun/.cache/torch_extensions/py311_cu121 as PyTorch extensions root...
Detected CUDA files, patching ldflags
Emitting ninja build file /opt/hpcaas/.mounts/fs-0301404b74c8d22fd/home/yunyun/.cache/torch_extensions/py311_cu121/fused_adam/build.ninja...
/data/home/yunyun/miniconda3/envs/newtorch2/lib/python3.11/site-packages/torch/utils/cpp_extension.py:1967: UserWarning: TORCH_CUDA_ARCH_LIST is not set, all archs for visible cards are included for compilation. 
If this is not desired, please set os.environ['TORCH_CUDA_ARCH_LIST'].
  warnings.warn(
Building extension module fused_adam...
Allowing ninja to set a default number of workers... (overridable by setting the environment variable MAX_JOBS=N)
[rank6]:[W Utils.hpp:135] Warning: Environment variable NCCL_ASYNC_ERROR_HANDLING is deprecated; use TORCH_NCCL_ASYNC_ERROR_HANDLING instead (function getCvarInt)
Using /opt/hpcaas/.mounts/fs-0301404b74c8d22fd/home/yunyun/.cache/torch_extensions/py311_cu121 as PyTorch extensions root...
[rank3]:[W Utils.hpp:135] Warning: Environment variable NCCL_ASYNC_ERROR_HANDLING is deprecated; use TORCH_NCCL_ASYNC_ERROR_HANDLING instead (function getCvarInt)
Using /opt/hpcaas/.mounts/fs-0301404b74c8d22fd/home/yunyun/.cache/torch_extensions/py311_cu121 as PyTorch extensions root...
ninja: no work to do.
Loading extension module fused_adam...
Loading extension module fused_adam...
Loading extension module fused_adam...
Loading extension module fused_adam...
Loading extension module fused_adam...
Loading extension module fused_adam...
Time to load fused_adam op: 3.196265697479248 seconds
Time to load fused_adam op: 2.3260505199432373 seconds
Time to load fused_adam op: 3.137965679168701 seconds
Time to load fused_adam op: 3.196638822555542 seconds
Time to load fused_adam op: 2.4169297218322754 secondsTime to load fused_adam op: 3.1966941356658936 seconds

[rank4]:[W Utils.hpp:135] Warning: Environment variable NCCL_ASYNC_ERROR_HANDLING is deprecated; use TORCH_NCCL_ASYNC_ERROR_HANDLING instead (function getCvarInt)
Using /opt/hpcaas/.mounts/fs-0301404b74c8d22fd/home/yunyun/.cache/torch_extensions/py311_cu121 as PyTorch extensions root...
Detected CUDA files, patching ldflags
Emitting ninja build file /opt/hpcaas/.mounts/fs-0301404b74c8d22fd/home/yunyun/.cache/torch_extensions/py311_cu121/fused_adam/build.ninja...
/data/home/yunyun/miniconda3/envs/newtorch2/lib/python3.11/site-packages/torch/utils/cpp_extension.py:1967: UserWarning: TORCH_CUDA_ARCH_LIST is not set, all archs for visible cards are included for compilation. 
If this is not desired, please set os.environ['TORCH_CUDA_ARCH_LIST'].
  warnings.warn(
Building extension module fused_adam...
Allowing ninja to set a default number of workers... (overridable by setting the environment variable MAX_JOBS=N)
ninja: no work to do.
Loading extension module fused_adam...
Time to load fused_adam op: 0.33510804176330566 seconds
[rank0]:[W Utils.hpp:135] Warning: Environment variable NCCL_ASYNC_ERROR_HANDLING is deprecated; use TORCH_NCCL_ASYNC_ERROR_HANDLING instead (function getCvarInt)
Using /opt/hpcaas/.mounts/fs-0301404b74c8d22fd/home/yunyun/.cache/torch_extensions/py311_cu121 as PyTorch extensions root...
Detected CUDA files, patching ldflags
Emitting ninja build file /opt/hpcaas/.mounts/fs-0301404b74c8d22fd/home/yunyun/.cache/torch_extensions/py311_cu121/fused_adam/build.ninja...
/data/home/yunyun/miniconda3/envs/newtorch2/lib/python3.11/site-packages/torch/utils/cpp_extension.py:1967: UserWarning: TORCH_CUDA_ARCH_LIST is not set, all archs for visible cards are included for compilation. 
If this is not desired, please set os.environ['TORCH_CUDA_ARCH_LIST'].
  warnings.warn(
Building extension module fused_adam...
Allowing ninja to set a default number of workers... (overridable by setting the environment variable MAX_JOBS=N)
ninja: no work to do.
Loading extension module fused_adam...
Time to load fused_adam op: 0.29968953132629395 seconds
Parameter Offload: Total persistent parameters: 13521920 in 241 params
  0%|          | 0/630 [00:00<?, ?it/s]/data/home/yunyun/miniconda3/envs/newtorch2/lib/python3.11/site-packages/torch/utils/checkpoint.py:464: UserWarning: torch.utils.checkpoint: the use_reentrant parameter should be passed explicitly. In version 2.4 we will raise an exception if use_reentrant is not passed. use_reentrant=False is recommended, but if you need to preserve the current default behavior, you can pass use_reentrant=True. Refer to docs for more details on the differences between the two variants.
  warnings.warn(
/data/home/yunyun/miniconda3/envs/newtorch2/lib/python3.11/site-packages/torch/utils/checkpoint.py:464: UserWarning: torch.utils.checkpoint: the use_reentrant parameter should be passed explicitly. In version 2.4 we will raise an exception if use_reentrant is not passed. use_reentrant=False is recommended, but if you need to preserve the current default behavior, you can pass use_reentrant=True. Refer to docs for more details on the differences between the two variants.
  warnings.warn(
/data/home/yunyun/miniconda3/envs/newtorch2/lib/python3.11/site-packages/torch/utils/checkpoint.py:464: UserWarning: torch.utils.checkpoint: the use_reentrant parameter should be passed explicitly. In version 2.4 we will raise an exception if use_reentrant is not passed. use_reentrant=False is recommended, but if you need to preserve the current default behavior, you can pass use_reentrant=True. Refer to docs for more details on the differences between the two variants.
  warnings.warn(
/data/home/yunyun/miniconda3/envs/newtorch2/lib/python3.11/site-packages/torch/utils/checkpoint.py:464: UserWarning: torch.utils.checkpoint: the use_reentrant parameter should be passed explicitly. In version 2.4 we will raise an exception if use_reentrant is not passed. use_reentrant=False is recommended, but if you need to preserve the current default behavior, you can pass use_reentrant=True. Refer to docs for more details on the differences between the two variants.
  warnings.warn(
/data/home/yunyun/miniconda3/envs/newtorch2/lib/python3.11/site-packages/torch/utils/checkpoint.py:464: UserWarning: torch.utils.checkpoint: the use_reentrant parameter should be passed explicitly. In version 2.4 we will raise an exception if use_reentrant is not passed. use_reentrant=False is recommended, but if you need to preserve the current default behavior, you can pass use_reentrant=True. Refer to docs for more details on the differences between the two variants.
  warnings.warn(
/data/home/yunyun/miniconda3/envs/newtorch2/lib/python3.11/site-packages/torch/utils/checkpoint.py:464: UserWarning: torch.utils.checkpoint: the use_reentrant parameter should be passed explicitly. In version 2.4 we will raise an exception if use_reentrant is not passed. use_reentrant=False is recommended, but if you need to preserve the current default behavior, you can pass use_reentrant=True. Refer to docs for more details on the differences between the two variants.
  warnings.warn(
/data/home/yunyun/miniconda3/envs/newtorch2/lib/python3.11/site-packages/torch/utils/checkpoint.py:464: UserWarning: torch.utils.checkpoint: the use_reentrant parameter should be passed explicitly. In version 2.4 we will raise an exception if use_reentrant is not passed. use_reentrant=False is recommended, but if you need to preserve the current default behavior, you can pass use_reentrant=True. Refer to docs for more details on the differences between the two variants.
  warnings.warn(
/data/home/yunyun/miniconda3/envs/newtorch2/lib/python3.11/site-packages/torch/utils/checkpoint.py:464: UserWarning: torch.utils.checkpoint: the use_reentrant parameter should be passed explicitly. In version 2.4 we will raise an exception if use_reentrant is not passed. use_reentrant=False is recommended, but if you need to preserve the current default behavior, you can pass use_reentrant=True. Refer to docs for more details on the differences between the two variants.
  warnings.warn(
cr2-p548xlarge-8:3757467:3764396 [7] NCCL INFO NET/OFI Libfabric provider associates MRs with domains
cr2-p548xlarge-8:3757466:3764395 [6] NCCL INFO NET/OFI Libfabric provider associates MRs with domains
cr2-p548xlarge-8:3757460:3764394 [0] NCCL INFO NET/OFI Libfabric provider associates MRs with domains
cr2-p548xlarge-8:3757465:3764397 [5] NCCL INFO NET/OFI Libfabric provider associates MRs with domains
cr2-p548xlarge-8:3757462:3764392 [2] NCCL INFO NET/OFI Libfabric provider associates MRs with domains
cr2-p548xlarge-8:3757461:3764391 [1] NCCL INFO NET/OFI Libfabric provider associates MRs with domains
cr2-p548xlarge-8:3757463:3764393 [3] NCCL INFO NET/OFI Libfabric provider associates MRs with domains
cr2-p548xlarge-8:3757464:3764398 [4] NCCL INFO NET/OFI Libfabric provider associates MRs with domains
cr2-p548xlarge-8:3757467:3764396 [7] NCCL INFO Using non-device net plugin version 0
cr2-p548xlarge-8:3757466:3764395 [6] NCCL INFO Using non-device net plugin version 0
cr2-p548xlarge-8:3757460:3764394 [0] NCCL INFO Using non-device net plugin version 0
cr2-p548xlarge-8:3757465:3764397 [5] NCCL INFO Using non-device net plugin version 0
cr2-p548xlarge-8:3757462:3764392 [2] NCCL INFO Using non-device net plugin version 0
cr2-p548xlarge-8:3757463:3764393 [3] NCCL INFO Using non-device net plugin version 0
cr2-p548xlarge-8:3757461:3764391 [1] NCCL INFO Using non-device net plugin version 0
cr2-p548xlarge-8:3757464:3764398 [4] NCCL INFO Using non-device net plugin version 0
cr2-p548xlarge-8:3757467:3764396 [7] NCCL INFO Using network AWS Libfabric
cr2-p548xlarge-8:3757466:3764395 [6] NCCL INFO Using network AWS Libfabric
cr2-p548xlarge-8:3757460:3764394 [0] NCCL INFO Using network AWS Libfabric
cr2-p548xlarge-8:3757465:3764397 [5] NCCL INFO Using network AWS Libfabric
cr2-p548xlarge-8:3757463:3764393 [3] NCCL INFO Using network AWS Libfabric
cr2-p548xlarge-8:3757461:3764391 [1] NCCL INFO Using network AWS Libfabric
cr2-p548xlarge-8:3757462:3764392 [2] NCCL INFO Using network AWS Libfabric
cr2-p548xlarge-8:3757464:3764398 [4] NCCL INFO Using network AWS Libfabric
cr2-p548xlarge-8:3757467:3764396 [7] NCCL INFO DMA-BUF is available on GPU device 7
cr2-p548xlarge-8:3757466:3764395 [6] NCCL INFO DMA-BUF is available on GPU device 6
cr2-p548xlarge-8:3757465:3764397 [5] NCCL INFO DMA-BUF is available on GPU device 5
cr2-p548xlarge-8:3757463:3764393 [3] NCCL INFO DMA-BUF is available on GPU device 3
cr2-p548xlarge-8:3757461:3764391 [1] NCCL INFO DMA-BUF is available on GPU device 1
cr2-p548xlarge-8:3757462:3764392 [2] NCCL INFO DMA-BUF is available on GPU device 2
cr2-p548xlarge-8:3757464:3764398 [4] NCCL INFO DMA-BUF is available on GPU device 4
cr2-p548xlarge-8:3757460:3764394 [0] NCCL INFO DMA-BUF is available on GPU device 0
cr2-p548xlarge-8:3757464:3764398 [4] NCCL INFO bootstrapSplit: comm 0x55ec49aca1a0 parent 0x55ec3f42a730 rank 4 nranks 8 color -934961569 key 4 prev 3 next 5 - DONE
cr2-p548xlarge-8:3757460:3764394 [0] NCCL INFO bootstrapSplit: comm 0x55f6a22ecd40 parent 0x55f698472240 rank 0 nranks 8 color -934961569 key 0 prev 7 next 1 - DONE
cr2-p548xlarge-8:3757461:3764391 [1] NCCL INFO bootstrapSplit: comm 0x56070a1450c0 parent 0x560702601720 rank 1 nranks 8 color -934961569 key 1 prev 0 next 2 - DONE
cr2-p548xlarge-8:3757463:3764393 [3] NCCL INFO bootstrapSplit: comm 0x557eade37ba0 parent 0x557ea2f20570 rank 3 nranks 8 color -934961569 key 3 prev 2 next 4 - DONE
cr2-p548xlarge-8:3757466:3764395 [6] NCCL INFO bootstrapSplit: comm 0x5637e8017660 parent 0x5637dcddcd80 rank 6 nranks 8 color -934961569 key 6 prev 5 next 7 - DONE
cr2-p548xlarge-8:3757464:3764398 [4] NCCL INFO ncclCommSplit comm 0x55ec49aca1a0 rank 4 nranks 8 cudaDev 4 nvmlDev 4 busId 97000 parent 0x55ec3f42a730 color -934961569 key 4 commId 0xb89a148d60d19881 - Init START
cr2-p548xlarge-8:3757462:3764392 [2] NCCL INFO bootstrapSplit: comm 0x55fbb4917a80 parent 0x55fbaeac0810 rank 2 nranks 8 color -934961569 key 2 prev 1 next 3 - DONE
cr2-p548xlarge-8:3757467:3764396 [7] NCCL INFO bootstrapSplit: comm 0x557ea2309600 parent 0x557e9a5c7040 rank 7 nranks 8 color -934961569 key 7 prev 6 next 0 - DONE
cr2-p548xlarge-8:3757465:3764397 [5] NCCL INFO bootstrapSplit: comm 0x55b303771980 parent 0x55b2fb620140 rank 5 nranks 8 color -934961569 key 5 prev 4 next 6 - DONE
cr2-p548xlarge-8:3757460:3764394 [0] NCCL INFO ncclCommSplit comm 0x55f6a22ecd40 rank 0 nranks 8 cudaDev 0 nvmlDev 0 busId 53000 parent 0x55f698472240 color -934961569 key 0 commId 0xb89a148d60d19881 - Init START
cr2-p548xlarge-8:3757461:3764391 [1] NCCL INFO ncclCommSplit comm 0x56070a1450c0 rank 1 nranks 8 cudaDev 1 nvmlDev 1 busId 64000 parent 0x560702601720 color -934961569 key 1 commId 0xb89a148d60d19881 - Init START
cr2-p548xlarge-8:3757463:3764393 [3] NCCL INFO ncclCommSplit comm 0x557eade37ba0 rank 3 nranks 8 cudaDev 3 nvmlDev 3 busId 86000 parent 0x557ea2f20570 color -934961569 key 3 commId 0xb89a148d60d19881 - Init START
cr2-p548xlarge-8:3757466:3764395 [6] NCCL INFO ncclCommSplit comm 0x5637e8017660 rank 6 nranks 8 cudaDev 6 nvmlDev 6 busId b9000 parent 0x5637dcddcd80 color -934961569 key 6 commId 0xb89a148d60d19881 - Init START
cr2-p548xlarge-8:3757462:3764392 [2] NCCL INFO ncclCommSplit comm 0x55fbb4917a80 rank 2 nranks 8 cudaDev 2 nvmlDev 2 busId 75000 parent 0x55fbaeac0810 color -934961569 key 2 commId 0xb89a148d60d19881 - Init START
cr2-p548xlarge-8:3757467:3764396 [7] NCCL INFO ncclCommSplit comm 0x557ea2309600 rank 7 nranks 8 cudaDev 7 nvmlDev 7 busId ca000 parent 0x557e9a5c7040 color -934961569 key 7 commId 0xb89a148d60d19881 - Init START
cr2-p548xlarge-8:3757465:3764397 [5] NCCL INFO ncclCommSplit comm 0x55b303771980 rank 5 nranks 8 cudaDev 5 nvmlDev 5 busId a8000 parent 0x55b2fb620140 color -934961569 key 5 commId 0xb89a148d60d19881 - Init START
