cr1-p548xlarge-15:2051707:2054626 [4] NCCL INFO Using network AWS Libfabric
cr1-p548xlarge-15:2051709:2054624 [6] NCCL INFO Using network AWS Libfabric
cr1-p548xlarge-15:2051708:2054625 [5] NCCL INFO DMA-BUF is available on GPU device 5
cr1-p548xlarge-15:2051707:2054626 [4] NCCL INFO DMA-BUF is available on GPU device 4
cr1-p548xlarge-15:2051709:2054624 [6] NCCL INFO DMA-BUF is available on GPU device 6
cr1-p548xlarge-15:2051703:2054620 [0] NCCL INFO NET/OFI Libfabric provider associates MRs with domains
cr1-p548xlarge-15:2051704:2054627 [1] NCCL INFO NET/OFI Libfabric provider associates MRs with domains
cr1-p548xlarge-15:2051710:2054623 [7] NCCL INFO NET/OFI Libfabric provider associates MRs with domains
cr1-p548xlarge-15:2051704:2054627 [1] NCCL INFO Using non-device net plugin version 0
cr1-p548xlarge-15:2051703:2054620 [0] NCCL INFO Using non-device net plugin version 0
cr1-p548xlarge-15:2051704:2054627 [1] NCCL INFO Using network AWS Libfabric
cr1-p548xlarge-15:2051703:2054620 [0] NCCL INFO Using network AWS Libfabric
cr1-p548xlarge-15:2051710:2054623 [7] NCCL INFO Using non-device net plugin version 0
cr1-p548xlarge-15:2051704:2054627 [1] NCCL INFO DMA-BUF is available on GPU device 1
cr1-p548xlarge-15:2051703:2054620 [0] NCCL INFO DMA-BUF is available on GPU device 0
cr1-p548xlarge-15:2051710:2054623 [7] NCCL INFO Using network AWS Libfabric
cr1-p548xlarge-15:2051710:2054623 [7] NCCL INFO DMA-BUF is available on GPU device 7
cr1-p548xlarge-15:2051705:2054622 [2] NCCL INFO NET/OFI Libfabric provider associates MRs with domains
cr1-p548xlarge-15:2051706:2054621 [3] NCCL INFO NET/OFI Libfabric provider associates MRs with domains
cr1-p548xlarge-15:2051705:2054622 [2] NCCL INFO Using non-device net plugin version 0
cr1-p548xlarge-15:2051705:2054622 [2] NCCL INFO Using network AWS Libfabric
cr1-p548xlarge-15:2051706:2054621 [3] NCCL INFO Using non-device net plugin version 0
cr1-p548xlarge-15:2051705:2054622 [2] NCCL INFO DMA-BUF is available on GPU device 2
cr1-p548xlarge-15:2051706:2054621 [3] NCCL INFO Using network AWS Libfabric
cr1-p548xlarge-15:2051706:2054621 [3] NCCL INFO DMA-BUF is available on GPU device 3
cr1-p548xlarge-15:2051704:2054627 [1] NCCL INFO bootstrapSplit: comm 0x7f9134dd4590 parent 0x55a04de24170 rank 1 nranks 8 color -934961569 key 1 prev 0 next 2 - DONE
cr1-p548xlarge-15:2051703:2054620 [0] NCCL INFO bootstrapSplit: comm 0x7efa90dd4f70 parent 0x55bdd8fec060 rank 0 nranks 8 color -934961569 key 0 prev 7 next 1 - DONE
cr1-p548xlarge-15:2051710:2054623 [7] NCCL INFO bootstrapSplit: comm 0x7f3be4dd4f60 parent 0x562246441de0 rank 7 nranks 8 color -934961569 key 7 prev 6 next 0 - DONE
cr1-p548xlarge-15:2051709:2054624 [6] NCCL INFO bootstrapSplit: comm 0x7f4b3cdd73f0 parent 0x55ae22169170 rank 6 nranks 8 color -934961569 key 6 prev 5 next 7 - DONE
cr1-p548xlarge-15:2051708:2054625 [5] NCCL INFO bootstrapSplit: comm 0x7fba50dd4340 parent 0x564a639a5070 rank 5 nranks 8 color -934961569 key 5 prev 4 next 6 - DONE
cr1-p548xlarge-15:2051704:2054627 [1] NCCL INFO ncclCommSplit comm 0x7f9134dd4590 rank 1 nranks 8 cudaDev 1 nvmlDev 1 busId 64000 parent 0x55a04de24170 color -934961569 key 1 commId 0x4eb63e4202009e91 - Init START
cr1-p548xlarge-15:2051705:2054622 [2] NCCL INFO bootstrapSplit: comm 0x7feb00dd44c0 parent 0x561b94fa6c60 rank 2 nranks 8 color -934961569 key 2 prev 1 next 3 - DONE
cr1-p548xlarge-15:2051707:2054626 [4] NCCL INFO bootstrapSplit: comm 0x7f6540dd4520 parent 0x55fa8c1d4ac0 rank 4 nranks 8 color -934961569 key 4 prev 3 next 5 - DONE
cr1-p548xlarge-15:2051706:2054621 [3] NCCL INFO bootstrapSplit: comm 0x7efe40dd59c0 parent 0x559985daa650 rank 3 nranks 8 color -934961569 key 3 prev 2 next 4 - DONE
cr1-p548xlarge-15:2051703:2054620 [0] NCCL INFO ncclCommSplit comm 0x7efa90dd4f70 rank 0 nranks 8 cudaDev 0 nvmlDev 0 busId 53000 parent 0x55bdd8fec060 color -934961569 key 0 commId 0x4eb63e4202009e91 - Init START
cr1-p548xlarge-15:2051710:2054623 [7] NCCL INFO ncclCommSplit comm 0x7f3be4dd4f60 rank 7 nranks 8 cudaDev 7 nvmlDev 7 busId ca000 parent 0x562246441de0 color -934961569 key 7 commId 0x4eb63e4202009e91 - Init START
cr1-p548xlarge-15:2051709:2054624 [6] NCCL INFO ncclCommSplit comm 0x7f4b3cdd73f0 rank 6 nranks 8 cudaDev 6 nvmlDev 6 busId b9000 parent 0x55ae22169170 color -934961569 key 6 commId 0x4eb63e4202009e91 - Init START
cr1-p548xlarge-15:2051708:2054625 [5] NCCL INFO ncclCommSplit comm 0x7fba50dd4340 rank 5 nranks 8 cudaDev 5 nvmlDev 5 busId a8000 parent 0x564a639a5070 color -934961569 key 5 commId 0x4eb63e4202009e91 - Init START
cr1-p548xlarge-15:2051705:2054622 [2] NCCL INFO ncclCommSplit comm 0x7feb00dd44c0 rank 2 nranks 8 cudaDev 2 nvmlDev 2 busId 75000 parent 0x561b94fa6c60 color -934961569 key 2 commId 0x4eb63e4202009e91 - Init START
cr1-p548xlarge-15:2051707:2054626 [4] NCCL INFO ncclCommSplit comm 0x7f6540dd4520 rank 4 nranks 8 cudaDev 4 nvmlDev 4 busId 97000 parent 0x55fa8c1d4ac0 color -934961569 key 4 commId 0x4eb63e4202009e91 - Init START
cr1-p548xlarge-15:2051706:2054621 [3] NCCL INFO ncclCommSplit comm 0x7efe40dd59c0 rank 3 nranks 8 cudaDev 3 nvmlDev 3 busId 86000 parent 0x559985daa650 color -934961569 key 3 commId 0x4eb63e4202009e91 - Init START
cr1-p548xlarge-15:2051704:2054627 [1] NCCL INFO NCCL_TOPO_FILE set by environment to /usr/local/cuda-12.1/efa/share/aws-ofi-nccl/xml/p4d-24xl-topo.xml
cr1-p548xlarge-15:2051703:2054620 [0] NCCL INFO NCCL_TOPO_FILE set by environment to /usr/local/cuda-12.1/efa/share/aws-ofi-nccl/xml/p4d-24xl-topo.xml
cr1-p548xlarge-15:2051710:2054623 [7] NCCL INFO NCCL_TOPO_FILE set by environment to /usr/local/cuda-12.1/efa/share/aws-ofi-nccl/xml/p4d-24xl-topo.xml
cr1-p548xlarge-15:2051709:2054624 [6] NCCL INFO NCCL_TOPO_FILE set by environment to /usr/local/cuda-12.1/efa/share/aws-ofi-nccl/xml/p4d-24xl-topo.xml
cr1-p548xlarge-15:2051708:2054625 [5] NCCL INFO NCCL_TOPO_FILE set by environment to /usr/local/cuda-12.1/efa/share/aws-ofi-nccl/xml/p4d-24xl-topo.xml
cr1-p548xlarge-15:2051707:2054626 [4] NCCL INFO NCCL_TOPO_FILE set by environment to /usr/local/cuda-12.1/efa/share/aws-ofi-nccl/xml/p4d-24xl-topo.xml
cr1-p548xlarge-15:2051705:2054622 [2] NCCL INFO NCCL_TOPO_FILE set by environment to /usr/local/cuda-12.1/efa/share/aws-ofi-nccl/xml/p4d-24xl-topo.xml
cr1-p548xlarge-15:2051706:2054621 [3] NCCL INFO NCCL_TOPO_FILE set by environment to /usr/local/cuda-12.1/efa/share/aws-ofi-nccl/xml/p4d-24xl-topo.xml

cr1-p548xlarge-15:2051704:2054627 [1] graph/xml.cc:392 NCCL WARN Could not open XML topology file /usr/local/cuda-12.1/efa/share/aws-ofi-nccl/xml/p4d-24xl-topo.xml : No such file or directory

cr1-p548xlarge-15:2051703:2054620 [0] graph/xml.cc:392 NCCL WARN Could not open XML topology file /usr/local/cuda-12.1/efa/share/aws-ofi-nccl/xml/p4d-24xl-topo.xml : No such file or directory

cr1-p548xlarge-15:2051710:2054623 [7] graph/xml.cc:392 NCCL WARN Could not open XML topology file /usr/local/cuda-12.1/efa/share/aws-ofi-nccl/xml/p4d-24xl-topo.xml : No such file or directory

cr1-p548xlarge-15:2051709:2054624 [6] graph/xml.cc:392 NCCL WARN Could not open XML topology file /usr/local/cuda-12.1/efa/share/aws-ofi-nccl/xml/p4d-24xl-topo.xml : No such file or directory

cr1-p548xlarge-15:2051708:2054625 [5] graph/xml.cc:392 NCCL WARN Could not open XML topology file /usr/local/cuda-12.1/efa/share/aws-ofi-nccl/xml/p4d-24xl-topo.xml : No such file or directory

cr1-p548xlarge-15:2051707:2054626 [4] graph/xml.cc:392 NCCL WARN Could not open XML topology file /usr/local/cuda-12.1/efa/share/aws-ofi-nccl/xml/p4d-24xl-topo.xml : No such file or directory

cr1-p548xlarge-15:2051705:2054622 [2] graph/xml.cc:392 NCCL WARN Could not open XML topology file /usr/local/cuda-12.1/efa/share/aws-ofi-nccl/xml/p4d-24xl-topo.xml : No such file or directory

cr1-p548xlarge-15:2051706:2054621 [3] graph/xml.cc:392 NCCL WARN Could not open XML topology file /usr/local/cuda-12.1/efa/share/aws-ofi-nccl/xml/p4d-24xl-topo.xml : No such file or directory
cr1-p548xlarge-15:2051704:2054627 [1] NCCL INFO NET/OFI Libfabric provider associates MRs with domains
cr1-p548xlarge-15:2051710:2054623 [7] NCCL INFO NET/OFI Libfabric provider associates MRs with domains
cr1-p548xlarge-15:2051704:2054627 [1] NCCL INFO NET/OFI Libfabric provider associates MRs with domains
cr1-p548xlarge-15:2051710:2054623 [7] NCCL INFO NET/OFI Libfabric provider associates MRs with domains
cr1-p548xlarge-15:2051709:2054624 [6] NCCL INFO NET/OFI Libfabric provider associates MRs with domains
cr1-p548xlarge-15:2051704:2054627 [1] NCCL INFO NET/OFI Libfabric provider associates MRs with domains
cr1-p548xlarge-15:2051710:2054623 [7] NCCL INFO NET/OFI Libfabric provider associates MRs with domains
cr1-p548xlarge-15:2051709:2054624 [6] NCCL INFO NET/OFI Libfabric provider associates MRs with domains
cr1-p548xlarge-15:2051704:2054627 [1] NCCL INFO NET/OFI Libfabric provider associates MRs with domains
cr1-p548xlarge-15:2051710:2054623 [7] NCCL INFO NET/OFI Libfabric provider associates MRs with domains
cr1-p548xlarge-15:2051708:2054625 [5] NCCL INFO NET/OFI Libfabric provider associates MRs with domains
cr1-p548xlarge-15:2051709:2054624 [6] NCCL INFO NET/OFI Libfabric provider associates MRs with domains
cr1-p548xlarge-15:2051710:2054623 [7] NCCL INFO NET/OFI Libfabric provider associates MRs with domains
cr1-p548xlarge-15:2051704:2054627 [1] NCCL INFO NET/OFI Libfabric provider associates MRs with domains
cr1-p548xlarge-15:2051708:2054625 [5] NCCL INFO NET/OFI Libfabric provider associates MRs with domains
cr1-p548xlarge-15:2051709:2054624 [6] NCCL INFO NET/OFI Libfabric provider associates MRs with domains
cr1-p548xlarge-15:2051704:2054627 [1] NCCL INFO NET/OFI Libfabric provider associates MRs with domains
cr1-p548xlarge-15:2051710:2054623 [7] NCCL INFO NET/OFI Libfabric provider associates MRs with domains
cr1-p548xlarge-15:2051707:2054626 [4] NCCL INFO NET/OFI Libfabric provider associates MRs with domains
cr1-p548xlarge-15:2051708:2054625 [5] NCCL INFO NET/OFI Libfabric provider associates MRs with domains
cr1-p548xlarge-15:2051709:2054624 [6] NCCL INFO NET/OFI Libfabric provider associates MRs with domains
cr1-p548xlarge-15:2051704:2054627 [1] NCCL INFO NET/OFI Libfabric provider associates MRs with domains
cr1-p548xlarge-15:2051710:2054623 [7] NCCL INFO NET/OFI Libfabric provider associates MRs with domains
cr1-p548xlarge-15:2051703:2054620 [0] NCCL INFO NET/OFI Libfabric provider associates MRs with domains
cr1-p548xlarge-15:2051707:2054626 [4] NCCL INFO NET/OFI Libfabric provider associates MRs with domains
cr1-p548xlarge-15:2051709:2054624 [6] NCCL INFO NET/OFI Libfabric provider associates MRs with domains
cr1-p548xlarge-15:2051708:2054625 [5] NCCL INFO NET/OFI Libfabric provider associates MRs with domains
cr1-p548xlarge-15:2051704:2054627 [1] NCCL INFO NET/OFI Libfabric provider associates MRs with domains
cr1-p548xlarge-15:2051710:2054623 [7] NCCL INFO NET/OFI Libfabric provider associates MRs with domains
cr1-p548xlarge-15:2051707:2054626 [4] NCCL INFO NET/OFI Libfabric provider associates MRs with domains
cr1-p548xlarge-15:2051703:2054620 [0] NCCL INFO NET/OFI Libfabric provider associates MRs with domains
cr1-p548xlarge-15:2051706:2054621 [3] NCCL INFO NET/OFI Libfabric provider associates MRs with domains
cr1-p548xlarge-15:2051709:2054624 [6] NCCL INFO NET/OFI Libfabric provider associates MRs with domains
cr1-p548xlarge-15:2051708:2054625 [5] NCCL INFO NET/OFI Libfabric provider associates MRs with domains
cr1-p548xlarge-15:2051707:2054626 [4] NCCL INFO NET/OFI Libfabric provider associates MRs with domains
cr1-p548xlarge-15:2051703:2054620 [0] NCCL INFO NET/OFI Libfabric provider associates MRs with domains
cr1-p548xlarge-15:2051705:2054622 [2] NCCL INFO NET/OFI Libfabric provider associates MRs with domains
cr1-p548xlarge-15:2051709:2054624 [6] NCCL INFO NET/OFI Libfabric provider associates MRs with domains
cr1-p548xlarge-15:2051706:2054621 [3] NCCL INFO NET/OFI Libfabric provider associates MRs with domains
cr1-p548xlarge-15:2051708:2054625 [5] NCCL INFO NET/OFI Libfabric provider associates MRs with domains
cr1-p548xlarge-15:2051707:2054626 [4] NCCL INFO NET/OFI Libfabric provider associates MRs with domains
cr1-p548xlarge-15:2051703:2054620 [0] NCCL INFO NET/OFI Libfabric provider associates MRs with domains
cr1-p548xlarge-15:2051705:2054622 [2] NCCL INFO NET/OFI Libfabric provider associates MRs with domains
cr1-p548xlarge-15:2051708:2054625 [5] NCCL INFO NET/OFI Libfabric provider associates MRs with domains
cr1-p548xlarge-15:2051706:2054621 [3] NCCL INFO NET/OFI Libfabric provider associates MRs with domains
cr1-p548xlarge-15:2051707:2054626 [4] NCCL INFO NET/OFI Libfabric provider associates MRs with domains
cr1-p548xlarge-15:2051703:2054620 [0] NCCL INFO NET/OFI Libfabric provider associates MRs with domains
cr1-p548xlarge-15:2051705:2054622 [2] NCCL INFO NET/OFI Libfabric provider associates MRs with domains
cr1-p548xlarge-15:2051708:2054625 [5] NCCL INFO NET/OFI Libfabric provider associates MRs with domains
cr1-p548xlarge-15:2051707:2054626 [4] NCCL INFO NET/OFI Libfabric provider associates MRs with domains
cr1-p548xlarge-15:2051703:2054620 [0] NCCL INFO NET/OFI Libfabric provider associates MRs with domains
cr1-p548xlarge-15:2051706:2054621 [3] NCCL INFO NET/OFI Libfabric provider associates MRs with domains
cr1-p548xlarge-15:2051705:2054622 [2] NCCL INFO NET/OFI Libfabric provider associates MRs with domains
cr1-p548xlarge-15:2051707:2054626 [4] NCCL INFO NET/OFI Libfabric provider associates MRs with domains
cr1-p548xlarge-15:2051703:2054620 [0] NCCL INFO NET/OFI Libfabric provider associates MRs with domains
cr1-p548xlarge-15:2051706:2054621 [3] NCCL INFO NET/OFI Libfabric provider associates MRs with domains
cr1-p548xlarge-15:2051705:2054622 [2] NCCL INFO NET/OFI Libfabric provider associates MRs with domains
cr1-p548xlarge-15:2051704:2054627 [1] NCCL INFO Setting affinity for GPU 1 to 01,00000000,00000000,00000001
cr1-p548xlarge-15:2051710:2054623 [7] NCCL INFO Setting affinity for GPU 7 to fffffffc,00010000,00000000,fffffffc,00010000,00000000
cr1-p548xlarge-15:2051710:2054623 [7] NCCL INFO NVLS multicast support is available on dev 7
cr1-p548xlarge-15:2051703:2054620 [0] NCCL INFO NET/OFI Libfabric provider associates MRs with domains
cr1-p548xlarge-15:2051706:2054621 [3] NCCL INFO NET/OFI Libfabric provider associates MRs with domains
cr1-p548xlarge-15:2051705:2054622 [2] NCCL INFO NET/OFI Libfabric provider associates MRs with domains
cr1-p548xlarge-15:2051705:2054622 [2] NCCL INFO NET/OFI Libfabric provider associates MRs with domains
cr1-p548xlarge-15:2051706:2054621 [3] NCCL INFO NET/OFI Libfabric provider associates MRs with domains
cr1-p548xlarge-15:2051709:2054624 [6] NCCL INFO Setting affinity for GPU 6 to fffffffc,00010000,00000000,fffffffc,00010000,00000000
cr1-p548xlarge-15:2051709:2054624 [6] NCCL INFO NVLS multicast support is available on dev 6
cr1-p548xlarge-15:2051705:2054622 [2] NCCL INFO NET/OFI Libfabric provider associates MRs with domains
cr1-p548xlarge-15:2051706:2054621 [3] NCCL INFO NET/OFI Libfabric provider associates MRs with domains
cr1-p548xlarge-15:2051708:2054625 [5] NCCL INFO Setting affinity for GPU 5 to fffffffc,00010000,00000000,fffffffc,00010000,00000000
cr1-p548xlarge-15:2051708:2054625 [5] NCCL INFO NVLS multicast support is available on dev 5
cr1-p548xlarge-15:2051707:2054626 [4] NCCL INFO Setting affinity for GPU 4 to fffffffc,00010000,00000000,fffffffc,00010000,00000000
cr1-p548xlarge-15:2051707:2054626 [4] NCCL INFO NVLS multicast support is available on dev 4
cr1-p548xlarge-15:2051703:2054620 [0] NCCL INFO Setting affinity for GPU 0 to 01,00000000,00000000,00000001
cr1-p548xlarge-15:2051706:2054621 [3] NCCL INFO Setting affinity for GPU 3 to 01,00000000,00000000,00000001
cr1-p548xlarge-15:2051705:2054622 [2] NCCL INFO Setting affinity for GPU 2 to 01,00000000,00000000,00000001
cr1-p548xlarge-15:2051706:2054621 [3] NCCL INFO NVLS multicast support is available on dev 3
cr1-p548xlarge-15:2051705:2054622 [2] NCCL INFO NVLS multicast support is available on dev 2
cr1-p548xlarge-15:2051704:2054627 [1] NCCL INFO NVLS multicast support is available on dev 1
cr1-p548xlarge-15:2051703:2054620 [0] NCCL INFO NVLS multicast support is available on dev 0
cr1-p548xlarge-15:2051704:2054627 [1] NCCL INFO comm 0x7f9134dd4590 rank 1 nRanks 8 nNodes 1 localRanks 8 localRank 1 MNNVL 0
cr1-p548xlarge-15:2051703:2054620 [0] NCCL INFO comm 0x7efa90dd4f70 rank 0 nRanks 8 nNodes 1 localRanks 8 localRank 0 MNNVL 0
cr1-p548xlarge-15:2051703:2054620 [0] NCCL INFO Channel 00/24 :    0   1   2   3   4   5   6   7
cr1-p548xlarge-15:2051704:2054627 [1] NCCL INFO Trees [0] 2/-1/-1->1->0 [1] 2/-1/-1->1->0 [2] 2/-1/-1->1->0 [3] 2/-1/-1->1->0 [4] 2/-1/-1->1->0 [5] 2/-1/-1->1->0 [6] 2/-1/-1->1->0 [7] 2/-1/-1->1->0 [8] 2/-1/-1->1->0 [9] 2/-1/-1->1->0 [10] 2/-1/-1->1->0 [11] 2/-1/-1->1->0 [12] 2/-1/-1->1->0 [13] 2/-1/-1->1->0 [14] 2/-1/-1->1->0 [15] 2/-1/-1->1->0 [16] 2/-1/-1->1->0 [17] 2/-1/-1->1->0 [18] 2/-1/-1->1->0 [19] 2/-1/-1->1->0 [20] 2/-1/-1->1->0 [21] 2/-1/-1->1->0 [22] 2/-1/-1->1->0 [23] 2/-1/-1->1->0
cr1-p548xlarge-15:2051703:2054620 [0] NCCL INFO Channel 01/24 :    0   1   2   3   4   5   6   7
cr1-p548xlarge-15:2051704:2054627 [1] NCCL INFO P2P Chunksize set to 524288
cr1-p548xlarge-15:2051703:2054620 [0] NCCL INFO Channel 02/24 :    0   1   2   3   4   5   6   7
cr1-p548xlarge-15:2051703:2054620 [0] NCCL INFO Channel 03/24 :    0   1   2   3   4   5   6   7
cr1-p548xlarge-15:2051703:2054620 [0] NCCL INFO Channel 04/24 :    0   1   2   3   4   5   6   7
cr1-p548xlarge-15:2051703:2054620 [0] NCCL INFO Channel 05/24 :    0   1   2   3   4   5   6   7
cr1-p548xlarge-15:2051703:2054620 [0] NCCL INFO Channel 06/24 :    0   1   2   3   4   5   6   7
cr1-p548xlarge-15:2051703:2054620 [0] NCCL INFO Channel 07/24 :    0   1   2   3   4   5   6   7
cr1-p548xlarge-15:2051703:2054620 [0] NCCL INFO Channel 08/24 :    0   1   2   3   4   5   6   7
cr1-p548xlarge-15:2051703:2054620 [0] NCCL INFO Channel 09/24 :    0   1   2   3   4   5   6   7
cr1-p548xlarge-15:2051703:2054620 [0] NCCL INFO Channel 10/24 :    0   1   2   3   4   5   6   7
cr1-p548xlarge-15:2051703:2054620 [0] NCCL INFO Channel 11/24 :    0   1   2   3   4   5   6   7
cr1-p548xlarge-15:2051703:2054620 [0] NCCL INFO Channel 12/24 :    0   1   2   3   4   5   6   7
cr1-p548xlarge-15:2051703:2054620 [0] NCCL INFO Channel 13/24 :    0   1   2   3   4   5   6   7
cr1-p548xlarge-15:2051703:2054620 [0] NCCL INFO Channel 14/24 :    0   1   2   3   4   5   6   7
cr1-p548xlarge-15:2051703:2054620 [0] NCCL INFO Channel 15/24 :    0   1   2   3   4   5   6   7
cr1-p548xlarge-15:2051703:2054620 [0] NCCL INFO Channel 16/24 :    0   1   2   3   4   5   6   7
cr1-p548xlarge-15:2051703:2054620 [0] NCCL INFO Channel 17/24 :    0   1   2   3   4   5   6   7
cr1-p548xlarge-15:2051703:2054620 [0] NCCL INFO Channel 18/24 :    0   1   2   3   4   5   6   7
cr1-p548xlarge-15:2051703:2054620 [0] NCCL INFO Channel 19/24 :    0   1   2   3   4   5   6   7
cr1-p548xlarge-15:2051703:2054620 [0] NCCL INFO Channel 20/24 :    0   1   2   3   4   5   6   7
cr1-p548xlarge-15:2051703:2054620 [0] NCCL INFO Channel 21/24 :    0   1   2   3   4   5   6   7
cr1-p548xlarge-15:2051703:2054620 [0] NCCL INFO Channel 22/24 :    0   1   2   3   4   5   6   7
cr1-p548xlarge-15:2051703:2054620 [0] NCCL INFO Channel 23/24 :    0   1   2   3   4   5   6   7
cr1-p548xlarge-15:2051703:2054620 [0] NCCL INFO Trees [0] 1/-1/-1->0->-1 [1] 1/-1/-1->0->-1 [2] 1/-1/-1->0->-1 [3] 1/-1/-1->0->-1 [4] 1/-1/-1->0->-1 [5] 1/-1/-1->0->-1 [6] 1/-1/-1->0->-1 [7] 1/-1/-1->0->-1 [8] 1/-1/-1->0->-1 [9] 1/-1/-1->0->-1 [10] 1/-1/-1->0->-1 [11] 1/-1/-1->0->-1 [12] 1/-1/-1->0->-1 [13] 1/-1/-1->0->-1 [14] 1/-1/-1->0->-1 [15] 1/-1/-1->0->-1 [16] 1/-1/-1->0->-1 [17] 1/-1/-1->0->-1 [18] 1/-1/-1->0->-1 [19] 1/-1/-1->0->-1 [20] 1/-1/-1->0->-1 [21] 1/-1/-1->0->-1 [22] 1/-1/-1->0->-1 [23] 1/-1/-1->0->-1
cr1-p548xlarge-15:2051703:2054620 [0] NCCL INFO P2P Chunksize set to 524288
cr1-p548xlarge-15:2051705:2054622 [2] NCCL INFO comm 0x7feb00dd44c0 rank 2 nRanks 8 nNodes 1 localRanks 8 localRank 2 MNNVL 0
cr1-p548xlarge-15:2051705:2054622 [2] NCCL INFO Trees [0] 3/-1/-1->2->1 [1] 3/-1/-1->2->1 [2] 3/-1/-1->2->1 [3] 3/-1/-1->2->1 [4] 3/-1/-1->2->1 [5] 3/-1/-1->2->1 [6] 3/-1/-1->2->1 [7] 3/-1/-1->2->1 [8] 3/-1/-1->2->1 [9] 3/-1/-1->2->1 [10] 3/-1/-1->2->1 [11] 3/-1/-1->2->1 [12] 3/-1/-1->2->1 [13] 3/-1/-1->2->1 [14] 3/-1/-1->2->1 [15] 3/-1/-1->2->1 [16] 3/-1/-1->2->1 [17] 3/-1/-1->2->1 [18] 3/-1/-1->2->1 [19] 3/-1/-1->2->1 [20] 3/-1/-1->2->1 [21] 3/-1/-1->2->1 [22] 3/-1/-1->2->1 [23] 3/-1/-1->2->1
cr1-p548xlarge-15:2051705:2054622 [2] NCCL INFO P2P Chunksize set to 524288
cr1-p548xlarge-15:2051710:2054623 [7] NCCL INFO comm 0x7f3be4dd4f60 rank 7 nRanks 8 nNodes 1 localRanks 8 localRank 7 MNNVL 0
cr1-p548xlarge-15:2051709:2054624 [6] NCCL INFO comm 0x7f4b3cdd73f0 rank 6 nRanks 8 nNodes 1 localRanks 8 localRank 6 MNNVL 0
cr1-p548xlarge-15:2051708:2054625 [5] NCCL INFO comm 0x7fba50dd4340 rank 5 nRanks 8 nNodes 1 localRanks 8 localRank 5 MNNVL 0
cr1-p548xlarge-15:2051707:2054626 [4] NCCL INFO comm 0x7f6540dd4520 rank 4 nRanks 8 nNodes 1 localRanks 8 localRank 4 MNNVL 0
cr1-p548xlarge-15:2051708:2054625 [5] NCCL INFO Trees [0] 6/-1/-1->5->4 [1] 6/-1/-1->5->4 [2] 6/-1/-1->5->4 [3] 6/-1/-1->5->4 [4] 6/-1/-1->5->4 [5] 6/-1/-1->5->4 [6] 6/-1/-1->5->4 [7] 6/-1/-1->5->4 [8] 6/-1/-1->5->4 [9] 6/-1/-1->5->4 [10] 6/-1/-1->5->4 [11] 6/-1/-1->5->4 [12] 6/-1/-1->5->4 [13] 6/-1/-1->5->4 [14] 6/-1/-1->5->4 [15] 6/-1/-1->5->4 [16] 6/-1/-1->5->4 [17] 6/-1/-1->5->4 [18] 6/-1/-1->5->4 [19] 6/-1/-1->5->4 [20] 6/-1/-1->5->4 [21] 6/-1/-1->5->4 [22] 6/-1/-1->5->4 [23] 6/-1/-1->5->4
cr1-p548xlarge-15:2051706:2054621 [3] NCCL INFO comm 0x7efe40dd59c0 rank 3 nRanks 8 nNodes 1 localRanks 8 localRank 3 MNNVL 0
cr1-p548xlarge-15:2051710:2054623 [7] NCCL INFO Trees [0] -1/-1/-1->7->6 [1] -1/-1/-1->7->6 [2] -1/-1/-1->7->6 [3] -1/-1/-1->7->6 [4] -1/-1/-1->7->6 [5] -1/-1/-1->7->6 [6] -1/-1/-1->7->6 [7] -1/-1/-1->7->6 [8] -1/-1/-1->7->6 [9] -1/-1/-1->7->6 [10] -1/-1/-1->7->6 [11] -1/-1/-1->7->6 [12] -1/-1/-1->7->6 [13] -1/-1/-1->7->6 [14] -1/-1/-1->7->6 [15] -1/-1/-1->7->6 [16] -1/-1/-1->7->6 [17] -1/-1/-1->7->6 [18] -1/-1/-1->7->6 [19] -1/-1/-1->7->6 [20] -1/-1/-1->7->6 [21] -1/-1/-1->7->6 [22] -1/-1/-1->7->6 [23] -1/-1/-1->7->6
cr1-p548xlarge-15:2051709:2054624 [6] NCCL INFO Trees [0] 7/-1/-1->6->5 [1] 7/-1/-1->6->5 [2] 7/-1/-1->6->5 [3] 7/-1/-1->6->5 [4] 7/-1/-1->6->5 [5] 7/-1/-1->6->5 [6] 7/-1/-1->6->5 [7] 7/-1/-1->6->5 [8] 7/-1/-1->6->5 [9] 7/-1/-1->6->5 [10] 7/-1/-1->6->5 [11] 7/-1/-1->6->5 [12] 7/-1/-1->6->5 [13] 7/-1/-1->6->5 [14] 7/-1/-1->6->5 [15] 7/-1/-1->6->5 [16] 7/-1/-1->6->5 [17] 7/-1/-1->6->5 [18] 7/-1/-1->6->5 [19] 7/-1/-1->6->5 [20] 7/-1/-1->6->5 [21] 7/-1/-1->6->5 [22] 7/-1/-1->6->5 [23] 7/-1/-1->6->5
cr1-p548xlarge-15:2051708:2054625 [5] NCCL INFO P2P Chunksize set to 524288
cr1-p548xlarge-15:2051707:2054626 [4] NCCL INFO Trees [0] 5/-1/-1->4->3 [1] 5/-1/-1->4->3 [2] 5/-1/-1->4->3 [3] 5/-1/-1->4->3 [4] 5/-1/-1->4->3 [5] 5/-1/-1->4->3 [6] 5/-1/-1->4->3 [7] 5/-1/-1->4->3 [8] 5/-1/-1->4->3 [9] 5/-1/-1->4->3 [10] 5/-1/-1->4->3 [11] 5/-1/-1->4->3 [12] 5/-1/-1->4->3 [13] 5/-1/-1->4->3 [14] 5/-1/-1->4->3 [15] 5/-1/-1->4->3 [16] 5/-1/-1->4->3 [17] 5/-1/-1->4->3 [18] 5/-1/-1->4->3 [19] 5/-1/-1->4->3 [20] 5/-1/-1->4->3 [21] 5/-1/-1->4->3 [22] 5/-1/-1->4->3 [23] 5/-1/-1->4->3
cr1-p548xlarge-15:2051710:2054623 [7] NCCL INFO P2P Chunksize set to 524288
cr1-p548xlarge-15:2051709:2054624 [6] NCCL INFO P2P Chunksize set to 524288
cr1-p548xlarge-15:2051706:2054621 [3] NCCL INFO Trees [0] 4/-1/-1->3->2 [1] 4/-1/-1->3->2 [2] 4/-1/-1->3->2 [3] 4/-1/-1->3->2 [4] 4/-1/-1->3->2 [5] 4/-1/-1->3->2 [6] 4/-1/-1->3->2 [7] 4/-1/-1->3->2 [8] 4/-1/-1->3->2 [9] 4/-1/-1->3->2 [10] 4/-1/-1->3->2 [11] 4/-1/-1->3->2 [12] 4/-1/-1->3->2 [13] 4/-1/-1->3->2 [14] 4/-1/-1->3->2 [15] 4/-1/-1->3->2 [16] 4/-1/-1->3->2 [17] 4/-1/-1->3->2 [18] 4/-1/-1->3->2 [19] 4/-1/-1->3->2 [20] 4/-1/-1->3->2 [21] 4/-1/-1->3->2 [22] 4/-1/-1->3->2 [23] 4/-1/-1->3->2
cr1-p548xlarge-15:2051707:2054626 [4] NCCL INFO P2P Chunksize set to 524288
cr1-p548xlarge-15:2051706:2054621 [3] NCCL INFO P2P Chunksize set to 524288
cr1-p548xlarge-15:2051710:2054623 [7] NCCL INFO Channel 00/0 : 7[7] -> 0[0] via P2P/CUMEM
cr1-p548xlarge-15:2051710:2054623 [7] NCCL INFO Channel 01/0 : 7[7] -> 0[0] via P2P/CUMEM
cr1-p548xlarge-15:2051710:2054623 [7] NCCL INFO Channel 02/0 : 7[7] -> 0[0] via P2P/CUMEM
cr1-p548xlarge-15:2051710:2054623 [7] NCCL INFO Channel 03/0 : 7[7] -> 0[0] via P2P/CUMEM
cr1-p548xlarge-15:2051710:2054623 [7] NCCL INFO Channel 04/0 : 7[7] -> 0[0] via P2P/CUMEM
cr1-p548xlarge-15:2051710:2054623 [7] NCCL INFO Channel 05/0 : 7[7] -> 0[0] via P2P/CUMEM
cr1-p548xlarge-15:2051710:2054623 [7] NCCL INFO Channel 06/0 : 7[7] -> 0[0] via P2P/CUMEM
cr1-p548xlarge-15:2051710:2054623 [7] NCCL INFO Channel 07/0 : 7[7] -> 0[0] via P2P/CUMEM
cr1-p548xlarge-15:2051710:2054623 [7] NCCL INFO Channel 08/0 : 7[7] -> 0[0] via P2P/CUMEM
cr1-p548xlarge-15:2051710:2054623 [7] NCCL INFO Channel 09/0 : 7[7] -> 0[0] via P2P/CUMEM
cr1-p548xlarge-15:2051710:2054623 [7] NCCL INFO Channel 10/0 : 7[7] -> 0[0] via P2P/CUMEM
cr1-p548xlarge-15:2051710:2054623 [7] NCCL INFO Channel 11/0 : 7[7] -> 0[0] via P2P/CUMEM
cr1-p548xlarge-15:2051710:2054623 [7] NCCL INFO Channel 12/0 : 7[7] -> 0[0] via P2P/CUMEM
cr1-p548xlarge-15:2051710:2054623 [7] NCCL INFO Channel 13/0 : 7[7] -> 0[0] via P2P/CUMEM
cr1-p548xlarge-15:2051710:2054623 [7] NCCL INFO Channel 14/0 : 7[7] -> 0[0] via P2P/CUMEM
cr1-p548xlarge-15:2051707:2054626 [4] NCCL INFO Channel 00/0 : 4[4] -> 5[5] via P2P/CUMEM
cr1-p548xlarge-15:2051708:2054625 [5] NCCL INFO Channel 00/0 : 5[5] -> 6[6] via P2P/CUMEM
cr1-p548xlarge-15:2051710:2054623 [7] NCCL INFO Channel 15/0 : 7[7] -> 0[0] via P2P/CUMEM
cr1-p548xlarge-15:2051707:2054626 [4] NCCL INFO Channel 01/0 : 4[4] -> 5[5] via P2P/CUMEM
cr1-p548xlarge-15:2051708:2054625 [5] NCCL INFO Channel 01/0 : 5[5] -> 6[6] via P2P/CUMEM
cr1-p548xlarge-15:2051710:2054623 [7] NCCL INFO Channel 16/0 : 7[7] -> 0[0] via P2P/CUMEM
cr1-p548xlarge-15:2051707:2054626 [4] NCCL INFO Channel 02/0 : 4[4] -> 5[5] via P2P/CUMEM
cr1-p548xlarge-15:2051708:2054625 [5] NCCL INFO Channel 02/0 : 5[5] -> 6[6] via P2P/CUMEM
cr1-p548xlarge-15:2051710:2054623 [7] NCCL INFO Channel 17/0 : 7[7] -> 0[0] via P2P/CUMEM
cr1-p548xlarge-15:2051707:2054626 [4] NCCL INFO Channel 03/0 : 4[4] -> 5[5] via P2P/CUMEM
cr1-p548xlarge-15:2051708:2054625 [5] NCCL INFO Channel 03/0 : 5[5] -> 6[6] via P2P/CUMEM
cr1-p548xlarge-15:2051710:2054623 [7] NCCL INFO Channel 18/0 : 7[7] -> 0[0] via P2P/CUMEM
cr1-p548xlarge-15:2051707:2054626 [4] NCCL INFO Channel 04/0 : 4[4] -> 5[5] via P2P/CUMEM
cr1-p548xlarge-15:2051708:2054625 [5] NCCL INFO Channel 04/0 : 5[5] -> 6[6] via P2P/CUMEM
cr1-p548xlarge-15:2051710:2054623 [7] NCCL INFO Channel 19/0 : 7[7] -> 0[0] via P2P/CUMEM
cr1-p548xlarge-15:2051707:2054626 [4] NCCL INFO Channel 05/0 : 4[4] -> 5[5] via P2P/CUMEM
cr1-p548xlarge-15:2051708:2054625 [5] NCCL INFO Channel 05/0 : 5[5] -> 6[6] via P2P/CUMEM
cr1-p548xlarge-15:2051710:2054623 [7] NCCL INFO Channel 20/0 : 7[7] -> 0[0] via P2P/CUMEM
cr1-p548xlarge-15:2051707:2054626 [4] NCCL INFO Channel 06/0 : 4[4] -> 5[5] via P2P/CUMEM
cr1-p548xlarge-15:2051708:2054625 [5] NCCL INFO Channel 06/0 : 5[5] -> 6[6] via P2P/CUMEM
cr1-p548xlarge-15:2051710:2054623 [7] NCCL INFO Channel 21/0 : 7[7] -> 0[0] via P2P/CUMEM
cr1-p548xlarge-15:2051707:2054626 [4] NCCL INFO Channel 07/0 : 4[4] -> 5[5] via P2P/CUMEM
cr1-p548xlarge-15:2051708:2054625 [5] NCCL INFO Channel 07/0 : 5[5] -> 6[6] via P2P/CUMEM
cr1-p548xlarge-15:2051710:2054623 [7] NCCL INFO Channel 22/0 : 7[7] -> 0[0] via P2P/CUMEM
cr1-p548xlarge-15:2051707:2054626 [4] NCCL INFO Channel 08/0 : 4[4] -> 5[5] via P2P/CUMEM
cr1-p548xlarge-15:2051708:2054625 [5] NCCL INFO Channel 08/0 : 5[5] -> 6[6] via P2P/CUMEM
cr1-p548xlarge-15:2051710:2054623 [7] NCCL INFO Channel 23/0 : 7[7] -> 0[0] via P2P/CUMEM
cr1-p548xlarge-15:2051707:2054626 [4] NCCL INFO Channel 09/0 : 4[4] -> 5[5] via P2P/CUMEM
cr1-p548xlarge-15:2051708:2054625 [5] NCCL INFO Channel 09/0 : 5[5] -> 6[6] via P2P/CUMEM
cr1-p548xlarge-15:2051707:2054626 [4] NCCL INFO Channel 10/0 : 4[4] -> 5[5] via P2P/CUMEM
cr1-p548xlarge-15:2051708:2054625 [5] NCCL INFO Channel 10/0 : 5[5] -> 6[6] via P2P/CUMEM
cr1-p548xlarge-15:2051707:2054626 [4] NCCL INFO Channel 11/0 : 4[4] -> 5[5] via P2P/CUMEM
cr1-p548xlarge-15:2051708:2054625 [5] NCCL INFO Channel 11/0 : 5[5] -> 6[6] via P2P/CUMEM
cr1-p548xlarge-15:2051707:2054626 [4] NCCL INFO Channel 12/0 : 4[4] -> 5[5] via P2P/CUMEM
cr1-p548xlarge-15:2051708:2054625 [5] NCCL INFO Channel 12/0 : 5[5] -> 6[6] via P2P/CUMEM
cr1-p548xlarge-15:2051707:2054626 [4] NCCL INFO Channel 13/0 : 4[4] -> 5[5] via P2P/CUMEM
cr1-p548xlarge-15:2051708:2054625 [5] NCCL INFO Channel 13/0 : 5[5] -> 6[6] via P2P/CUMEM
cr1-p548xlarge-15:2051707:2054626 [4] NCCL INFO Channel 14/0 : 4[4] -> 5[5] via P2P/CUMEM
cr1-p548xlarge-15:2051709:2054624 [6] NCCL INFO Channel 00/0 : 6[6] -> 7[7] via P2P/CUMEM
cr1-p548xlarge-15:2051708:2054625 [5] NCCL INFO Channel 14/0 : 5[5] -> 6[6] via P2P/CUMEM
cr1-p548xlarge-15:2051707:2054626 [4] NCCL INFO Channel 15/0 : 4[4] -> 5[5] via P2P/CUMEM
cr1-p548xlarge-15:2051709:2054624 [6] NCCL INFO Channel 01/0 : 6[6] -> 7[7] via P2P/CUMEM
cr1-p548xlarge-15:2051708:2054625 [5] NCCL INFO Channel 15/0 : 5[5] -> 6[6] via P2P/CUMEM
cr1-p548xlarge-15:2051707:2054626 [4] NCCL INFO Channel 16/0 : 4[4] -> 5[5] via P2P/CUMEM
cr1-p548xlarge-15:2051709:2054624 [6] NCCL INFO Channel 02/0 : 6[6] -> 7[7] via P2P/CUMEM
cr1-p548xlarge-15:2051708:2054625 [5] NCCL INFO Channel 16/0 : 5[5] -> 6[6] via P2P/CUMEM
cr1-p548xlarge-15:2051707:2054626 [4] NCCL INFO Channel 17/0 : 4[4] -> 5[5] via P2P/CUMEM
cr1-p548xlarge-15:2051709:2054624 [6] NCCL INFO Channel 03/0 : 6[6] -> 7[7] via P2P/CUMEM
cr1-p548xlarge-15:2051708:2054625 [5] NCCL INFO Channel 17/0 : 5[5] -> 6[6] via P2P/CUMEM
cr1-p548xlarge-15:2051707:2054626 [4] NCCL INFO Channel 18/0 : 4[4] -> 5[5] via P2P/CUMEM
cr1-p548xlarge-15:2051709:2054624 [6] NCCL INFO Channel 04/0 : 6[6] -> 7[7] via P2P/CUMEM
cr1-p548xlarge-15:2051708:2054625 [5] NCCL INFO Channel 18/0 : 5[5] -> 6[6] via P2P/CUMEM
cr1-p548xlarge-15:2051707:2054626 [4] NCCL INFO Channel 19/0 : 4[4] -> 5[5] via P2P/CUMEM
cr1-p548xlarge-15:2051709:2054624 [6] NCCL INFO Channel 05/0 : 6[6] -> 7[7] via P2P/CUMEM
cr1-p548xlarge-15:2051708:2054625 [5] NCCL INFO Channel 19/0 : 5[5] -> 6[6] via P2P/CUMEM
cr1-p548xlarge-15:2051707:2054626 [4] NCCL INFO Channel 20/0 : 4[4] -> 5[5] via P2P/CUMEM
cr1-p548xlarge-15:2051709:2054624 [6] NCCL INFO Channel 06/0 : 6[6] -> 7[7] via P2P/CUMEM
cr1-p548xlarge-15:2051708:2054625 [5] NCCL INFO Channel 20/0 : 5[5] -> 6[6] via P2P/CUMEM
cr1-p548xlarge-15:2051707:2054626 [4] NCCL INFO Channel 21/0 : 4[4] -> 5[5] via P2P/CUMEM
cr1-p548xlarge-15:2051709:2054624 [6] NCCL INFO Channel 07/0 : 6[6] -> 7[7] via P2P/CUMEM
cr1-p548xlarge-15:2051708:2054625 [5] NCCL INFO Channel 21/0 : 5[5] -> 6[6] via P2P/CUMEM
cr1-p548xlarge-15:2051707:2054626 [4] NCCL INFO Channel 22/0 : 4[4] -> 5[5] via P2P/CUMEM
cr1-p548xlarge-15:2051709:2054624 [6] NCCL INFO Channel 08/0 : 6[6] -> 7[7] via P2P/CUMEM
cr1-p548xlarge-15:2051708:2054625 [5] NCCL INFO Channel 22/0 : 5[5] -> 6[6] via P2P/CUMEM
cr1-p548xlarge-15:2051707:2054626 [4] NCCL INFO Channel 23/0 : 4[4] -> 5[5] via P2P/CUMEM
cr1-p548xlarge-15:2051709:2054624 [6] NCCL INFO Channel 09/0 : 6[6] -> 7[7] via P2P/CUMEM
cr1-p548xlarge-15:2051708:2054625 [5] NCCL INFO Channel 23/0 : 5[5] -> 6[6] via P2P/CUMEM
cr1-p548xlarge-15:2051709:2054624 [6] NCCL INFO Channel 10/0 : 6[6] -> 7[7] via P2P/CUMEM
cr1-p548xlarge-15:2051709:2054624 [6] NCCL INFO Channel 11/0 : 6[6] -> 7[7] via P2P/CUMEM
cr1-p548xlarge-15:2051709:2054624 [6] NCCL INFO Channel 12/0 : 6[6] -> 7[7] via P2P/CUMEM
cr1-p548xlarge-15:2051709:2054624 [6] NCCL INFO Channel 13/0 : 6[6] -> 7[7] via P2P/CUMEM
cr1-p548xlarge-15:2051709:2054624 [6] NCCL INFO Channel 14/0 : 6[6] -> 7[7] via P2P/CUMEM
cr1-p548xlarge-15:2051709:2054624 [6] NCCL INFO Channel 15/0 : 6[6] -> 7[7] via P2P/CUMEM
cr1-p548xlarge-15:2051709:2054624 [6] NCCL INFO Channel 16/0 : 6[6] -> 7[7] via P2P/CUMEM
cr1-p548xlarge-15:2051709:2054624 [6] NCCL INFO Channel 17/0 : 6[6] -> 7[7] via P2P/CUMEM
cr1-p548xlarge-15:2051709:2054624 [6] NCCL INFO Channel 18/0 : 6[6] -> 7[7] via P2P/CUMEM
cr1-p548xlarge-15:2051709:2054624 [6] NCCL INFO Channel 19/0 : 6[6] -> 7[7] via P2P/CUMEM
cr1-p548xlarge-15:2051709:2054624 [6] NCCL INFO Channel 20/0 : 6[6] -> 7[7] via P2P/CUMEM
cr1-p548xlarge-15:2051709:2054624 [6] NCCL INFO Channel 21/0 : 6[6] -> 7[7] via P2P/CUMEM
cr1-p548xlarge-15:2051709:2054624 [6] NCCL INFO Channel 22/0 : 6[6] -> 7[7] via P2P/CUMEM
cr1-p548xlarge-15:2051709:2054624 [6] NCCL INFO Channel 23/0 : 6[6] -> 7[7] via P2P/CUMEM
cr1-p548xlarge-15:2051705:2054622 [2] NCCL INFO Channel 00/0 : 2[2] -> 3[3] via P2P/CUMEM
cr1-p548xlarge-15:2051705:2054622 [2] NCCL INFO Channel 01/0 : 2[2] -> 3[3] via P2P/CUMEM
cr1-p548xlarge-15:2051705:2054622 [2] NCCL INFO Channel 02/0 : 2[2] -> 3[3] via P2P/CUMEM
cr1-p548xlarge-15:2051705:2054622 [2] NCCL INFO Channel 03/0 : 2[2] -> 3[3] via P2P/CUMEM
cr1-p548xlarge-15:2051705:2054622 [2] NCCL INFO Channel 04/0 : 2[2] -> 3[3] via P2P/CUMEM
cr1-p548xlarge-15:2051705:2054622 [2] NCCL INFO Channel 05/0 : 2[2] -> 3[3] via P2P/CUMEM
cr1-p548xlarge-15:2051705:2054622 [2] NCCL INFO Channel 06/0 : 2[2] -> 3[3] via P2P/CUMEM
cr1-p548xlarge-15:2051703:2054620 [0] NCCL INFO Channel 00/0 : 0[0] -> 1[1] via P2P/CUMEM
cr1-p548xlarge-15:2051705:2054622 [2] NCCL INFO Channel 07/0 : 2[2] -> 3[3] via P2P/CUMEM
cr1-p548xlarge-15:2051703:2054620 [0] NCCL INFO Channel 01/0 : 0[0] -> 1[1] via P2P/CUMEM
cr1-p548xlarge-15:2051703:2054620 [0] NCCL INFO Channel 02/0 : 0[0] -> 1[1] via P2P/CUMEM
cr1-p548xlarge-15:2051705:2054622 [2] NCCL INFO Channel 08/0 : 2[2] -> 3[3] via P2P/CUMEM
cr1-p548xlarge-15:2051703:2054620 [0] NCCL INFO Channel 03/0 : 0[0] -> 1[1] via P2P/CUMEM
cr1-p548xlarge-15:2051705:2054622 [2] NCCL INFO Channel 09/0 : 2[2] -> 3[3] via P2P/CUMEM
cr1-p548xlarge-15:2051703:2054620 [0] NCCL INFO Channel 04/0 : 0[0] -> 1[1] via P2P/CUMEM
cr1-p548xlarge-15:2051705:2054622 [2] NCCL INFO Channel 10/0 : 2[2] -> 3[3] via P2P/CUMEM
cr1-p548xlarge-15:2051703:2054620 [0] NCCL INFO Channel 05/0 : 0[0] -> 1[1] via P2P/CUMEM
cr1-p548xlarge-15:2051705:2054622 [2] NCCL INFO Channel 11/0 : 2[2] -> 3[3] via P2P/CUMEM
cr1-p548xlarge-15:2051706:2054621 [3] NCCL INFO Channel 00/0 : 3[3] -> 4[4] via P2P/CUMEM
cr1-p548xlarge-15:2051703:2054620 [0] NCCL INFO Channel 06/0 : 0[0] -> 1[1] via P2P/CUMEM
cr1-p548xlarge-15:2051705:2054622 [2] NCCL INFO Channel 12/0 : 2[2] -> 3[3] via P2P/CUMEM
cr1-p548xlarge-15:2051706:2054621 [3] NCCL INFO Channel 01/0 : 3[3] -> 4[4] via P2P/CUMEM
cr1-p548xlarge-15:2051703:2054620 [0] NCCL INFO Channel 07/0 : 0[0] -> 1[1] via P2P/CUMEM
cr1-p548xlarge-15:2051705:2054622 [2] NCCL INFO Channel 13/0 : 2[2] -> 3[3] via P2P/CUMEM
cr1-p548xlarge-15:2051706:2054621 [3] NCCL INFO Channel 02/0 : 3[3] -> 4[4] via P2P/CUMEM
cr1-p548xlarge-15:2051703:2054620 [0] NCCL INFO Channel 08/0 : 0[0] -> 1[1] via P2P/CUMEM
cr1-p548xlarge-15:2051706:2054621 [3] NCCL INFO Channel 03/0 : 3[3] -> 4[4] via P2P/CUMEM
cr1-p548xlarge-15:2051703:2054620 [0] NCCL INFO Channel 09/0 : 0[0] -> 1[1] via P2P/CUMEM
cr1-p548xlarge-15:2051705:2054622 [2] NCCL INFO Channel 14/0 : 2[2] -> 3[3] via P2P/CUMEM
cr1-p548xlarge-15:2051706:2054621 [3] NCCL INFO Channel 04/0 : 3[3] -> 4[4] via P2P/CUMEM
cr1-p548xlarge-15:2051703:2054620 [0] NCCL INFO Channel 10/0 : 0[0] -> 1[1] via P2P/CUMEM
cr1-p548xlarge-15:2051705:2054622 [2] NCCL INFO Channel 15/0 : 2[2] -> 3[3] via P2P/CUMEM
cr1-p548xlarge-15:2051706:2054621 [3] NCCL INFO Channel 05/0 : 3[3] -> 4[4] via P2P/CUMEM
cr1-p548xlarge-15:2051703:2054620 [0] NCCL INFO Channel 11/0 : 0[0] -> 1[1] via P2P/CUMEM
cr1-p548xlarge-15:2051706:2054621 [3] NCCL INFO Channel 06/0 : 3[3] -> 4[4] via P2P/CUMEM
cr1-p548xlarge-15:2051703:2054620 [0] NCCL INFO Channel 12/0 : 0[0] -> 1[1] via P2P/CUMEM
cr1-p548xlarge-15:2051705:2054622 [2] NCCL INFO Channel 16/0 : 2[2] -> 3[3] via P2P/CUMEM
cr1-p548xlarge-15:2051706:2054621 [3] NCCL INFO Channel 07/0 : 3[3] -> 4[4] via P2P/CUMEM
cr1-p548xlarge-15:2051703:2054620 [0] NCCL INFO Channel 13/0 : 0[0] -> 1[1] via P2P/CUMEM
cr1-p548xlarge-15:2051706:2054621 [3] NCCL INFO Channel 08/0 : 3[3] -> 4[4] via P2P/CUMEM
cr1-p548xlarge-15:2051705:2054622 [2] NCCL INFO Channel 17/0 : 2[2] -> 3[3] via P2P/CUMEM
cr1-p548xlarge-15:2051703:2054620 [0] NCCL INFO Channel 14/0 : 0[0] -> 1[1] via P2P/CUMEM
cr1-p548xlarge-15:2051706:2054621 [3] NCCL INFO Channel 09/0 : 3[3] -> 4[4] via P2P/CUMEM
cr1-p548xlarge-15:2051705:2054622 [2] NCCL INFO Channel 18/0 : 2[2] -> 3[3] via P2P/CUMEM
cr1-p548xlarge-15:2051703:2054620 [0] NCCL INFO Channel 15/0 : 0[0] -> 1[1] via P2P/CUMEM
cr1-p548xlarge-15:2051706:2054621 [3] NCCL INFO Channel 10/0 : 3[3] -> 4[4] via P2P/CUMEM
cr1-p548xlarge-15:2051703:2054620 [0] NCCL INFO Channel 16/0 : 0[0] -> 1[1] via P2P/CUMEM
cr1-p548xlarge-15:2051705:2054622 [2] NCCL INFO Channel 19/0 : 2[2] -> 3[3] via P2P/CUMEM
cr1-p548xlarge-15:2051706:2054621 [3] NCCL INFO Channel 11/0 : 3[3] -> 4[4] via P2P/CUMEM
cr1-p548xlarge-15:2051703:2054620 [0] NCCL INFO Channel 17/0 : 0[0] -> 1[1] via P2P/CUMEM
cr1-p548xlarge-15:2051705:2054622 [2] NCCL INFO Channel 20/0 : 2[2] -> 3[3] via P2P/CUMEM
cr1-p548xlarge-15:2051706:2054621 [3] NCCL INFO Channel 12/0 : 3[3] -> 4[4] via P2P/CUMEM
cr1-p548xlarge-15:2051703:2054620 [0] NCCL INFO Channel 18/0 : 0[0] -> 1[1] via P2P/CUMEM
cr1-p548xlarge-15:2051704:2054627 [1] NCCL INFO Channel 00/0 : 1[1] -> 2[2] via P2P/CUMEM
cr1-p548xlarge-15:2051703:2054620 [0] NCCL INFO Channel 19/0 : 0[0] -> 1[1] via P2P/CUMEM
cr1-p548xlarge-15:2051705:2054622 [2] NCCL INFO Channel 21/0 : 2[2] -> 3[3] via P2P/CUMEM
cr1-p548xlarge-15:2051706:2054621 [3] NCCL INFO Channel 13/0 : 3[3] -> 4[4] via P2P/CUMEM
cr1-p548xlarge-15:2051704:2054627 [1] NCCL INFO Channel 01/0 : 1[1] -> 2[2] via P2P/CUMEM
cr1-p548xlarge-15:2051703:2054620 [0] NCCL INFO Channel 20/0 : 0[0] -> 1[1] via P2P/CUMEM
cr1-p548xlarge-15:2051706:2054621 [3] NCCL INFO Channel 14/0 : 3[3] -> 4[4] via P2P/CUMEM
cr1-p548xlarge-15:2051704:2054627 [1] NCCL INFO Channel 02/0 : 1[1] -> 2[2] via P2P/CUMEM
cr1-p548xlarge-15:2051705:2054622 [2] NCCL INFO Channel 22/0 : 2[2] -> 3[3] via P2P/CUMEM
cr1-p548xlarge-15:2051706:2054621 [3] NCCL INFO Channel 15/0 : 3[3] -> 4[4] via P2P/CUMEM
cr1-p548xlarge-15:2051703:2054620 [0] NCCL INFO Channel 21/0 : 0[0] -> 1[1] via P2P/CUMEM
cr1-p548xlarge-15:2051705:2054622 [2] NCCL INFO Channel 23/0 : 2[2] -> 3[3] via P2P/CUMEM
cr1-p548xlarge-15:2051704:2054627 [1] NCCL INFO Channel 03/0 : 1[1] -> 2[2] via P2P/CUMEM
cr1-p548xlarge-15:2051706:2054621 [3] NCCL INFO Channel 16/0 : 3[3] -> 4[4] via P2P/CUMEM
cr1-p548xlarge-15:2051706:2054621 [3] NCCL INFO Channel 17/0 : 3[3] -> 4[4] via P2P/CUMEM
cr1-p548xlarge-15:2051704:2054627 [1] NCCL INFO Channel 04/0 : 1[1] -> 2[2] via P2P/CUMEM
cr1-p548xlarge-15:2051703:2054620 [0] NCCL INFO Channel 22/0 : 0[0] -> 1[1] via P2P/CUMEM
cr1-p548xlarge-15:2051703:2054620 [0] NCCL INFO Channel 23/0 : 0[0] -> 1[1] via P2P/CUMEM
cr1-p548xlarge-15:2051704:2054627 [1] NCCL INFO Channel 05/0 : 1[1] -> 2[2] via P2P/CUMEM
cr1-p548xlarge-15:2051706:2054621 [3] NCCL INFO Channel 18/0 : 3[3] -> 4[4] via P2P/CUMEM
cr1-p548xlarge-15:2051704:2054627 [1] NCCL INFO Channel 06/0 : 1[1] -> 2[2] via P2P/CUMEM
cr1-p548xlarge-15:2051706:2054621 [3] NCCL INFO Channel 19/0 : 3[3] -> 4[4] via P2P/CUMEM
cr1-p548xlarge-15:2051704:2054627 [1] NCCL INFO Channel 07/0 : 1[1] -> 2[2] via P2P/CUMEM
cr1-p548xlarge-15:2051706:2054621 [3] NCCL INFO Channel 20/0 : 3[3] -> 4[4] via P2P/CUMEM
cr1-p548xlarge-15:2051704:2054627 [1] NCCL INFO Channel 08/0 : 1[1] -> 2[2] via P2P/CUMEM
cr1-p548xlarge-15:2051706:2054621 [3] NCCL INFO Channel 21/0 : 3[3] -> 4[4] via P2P/CUMEM
cr1-p548xlarge-15:2051704:2054627 [1] NCCL INFO Channel 09/0 : 1[1] -> 2[2] via P2P/CUMEM
cr1-p548xlarge-15:2051704:2054627 [1] NCCL INFO Channel 10/0 : 1[1] -> 2[2] via P2P/CUMEM
cr1-p548xlarge-15:2051706:2054621 [3] NCCL INFO Channel 22/0 : 3[3] -> 4[4] via P2P/CUMEM
cr1-p548xlarge-15:2051709:2054624 [6] NCCL INFO Connected all rings
cr1-p548xlarge-15:2051704:2054627 [1] NCCL INFO Channel 11/0 : 1[1] -> 2[2] via P2P/CUMEM
cr1-p548xlarge-15:2051704:2054627 [1] NCCL INFO Channel 12/0 : 1[1] -> 2[2] via P2P/CUMEM
cr1-p548xlarge-15:2051704:2054627 [1] NCCL INFO Channel 13/0 : 1[1] -> 2[2] via P2P/CUMEM
cr1-p548xlarge-15:2051704:2054627 [1] NCCL INFO Channel 14/0 : 1[1] -> 2[2] via P2P/CUMEM
cr1-p548xlarge-15:2051704:2054627 [1] NCCL INFO Channel 15/0 : 1[1] -> 2[2] via P2P/CUMEM
cr1-p548xlarge-15:2051704:2054627 [1] NCCL INFO Channel 16/0 : 1[1] -> 2[2] via P2P/CUMEM
cr1-p548xlarge-15:2051704:2054627 [1] NCCL INFO Channel 17/0 : 1[1] -> 2[2] via P2P/CUMEM
cr1-p548xlarge-15:2051704:2054627 [1] NCCL INFO Channel 18/0 : 1[1] -> 2[2] via P2P/CUMEM
cr1-p548xlarge-15:2051709:2054624 [6] NCCL INFO Channel 00/0 : 6[6] -> 5[5] via P2P/CUMEM
cr1-p548xlarge-15:2051704:2054627 [1] NCCL INFO Channel 19/0 : 1[1] -> 2[2] via P2P/CUMEM
cr1-p548xlarge-15:2051709:2054624 [6] NCCL INFO Channel 01/0 : 6[6] -> 5[5] via P2P/CUMEM
cr1-p548xlarge-15:2051709:2054624 [6] NCCL INFO Channel 02/0 : 6[6] -> 5[5] via P2P/CUMEM
cr1-p548xlarge-15:2051709:2054624 [6] NCCL INFO Channel 03/0 : 6[6] -> 5[5] via P2P/CUMEM
cr1-p548xlarge-15:2051706:2054621 [3] NCCL INFO Channel 23/0 : 3[3] -> 4[4] via P2P/CUMEM
cr1-p548xlarge-15:2051709:2054624 [6] NCCL INFO Channel 04/0 : 6[6] -> 5[5] via P2P/CUMEM
cr1-p548xlarge-15:2051709:2054624 [6] NCCL INFO Channel 05/0 : 6[6] -> 5[5] via P2P/CUMEM
cr1-p548xlarge-15:2051709:2054624 [6] NCCL INFO Channel 06/0 : 6[6] -> 5[5] via P2P/CUMEM
cr1-p548xlarge-15:2051709:2054624 [6] NCCL INFO Channel 07/0 : 6[6] -> 5[5] via P2P/CUMEM
cr1-p548xlarge-15:2051709:2054624 [6] NCCL INFO Channel 08/0 : 6[6] -> 5[5] via P2P/CUMEM
cr1-p548xlarge-15:2051709:2054624 [6] NCCL INFO Channel 09/0 : 6[6] -> 5[5] via P2P/CUMEM
cr1-p548xlarge-15:2051709:2054624 [6] NCCL INFO Channel 10/0 : 6[6] -> 5[5] via P2P/CUMEM
cr1-p548xlarge-15:2051709:2054624 [6] NCCL INFO Channel 11/0 : 6[6] -> 5[5] via P2P/CUMEM
cr1-p548xlarge-15:2051709:2054624 [6] NCCL INFO Channel 12/0 : 6[6] -> 5[5] via P2P/CUMEM
cr1-p548xlarge-15:2051709:2054624 [6] NCCL INFO Channel 13/0 : 6[6] -> 5[5] via P2P/CUMEM
cr1-p548xlarge-15:2051709:2054624 [6] NCCL INFO Channel 14/0 : 6[6] -> 5[5] via P2P/CUMEM
cr1-p548xlarge-15:2051709:2054624 [6] NCCL INFO Channel 15/0 : 6[6] -> 5[5] via P2P/CUMEM
cr1-p548xlarge-15:2051709:2054624 [6] NCCL INFO Channel 16/0 : 6[6] -> 5[5] via P2P/CUMEM
cr1-p548xlarge-15:2051709:2054624 [6] NCCL INFO Channel 17/0 : 6[6] -> 5[5] via P2P/CUMEM
cr1-p548xlarge-15:2051709:2054624 [6] NCCL INFO Channel 18/0 : 6[6] -> 5[5] via P2P/CUMEM
cr1-p548xlarge-15:2051709:2054624 [6] NCCL INFO Channel 19/0 : 6[6] -> 5[5] via P2P/CUMEM
cr1-p548xlarge-15:2051709:2054624 [6] NCCL INFO Channel 20/0 : 6[6] -> 5[5] via P2P/CUMEM
cr1-p548xlarge-15:2051709:2054624 [6] NCCL INFO Channel 21/0 : 6[6] -> 5[5] via P2P/CUMEM
cr1-p548xlarge-15:2051709:2054624 [6] NCCL INFO Channel 22/0 : 6[6] -> 5[5] via P2P/CUMEM
cr1-p548xlarge-15:2051709:2054624 [6] NCCL INFO Channel 23/0 : 6[6] -> 5[5] via P2P/CUMEM
cr1-p548xlarge-15:2051704:2054627 [1] NCCL INFO Channel 20/0 : 1[1] -> 2[2] via P2P/CUMEM
cr1-p548xlarge-15:2051704:2054627 [1] NCCL INFO Channel 21/0 : 1[1] -> 2[2] via P2P/CUMEM
cr1-p548xlarge-15:2051704:2054627 [1] NCCL INFO Channel 22/0 : 1[1] -> 2[2] via P2P/CUMEM
cr1-p548xlarge-15:2051704:2054627 [1] NCCL INFO Channel 23/0 : 1[1] -> 2[2] via P2P/CUMEM
cr1-p548xlarge-15:2051708:2054625 [5] NCCL INFO Connected all rings
cr1-p548xlarge-15:2051707:2054626 [4] NCCL INFO Connected all rings
cr1-p548xlarge-15:2051707:2054626 [4] NCCL INFO Channel 00/0 : 4[4] -> 3[3] via P2P/CUMEM
cr1-p548xlarge-15:2051707:2054626 [4] NCCL INFO Channel 01/0 : 4[4] -> 3[3] via P2P/CUMEM
cr1-p548xlarge-15:2051707:2054626 [4] NCCL INFO Channel 02/0 : 4[4] -> 3[3] via P2P/CUMEM
cr1-p548xlarge-15:2051708:2054625 [5] NCCL INFO Channel 00/0 : 5[5] -> 4[4] via P2P/CUMEM
cr1-p548xlarge-15:2051708:2054625 [5] NCCL INFO Channel 01/0 : 5[5] -> 4[4] via P2P/CUMEM
cr1-p548xlarge-15:2051708:2054625 [5] NCCL INFO Channel 02/0 : 5[5] -> 4[4] via P2P/CUMEM
cr1-p548xlarge-15:2051707:2054626 [4] NCCL INFO Channel 03/0 : 4[4] -> 3[3] via P2P/CUMEM
cr1-p548xlarge-15:2051708:2054625 [5] NCCL INFO Channel 03/0 : 5[5] -> 4[4] via P2P/CUMEM
cr1-p548xlarge-15:2051707:2054626 [4] NCCL INFO Channel 04/0 : 4[4] -> 3[3] via P2P/CUMEM
cr1-p548xlarge-15:2051708:2054625 [5] NCCL INFO Channel 04/0 : 5[5] -> 4[4] via P2P/CUMEM
cr1-p548xlarge-15:2051707:2054626 [4] NCCL INFO Channel 05/0 : 4[4] -> 3[3] via P2P/CUMEM
cr1-p548xlarge-15:2051708:2054625 [5] NCCL INFO Channel 05/0 : 5[5] -> 4[4] via P2P/CUMEM
cr1-p548xlarge-15:2051707:2054626 [4] NCCL INFO Channel 06/0 : 4[4] -> 3[3] via P2P/CUMEM
cr1-p548xlarge-15:2051708:2054625 [5] NCCL INFO Channel 06/0 : 5[5] -> 4[4] via P2P/CUMEM
cr1-p548xlarge-15:2051707:2054626 [4] NCCL INFO Channel 07/0 : 4[4] -> 3[3] via P2P/CUMEM
cr1-p548xlarge-15:2051708:2054625 [5] NCCL INFO Channel 07/0 : 5[5] -> 4[4] via P2P/CUMEM
cr1-p548xlarge-15:2051707:2054626 [4] NCCL INFO Channel 08/0 : 4[4] -> 3[3] via P2P/CUMEM
cr1-p548xlarge-15:2051708:2054625 [5] NCCL INFO Channel 08/0 : 5[5] -> 4[4] via P2P/CUMEM
cr1-p548xlarge-15:2051707:2054626 [4] NCCL INFO Channel 09/0 : 4[4] -> 3[3] via P2P/CUMEM
cr1-p548xlarge-15:2051708:2054625 [5] NCCL INFO Channel 09/0 : 5[5] -> 4[4] via P2P/CUMEM
cr1-p548xlarge-15:2051708:2054625 [5] NCCL INFO Channel 10/0 : 5[5] -> 4[4] via P2P/CUMEM
cr1-p548xlarge-15:2051707:2054626 [4] NCCL INFO Channel 10/0 : 4[4] -> 3[3] via P2P/CUMEM
cr1-p548xlarge-15:2051708:2054625 [5] NCCL INFO Channel 11/0 : 5[5] -> 4[4] via P2P/CUMEM
cr1-p548xlarge-15:2051707:2054626 [4] NCCL INFO Channel 11/0 : 4[4] -> 3[3] via P2P/CUMEM
cr1-p548xlarge-15:2051708:2054625 [5] NCCL INFO Channel 12/0 : 5[5] -> 4[4] via P2P/CUMEM
cr1-p548xlarge-15:2051707:2054626 [4] NCCL INFO Channel 12/0 : 4[4] -> 3[3] via P2P/CUMEM
cr1-p548xlarge-15:2051708:2054625 [5] NCCL INFO Channel 13/0 : 5[5] -> 4[4] via P2P/CUMEM
cr1-p548xlarge-15:2051707:2054626 [4] NCCL INFO Channel 13/0 : 4[4] -> 3[3] via P2P/CUMEM
cr1-p548xlarge-15:2051708:2054625 [5] NCCL INFO Channel 14/0 : 5[5] -> 4[4] via P2P/CUMEM
cr1-p548xlarge-15:2051707:2054626 [4] NCCL INFO Channel 14/0 : 4[4] -> 3[3] via P2P/CUMEM
cr1-p548xlarge-15:2051708:2054625 [5] NCCL INFO Channel 15/0 : 5[5] -> 4[4] via P2P/CUMEM
cr1-p548xlarge-15:2051708:2054625 [5] NCCL INFO Channel 16/0 : 5[5] -> 4[4] via P2P/CUMEM
cr1-p548xlarge-15:2051707:2054626 [4] NCCL INFO Channel 15/0 : 4[4] -> 3[3] via P2P/CUMEM
cr1-p548xlarge-15:2051708:2054625 [5] NCCL INFO Channel 17/0 : 5[5] -> 4[4] via P2P/CUMEM
cr1-p548xlarge-15:2051707:2054626 [4] NCCL INFO Channel 16/0 : 4[4] -> 3[3] via P2P/CUMEM
cr1-p548xlarge-15:2051708:2054625 [5] NCCL INFO Channel 18/0 : 5[5] -> 4[4] via P2P/CUMEM
cr1-p548xlarge-15:2051707:2054626 [4] NCCL INFO Channel 17/0 : 4[4] -> 3[3] via P2P/CUMEM
cr1-p548xlarge-15:2051708:2054625 [5] NCCL INFO Channel 19/0 : 5[5] -> 4[4] via P2P/CUMEM
cr1-p548xlarge-15:2051707:2054626 [4] NCCL INFO Channel 18/0 : 4[4] -> 3[3] via P2P/CUMEM
cr1-p548xlarge-15:2051708:2054625 [5] NCCL INFO Channel 20/0 : 5[5] -> 4[4] via P2P/CUMEM
cr1-p548xlarge-15:2051707:2054626 [4] NCCL INFO Channel 19/0 : 4[4] -> 3[3] via P2P/CUMEM
cr1-p548xlarge-15:2051708:2054625 [5] NCCL INFO Channel 21/0 : 5[5] -> 4[4] via P2P/CUMEM
cr1-p548xlarge-15:2051708:2054625 [5] NCCL INFO Channel 22/0 : 5[5] -> 4[4] via P2P/CUMEM
cr1-p548xlarge-15:2051707:2054626 [4] NCCL INFO Channel 20/0 : 4[4] -> 3[3] via P2P/CUMEM
cr1-p548xlarge-15:2051708:2054625 [5] NCCL INFO Channel 23/0 : 5[5] -> 4[4] via P2P/CUMEM
cr1-p548xlarge-15:2051707:2054626 [4] NCCL INFO Channel 21/0 : 4[4] -> 3[3] via P2P/CUMEM
cr1-p548xlarge-15:2051707:2054626 [4] NCCL INFO Channel 22/0 : 4[4] -> 3[3] via P2P/CUMEM
cr1-p548xlarge-15:2051707:2054626 [4] NCCL INFO Channel 23/0 : 4[4] -> 3[3] via P2P/CUMEM
cr1-p548xlarge-15:2051710:2054623 [7] NCCL INFO Connected all rings
cr1-p548xlarge-15:2051710:2054623 [7] NCCL INFO Channel 00/0 : 7[7] -> 6[6] via P2P/CUMEM
cr1-p548xlarge-15:2051710:2054623 [7] NCCL INFO Channel 01/0 : 7[7] -> 6[6] via P2P/CUMEM
cr1-p548xlarge-15:2051710:2054623 [7] NCCL INFO Channel 02/0 : 7[7] -> 6[6] via P2P/CUMEM
cr1-p548xlarge-15:2051710:2054623 [7] NCCL INFO Channel 03/0 : 7[7] -> 6[6] via P2P/CUMEM
cr1-p548xlarge-15:2051710:2054623 [7] NCCL INFO Channel 04/0 : 7[7] -> 6[6] via P2P/CUMEM
cr1-p548xlarge-15:2051710:2054623 [7] NCCL INFO Channel 05/0 : 7[7] -> 6[6] via P2P/CUMEM
cr1-p548xlarge-15:2051710:2054623 [7] NCCL INFO Channel 06/0 : 7[7] -> 6[6] via P2P/CUMEM
cr1-p548xlarge-15:2051710:2054623 [7] NCCL INFO Channel 07/0 : 7[7] -> 6[6] via P2P/CUMEM
cr1-p548xlarge-15:2051710:2054623 [7] NCCL INFO Channel 08/0 : 7[7] -> 6[6] via P2P/CUMEM
cr1-p548xlarge-15:2051710:2054623 [7] NCCL INFO Channel 09/0 : 7[7] -> 6[6] via P2P/CUMEM
cr1-p548xlarge-15:2051710:2054623 [7] NCCL INFO Channel 10/0 : 7[7] -> 6[6] via P2P/CUMEM
cr1-p548xlarge-15:2051710:2054623 [7] NCCL INFO Channel 11/0 : 7[7] -> 6[6] via P2P/CUMEM
cr1-p548xlarge-15:2051710:2054623 [7] NCCL INFO Channel 12/0 : 7[7] -> 6[6] via P2P/CUMEM
cr1-p548xlarge-15:2051710:2054623 [7] NCCL INFO Channel 13/0 : 7[7] -> 6[6] via P2P/CUMEM
cr1-p548xlarge-15:2051710:2054623 [7] NCCL INFO Channel 14/0 : 7[7] -> 6[6] via P2P/CUMEM
cr1-p548xlarge-15:2051710:2054623 [7] NCCL INFO Channel 15/0 : 7[7] -> 6[6] via P2P/CUMEM
cr1-p548xlarge-15:2051710:2054623 [7] NCCL INFO Channel 16/0 : 7[7] -> 6[6] via P2P/CUMEM
cr1-p548xlarge-15:2051710:2054623 [7] NCCL INFO Channel 17/0 : 7[7] -> 6[6] via P2P/CUMEM
cr1-p548xlarge-15:2051710:2054623 [7] NCCL INFO Channel 18/0 : 7[7] -> 6[6] via P2P/CUMEM
