cr2-p548xlarge-7:148967:151021 [3] NCCL INFO Channel 22/0 : 3[3] -> 4[4] via P2P/CUMEM
cr2-p548xlarge-7:148965:151025 [1] NCCL INFO Channel 02/0 : 1[1] -> 2[2] via P2P/CUMEM
cr2-p548xlarge-7:148967:151021 [3] NCCL INFO Channel 23/0 : 3[3] -> 4[4] via P2P/CUMEM
cr2-p548xlarge-7:148964:151018 [0] NCCL INFO Channel 04/0 : 0[0] -> 1[1] via P2P/CUMEM
cr2-p548xlarge-7:148965:151025 [1] NCCL INFO Channel 03/0 : 1[1] -> 2[2] via P2P/CUMEM
cr2-p548xlarge-7:148964:151018 [0] NCCL INFO Channel 05/0 : 0[0] -> 1[1] via P2P/CUMEM
cr2-p548xlarge-7:148965:151025 [1] NCCL INFO Channel 04/0 : 1[1] -> 2[2] via P2P/CUMEM
cr2-p548xlarge-7:148965:151025 [1] NCCL INFO Channel 05/0 : 1[1] -> 2[2] via P2P/CUMEM
cr2-p548xlarge-7:148964:151018 [0] NCCL INFO Channel 06/0 : 0[0] -> 1[1] via P2P/CUMEM
cr2-p548xlarge-7:148965:151025 [1] NCCL INFO Channel 06/0 : 1[1] -> 2[2] via P2P/CUMEM
cr2-p548xlarge-7:148964:151018 [0] NCCL INFO Channel 07/0 : 0[0] -> 1[1] via P2P/CUMEM
cr2-p548xlarge-7:148965:151025 [1] NCCL INFO Channel 07/0 : 1[1] -> 2[2] via P2P/CUMEM
cr2-p548xlarge-7:148964:151018 [0] NCCL INFO Channel 08/0 : 0[0] -> 1[1] via P2P/CUMEM
cr2-p548xlarge-7:148965:151025 [1] NCCL INFO Channel 08/0 : 1[1] -> 2[2] via P2P/CUMEM
cr2-p548xlarge-7:148964:151018 [0] NCCL INFO Channel 09/0 : 0[0] -> 1[1] via P2P/CUMEM
cr2-p548xlarge-7:148969:151022 [5] NCCL INFO Connected all rings
cr2-p548xlarge-7:148965:151025 [1] NCCL INFO Channel 09/0 : 1[1] -> 2[2] via P2P/CUMEM
cr2-p548xlarge-7:148969:151022 [5] NCCL INFO Channel 00/0 : 5[5] -> 4[4] via P2P/CUMEM
cr2-p548xlarge-7:148969:151022 [5] NCCL INFO Channel 01/0 : 5[5] -> 4[4] via P2P/CUMEM
cr2-p548xlarge-7:148969:151022 [5] NCCL INFO Channel 02/0 : 5[5] -> 4[4] via P2P/CUMEM
cr2-p548xlarge-7:148969:151022 [5] NCCL INFO Channel 03/0 : 5[5] -> 4[4] via P2P/CUMEM
cr2-p548xlarge-7:148969:151022 [5] NCCL INFO Channel 04/0 : 5[5] -> 4[4] via P2P/CUMEM
cr2-p548xlarge-7:148969:151022 [5] NCCL INFO Channel 05/0 : 5[5] -> 4[4] via P2P/CUMEM
cr2-p548xlarge-7:148969:151022 [5] NCCL INFO Channel 06/0 : 5[5] -> 4[4] via P2P/CUMEM
cr2-p548xlarge-7:148969:151022 [5] NCCL INFO Channel 07/0 : 5[5] -> 4[4] via P2P/CUMEM
cr2-p548xlarge-7:148969:151022 [5] NCCL INFO Channel 08/0 : 5[5] -> 4[4] via P2P/CUMEM
cr2-p548xlarge-7:148969:151022 [5] NCCL INFO Channel 09/0 : 5[5] -> 4[4] via P2P/CUMEM
cr2-p548xlarge-7:148969:151022 [5] NCCL INFO Channel 10/0 : 5[5] -> 4[4] via P2P/CUMEM
cr2-p548xlarge-7:148969:151022 [5] NCCL INFO Channel 11/0 : 5[5] -> 4[4] via P2P/CUMEM
cr2-p548xlarge-7:148969:151022 [5] NCCL INFO Channel 12/0 : 5[5] -> 4[4] via P2P/CUMEM
cr2-p548xlarge-7:148969:151022 [5] NCCL INFO Channel 13/0 : 5[5] -> 4[4] via P2P/CUMEM
cr2-p548xlarge-7:148969:151022 [5] NCCL INFO Channel 14/0 : 5[5] -> 4[4] via P2P/CUMEM
cr2-p548xlarge-7:148969:151022 [5] NCCL INFO Channel 15/0 : 5[5] -> 4[4] via P2P/CUMEM
cr2-p548xlarge-7:148969:151022 [5] NCCL INFO Channel 16/0 : 5[5] -> 4[4] via P2P/CUMEM
cr2-p548xlarge-7:148969:151022 [5] NCCL INFO Channel 17/0 : 5[5] -> 4[4] via P2P/CUMEM
cr2-p548xlarge-7:148969:151022 [5] NCCL INFO Channel 18/0 : 5[5] -> 4[4] via P2P/CUMEM
cr2-p548xlarge-7:148969:151022 [5] NCCL INFO Channel 19/0 : 5[5] -> 4[4] via P2P/CUMEM
cr2-p548xlarge-7:148969:151022 [5] NCCL INFO Channel 20/0 : 5[5] -> 4[4] via P2P/CUMEM
cr2-p548xlarge-7:148964:151018 [0] NCCL INFO Channel 10/0 : 0[0] -> 1[1] via P2P/CUMEM
cr2-p548xlarge-7:148969:151022 [5] NCCL INFO Channel 21/0 : 5[5] -> 4[4] via P2P/CUMEM
cr2-p548xlarge-7:148969:151022 [5] NCCL INFO Channel 22/0 : 5[5] -> 4[4] via P2P/CUMEM
cr2-p548xlarge-7:148969:151022 [5] NCCL INFO Channel 23/0 : 5[5] -> 4[4] via P2P/CUMEM
cr2-p548xlarge-7:148964:151018 [0] NCCL INFO Channel 11/0 : 0[0] -> 1[1] via P2P/CUMEM
cr2-p548xlarge-7:148965:151025 [1] NCCL INFO Channel 10/0 : 1[1] -> 2[2] via P2P/CUMEM
cr2-p548xlarge-7:148968:151020 [4] NCCL INFO Connected all rings
cr2-p548xlarge-7:148964:151018 [0] NCCL INFO Channel 12/0 : 0[0] -> 1[1] via P2P/CUMEM
cr2-p548xlarge-7:148968:151020 [4] NCCL INFO Channel 00/0 : 4[4] -> 3[3] via P2P/CUMEM
cr2-p548xlarge-7:148968:151020 [4] NCCL INFO Channel 01/0 : 4[4] -> 3[3] via P2P/CUMEM
cr2-p548xlarge-7:148968:151020 [4] NCCL INFO Channel 02/0 : 4[4] -> 3[3] via P2P/CUMEM
cr2-p548xlarge-7:148968:151020 [4] NCCL INFO Channel 03/0 : 4[4] -> 3[3] via P2P/CUMEM
cr2-p548xlarge-7:148968:151020 [4] NCCL INFO Channel 04/0 : 4[4] -> 3[3] via P2P/CUMEM
cr2-p548xlarge-7:148968:151020 [4] NCCL INFO Channel 05/0 : 4[4] -> 3[3] via P2P/CUMEM
cr2-p548xlarge-7:148968:151020 [4] NCCL INFO Channel 06/0 : 4[4] -> 3[3] via P2P/CUMEM
cr2-p548xlarge-7:148968:151020 [4] NCCL INFO Channel 07/0 : 4[4] -> 3[3] via P2P/CUMEM
cr2-p548xlarge-7:148968:151020 [4] NCCL INFO Channel 08/0 : 4[4] -> 3[3] via P2P/CUMEM
cr2-p548xlarge-7:148968:151020 [4] NCCL INFO Channel 09/0 : 4[4] -> 3[3] via P2P/CUMEM
cr2-p548xlarge-7:148968:151020 [4] NCCL INFO Channel 10/0 : 4[4] -> 3[3] via P2P/CUMEM
cr2-p548xlarge-7:148968:151020 [4] NCCL INFO Channel 11/0 : 4[4] -> 3[3] via P2P/CUMEM
cr2-p548xlarge-7:148968:151020 [4] NCCL INFO Channel 12/0 : 4[4] -> 3[3] via P2P/CUMEM
cr2-p548xlarge-7:148968:151020 [4] NCCL INFO Channel 13/0 : 4[4] -> 3[3] via P2P/CUMEM
cr2-p548xlarge-7:148968:151020 [4] NCCL INFO Channel 14/0 : 4[4] -> 3[3] via P2P/CUMEM
cr2-p548xlarge-7:148968:151020 [4] NCCL INFO Channel 15/0 : 4[4] -> 3[3] via P2P/CUMEM
cr2-p548xlarge-7:148968:151020 [4] NCCL INFO Channel 16/0 : 4[4] -> 3[3] via P2P/CUMEM
cr2-p548xlarge-7:148968:151020 [4] NCCL INFO Channel 17/0 : 4[4] -> 3[3] via P2P/CUMEM
cr2-p548xlarge-7:148968:151020 [4] NCCL INFO Channel 18/0 : 4[4] -> 3[3] via P2P/CUMEM
cr2-p548xlarge-7:148968:151020 [4] NCCL INFO Channel 19/0 : 4[4] -> 3[3] via P2P/CUMEM
cr2-p548xlarge-7:148968:151020 [4] NCCL INFO Channel 20/0 : 4[4] -> 3[3] via P2P/CUMEM
cr2-p548xlarge-7:148968:151020 [4] NCCL INFO Channel 21/0 : 4[4] -> 3[3] via P2P/CUMEM
cr2-p548xlarge-7:148968:151020 [4] NCCL INFO Channel 22/0 : 4[4] -> 3[3] via P2P/CUMEM
cr2-p548xlarge-7:148968:151020 [4] NCCL INFO Channel 23/0 : 4[4] -> 3[3] via P2P/CUMEM
cr2-p548xlarge-7:148964:151018 [0] NCCL INFO Channel 13/0 : 0[0] -> 1[1] via P2P/CUMEM
cr2-p548xlarge-7:148965:151025 [1] NCCL INFO Channel 11/0 : 1[1] -> 2[2] via P2P/CUMEM
cr2-p548xlarge-7:148964:151018 [0] NCCL INFO Channel 14/0 : 0[0] -> 1[1] via P2P/CUMEM
cr2-p548xlarge-7:148965:151025 [1] NCCL INFO Channel 12/0 : 1[1] -> 2[2] via P2P/CUMEM
cr2-p548xlarge-7:148964:151018 [0] NCCL INFO Channel 15/0 : 0[0] -> 1[1] via P2P/CUMEM
cr2-p548xlarge-7:148965:151025 [1] NCCL INFO Channel 13/0 : 1[1] -> 2[2] via P2P/CUMEM
cr2-p548xlarge-7:148965:151025 [1] NCCL INFO Channel 14/0 : 1[1] -> 2[2] via P2P/CUMEM
cr2-p548xlarge-7:148964:151018 [0] NCCL INFO Channel 16/0 : 0[0] -> 1[1] via P2P/CUMEM
cr2-p548xlarge-7:148965:151025 [1] NCCL INFO Channel 15/0 : 1[1] -> 2[2] via P2P/CUMEM
cr2-p548xlarge-7:148964:151018 [0] NCCL INFO Channel 17/0 : 0[0] -> 1[1] via P2P/CUMEM
cr2-p548xlarge-7:148964:151018 [0] NCCL INFO Channel 18/0 : 0[0] -> 1[1] via P2P/CUMEM
cr2-p548xlarge-7:148965:151025 [1] NCCL INFO Channel 16/0 : 1[1] -> 2[2] via P2P/CUMEM
cr2-p548xlarge-7:148964:151018 [0] NCCL INFO Channel 19/0 : 0[0] -> 1[1] via P2P/CUMEM
cr2-p548xlarge-7:148965:151025 [1] NCCL INFO Channel 17/0 : 1[1] -> 2[2] via P2P/CUMEM
cr2-p548xlarge-7:148964:151018 [0] NCCL INFO Channel 20/0 : 0[0] -> 1[1] via P2P/CUMEM
cr2-p548xlarge-7:148965:151025 [1] NCCL INFO Channel 18/0 : 1[1] -> 2[2] via P2P/CUMEM
cr2-p548xlarge-7:148964:151018 [0] NCCL INFO Channel 21/0 : 0[0] -> 1[1] via P2P/CUMEM
cr2-p548xlarge-7:148965:151025 [1] NCCL INFO Channel 19/0 : 1[1] -> 2[2] via P2P/CUMEM
cr2-p548xlarge-7:148964:151018 [0] NCCL INFO Channel 22/0 : 0[0] -> 1[1] via P2P/CUMEM
cr2-p548xlarge-7:148965:151025 [1] NCCL INFO Channel 20/0 : 1[1] -> 2[2] via P2P/CUMEM
cr2-p548xlarge-7:148964:151018 [0] NCCL INFO Channel 23/0 : 0[0] -> 1[1] via P2P/CUMEM
cr2-p548xlarge-7:148965:151025 [1] NCCL INFO Channel 21/0 : 1[1] -> 2[2] via P2P/CUMEM
cr2-p548xlarge-7:148965:151025 [1] NCCL INFO Channel 22/0 : 1[1] -> 2[2] via P2P/CUMEM
cr2-p548xlarge-7:148965:151025 [1] NCCL INFO Channel 23/0 : 1[1] -> 2[2] via P2P/CUMEM
cr2-p548xlarge-7:148970:151019 [6] NCCL INFO Connected all rings
cr2-p548xlarge-7:148970:151019 [6] NCCL INFO Channel 00/0 : 6[6] -> 5[5] via P2P/CUMEM
cr2-p548xlarge-7:148970:151019 [6] NCCL INFO Channel 01/0 : 6[6] -> 5[5] via P2P/CUMEM
cr2-p548xlarge-7:148970:151019 [6] NCCL INFO Channel 02/0 : 6[6] -> 5[5] via P2P/CUMEM
cr2-p548xlarge-7:148970:151019 [6] NCCL INFO Channel 03/0 : 6[6] -> 5[5] via P2P/CUMEM
cr2-p548xlarge-7:148970:151019 [6] NCCL INFO Channel 04/0 : 6[6] -> 5[5] via P2P/CUMEM
cr2-p548xlarge-7:148970:151019 [6] NCCL INFO Channel 05/0 : 6[6] -> 5[5] via P2P/CUMEM
cr2-p548xlarge-7:148970:151019 [6] NCCL INFO Channel 06/0 : 6[6] -> 5[5] via P2P/CUMEM
cr2-p548xlarge-7:148970:151019 [6] NCCL INFO Channel 07/0 : 6[6] -> 5[5] via P2P/CUMEM
cr2-p548xlarge-7:148970:151019 [6] NCCL INFO Channel 08/0 : 6[6] -> 5[5] via P2P/CUMEM
cr2-p548xlarge-7:148970:151019 [6] NCCL INFO Channel 09/0 : 6[6] -> 5[5] via P2P/CUMEM
cr2-p548xlarge-7:148970:151019 [6] NCCL INFO Channel 10/0 : 6[6] -> 5[5] via P2P/CUMEM
cr2-p548xlarge-7:148970:151019 [6] NCCL INFO Channel 11/0 : 6[6] -> 5[5] via P2P/CUMEM
cr2-p548xlarge-7:148970:151019 [6] NCCL INFO Channel 12/0 : 6[6] -> 5[5] via P2P/CUMEM
cr2-p548xlarge-7:148970:151019 [6] NCCL INFO Channel 13/0 : 6[6] -> 5[5] via P2P/CUMEM
cr2-p548xlarge-7:148970:151019 [6] NCCL INFO Channel 14/0 : 6[6] -> 5[5] via P2P/CUMEM
cr2-p548xlarge-7:148970:151019 [6] NCCL INFO Channel 15/0 : 6[6] -> 5[5] via P2P/CUMEM
cr2-p548xlarge-7:148970:151019 [6] NCCL INFO Channel 16/0 : 6[6] -> 5[5] via P2P/CUMEM
cr2-p548xlarge-7:148970:151019 [6] NCCL INFO Channel 17/0 : 6[6] -> 5[5] via P2P/CUMEM
cr2-p548xlarge-7:148970:151019 [6] NCCL INFO Channel 18/0 : 6[6] -> 5[5] via P2P/CUMEM
cr2-p548xlarge-7:148970:151019 [6] NCCL INFO Channel 19/0 : 6[6] -> 5[5] via P2P/CUMEM
cr2-p548xlarge-7:148970:151019 [6] NCCL INFO Channel 20/0 : 6[6] -> 5[5] via P2P/CUMEM
cr2-p548xlarge-7:148970:151019 [6] NCCL INFO Channel 21/0 : 6[6] -> 5[5] via P2P/CUMEM
cr2-p548xlarge-7:148970:151019 [6] NCCL INFO Channel 22/0 : 6[6] -> 5[5] via P2P/CUMEM
cr2-p548xlarge-7:148970:151019 [6] NCCL INFO Channel 23/0 : 6[6] -> 5[5] via P2P/CUMEM
cr2-p548xlarge-7:148971:151023 [7] NCCL INFO Connected all rings
cr2-p548xlarge-7:148971:151023 [7] NCCL INFO Channel 00/0 : 7[7] -> 6[6] via P2P/CUMEM
cr2-p548xlarge-7:148971:151023 [7] NCCL INFO Channel 01/0 : 7[7] -> 6[6] via P2P/CUMEM
cr2-p548xlarge-7:148971:151023 [7] NCCL INFO Channel 02/0 : 7[7] -> 6[6] via P2P/CUMEM
cr2-p548xlarge-7:148971:151023 [7] NCCL INFO Channel 03/0 : 7[7] -> 6[6] via P2P/CUMEM
cr2-p548xlarge-7:148971:151023 [7] NCCL INFO Channel 04/0 : 7[7] -> 6[6] via P2P/CUMEM
cr2-p548xlarge-7:148971:151023 [7] NCCL INFO Channel 05/0 : 7[7] -> 6[6] via P2P/CUMEM
cr2-p548xlarge-7:148971:151023 [7] NCCL INFO Channel 06/0 : 7[7] -> 6[6] via P2P/CUMEM
cr2-p548xlarge-7:148971:151023 [7] NCCL INFO Channel 07/0 : 7[7] -> 6[6] via P2P/CUMEM
cr2-p548xlarge-7:148971:151023 [7] NCCL INFO Channel 08/0 : 7[7] -> 6[6] via P2P/CUMEM
cr2-p548xlarge-7:148971:151023 [7] NCCL INFO Channel 09/0 : 7[7] -> 6[6] via P2P/CUMEM
cr2-p548xlarge-7:148971:151023 [7] NCCL INFO Channel 10/0 : 7[7] -> 6[6] via P2P/CUMEM
cr2-p548xlarge-7:148971:151023 [7] NCCL INFO Channel 11/0 : 7[7] -> 6[6] via P2P/CUMEM
cr2-p548xlarge-7:148971:151023 [7] NCCL INFO Channel 12/0 : 7[7] -> 6[6] via P2P/CUMEM
cr2-p548xlarge-7:148971:151023 [7] NCCL INFO Channel 13/0 : 7[7] -> 6[6] via P2P/CUMEM
cr2-p548xlarge-7:148971:151023 [7] NCCL INFO Channel 14/0 : 7[7] -> 6[6] via P2P/CUMEM
cr2-p548xlarge-7:148971:151023 [7] NCCL INFO Channel 15/0 : 7[7] -> 6[6] via P2P/CUMEM
cr2-p548xlarge-7:148971:151023 [7] NCCL INFO Channel 16/0 : 7[7] -> 6[6] via P2P/CUMEM
cr2-p548xlarge-7:148971:151023 [7] NCCL INFO Channel 17/0 : 7[7] -> 6[6] via P2P/CUMEM
cr2-p548xlarge-7:148971:151023 [7] NCCL INFO Channel 18/0 : 7[7] -> 6[6] via P2P/CUMEM
cr2-p548xlarge-7:148971:151023 [7] NCCL INFO Channel 19/0 : 7[7] -> 6[6] via P2P/CUMEM
cr2-p548xlarge-7:148971:151023 [7] NCCL INFO Channel 20/0 : 7[7] -> 6[6] via P2P/CUMEM
cr2-p548xlarge-7:148971:151023 [7] NCCL INFO Channel 21/0 : 7[7] -> 6[6] via P2P/CUMEM
cr2-p548xlarge-7:148971:151023 [7] NCCL INFO Channel 22/0 : 7[7] -> 6[6] via P2P/CUMEM
cr2-p548xlarge-7:148971:151023 [7] NCCL INFO Channel 23/0 : 7[7] -> 6[6] via P2P/CUMEM
cr2-p548xlarge-7:148967:151021 [3] NCCL INFO Connected all rings
cr2-p548xlarge-7:148966:151024 [2] NCCL INFO Connected all rings
cr2-p548xlarge-7:148965:151025 [1] NCCL INFO Connected all rings
cr2-p548xlarge-7:148964:151018 [0] NCCL INFO Connected all rings
cr2-p548xlarge-7:148971:151023 [7] NCCL INFO Connected all trees
cr2-p548xlarge-7:148970:151019 [6] NCCL INFO Connected all trees
cr2-p548xlarge-7:148971:151023 [7] NCCL INFO NCCL_NVLS_CHUNKSIZE set by environment to 524288.
cr2-p548xlarge-7:148971:151023 [7] NCCL INFO NVLS comm 0x55cc63957060 headRank 7 nHeads 8 buffSize 4194304 memSize 2097152 nvlsPerRankSize 301989888 nvlsTotalSize 2415919104
cr2-p548xlarge-7:148970:151019 [6] NCCL INFO NCCL_NVLS_CHUNKSIZE set by environment to 524288.
cr2-p548xlarge-7:148970:151019 [6] NCCL INFO NVLS comm 0x55d09ce54c70 headRank 6 nHeads 8 buffSize 4194304 memSize 2097152 nvlsPerRankSize 301989888 nvlsTotalSize 2415919104
cr2-p548xlarge-7:148967:151021 [3] NCCL INFO Channel 00/0 : 3[3] -> 2[2] via P2P/CUMEM
cr2-p548xlarge-7:148965:151025 [1] NCCL INFO Channel 00/0 : 1[1] -> 0[0] via P2P/CUMEM
cr2-p548xlarge-7:148967:151021 [3] NCCL INFO Channel 01/0 : 3[3] -> 2[2] via P2P/CUMEM
cr2-p548xlarge-7:148965:151025 [1] NCCL INFO Channel 01/0 : 1[1] -> 0[0] via P2P/CUMEM
cr2-p548xlarge-7:148965:151025 [1] NCCL INFO Channel 02/0 : 1[1] -> 0[0] via P2P/CUMEM
cr2-p548xlarge-7:148967:151021 [3] NCCL INFO Channel 02/0 : 3[3] -> 2[2] via P2P/CUMEM
cr2-p548xlarge-7:148965:151025 [1] NCCL INFO Channel 03/0 : 1[1] -> 0[0] via P2P/CUMEM
cr2-p548xlarge-7:148967:151021 [3] NCCL INFO Channel 03/0 : 3[3] -> 2[2] via P2P/CUMEM
cr2-p548xlarge-7:148966:151024 [2] NCCL INFO Channel 00/0 : 2[2] -> 1[1] via P2P/CUMEM
cr2-p548xlarge-7:148965:151025 [1] NCCL INFO Channel 04/0 : 1[1] -> 0[0] via P2P/CUMEM
cr2-p548xlarge-7:148967:151021 [3] NCCL INFO Channel 04/0 : 3[3] -> 2[2] via P2P/CUMEM
cr2-p548xlarge-7:148965:151025 [1] NCCL INFO Channel 05/0 : 1[1] -> 0[0] via P2P/CUMEM
cr2-p548xlarge-7:148966:151024 [2] NCCL INFO Channel 01/0 : 2[2] -> 1[1] via P2P/CUMEM
cr2-p548xlarge-7:148965:151025 [1] NCCL INFO Channel 06/0 : 1[1] -> 0[0] via P2P/CUMEM
cr2-p548xlarge-7:148966:151024 [2] NCCL INFO Channel 02/0 : 2[2] -> 1[1] via P2P/CUMEM
cr2-p548xlarge-7:148966:151024 [2] NCCL INFO Channel 03/0 : 2[2] -> 1[1] via P2P/CUMEM
cr2-p548xlarge-7:148966:151024 [2] NCCL INFO Channel 04/0 : 2[2] -> 1[1] via P2P/CUMEM
cr2-p548xlarge-7:148966:151024 [2] NCCL INFO Channel 05/0 : 2[2] -> 1[1] via P2P/CUMEM
cr2-p548xlarge-7:148966:151024 [2] NCCL INFO Channel 06/0 : 2[2] -> 1[1] via P2P/CUMEM
cr2-p548xlarge-7:148966:151024 [2] NCCL INFO Channel 07/0 : 2[2] -> 1[1] via P2P/CUMEM
cr2-p548xlarge-7:148966:151024 [2] NCCL INFO Channel 08/0 : 2[2] -> 1[1] via P2P/CUMEM
cr2-p548xlarge-7:148966:151024 [2] NCCL INFO Channel 09/0 : 2[2] -> 1[1] via P2P/CUMEM
cr2-p548xlarge-7:148966:151024 [2] NCCL INFO Channel 10/0 : 2[2] -> 1[1] via P2P/CUMEM
cr2-p548xlarge-7:148966:151024 [2] NCCL INFO Channel 11/0 : 2[2] -> 1[1] via P2P/CUMEM
cr2-p548xlarge-7:148966:151024 [2] NCCL INFO Channel 12/0 : 2[2] -> 1[1] via P2P/CUMEM
cr2-p548xlarge-7:148966:151024 [2] NCCL INFO Channel 13/0 : 2[2] -> 1[1] via P2P/CUMEM
cr2-p548xlarge-7:148966:151024 [2] NCCL INFO Channel 14/0 : 2[2] -> 1[1] via P2P/CUMEM
cr2-p548xlarge-7:148966:151024 [2] NCCL INFO Channel 15/0 : 2[2] -> 1[1] via P2P/CUMEM
cr2-p548xlarge-7:148965:151025 [1] NCCL INFO Channel 07/0 : 1[1] -> 0[0] via P2P/CUMEM
cr2-p548xlarge-7:148966:151024 [2] NCCL INFO Channel 16/0 : 2[2] -> 1[1] via P2P/CUMEM
cr2-p548xlarge-7:148967:151021 [3] NCCL INFO Channel 05/0 : 3[3] -> 2[2] via P2P/CUMEM
cr2-p548xlarge-7:148965:151025 [1] NCCL INFO Channel 08/0 : 1[1] -> 0[0] via P2P/CUMEM
cr2-p548xlarge-7:148967:151021 [3] NCCL INFO Channel 06/0 : 3[3] -> 2[2] via P2P/CUMEM
cr2-p548xlarge-7:148966:151024 [2] NCCL INFO Channel 17/0 : 2[2] -> 1[1] via P2P/CUMEM
cr2-p548xlarge-7:148967:151021 [3] NCCL INFO Channel 07/0 : 3[3] -> 2[2] via P2P/CUMEM
cr2-p548xlarge-7:148965:151025 [1] NCCL INFO Channel 09/0 : 1[1] -> 0[0] via P2P/CUMEM
cr2-p548xlarge-7:148965:151025 [1] NCCL INFO Channel 10/0 : 1[1] -> 0[0] via P2P/CUMEM
cr2-p548xlarge-7:148965:151025 [1] NCCL INFO Channel 11/0 : 1[1] -> 0[0] via P2P/CUMEM
cr2-p548xlarge-7:148965:151025 [1] NCCL INFO Channel 12/0 : 1[1] -> 0[0] via P2P/CUMEM
cr2-p548xlarge-7:148965:151025 [1] NCCL INFO Channel 13/0 : 1[1] -> 0[0] via P2P/CUMEM
cr2-p548xlarge-7:148965:151025 [1] NCCL INFO Channel 14/0 : 1[1] -> 0[0] via P2P/CUMEM
cr2-p548xlarge-7:148965:151025 [1] NCCL INFO Channel 15/0 : 1[1] -> 0[0] via P2P/CUMEM
cr2-p548xlarge-7:148965:151025 [1] NCCL INFO Channel 16/0 : 1[1] -> 0[0] via P2P/CUMEM
cr2-p548xlarge-7:148965:151025 [1] NCCL INFO Channel 17/0 : 1[1] -> 0[0] via P2P/CUMEM
cr2-p548xlarge-7:148965:151025 [1] NCCL INFO Channel 18/0 : 1[1] -> 0[0] via P2P/CUMEM
cr2-p548xlarge-7:148966:151024 [2] NCCL INFO Channel 18/0 : 2[2] -> 1[1] via P2P/CUMEM
cr2-p548xlarge-7:148967:151021 [3] NCCL INFO Channel 08/0 : 3[3] -> 2[2] via P2P/CUMEM
cr2-p548xlarge-7:148966:151024 [2] NCCL INFO Channel 19/0 : 2[2] -> 1[1] via P2P/CUMEM
cr2-p548xlarge-7:148965:151025 [1] NCCL INFO Channel 19/0 : 1[1] -> 0[0] via P2P/CUMEM
cr2-p548xlarge-7:148965:151025 [1] NCCL INFO Channel 20/0 : 1[1] -> 0[0] via P2P/CUMEM
cr2-p548xlarge-7:148965:151025 [1] NCCL INFO Channel 21/0 : 1[1] -> 0[0] via P2P/CUMEM
cr2-p548xlarge-7:148965:151025 [1] NCCL INFO Channel 22/0 : 1[1] -> 0[0] via P2P/CUMEM
cr2-p548xlarge-7:148965:151025 [1] NCCL INFO Channel 23/0 : 1[1] -> 0[0] via P2P/CUMEM
cr2-p548xlarge-7:148966:151024 [2] NCCL INFO Channel 20/0 : 2[2] -> 1[1] via P2P/CUMEM
cr2-p548xlarge-7:148967:151021 [3] NCCL INFO Channel 09/0 : 3[3] -> 2[2] via P2P/CUMEM
cr2-p548xlarge-7:148966:151024 [2] NCCL INFO Channel 21/0 : 2[2] -> 1[1] via P2P/CUMEM
cr2-p548xlarge-7:148967:151021 [3] NCCL INFO Channel 10/0 : 3[3] -> 2[2] via P2P/CUMEM
cr2-p548xlarge-7:148967:151021 [3] NCCL INFO Channel 11/0 : 3[3] -> 2[2] via P2P/CUMEM
cr2-p548xlarge-7:148966:151024 [2] NCCL INFO Channel 22/0 : 2[2] -> 1[1] via P2P/CUMEM
cr2-p548xlarge-7:148967:151021 [3] NCCL INFO Channel 12/0 : 3[3] -> 2[2] via P2P/CUMEM
cr2-p548xlarge-7:148966:151024 [2] NCCL INFO Channel 23/0 : 2[2] -> 1[1] via P2P/CUMEM
cr2-p548xlarge-7:148967:151021 [3] NCCL INFO Channel 13/0 : 3[3] -> 2[2] via P2P/CUMEM
cr2-p548xlarge-7:148967:151021 [3] NCCL INFO Channel 14/0 : 3[3] -> 2[2] via P2P/CUMEM
cr2-p548xlarge-7:148967:151021 [3] NCCL INFO Channel 15/0 : 3[3] -> 2[2] via P2P/CUMEM
cr2-p548xlarge-7:148967:151021 [3] NCCL INFO Channel 16/0 : 3[3] -> 2[2] via P2P/CUMEM
cr2-p548xlarge-7:148967:151021 [3] NCCL INFO Channel 17/0 : 3[3] -> 2[2] via P2P/CUMEM
cr2-p548xlarge-7:148967:151021 [3] NCCL INFO Channel 18/0 : 3[3] -> 2[2] via P2P/CUMEM
cr2-p548xlarge-7:148967:151021 [3] NCCL INFO Channel 19/0 : 3[3] -> 2[2] via P2P/CUMEM
cr2-p548xlarge-7:148964:151018 [0] NCCL INFO Connected all trees
cr2-p548xlarge-7:148964:151018 [0] NCCL INFO NCCL_NVLS_CHUNKSIZE set by environment to 524288.
cr2-p548xlarge-7:148964:151018 [0] NCCL INFO NVLS comm 0x55ed2de74c40 headRank 0 nHeads 8 buffSize 4194304 memSize 2097152 nvlsPerRankSize 301989888 nvlsTotalSize 2415919104
cr2-p548xlarge-7:148967:151021 [3] NCCL INFO Channel 20/0 : 3[3] -> 2[2] via P2P/CUMEM
cr2-p548xlarge-7:148967:151021 [3] NCCL INFO Channel 21/0 : 3[3] -> 2[2] via P2P/CUMEM
cr2-p548xlarge-7:148967:151021 [3] NCCL INFO Channel 22/0 : 3[3] -> 2[2] via P2P/CUMEM
cr2-p548xlarge-7:148967:151021 [3] NCCL INFO Channel 23/0 : 3[3] -> 2[2] via P2P/CUMEM
cr2-p548xlarge-7:148969:151022 [5] NCCL INFO Connected all trees
cr2-p548xlarge-7:148969:151022 [5] NCCL INFO NCCL_NVLS_CHUNKSIZE set by environment to 524288.
cr2-p548xlarge-7:148969:151022 [5] NCCL INFO NVLS comm 0x55aa8e36c020 headRank 5 nHeads 8 buffSize 4194304 memSize 2097152 nvlsPerRankSize 301989888 nvlsTotalSize 2415919104
cr2-p548xlarge-7:148968:151020 [4] NCCL INFO Connected all trees
cr2-p548xlarge-7:148968:151020 [4] NCCL INFO NCCL_NVLS_CHUNKSIZE set by environment to 524288.
cr2-p548xlarge-7:148968:151020 [4] NCCL INFO NVLS comm 0x56483444d0e0 headRank 4 nHeads 8 buffSize 4194304 memSize 2097152 nvlsPerRankSize 301989888 nvlsTotalSize 2415919104
cr2-p548xlarge-7:148965:151025 [1] NCCL INFO Connected all trees
cr2-p548xlarge-7:148966:151024 [2] NCCL INFO Connected all trees
cr2-p548xlarge-7:148967:151021 [3] NCCL INFO Connected all trees
cr2-p548xlarge-7:148966:151024 [2] NCCL INFO NCCL_NVLS_CHUNKSIZE set by environment to 524288.
cr2-p548xlarge-7:148966:151024 [2] NCCL INFO NVLS comm 0x55db6fcd24b0 headRank 2 nHeads 8 buffSize 4194304 memSize 2097152 nvlsPerRankSize 301989888 nvlsTotalSize 2415919104
cr2-p548xlarge-7:148965:151025 [1] NCCL INFO NCCL_NVLS_CHUNKSIZE set by environment to 524288.
cr2-p548xlarge-7:148965:151025 [1] NCCL INFO NVLS comm 0x5648c9301d50 headRank 1 nHeads 8 buffSize 4194304 memSize 2097152 nvlsPerRankSize 301989888 nvlsTotalSize 2415919104
cr2-p548xlarge-7:148967:151021 [3] NCCL INFO NCCL_NVLS_CHUNKSIZE set by environment to 524288.
cr2-p548xlarge-7:148967:151021 [3] NCCL INFO NVLS comm 0x5604cc9820d0 headRank 3 nHeads 8 buffSize 4194304 memSize 2097152 nvlsPerRankSize 301989888 nvlsTotalSize 2415919104
cr2-p548xlarge-7:148967:151021 [3] NCCL INFO NCCL_PROTO set by environment to simple
cr2-p548xlarge-7:148967:151021 [3] NCCL INFO NCCL_ALGO set by environment to tree
cr2-p548xlarge-7:148967:151021 [3] NCCL INFO threadThresholds 8/8/64 | 64/8/64 | 512 | 512
cr2-p548xlarge-7:148967:151021 [3] NCCL INFO 24 coll channels, 24 collnet channels, 16 nvls channels, 32 p2p channels, 32 p2p channels per peer
cr2-p548xlarge-7:148968:151020 [4] NCCL INFO NCCL_PROTO set by environment to simple
cr2-p548xlarge-7:148968:151020 [4] NCCL INFO NCCL_ALGO set by environment to tree
cr2-p548xlarge-7:148966:151024 [2] NCCL INFO NCCL_PROTO set by environment to simple
cr2-p548xlarge-7:148968:151020 [4] NCCL INFO threadThresholds 8/8/64 | 64/8/64 | 512 | 512
cr2-p548xlarge-7:148968:151020 [4] NCCL INFO 24 coll channels, 24 collnet channels, 16 nvls channels, 32 p2p channels, 32 p2p channels per peer
cr2-p548xlarge-7:148966:151024 [2] NCCL INFO NCCL_ALGO set by environment to tree
cr2-p548xlarge-7:148966:151024 [2] NCCL INFO threadThresholds 8/8/64 | 64/8/64 | 512 | 512
cr2-p548xlarge-7:148966:151024 [2] NCCL INFO 24 coll channels, 24 collnet channels, 16 nvls channels, 32 p2p channels, 32 p2p channels per peer
cr2-p548xlarge-7:148969:151022 [5] NCCL INFO NCCL_PROTO set by environment to simple
cr2-p548xlarge-7:148969:151022 [5] NCCL INFO NCCL_ALGO set by environment to tree
cr2-p548xlarge-7:148969:151022 [5] NCCL INFO threadThresholds 8/8/64 | 64/8/64 | 512 | 512
cr2-p548xlarge-7:148965:151025 [1] NCCL INFO NCCL_PROTO set by environment to simple
cr2-p548xlarge-7:148969:151022 [5] NCCL INFO 24 coll channels, 24 collnet channels, 16 nvls channels, 32 p2p channels, 32 p2p channels per peer
cr2-p548xlarge-7:148965:151025 [1] NCCL INFO NCCL_ALGO set by environment to tree
cr2-p548xlarge-7:148970:151019 [6] NCCL INFO NCCL_PROTO set by environment to simple
cr2-p548xlarge-7:148965:151025 [1] NCCL INFO threadThresholds 8/8/64 | 64/8/64 | 512 | 512
cr2-p548xlarge-7:148964:151018 [0] NCCL INFO NCCL_PROTO set by environment to simple
cr2-p548xlarge-7:148971:151023 [7] NCCL INFO NCCL_PROTO set by environment to simple
cr2-p548xlarge-7:148964:151018 [0] NCCL INFO NCCL_ALGO set by environment to tree
cr2-p548xlarge-7:148970:151019 [6] NCCL INFO NCCL_ALGO set by environment to tree
cr2-p548xlarge-7:148971:151023 [7] NCCL INFO NCCL_ALGO set by environment to tree
cr2-p548xlarge-7:148970:151019 [6] NCCL INFO threadThresholds 8/8/64 | 64/8/64 | 512 | 512
cr2-p548xlarge-7:148971:151023 [7] NCCL INFO threadThresholds 8/8/64 | 64/8/64 | 512 | 512
cr2-p548xlarge-7:148970:151019 [6] NCCL INFO 24 coll channels, 24 collnet channels, 16 nvls channels, 32 p2p channels, 32 p2p channels per peer
cr2-p548xlarge-7:148971:151023 [7] NCCL INFO 24 coll channels, 24 collnet channels, 16 nvls channels, 32 p2p channels, 32 p2p channels per peer
cr2-p548xlarge-7:148964:151018 [0] NCCL INFO threadThresholds 8/8/64 | 64/8/64 | 512 | 512
cr2-p548xlarge-7:148964:151018 [0] NCCL INFO 24 coll channels, 24 collnet channels, 16 nvls channels, 32 p2p channels, 32 p2p channels per peer
cr2-p548xlarge-7:148965:151025 [1] NCCL INFO 24 coll channels, 24 collnet channels, 16 nvls channels, 32 p2p channels, 32 p2p channels per peer
cr2-p548xlarge-7:148969:151022 [5] NCCL INFO TUNER/Plugin: Failed to find ncclTunerPlugin_v2, using internal tuner instead.
cr2-p548xlarge-7:148968:151020 [4] NCCL INFO TUNER/Plugin: Failed to find ncclTunerPlugin_v2, using internal tuner instead.
cr2-p548xlarge-7:148970:151019 [6] NCCL INFO TUNER/Plugin: Failed to find ncclTunerPlugin_v2, using internal tuner instead.
cr2-p548xlarge-7:148971:151023 [7] NCCL INFO TUNER/Plugin: Failed to find ncclTunerPlugin_v2, using internal tuner instead.
cr2-p548xlarge-7:148969:151022 [5] NCCL INFO ncclCommInitRank comm 0x55aa8e36c020 rank 5 nranks 8 cudaDev 5 nvmlDev 5 busId a8000 commId 0x5f63c9a5376da508 - Init COMPLETE
cr2-p548xlarge-7:148968:151020 [4] NCCL INFO ncclCommInitRank comm 0x56483444d0e0 rank 4 nranks 8 cudaDev 4 nvmlDev 4 busId 97000 commId 0x5f63c9a5376da508 - Init COMPLETE
cr2-p548xlarge-7:148970:151019 [6] NCCL INFO ncclCommInitRank comm 0x55d09ce54c70 rank 6 nranks 8 cudaDev 6 nvmlDev 6 busId b9000 commId 0x5f63c9a5376da508 - Init COMPLETE
cr2-p548xlarge-7:148967:151021 [3] NCCL INFO TUNER/Plugin: Failed to find ncclTunerPlugin_v2, using internal tuner instead.
cr2-p548xlarge-7:148971:151023 [7] NCCL INFO ncclCommInitRank comm 0x55cc63957060 rank 7 nranks 8 cudaDev 7 nvmlDev 7 busId ca000 commId 0x5f63c9a5376da508 - Init COMPLETE
cr2-p548xlarge-7:148967:151021 [3] NCCL INFO ncclCommInitRank comm 0x5604cc9820d0 rank 3 nranks 8 cudaDev 3 nvmlDev 3 busId 86000 commId 0x5f63c9a5376da508 - Init COMPLETE
cr2-p548xlarge-7:148966:151024 [2] NCCL INFO TUNER/Plugin: Failed to find ncclTunerPlugin_v2, using internal tuner instead.
cr2-p548xlarge-7:148966:151024 [2] NCCL INFO ncclCommInitRank comm 0x55db6fcd24b0 rank 2 nranks 8 cudaDev 2 nvmlDev 2 busId 75000 commId 0x5f63c9a5376da508 - Init COMPLETE
cr2-p548xlarge-7:148964:151018 [0] NCCL INFO TUNER/Plugin: Failed to find ncclTunerPlugin_v2, using internal tuner instead.
cr2-p548xlarge-7:148964:151018 [0] NCCL INFO ncclCommInitRank comm 0x55ed2de74c40 rank 0 nranks 8 cudaDev 0 nvmlDev 0 busId 53000 commId 0x5f63c9a5376da508 - Init COMPLETE
cr2-p548xlarge-7:148965:151025 [1] NCCL INFO TUNER/Plugin: Failed to find ncclTunerPlugin_v2, using internal tuner instead.
cr2-p548xlarge-7:148965:151025 [1] NCCL INFO ncclCommInitRank comm 0x5648c9301d50 rank 1 nranks 8 cudaDev 1 nvmlDev 1 busId 64000 commId 0x5f63c9a5376da508 - Init COMPLETE
[2024-08-13 15:45:47,356] [INFO] [partition_parameters.py:345:__exit__] finished initializing model - num_params = 363, num_elems = 13.02B
Loading checkpoint shards:   0%|          | 0/3 [00:00<?, ?it/s]Loading checkpoint shards:   0%|          | 0/3 [00:00<?, ?it/s]Loading checkpoint shards:   0%|          | 0/3 [00:00<?, ?it/s]Loading checkpoint shards:   0%|          | 0/3 [00:00<?, ?it/s]Loading checkpoint shards:   0%|          | 0/3 [00:00<?, ?it/s]Loading checkpoint shards:   0%|          | 0/3 [00:00<?, ?it/s]Loading checkpoint shards:   0%|          | 0/3 [00:00<?, ?it/s]Loading checkpoint shards:   0%|          | 0/3 [00:00<?, ?it/s]Loading checkpoint shards:  33%|â–ˆâ–ˆâ–ˆâ–Ž      | 1/3 [00:11<00:22, 11.45s/it]Loading checkpoint shards:  33%|â–ˆâ–ˆâ–ˆâ–Ž      | 1/3 [00:11<00:22, 11.45s/it]Loading checkpoint shards:  33%|â–ˆâ–ˆâ–ˆâ–Ž      | 1/3 [00:11<00:22, 11.46s/it]Loading checkpoint shards:  33%|â–ˆâ–ˆâ–ˆâ–Ž      | 1/3 [00:11<00:22, 11.46s/it]Loading checkpoint shards:  33%|â–ˆâ–ˆâ–ˆâ–Ž      | 1/3 [00:11<00:22, 11.46s/it]Loading checkpoint shards:  33%|â–ˆâ–ˆâ–ˆâ–Ž      | 1/3 [00:11<00:22, 11.46s/it]Loading checkpoint shards:  33%|â–ˆâ–ˆâ–ˆâ–Ž      | 1/3 [00:11<00:23, 11.62s/it]Loading checkpoint shards:  33%|â–ˆâ–ˆâ–ˆâ–Ž      | 1/3 [00:39<01:18, 39.27s/it]Loading checkpoint shards:  67%|â–ˆâ–ˆâ–ˆâ–ˆâ–ˆâ–ˆâ–‹   | 2/3 [00:48<00:26, 26.55s/it]Loading checkpoint shards:  67%|â–ˆâ–ˆâ–ˆâ–ˆâ–ˆâ–ˆâ–‹   | 2/3 [00:48<00:26, 26.55s/it]Loading checkpoint shards:  67%|â–ˆâ–ˆâ–ˆâ–ˆâ–ˆâ–ˆâ–‹   | 2/3 [00:48<00:26, 26.55s/it]Loading checkpoint shards:  67%|â–ˆâ–ˆâ–ˆâ–ˆâ–ˆâ–ˆâ–‹   | 2/3 [00:48<00:26, 26.55s/it]Loading checkpoint shards:  67%|â–ˆâ–ˆâ–ˆâ–ˆâ–ˆâ–ˆâ–‹   | 2/3 [00:48<00:26, 26.58s/it]Loading checkpoint shards:  67%|â–ˆâ–ˆâ–ˆâ–ˆâ–ˆâ–ˆâ–‹   | 2/3 [00:48<00:26, 26.57s/it]Loading checkpoint shards:  67%|â–ˆâ–ˆâ–ˆâ–ˆâ–ˆâ–ˆâ–‹   | 2/3 [00:48<00:26, 26.64s/it]Loading checkpoint shards: 100%|â–ˆâ–ˆâ–ˆâ–ˆâ–ˆâ–ˆâ–ˆâ–ˆâ–ˆâ–ˆ| 3/3 [01:11<00:00, 24.68s/it]Loading checkpoint shards: 100%|â–ˆâ–ˆâ–ˆâ–ˆâ–ˆâ–ˆâ–ˆâ–ˆâ–ˆâ–ˆ| 3/3 [01:11<00:00, 24.69s/it]Loading checkpoint shards: 100%|â–ˆâ–ˆâ–ˆâ–ˆâ–ˆâ–ˆâ–ˆâ–ˆâ–ˆâ–ˆ| 3/3 [01:11<00:00, 23.68s/it]
Loading checkpoint shards: 100%|â–ˆâ–ˆâ–ˆâ–ˆâ–ˆâ–ˆâ–ˆâ–ˆâ–ˆâ–ˆ| 3/3 [01:11<00:00, 23.68s/it]
Loading checkpoint shards: 100%|â–ˆâ–ˆâ–ˆâ–ˆâ–ˆâ–ˆâ–ˆâ–ˆâ–ˆâ–ˆ| 3/3 [01:11<00:00, 24.70s/it]Loading checkpoint shards: 100%|â–ˆâ–ˆâ–ˆâ–ˆâ–ˆâ–ˆâ–ˆâ–ˆâ–ˆâ–ˆ| 3/3 [01:11<00:00, 23.69s/it]
Loading checkpoint shards: 100%|â–ˆâ–ˆâ–ˆâ–ˆâ–ˆâ–ˆâ–ˆâ–ˆâ–ˆâ–ˆ| 3/3 [01:11<00:00, 24.67s/it]Loading checkpoint shards: 100%|â–ˆâ–ˆâ–ˆâ–ˆâ–ˆâ–ˆâ–ˆâ–ˆâ–ˆâ–ˆ| 3/3 [01:11<00:00, 23.70s/it]
Loading checkpoint shards: 100%|â–ˆâ–ˆâ–ˆâ–ˆâ–ˆâ–ˆâ–ˆâ–ˆâ–ˆâ–ˆ| 3/3 [01:11<00:00, 24.71s/it]Loading checkpoint shards: 100%|â–ˆâ–ˆâ–ˆâ–ˆâ–ˆâ–ˆâ–ˆâ–ˆâ–ˆâ–ˆ| 3/3 [01:11<00:00, 23.70s/it]
Loading checkpoint shards: 100%|â–ˆâ–ˆâ–ˆâ–ˆâ–ˆâ–ˆâ–ˆâ–ˆâ–ˆâ–ˆ| 3/3 [01:11<00:00, 24.72s/it]Loading checkpoint shards: 100%|â–ˆâ–ˆâ–ˆâ–ˆâ–ˆâ–ˆâ–ˆâ–ˆâ–ˆâ–ˆ| 3/3 [01:11<00:00, 23.70s/it]
enable_input_require_grads!enable_input_require_grads!

enable_input_require_grads!
enable_input_require_grads!
Loading checkpoint shards: 100%|â–ˆâ–ˆâ–ˆâ–ˆâ–ˆâ–ˆâ–ˆâ–ˆâ–ˆâ–ˆ| 3/3 [01:11<00:00, 24.73s/it]Loading checkpoint shards: 100%|â–ˆâ–ˆâ–ˆâ–ˆâ–ˆâ–ˆâ–ˆâ–ˆâ–ˆâ–ˆ| 3/3 [01:11<00:00, 23.72s/it]
enable_input_require_grads!
enable_input_require_grads!
enable_input_require_grads!
Loading checkpoint shards:  67%|â–ˆâ–ˆâ–ˆâ–ˆâ–ˆâ–ˆâ–‹   | 2/3 [01:15<00:37, 37.65s/it]Loading checkpoint shards: 100%|â–ˆâ–ˆâ–ˆâ–ˆâ–ˆâ–ˆâ–ˆâ–ˆâ–ˆâ–ˆ| 3/3 [01:42<00:00, 32.48s/it]Loading checkpoint shards: 100%|â–ˆâ–ˆâ–ˆâ–ˆâ–ˆâ–ˆâ–ˆâ–ˆâ–ˆâ–ˆ| 3/3 [01:42<00:00, 34.03s/it]
enable_input_require_grads!
trainable params: 13,107,200 || all params: 13,028,971,520 || trainable%: 0.1006
Finetune with LORA setting:  None
trainable params: 13,107,200 || all params: 13,028,971,520 || trainable%: 0.1006
Finetune with LORA setting:  None
trainable params: 13,107,200 || all params: 13,028,971,520 || trainable%: 0.1006
Finetune with LORA setting:  None
trainable params: 13,107,200 || all params: 13,028,971,520 || trainable%: 0.1006
Finetune with LORA setting:  None
trainable params: 13,107,200 || all params: 13,028,971,520 || trainable%: 0.1006
Finetune with LORA setting:  None
trainable params: 13,107,200 || all params: 13,028,971,520 || trainable%: 0.1006
Finetune with LORA setting:  None
trainable params: 13,107,200 || all params: 13,028,971,520 || trainable%: 0.1006
Finetune with LORA setting:  None
trainable params: 13,107,200 || all params: 13,028,971,520 || trainable%: 0.1006
Finetune with LORA setting:  None
WARNING:root:Loading data...
WARNING:root:Loading data...
WARNING:root:Loading data...
WARNING:root:Loading data...
WARNING:root:Loading data...
WARNING:root:Loading data...
WARNING:root:Loading data...
WARNING:root:Loading data...
WARNING:root:Formatting inputs...
WARNING:root:Formatting inputs...
WARNING:root:Formatting inputs...
WARNING:root:Formatting inputs...
WARNING:root:Formatting inputs...
WARNING:root:Formatting inputs...
WARNING:root:Formatting inputs...
WARNING:root:Formatting inputs...
WARNING:root:Tokenizing inputs... This may take some time...
WARNING:root:Tokenizing inputs... This may take some time...
WARNING:root:Tokenizing inputs... This may take some time...
WARNING:root:Tokenizing inputs... This may take some time...
WARNING:root:Tokenizing inputs... This may take some time...
WARNING:root:Tokenizing inputs... This may take some time...
WARNING:root:Tokenizing inputs... This may take some time...
WARNING:root:Tokenizing inputs... This may take some time...
[rank5]:[W Utils.hpp:135] Warning: Environment variable NCCL_ASYNC_ERROR_HANDLING is deprecated; use TORCH_NCCL_ASYNC_ERROR_HANDLING instead (function getCvarInt)
Using /opt/hpcaas/.mounts/fs-0301404b74c8d22fd/home/yunyun/.cache/torch_extensions/py311_cu121 as PyTorch extensions root...
[rank4]:[W Utils.hpp:135] Warning: Environment variable NCCL_ASYNC_ERROR_HANDLING is deprecated; use TORCH_NCCL_ASYNC_ERROR_HANDLING instead (function getCvarInt)
Using /opt/hpcaas/.mounts/fs-0301404b74c8d22fd/home/yunyun/.cache/torch_extensions/py311_cu121 as PyTorch extensions root...
[rank0]:[W Utils.hpp:135] Warning: Environment variable NCCL_ASYNC_ERROR_HANDLING is deprecated; use TORCH_NCCL_ASYNC_ERROR_HANDLING instead (function getCvarInt)
Using /opt/hpcaas/.mounts/fs-0301404b74c8d22fd/home/yunyun/.cache/torch_extensions/py311_cu121 as PyTorch extensions root...
Detected CUDA files, patching ldflags
Emitting ninja build file /opt/hpcaas/.mounts/fs-0301404b74c8d22fd/home/yunyun/.cache/torch_extensions/py311_cu121/fused_adam/build.ninja...
/data/home/yunyun/miniconda3/envs/newtorch2/lib/python3.11/site-packages/torch/utils/cpp_extension.py:1967: UserWarning: TORCH_CUDA_ARCH_LIST is not set, all archs for visible cards are included for compilation. 
If this is not desired, please set os.environ['TORCH_CUDA_ARCH_LIST'].
  warnings.warn(
[rank7]:[W Utils.hpp:135] Warning: Environment variable NCCL_ASYNC_ERROR_HANDLING is deprecated; use TORCH_NCCL_ASYNC_ERROR_HANDLING instead (function getCvarInt)
Building extension module fused_adam...
Allowing ninja to set a default number of workers... (overridable by setting the environment variable MAX_JOBS=N)
Using /opt/hpcaas/.mounts/fs-0301404b74c8d22fd/home/yunyun/.cache/torch_extensions/py311_cu121 as PyTorch extensions root...
[rank2]:[W Utils.hpp:135] Warning: Environment variable NCCL_ASYNC_ERROR_HANDLING is deprecated; use TORCH_NCCL_ASYNC_ERROR_HANDLING instead (function getCvarInt)
Using /opt/hpcaas/.mounts/fs-0301404b74c8d22fd/home/yunyun/.cache/torch_extensions/py311_cu121 as PyTorch extensions root...
[rank6]:[W Utils.hpp:135] Warning: Environment variable NCCL_ASYNC_ERROR_HANDLING is deprecated; use TORCH_NCCL_ASYNC_ERROR_HANDLING instead (function getCvarInt)
Using /opt/hpcaas/.mounts/fs-0301404b74c8d22fd/home/yunyun/.cache/torch_extensions/py311_cu121 as PyTorch extensions root...
[rank3]:[W Utils.hpp:135] Warning: Environment variable NCCL_ASYNC_ERROR_HANDLING is deprecated; use TORCH_NCCL_ASYNC_ERROR_HANDLING instead (function getCvarInt)
Using /opt/hpcaas/.mounts/fs-0301404b74c8d22fd/home/yunyun/.cache/torch_extensions/py311_cu121 as PyTorch extensions root...
[rank1]:[W Utils.hpp:135] Warning: Environment variable NCCL_ASYNC_ERROR_HANDLING is deprecated; use TORCH_NCCL_ASYNC_ERROR_HANDLING instead (function getCvarInt)
Using /opt/hpcaas/.mounts/fs-0301404b74c8d22fd/home/yunyun/.cache/torch_extensions/py311_cu121 as PyTorch extensions root...
[1/3] /usr/local/cuda-12.1/bin/nvcc --generate-dependencies-with-compile --dependency-output multi_tensor_adam.cuda.o.d -DTORCH_EXTENSION_NAME=fused_adam -DTORCH_API_INCLUDE_EXTENSION_H -DPYBIND11_COMPILER_TYPE=\"_gcc\" -DPYBIND11_STDLIB=\"_libstdcpp\" -DPYBIND11_BUILD_ABI=\"_cxxabi1011\" -I/data/home/yunyun/miniconda3/envs/newtorch2/lib/python3.11/site-packages/deepspeed/ops/csrc/includes -I/data/home/yunyun/miniconda3/envs/newtorch2/lib/python3.11/site-packages/deepspeed/ops/csrc/adam -isystem /data/home/yunyun/miniconda3/envs/newtorch2/lib/python3.11/site-packages/torch/include -isystem /data/home/yunyun/miniconda3/envs/newtorch2/lib/python3.11/site-packages/torch/include/torch/csrc/api/include -isystem /data/home/yunyun/miniconda3/envs/newtorch2/lib/python3.11/site-packages/torch/include/TH -isystem /data/home/yunyun/miniconda3/envs/newtorch2/lib/python3.11/site-packages/torch/include/THC -isystem /usr/local/cuda-12.1/include -isystem /data/home/yunyun/miniconda3/envs/newtorch2/include/python3.11 -D_GLIBCXX_USE_CXX11_ABI=0 -D__CUDA_NO_HALF_OPERATORS__ -D__CUDA_NO_HALF_CONVERSIONS__ -D__CUDA_NO_BFLOAT16_CONVERSIONS__ -D__CUDA_NO_HALF2_OPERATORS__ --expt-relaxed-constexpr -gencode=arch=compute_90,code=compute_90 -gencode=arch=compute_90,code=sm_90 --compiler-options '-fPIC' -O3 -DVERSION_GE_1_1 -DVERSION_GE_1_3 -DVERSION_GE_1_5 -lineinfo --use_fast_math -gencode=arch=compute_90,code=sm_90 -gencode=arch=compute_90,code=compute_90 -DBF16_AVAILABLE -U__CUDA_NO_BFLOAT16_OPERATORS__ -U__CUDA_NO_BFLOAT162_OPERATORS__ -U__CUDA_NO_BFLOAT16_CONVERSIONS__ -std=c++17 -c /data/home/yunyun/miniconda3/envs/newtorch2/lib/python3.11/site-packages/deepspeed/ops/csrc/adam/multi_tensor_adam.cu -o multi_tensor_adam.cuda.o 
[2/3] c++ -MMD -MF fused_adam_frontend.o.d -DTORCH_EXTENSION_NAME=fused_adam -DTORCH_API_INCLUDE_EXTENSION_H -DPYBIND11_COMPILER_TYPE=\"_gcc\" -DPYBIND11_STDLIB=\"_libstdcpp\" -DPYBIND11_BUILD_ABI=\"_cxxabi1011\" -I/data/home/yunyun/miniconda3/envs/newtorch2/lib/python3.11/site-packages/deepspeed/ops/csrc/includes -I/data/home/yunyun/miniconda3/envs/newtorch2/lib/python3.11/site-packages/deepspeed/ops/csrc/adam -isystem /data/home/yunyun/miniconda3/envs/newtorch2/lib/python3.11/site-packages/torch/include -isystem /data/home/yunyun/miniconda3/envs/newtorch2/lib/python3.11/site-packages/torch/include/torch/csrc/api/include -isystem /data/home/yunyun/miniconda3/envs/newtorch2/lib/python3.11/site-packages/torch/include/TH -isystem /data/home/yunyun/miniconda3/envs/newtorch2/lib/python3.11/site-packages/torch/include/THC -isystem /usr/local/cuda-12.1/include -isystem /data/home/yunyun/miniconda3/envs/newtorch2/include/python3.11 -D_GLIBCXX_USE_CXX11_ABI=0 -fPIC -std=c++17 -O3 -std=c++17 -g -Wno-reorder -DVERSION_GE_1_1 -DVERSION_GE_1_3 -DVERSION_GE_1_5 -DBF16_AVAILABLE -c /data/home/yunyun/miniconda3/envs/newtorch2/lib/python3.11/site-packages/deepspeed/ops/csrc/adam/fused_adam_frontend.cpp -o fused_adam_frontend.o 
[3/3] c++ fused_adam_frontend.o multi_tensor_adam.cuda.o -shared -L/data/home/yunyun/miniconda3/envs/newtorch2/lib/python3.11/site-packages/torch/lib -lc10 -lc10_cuda -ltorch_cpu -ltorch_cuda -ltorch -ltorch_python -L/usr/local/cuda-12.1/lib64 -lcudart -o fused_adam.so
Loading extension module fused_adam...
Loading extension module fused_adam...Loading extension module fused_adam...

Loading extension module fused_adam...
Loading extension module fused_adam...
Loading extension module fused_adam...
Loading extension module fused_adam...
Loading extension module fused_adam...
Time to load fused_adam op: 35.13462495803833 seconds
Time to load fused_adam op: 34.93560004234314 secondsTime to load fused_adam op: 33.36428499221802 seconds
Time to load fused_adam op: 33.622575998306274 seconds
Time to load fused_adam op: 34.90515995025635 secondsTime to load fused_adam op: 34.9615957736969 seconds


Time to load fused_adam op: 27.636842489242554 secondsTime to load fused_adam op: 28.05227041244507 seconds

Parameter Offload: Total persistent parameters: 13521920 in 241 params
  0%|          | 0/564 [00:00<?, ?it/s]/data/home/yunyun/miniconda3/envs/newtorch2/lib/python3.11/site-packages/torch/utils/checkpoint.py:464: UserWarning: torch.utils.checkpoint: the use_reentrant parameter should be passed explicitly. In version 2.4 we will raise an exception if use_reentrant is not passed. use_reentrant=False is recommended, but if you need to preserve the current default behavior, you can pass use_reentrant=True. Refer to docs for more details on the differences between the two variants.
  warnings.warn(
/data/home/yunyun/miniconda3/envs/newtorch2/lib/python3.11/site-packages/torch/utils/checkpoint.py:464: UserWarning: torch.utils.checkpoint: the use_reentrant parameter should be passed explicitly. In version 2.4 we will raise an exception if use_reentrant is not passed. use_reentrant=False is recommended, but if you need to preserve the current default behavior, you can pass use_reentrant=True. Refer to docs for more details on the differences between the two variants.
  warnings.warn(
/data/home/yunyun/miniconda3/envs/newtorch2/lib/python3.11/site-packages/torch/utils/checkpoint.py:464: UserWarning: torch.utils.checkpoint: the use_reentrant parameter should be passed explicitly. In version 2.4 we will raise an exception if use_reentrant is not passed. use_reentrant=False is recommended, but if you need to preserve the current default behavior, you can pass use_reentrant=True. Refer to docs for more details on the differences between the two variants.
  warnings.warn(
/data/home/yunyun/miniconda3/envs/newtorch2/lib/python3.11/site-packages/torch/utils/checkpoint.py:464: UserWarning: torch.utils.checkpoint: the use_reentrant parameter should be passed explicitly. In version 2.4 we will raise an exception if use_reentrant is not passed. use_reentrant=False is recommended, but if you need to preserve the current default behavior, you can pass use_reentrant=True. Refer to docs for more details on the differences between the two variants.
  warnings.warn(
/data/home/yunyun/miniconda3/envs/newtorch2/lib/python3.11/site-packages/torch/utils/checkpoint.py:464: UserWarning: torch.utils.checkpoint: the use_reentrant parameter should be passed explicitly. In version 2.4 we will raise an exception if use_reentrant is not passed. use_reentrant=False is recommended, but if you need to preserve the current default behavior, you can pass use_reentrant=True. Refer to docs for more details on the differences between the two variants.
  warnings.warn(
/data/home/yunyun/miniconda3/envs/newtorch2/lib/python3.11/site-packages/torch/utils/checkpoint.py:464: UserWarning: torch.utils.checkpoint: the use_reentrant parameter should be passed explicitly. In version 2.4 we will raise an exception if use_reentrant is not passed. use_reentrant=False is recommended, but if you need to preserve the current default behavior, you can pass use_reentrant=True. Refer to docs for more details on the differences between the two variants.
  warnings.warn(
/data/home/yunyun/miniconda3/envs/newtorch2/lib/python3.11/site-packages/torch/utils/checkpoint.py:464: UserWarning: torch.utils.checkpoint: the use_reentrant parameter should be passed explicitly. In version 2.4 we will raise an exception if use_reentrant is not passed. use_reentrant=False is recommended, but if you need to preserve the current default behavior, you can pass use_reentrant=True. Refer to docs for more details on the differences between the two variants.
  warnings.warn(
/data/home/yunyun/miniconda3/envs/newtorch2/lib/python3.11/site-packages/torch/utils/checkpoint.py:464: UserWarning: torch.utils.checkpoint: the use_reentrant parameter should be passed explicitly. In version 2.4 we will raise an exception if use_reentrant is not passed. use_reentrant=False is recommended, but if you need to preserve the current default behavior, you can pass use_reentrant=True. Refer to docs for more details on the differences between the two variants.
  warnings.warn(
cr2-p548xlarge-7:148964:156576 [0] NCCL INFO NET/OFI Libfabric provider associates MRs with domains
cr2-p548xlarge-7:148969:156578 [5] NCCL INFO NET/OFI Libfabric provider associates MRs with domains
cr2-p548xlarge-7:148966:156577 [2] NCCL INFO NET/OFI Libfabric provider associates MRs with domains
cr2-p548xlarge-7:148967:156583 [3] NCCL INFO NET/OFI Libfabric provider associates MRs with domains
cr2-p548xlarge-7:148970:156580 [6] NCCL INFO NET/OFI Libfabric provider associates MRs with domains
cr2-p548xlarge-7:148965:156582 [1] NCCL INFO NET/OFI Libfabric provider associates MRs with domains
cr2-p548xlarge-7:148971:156579 [7] NCCL INFO NET/OFI Libfabric provider associates MRs with domains
cr2-p548xlarge-7:148968:156581 [4] NCCL INFO NET/OFI Libfabric provider associates MRs with domains
cr2-p548xlarge-7:148964:156576 [0] NCCL INFO Using non-device net plugin version 0
cr2-p548xlarge-7:148966:156577 [2] NCCL INFO Using non-device net plugin version 0
cr2-p548xlarge-7:148969:156578 [5] NCCL INFO Using non-device net plugin version 0
cr2-p548xlarge-7:148970:156580 [6] NCCL INFO Using non-device net plugin version 0
cr2-p548xlarge-7:148965:156582 [1] NCCL INFO Using non-device net plugin version 0
cr2-p548xlarge-7:148967:156583 [3] NCCL INFO Using non-device net plugin version 0
cr2-p548xlarge-7:148964:156576 [0] NCCL INFO Using network AWS Libfabric
cr2-p548xlarge-7:148966:156577 [2] NCCL INFO Using network AWS Libfabric
cr2-p548xlarge-7:148969:156578 [5] NCCL INFO Using network AWS Libfabric
cr2-p548xlarge-7:148971:156579 [7] NCCL INFO Using non-device net plugin version 0
cr2-p548xlarge-7:148965:156582 [1] NCCL INFO Using network AWS Libfabric
cr2-p548xlarge-7:148969:156578 [5] NCCL INFO DMA-BUF is available on GPU device 5
cr2-p548xlarge-7:148970:156580 [6] NCCL INFO Using network AWS Libfabric
cr2-p548xlarge-7:148968:156581 [4] NCCL INFO Using non-device net plugin version 0
cr2-p548xlarge-7:148968:156581 [4] NCCL INFO Using network AWS Libfabric
cr2-p548xlarge-7:148967:156583 [3] NCCL INFO Using network AWS Libfabric
cr2-p548xlarge-7:148965:156582 [1] NCCL INFO DMA-BUF is available on GPU device 1
cr2-p548xlarge-7:148971:156579 [7] NCCL INFO Using network AWS Libfabric
cr2-p548xlarge-7:148970:156580 [6] NCCL INFO DMA-BUF is available on GPU device 6
cr2-p548xlarge-7:148966:156577 [2] NCCL INFO DMA-BUF is available on GPU device 2
cr2-p548xlarge-7:148968:156581 [4] NCCL INFO DMA-BUF is available on GPU device 4
cr2-p548xlarge-7:148964:156576 [0] NCCL INFO DMA-BUF is available on GPU device 0
cr2-p548xlarge-7:148971:156579 [7] NCCL INFO DMA-BUF is available on GPU device 7
cr2-p548xlarge-7:148967:156583 [3] NCCL INFO DMA-BUF is available on GPU device 3
cr2-p548xlarge-7:148964:156576 [0] NCCL INFO bootstrapSplit: comm 0x55ed4793d600 parent 0x55ed2de74c40 rank 0 nranks 8 color -934961569 key 0 prev 7 next 1 - DONE
cr2-p548xlarge-7:148966:156577 [2] NCCL INFO bootstrapSplit: comm 0x55db897c2f80 parent 0x55db6fcd24b0 rank 2 nranks 8 color -934961569 key 2 prev 1 next 3 - DONE
cr2-p548xlarge-7:148965:156582 [1] NCCL INFO bootstrapSplit: comm 0x5648e2dd7c40 parent 0x5648c9301d50 rank 1 nranks 8 color -934961569 key 1 prev 0 next 2 - DONE
cr2-p548xlarge-7:148964:156576 [0] NCCL INFO ncclCommSplit comm 0x55ed4793d600 rank 0 nranks 8 cudaDev 0 nvmlDev 0 busId 53000 parent 0x55ed2de74c40 color -934961569 key 0 commId 0x541c14f878044e5d - Init START
cr2-p548xlarge-7:148971:156579 [7] NCCL INFO bootstrapSplit: comm 0x55cc7d476350 parent 0x55cc63957060 rank 7 nranks 8 color -934961569 key 7 prev 6 next 0 - DONE
cr2-p548xlarge-7:148966:156577 [2] NCCL INFO ncclCommSplit comm 0x55db897c2f80 rank 2 nranks 8 cudaDev 2 nvmlDev 2 busId 75000 parent 0x55db6fcd24b0 color -934961569 key 2 commId 0x541c14f878044e5d - Init START
cr2-p548xlarge-7:148969:156578 [5] NCCL INFO bootstrapSplit: comm 0x55aaa7e6d820 parent 0x55aa8e36c020 rank 5 nranks 8 color -934961569 key 5 prev 4 next 6 - DONE
cr2-p548xlarge-7:148967:156583 [3] NCCL INFO bootstrapSplit: comm 0x5604e649a980 parent 0x5604cc9820d0 rank 3 nranks 8 color -934961569 key 3 prev 2 next 4 - DONE
cr2-p548xlarge-7:148967:156583 [3] NCCL INFO ncclCommSplit comm 0x5604e649a980 rank 3 nranks 8 cudaDev 3 nvmlDev 3 busId 86000 parent 0x5604cc9820d0 color -934961569 key 3 commId 0x541c14f878044e5d - Init START
cr2-p548xlarge-7:148970:156580 [6] NCCL INFO bootstrapSplit: comm 0x55d0b695ef20 parent 0x55d09ce54c70 rank 6 nranks 8 color -934961569 key 6 prev 5 next 7 - DONE
cr2-p548xlarge-7:148970:156580 [6] NCCL INFO ncclCommSplit comm 0x55d0b695ef20 rank 6 nranks 8 cudaDev 6 nvmlDev 6 busId b9000 parent 0x55d09ce54c70 color -934961569 key 6 commId 0x541c14f878044e5d - Init START
cr2-p548xlarge-7:148968:156581 [4] NCCL INFO bootstrapSplit: comm 0x56484df6e100 parent 0x56483444d0e0 rank 4 nranks 8 color -934961569 key 4 prev 3 next 5 - DONE
cr2-p548xlarge-7:148968:156581 [4] NCCL INFO ncclCommSplit comm 0x56484df6e100 rank 4 nranks 8 cudaDev 4 nvmlDev 4 busId 97000 parent 0x56483444d0e0 color -934961569 key 4 commId 0x541c14f878044e5d - Init START
cr2-p548xlarge-7:148965:156582 [1] NCCL INFO ncclCommSplit comm 0x5648e2dd7c40 rank 1 nranks 8 cudaDev 1 nvmlDev 1 busId 64000 parent 0x5648c9301d50 color -934961569 key 1 commId 0x541c14f878044e5d - Init START
cr2-p548xlarge-7:148971:156579 [7] NCCL INFO ncclCommSplit comm 0x55cc7d476350 rank 7 nranks 8 cudaDev 7 nvmlDev 7 busId ca000 parent 0x55cc63957060 color -934961569 key 7 commId 0x541c14f878044e5d - Init START
cr2-p548xlarge-7:148969:156578 [5] NCCL INFO ncclCommSplit comm 0x55aaa7e6d820 rank 5 nranks 8 cudaDev 5 nvmlDev 5 busId a8000 parent 0x55aa8e36c020 color -934961569 key 5 commId 0x541c14f878044e5d - Init START
cr2-p548xlarge-7:148964:156576 [0] NCCL INFO NCCL_TOPO_FILE set by environment to /usr/local/cuda-12.1/efa/share/aws-ofi-nccl/xml/p4d-24xl-topo.xml
cr2-p548xlarge-7:148971:156579 [7] NCCL INFO NCCL_TOPO_FILE set by environment to /usr/local/cuda-12.1/efa/share/aws-ofi-nccl/xml/p4d-24xl-topo.xml
cr2-p548xlarge-7:148970:156580 [6] NCCL INFO NCCL_TOPO_FILE set by environment to /usr/local/cuda-12.1/efa/share/aws-ofi-nccl/xml/p4d-24xl-topo.xml

