cr3-p548xlarge-1:1884190:1885027 [1] NCCL INFO Channel 08/0 : 1[1] -> 2[2] via P2P/CUMEM
cr3-p548xlarge-1:1884191:1885029 [2] NCCL INFO Channel 05/0 : 2[2] -> 3[3] via P2P/CUMEM
cr3-p548xlarge-1:1884192:1885032 [3] NCCL INFO Channel 06/0 : 3[3] -> 4[4] via P2P/CUMEM
cr3-p548xlarge-1:1884190:1885027 [1] NCCL INFO Channel 09/0 : 1[1] -> 2[2] via P2P/CUMEM
cr3-p548xlarge-1:1884191:1885029 [2] NCCL INFO Channel 06/0 : 2[2] -> 3[3] via P2P/CUMEM
cr3-p548xlarge-1:1884192:1885032 [3] NCCL INFO Channel 07/0 : 3[3] -> 4[4] via P2P/CUMEM
cr3-p548xlarge-1:1884195:1885033 [6] NCCL INFO Connected all rings
cr3-p548xlarge-1:1884195:1885033 [6] NCCL INFO Channel 00/0 : 6[6] -> 5[5] via P2P/CUMEM
cr3-p548xlarge-1:1884195:1885033 [6] NCCL INFO Channel 01/0 : 6[6] -> 5[5] via P2P/CUMEM
cr3-p548xlarge-1:1884195:1885033 [6] NCCL INFO Channel 02/0 : 6[6] -> 5[5] via P2P/CUMEM
cr3-p548xlarge-1:1884195:1885033 [6] NCCL INFO Channel 03/0 : 6[6] -> 5[5] via P2P/CUMEM
cr3-p548xlarge-1:1884195:1885033 [6] NCCL INFO Channel 04/0 : 6[6] -> 5[5] via P2P/CUMEM
cr3-p548xlarge-1:1884195:1885033 [6] NCCL INFO Channel 05/0 : 6[6] -> 5[5] via P2P/CUMEM
cr3-p548xlarge-1:1884195:1885033 [6] NCCL INFO Channel 06/0 : 6[6] -> 5[5] via P2P/CUMEM
cr3-p548xlarge-1:1884195:1885033 [6] NCCL INFO Channel 07/0 : 6[6] -> 5[5] via P2P/CUMEM
cr3-p548xlarge-1:1884195:1885033 [6] NCCL INFO Channel 08/0 : 6[6] -> 5[5] via P2P/CUMEM
cr3-p548xlarge-1:1884195:1885033 [6] NCCL INFO Channel 09/0 : 6[6] -> 5[5] via P2P/CUMEM
cr3-p548xlarge-1:1884195:1885033 [6] NCCL INFO Channel 10/0 : 6[6] -> 5[5] via P2P/CUMEM
cr3-p548xlarge-1:1884195:1885033 [6] NCCL INFO Channel 11/0 : 6[6] -> 5[5] via P2P/CUMEM
cr3-p548xlarge-1:1884195:1885033 [6] NCCL INFO Channel 12/0 : 6[6] -> 5[5] via P2P/CUMEM
cr3-p548xlarge-1:1884195:1885033 [6] NCCL INFO Channel 13/0 : 6[6] -> 5[5] via P2P/CUMEM
cr3-p548xlarge-1:1884195:1885033 [6] NCCL INFO Channel 14/0 : 6[6] -> 5[5] via P2P/CUMEM
cr3-p548xlarge-1:1884195:1885033 [6] NCCL INFO Channel 15/0 : 6[6] -> 5[5] via P2P/CUMEM
cr3-p548xlarge-1:1884195:1885033 [6] NCCL INFO Channel 16/0 : 6[6] -> 5[5] via P2P/CUMEM
cr3-p548xlarge-1:1884195:1885033 [6] NCCL INFO Channel 17/0 : 6[6] -> 5[5] via P2P/CUMEM
cr3-p548xlarge-1:1884195:1885033 [6] NCCL INFO Channel 18/0 : 6[6] -> 5[5] via P2P/CUMEM
cr3-p548xlarge-1:1884195:1885033 [6] NCCL INFO Channel 19/0 : 6[6] -> 5[5] via P2P/CUMEM
cr3-p548xlarge-1:1884190:1885027 [1] NCCL INFO Channel 10/0 : 1[1] -> 2[2] via P2P/CUMEM
cr3-p548xlarge-1:1884195:1885033 [6] NCCL INFO Channel 20/0 : 6[6] -> 5[5] via P2P/CUMEM
cr3-p548xlarge-1:1884195:1885033 [6] NCCL INFO Channel 21/0 : 6[6] -> 5[5] via P2P/CUMEM
cr3-p548xlarge-1:1884195:1885033 [6] NCCL INFO Channel 22/0 : 6[6] -> 5[5] via P2P/CUMEM
cr3-p548xlarge-1:1884195:1885033 [6] NCCL INFO Channel 23/0 : 6[6] -> 5[5] via P2P/CUMEM
cr3-p548xlarge-1:1884192:1885032 [3] NCCL INFO Channel 08/0 : 3[3] -> 4[4] via P2P/CUMEM
cr3-p548xlarge-1:1884190:1885027 [1] NCCL INFO Channel 11/0 : 1[1] -> 2[2] via P2P/CUMEM
cr3-p548xlarge-1:1884191:1885029 [2] NCCL INFO Channel 07/0 : 2[2] -> 3[3] via P2P/CUMEM
cr3-p548xlarge-1:1884192:1885032 [3] NCCL INFO Channel 09/0 : 3[3] -> 4[4] via P2P/CUMEM
cr3-p548xlarge-1:1884191:1885029 [2] NCCL INFO Channel 08/0 : 2[2] -> 3[3] via P2P/CUMEM
cr3-p548xlarge-1:1884190:1885027 [1] NCCL INFO Channel 12/0 : 1[1] -> 2[2] via P2P/CUMEM
cr3-p548xlarge-1:1884192:1885032 [3] NCCL INFO Channel 10/0 : 3[3] -> 4[4] via P2P/CUMEM
cr3-p548xlarge-1:1884191:1885029 [2] NCCL INFO Channel 09/0 : 2[2] -> 3[3] via P2P/CUMEM
cr3-p548xlarge-1:1884192:1885032 [3] NCCL INFO Channel 11/0 : 3[3] -> 4[4] via P2P/CUMEM
cr3-p548xlarge-1:1884190:1885027 [1] NCCL INFO Channel 13/0 : 1[1] -> 2[2] via P2P/CUMEM
cr3-p548xlarge-1:1884191:1885029 [2] NCCL INFO Channel 10/0 : 2[2] -> 3[3] via P2P/CUMEM
cr3-p548xlarge-1:1884192:1885032 [3] NCCL INFO Channel 12/0 : 3[3] -> 4[4] via P2P/CUMEM
cr3-p548xlarge-1:1884190:1885027 [1] NCCL INFO Channel 14/0 : 1[1] -> 2[2] via P2P/CUMEM
cr3-p548xlarge-1:1884192:1885032 [3] NCCL INFO Channel 13/0 : 3[3] -> 4[4] via P2P/CUMEM
cr3-p548xlarge-1:1884191:1885029 [2] NCCL INFO Channel 11/0 : 2[2] -> 3[3] via P2P/CUMEM
cr3-p548xlarge-1:1884190:1885027 [1] NCCL INFO Channel 15/0 : 1[1] -> 2[2] via P2P/CUMEM
cr3-p548xlarge-1:1884192:1885032 [3] NCCL INFO Channel 14/0 : 3[3] -> 4[4] via P2P/CUMEM
cr3-p548xlarge-1:1884191:1885029 [2] NCCL INFO Channel 12/0 : 2[2] -> 3[3] via P2P/CUMEM
cr3-p548xlarge-1:1884190:1885027 [1] NCCL INFO Channel 16/0 : 1[1] -> 2[2] via P2P/CUMEM
cr3-p548xlarge-1:1884191:1885029 [2] NCCL INFO Channel 13/0 : 2[2] -> 3[3] via P2P/CUMEM
cr3-p548xlarge-1:1884192:1885032 [3] NCCL INFO Channel 15/0 : 3[3] -> 4[4] via P2P/CUMEM
cr3-p548xlarge-1:1884191:1885029 [2] NCCL INFO Channel 14/0 : 2[2] -> 3[3] via P2P/CUMEM
cr3-p548xlarge-1:1884190:1885027 [1] NCCL INFO Channel 17/0 : 1[1] -> 2[2] via P2P/CUMEM
cr3-p548xlarge-1:1884192:1885032 [3] NCCL INFO Channel 16/0 : 3[3] -> 4[4] via P2P/CUMEM
cr3-p548xlarge-1:1884191:1885029 [2] NCCL INFO Channel 15/0 : 2[2] -> 3[3] via P2P/CUMEM
cr3-p548xlarge-1:1884190:1885027 [1] NCCL INFO Channel 18/0 : 1[1] -> 2[2] via P2P/CUMEM
cr3-p548xlarge-1:1884192:1885032 [3] NCCL INFO Channel 17/0 : 3[3] -> 4[4] via P2P/CUMEM
cr3-p548xlarge-1:1884191:1885029 [2] NCCL INFO Channel 16/0 : 2[2] -> 3[3] via P2P/CUMEM
cr3-p548xlarge-1:1884192:1885032 [3] NCCL INFO Channel 18/0 : 3[3] -> 4[4] via P2P/CUMEM
cr3-p548xlarge-1:1884190:1885027 [1] NCCL INFO Channel 19/0 : 1[1] -> 2[2] via P2P/CUMEM
cr3-p548xlarge-1:1884191:1885029 [2] NCCL INFO Channel 17/0 : 2[2] -> 3[3] via P2P/CUMEM
cr3-p548xlarge-1:1884190:1885027 [1] NCCL INFO Channel 20/0 : 1[1] -> 2[2] via P2P/CUMEM
cr3-p548xlarge-1:1884191:1885029 [2] NCCL INFO Channel 18/0 : 2[2] -> 3[3] via P2P/CUMEM
cr3-p548xlarge-1:1884192:1885032 [3] NCCL INFO Channel 19/0 : 3[3] -> 4[4] via P2P/CUMEM
cr3-p548xlarge-1:1884190:1885027 [1] NCCL INFO Channel 21/0 : 1[1] -> 2[2] via P2P/CUMEM
cr3-p548xlarge-1:1884191:1885029 [2] NCCL INFO Channel 19/0 : 2[2] -> 3[3] via P2P/CUMEM
cr3-p548xlarge-1:1884192:1885032 [3] NCCL INFO Channel 20/0 : 3[3] -> 4[4] via P2P/CUMEM
cr3-p548xlarge-1:1884190:1885027 [1] NCCL INFO Channel 22/0 : 1[1] -> 2[2] via P2P/CUMEM
cr3-p548xlarge-1:1884190:1885027 [1] NCCL INFO Channel 23/0 : 1[1] -> 2[2] via P2P/CUMEM
cr3-p548xlarge-1:1884192:1885032 [3] NCCL INFO Channel 21/0 : 3[3] -> 4[4] via P2P/CUMEM
cr3-p548xlarge-1:1884191:1885029 [2] NCCL INFO Channel 20/0 : 2[2] -> 3[3] via P2P/CUMEM
cr3-p548xlarge-1:1884191:1885029 [2] NCCL INFO Channel 21/0 : 2[2] -> 3[3] via P2P/CUMEM
cr3-p548xlarge-1:1884191:1885029 [2] NCCL INFO Channel 22/0 : 2[2] -> 3[3] via P2P/CUMEM
cr3-p548xlarge-1:1884191:1885029 [2] NCCL INFO Channel 23/0 : 2[2] -> 3[3] via P2P/CUMEM
cr3-p548xlarge-1:1884192:1885032 [3] NCCL INFO Channel 22/0 : 3[3] -> 4[4] via P2P/CUMEM
cr3-p548xlarge-1:1884192:1885032 [3] NCCL INFO Channel 23/0 : 3[3] -> 4[4] via P2P/CUMEM
cr3-p548xlarge-1:1884196:1885028 [7] NCCL INFO Connected all rings
cr3-p548xlarge-1:1884196:1885028 [7] NCCL INFO Channel 00/0 : 7[7] -> 6[6] via P2P/CUMEM
cr3-p548xlarge-1:1884196:1885028 [7] NCCL INFO Channel 01/0 : 7[7] -> 6[6] via P2P/CUMEM
cr3-p548xlarge-1:1884196:1885028 [7] NCCL INFO Channel 02/0 : 7[7] -> 6[6] via P2P/CUMEM
cr3-p548xlarge-1:1884196:1885028 [7] NCCL INFO Channel 03/0 : 7[7] -> 6[6] via P2P/CUMEM
cr3-p548xlarge-1:1884196:1885028 [7] NCCL INFO Channel 04/0 : 7[7] -> 6[6] via P2P/CUMEM
cr3-p548xlarge-1:1884196:1885028 [7] NCCL INFO Channel 05/0 : 7[7] -> 6[6] via P2P/CUMEM
cr3-p548xlarge-1:1884196:1885028 [7] NCCL INFO Channel 06/0 : 7[7] -> 6[6] via P2P/CUMEM
cr3-p548xlarge-1:1884196:1885028 [7] NCCL INFO Channel 07/0 : 7[7] -> 6[6] via P2P/CUMEM
cr3-p548xlarge-1:1884196:1885028 [7] NCCL INFO Channel 08/0 : 7[7] -> 6[6] via P2P/CUMEM
cr3-p548xlarge-1:1884196:1885028 [7] NCCL INFO Channel 09/0 : 7[7] -> 6[6] via P2P/CUMEM
cr3-p548xlarge-1:1884196:1885028 [7] NCCL INFO Channel 10/0 : 7[7] -> 6[6] via P2P/CUMEM
cr3-p548xlarge-1:1884196:1885028 [7] NCCL INFO Channel 11/0 : 7[7] -> 6[6] via P2P/CUMEM
cr3-p548xlarge-1:1884196:1885028 [7] NCCL INFO Channel 12/0 : 7[7] -> 6[6] via P2P/CUMEM
cr3-p548xlarge-1:1884196:1885028 [7] NCCL INFO Channel 13/0 : 7[7] -> 6[6] via P2P/CUMEM
cr3-p548xlarge-1:1884196:1885028 [7] NCCL INFO Channel 14/0 : 7[7] -> 6[6] via P2P/CUMEM
cr3-p548xlarge-1:1884196:1885028 [7] NCCL INFO Channel 15/0 : 7[7] -> 6[6] via P2P/CUMEM
cr3-p548xlarge-1:1884196:1885028 [7] NCCL INFO Channel 16/0 : 7[7] -> 6[6] via P2P/CUMEM
cr3-p548xlarge-1:1884196:1885028 [7] NCCL INFO Channel 17/0 : 7[7] -> 6[6] via P2P/CUMEM
cr3-p548xlarge-1:1884196:1885028 [7] NCCL INFO Channel 18/0 : 7[7] -> 6[6] via P2P/CUMEM
cr3-p548xlarge-1:1884196:1885028 [7] NCCL INFO Channel 19/0 : 7[7] -> 6[6] via P2P/CUMEM
cr3-p548xlarge-1:1884196:1885028 [7] NCCL INFO Channel 20/0 : 7[7] -> 6[6] via P2P/CUMEM
cr3-p548xlarge-1:1884196:1885028 [7] NCCL INFO Channel 21/0 : 7[7] -> 6[6] via P2P/CUMEM
cr3-p548xlarge-1:1884196:1885028 [7] NCCL INFO Channel 22/0 : 7[7] -> 6[6] via P2P/CUMEM
cr3-p548xlarge-1:1884196:1885028 [7] NCCL INFO Channel 23/0 : 7[7] -> 6[6] via P2P/CUMEM
cr3-p548xlarge-1:1884189:1885026 [0] NCCL INFO Connected all rings
cr3-p548xlarge-1:1884194:1885030 [5] NCCL INFO Connected all rings
cr3-p548xlarge-1:1884193:1885031 [4] NCCL INFO Connected all rings
cr3-p548xlarge-1:1884193:1885031 [4] NCCL INFO Channel 00/0 : 4[4] -> 3[3] via P2P/CUMEM
cr3-p548xlarge-1:1884194:1885030 [5] NCCL INFO Channel 00/0 : 5[5] -> 4[4] via P2P/CUMEM
cr3-p548xlarge-1:1884193:1885031 [4] NCCL INFO Channel 01/0 : 4[4] -> 3[3] via P2P/CUMEM
cr3-p548xlarge-1:1884194:1885030 [5] NCCL INFO Channel 01/0 : 5[5] -> 4[4] via P2P/CUMEM
cr3-p548xlarge-1:1884193:1885031 [4] NCCL INFO Channel 02/0 : 4[4] -> 3[3] via P2P/CUMEM
cr3-p548xlarge-1:1884194:1885030 [5] NCCL INFO Channel 02/0 : 5[5] -> 4[4] via P2P/CUMEM
cr3-p548xlarge-1:1884193:1885031 [4] NCCL INFO Channel 03/0 : 4[4] -> 3[3] via P2P/CUMEM
cr3-p548xlarge-1:1884194:1885030 [5] NCCL INFO Channel 03/0 : 5[5] -> 4[4] via P2P/CUMEM
cr3-p548xlarge-1:1884193:1885031 [4] NCCL INFO Channel 04/0 : 4[4] -> 3[3] via P2P/CUMEM
cr3-p548xlarge-1:1884194:1885030 [5] NCCL INFO Channel 04/0 : 5[5] -> 4[4] via P2P/CUMEM
cr3-p548xlarge-1:1884193:1885031 [4] NCCL INFO Channel 05/0 : 4[4] -> 3[3] via P2P/CUMEM
cr3-p548xlarge-1:1884194:1885030 [5] NCCL INFO Channel 05/0 : 5[5] -> 4[4] via P2P/CUMEM
cr3-p548xlarge-1:1884193:1885031 [4] NCCL INFO Channel 06/0 : 4[4] -> 3[3] via P2P/CUMEM
cr3-p548xlarge-1:1884194:1885030 [5] NCCL INFO Channel 06/0 : 5[5] -> 4[4] via P2P/CUMEM
cr3-p548xlarge-1:1884193:1885031 [4] NCCL INFO Channel 07/0 : 4[4] -> 3[3] via P2P/CUMEM
cr3-p548xlarge-1:1884194:1885030 [5] NCCL INFO Channel 07/0 : 5[5] -> 4[4] via P2P/CUMEM
cr3-p548xlarge-1:1884193:1885031 [4] NCCL INFO Channel 08/0 : 4[4] -> 3[3] via P2P/CUMEM
cr3-p548xlarge-1:1884194:1885030 [5] NCCL INFO Channel 08/0 : 5[5] -> 4[4] via P2P/CUMEM
cr3-p548xlarge-1:1884193:1885031 [4] NCCL INFO Channel 09/0 : 4[4] -> 3[3] via P2P/CUMEM
cr3-p548xlarge-1:1884194:1885030 [5] NCCL INFO Channel 09/0 : 5[5] -> 4[4] via P2P/CUMEM
cr3-p548xlarge-1:1884193:1885031 [4] NCCL INFO Channel 10/0 : 4[4] -> 3[3] via P2P/CUMEM
cr3-p548xlarge-1:1884194:1885030 [5] NCCL INFO Channel 10/0 : 5[5] -> 4[4] via P2P/CUMEM
cr3-p548xlarge-1:1884193:1885031 [4] NCCL INFO Channel 11/0 : 4[4] -> 3[3] via P2P/CUMEM
cr3-p548xlarge-1:1884194:1885030 [5] NCCL INFO Channel 11/0 : 5[5] -> 4[4] via P2P/CUMEM
cr3-p548xlarge-1:1884193:1885031 [4] NCCL INFO Channel 12/0 : 4[4] -> 3[3] via P2P/CUMEM
cr3-p548xlarge-1:1884194:1885030 [5] NCCL INFO Channel 12/0 : 5[5] -> 4[4] via P2P/CUMEM
cr3-p548xlarge-1:1884193:1885031 [4] NCCL INFO Channel 13/0 : 4[4] -> 3[3] via P2P/CUMEM
cr3-p548xlarge-1:1884194:1885030 [5] NCCL INFO Channel 13/0 : 5[5] -> 4[4] via P2P/CUMEM
cr3-p548xlarge-1:1884193:1885031 [4] NCCL INFO Channel 14/0 : 4[4] -> 3[3] via P2P/CUMEM
cr3-p548xlarge-1:1884194:1885030 [5] NCCL INFO Channel 14/0 : 5[5] -> 4[4] via P2P/CUMEM
cr3-p548xlarge-1:1884193:1885031 [4] NCCL INFO Channel 15/0 : 4[4] -> 3[3] via P2P/CUMEM
cr3-p548xlarge-1:1884194:1885030 [5] NCCL INFO Channel 15/0 : 5[5] -> 4[4] via P2P/CUMEM
cr3-p548xlarge-1:1884193:1885031 [4] NCCL INFO Channel 16/0 : 4[4] -> 3[3] via P2P/CUMEM
cr3-p548xlarge-1:1884194:1885030 [5] NCCL INFO Channel 16/0 : 5[5] -> 4[4] via P2P/CUMEM
cr3-p548xlarge-1:1884193:1885031 [4] NCCL INFO Channel 17/0 : 4[4] -> 3[3] via P2P/CUMEM
cr3-p548xlarge-1:1884194:1885030 [5] NCCL INFO Channel 17/0 : 5[5] -> 4[4] via P2P/CUMEM
cr3-p548xlarge-1:1884193:1885031 [4] NCCL INFO Channel 18/0 : 4[4] -> 3[3] via P2P/CUMEM
cr3-p548xlarge-1:1884194:1885030 [5] NCCL INFO Channel 18/0 : 5[5] -> 4[4] via P2P/CUMEM
cr3-p548xlarge-1:1884193:1885031 [4] NCCL INFO Channel 19/0 : 4[4] -> 3[3] via P2P/CUMEM
cr3-p548xlarge-1:1884194:1885030 [5] NCCL INFO Channel 19/0 : 5[5] -> 4[4] via P2P/CUMEM
cr3-p548xlarge-1:1884193:1885031 [4] NCCL INFO Channel 20/0 : 4[4] -> 3[3] via P2P/CUMEM
cr3-p548xlarge-1:1884194:1885030 [5] NCCL INFO Channel 20/0 : 5[5] -> 4[4] via P2P/CUMEM
cr3-p548xlarge-1:1884193:1885031 [4] NCCL INFO Channel 21/0 : 4[4] -> 3[3] via P2P/CUMEM
cr3-p548xlarge-1:1884194:1885030 [5] NCCL INFO Channel 21/0 : 5[5] -> 4[4] via P2P/CUMEM
cr3-p548xlarge-1:1884193:1885031 [4] NCCL INFO Channel 22/0 : 4[4] -> 3[3] via P2P/CUMEM
cr3-p548xlarge-1:1884194:1885030 [5] NCCL INFO Channel 22/0 : 5[5] -> 4[4] via P2P/CUMEM
cr3-p548xlarge-1:1884193:1885031 [4] NCCL INFO Channel 23/0 : 4[4] -> 3[3] via P2P/CUMEM
cr3-p548xlarge-1:1884194:1885030 [5] NCCL INFO Channel 23/0 : 5[5] -> 4[4] via P2P/CUMEM
cr3-p548xlarge-1:1884190:1885027 [1] NCCL INFO Connected all rings
cr3-p548xlarge-1:1884191:1885029 [2] NCCL INFO Connected all rings
cr3-p548xlarge-1:1884192:1885032 [3] NCCL INFO Connected all rings
cr3-p548xlarge-1:1884196:1885028 [7] NCCL INFO Connected all trees
cr3-p548xlarge-1:1884195:1885033 [6] NCCL INFO Connected all trees
cr3-p548xlarge-1:1884195:1885033 [6] NCCL INFO NCCL_NVLS_CHUNKSIZE set by environment to 524288.
cr3-p548xlarge-1:1884195:1885033 [6] NCCL INFO NVLS comm 0x55b5d91b6110 headRank 6 nHeads 8 buffSize 4194304 memSize 2097152 nvlsPerRankSize 301989888 nvlsTotalSize 2415919104
cr3-p548xlarge-1:1884196:1885028 [7] NCCL INFO NCCL_NVLS_CHUNKSIZE set by environment to 524288.
cr3-p548xlarge-1:1884196:1885028 [7] NCCL INFO NVLS comm 0x55c65340f4b0 headRank 7 nHeads 8 buffSize 4194304 memSize 2097152 nvlsPerRankSize 301989888 nvlsTotalSize 2415919104
cr3-p548xlarge-1:1884191:1885029 [2] NCCL INFO Channel 00/0 : 2[2] -> 1[1] via P2P/CUMEM
cr3-p548xlarge-1:1884191:1885029 [2] NCCL INFO Channel 01/0 : 2[2] -> 1[1] via P2P/CUMEM
cr3-p548xlarge-1:1884191:1885029 [2] NCCL INFO Channel 02/0 : 2[2] -> 1[1] via P2P/CUMEM
cr3-p548xlarge-1:1884191:1885029 [2] NCCL INFO Channel 03/0 : 2[2] -> 1[1] via P2P/CUMEM
cr3-p548xlarge-1:1884191:1885029 [2] NCCL INFO Channel 04/0 : 2[2] -> 1[1] via P2P/CUMEM
cr3-p548xlarge-1:1884191:1885029 [2] NCCL INFO Channel 05/0 : 2[2] -> 1[1] via P2P/CUMEM
cr3-p548xlarge-1:1884191:1885029 [2] NCCL INFO Channel 06/0 : 2[2] -> 1[1] via P2P/CUMEM
cr3-p548xlarge-1:1884191:1885029 [2] NCCL INFO Channel 07/0 : 2[2] -> 1[1] via P2P/CUMEM
cr3-p548xlarge-1:1884191:1885029 [2] NCCL INFO Channel 08/0 : 2[2] -> 1[1] via P2P/CUMEM
cr3-p548xlarge-1:1884191:1885029 [2] NCCL INFO Channel 09/0 : 2[2] -> 1[1] via P2P/CUMEM
cr3-p548xlarge-1:1884191:1885029 [2] NCCL INFO Channel 10/0 : 2[2] -> 1[1] via P2P/CUMEM
cr3-p548xlarge-1:1884191:1885029 [2] NCCL INFO Channel 11/0 : 2[2] -> 1[1] via P2P/CUMEM
cr3-p548xlarge-1:1884191:1885029 [2] NCCL INFO Channel 12/0 : 2[2] -> 1[1] via P2P/CUMEM
cr3-p548xlarge-1:1884191:1885029 [2] NCCL INFO Channel 13/0 : 2[2] -> 1[1] via P2P/CUMEM
cr3-p548xlarge-1:1884191:1885029 [2] NCCL INFO Channel 14/0 : 2[2] -> 1[1] via P2P/CUMEM
cr3-p548xlarge-1:1884191:1885029 [2] NCCL INFO Channel 15/0 : 2[2] -> 1[1] via P2P/CUMEM
cr3-p548xlarge-1:1884191:1885029 [2] NCCL INFO Channel 16/0 : 2[2] -> 1[1] via P2P/CUMEM
cr3-p548xlarge-1:1884191:1885029 [2] NCCL INFO Channel 17/0 : 2[2] -> 1[1] via P2P/CUMEM
cr3-p548xlarge-1:1884191:1885029 [2] NCCL INFO Channel 18/0 : 2[2] -> 1[1] via P2P/CUMEM
cr3-p548xlarge-1:1884191:1885029 [2] NCCL INFO Channel 19/0 : 2[2] -> 1[1] via P2P/CUMEM
cr3-p548xlarge-1:1884191:1885029 [2] NCCL INFO Channel 20/0 : 2[2] -> 1[1] via P2P/CUMEM
cr3-p548xlarge-1:1884191:1885029 [2] NCCL INFO Channel 21/0 : 2[2] -> 1[1] via P2P/CUMEM
cr3-p548xlarge-1:1884191:1885029 [2] NCCL INFO Channel 22/0 : 2[2] -> 1[1] via P2P/CUMEM
cr3-p548xlarge-1:1884191:1885029 [2] NCCL INFO Channel 23/0 : 2[2] -> 1[1] via P2P/CUMEM
cr3-p548xlarge-1:1884190:1885027 [1] NCCL INFO Channel 00/0 : 1[1] -> 0[0] via P2P/CUMEM
cr3-p548xlarge-1:1884190:1885027 [1] NCCL INFO Channel 01/0 : 1[1] -> 0[0] via P2P/CUMEM
cr3-p548xlarge-1:1884190:1885027 [1] NCCL INFO Channel 02/0 : 1[1] -> 0[0] via P2P/CUMEM
cr3-p548xlarge-1:1884190:1885027 [1] NCCL INFO Channel 03/0 : 1[1] -> 0[0] via P2P/CUMEM
cr3-p548xlarge-1:1884190:1885027 [1] NCCL INFO Channel 04/0 : 1[1] -> 0[0] via P2P/CUMEM
cr3-p548xlarge-1:1884190:1885027 [1] NCCL INFO Channel 05/0 : 1[1] -> 0[0] via P2P/CUMEM
cr3-p548xlarge-1:1884190:1885027 [1] NCCL INFO Channel 06/0 : 1[1] -> 0[0] via P2P/CUMEM
cr3-p548xlarge-1:1884190:1885027 [1] NCCL INFO Channel 07/0 : 1[1] -> 0[0] via P2P/CUMEM
cr3-p548xlarge-1:1884190:1885027 [1] NCCL INFO Channel 08/0 : 1[1] -> 0[0] via P2P/CUMEM
cr3-p548xlarge-1:1884190:1885027 [1] NCCL INFO Channel 09/0 : 1[1] -> 0[0] via P2P/CUMEM
cr3-p548xlarge-1:1884190:1885027 [1] NCCL INFO Channel 10/0 : 1[1] -> 0[0] via P2P/CUMEM
cr3-p548xlarge-1:1884190:1885027 [1] NCCL INFO Channel 11/0 : 1[1] -> 0[0] via P2P/CUMEM
cr3-p548xlarge-1:1884190:1885027 [1] NCCL INFO Channel 12/0 : 1[1] -> 0[0] via P2P/CUMEM
cr3-p548xlarge-1:1884190:1885027 [1] NCCL INFO Channel 13/0 : 1[1] -> 0[0] via P2P/CUMEM
cr3-p548xlarge-1:1884190:1885027 [1] NCCL INFO Channel 14/0 : 1[1] -> 0[0] via P2P/CUMEM
cr3-p548xlarge-1:1884190:1885027 [1] NCCL INFO Channel 15/0 : 1[1] -> 0[0] via P2P/CUMEM
cr3-p548xlarge-1:1884190:1885027 [1] NCCL INFO Channel 16/0 : 1[1] -> 0[0] via P2P/CUMEM
cr3-p548xlarge-1:1884190:1885027 [1] NCCL INFO Channel 17/0 : 1[1] -> 0[0] via P2P/CUMEM
cr3-p548xlarge-1:1884190:1885027 [1] NCCL INFO Channel 18/0 : 1[1] -> 0[0] via P2P/CUMEM
cr3-p548xlarge-1:1884190:1885027 [1] NCCL INFO Channel 19/0 : 1[1] -> 0[0] via P2P/CUMEM
cr3-p548xlarge-1:1884190:1885027 [1] NCCL INFO Channel 20/0 : 1[1] -> 0[0] via P2P/CUMEM
cr3-p548xlarge-1:1884190:1885027 [1] NCCL INFO Channel 21/0 : 1[1] -> 0[0] via P2P/CUMEM
cr3-p548xlarge-1:1884190:1885027 [1] NCCL INFO Channel 22/0 : 1[1] -> 0[0] via P2P/CUMEM
cr3-p548xlarge-1:1884190:1885027 [1] NCCL INFO Channel 23/0 : 1[1] -> 0[0] via P2P/CUMEM
cr3-p548xlarge-1:1884192:1885032 [3] NCCL INFO Channel 00/0 : 3[3] -> 2[2] via P2P/CUMEM
cr3-p548xlarge-1:1884192:1885032 [3] NCCL INFO Channel 01/0 : 3[3] -> 2[2] via P2P/CUMEM
cr3-p548xlarge-1:1884192:1885032 [3] NCCL INFO Channel 02/0 : 3[3] -> 2[2] via P2P/CUMEM
cr3-p548xlarge-1:1884192:1885032 [3] NCCL INFO Channel 03/0 : 3[3] -> 2[2] via P2P/CUMEM
cr3-p548xlarge-1:1884192:1885032 [3] NCCL INFO Channel 04/0 : 3[3] -> 2[2] via P2P/CUMEM
cr3-p548xlarge-1:1884192:1885032 [3] NCCL INFO Channel 05/0 : 3[3] -> 2[2] via P2P/CUMEM
cr3-p548xlarge-1:1884192:1885032 [3] NCCL INFO Channel 06/0 : 3[3] -> 2[2] via P2P/CUMEM
cr3-p548xlarge-1:1884192:1885032 [3] NCCL INFO Channel 07/0 : 3[3] -> 2[2] via P2P/CUMEM
cr3-p548xlarge-1:1884189:1885026 [0] NCCL INFO Connected all trees
cr3-p548xlarge-1:1884189:1885026 [0] NCCL INFO NCCL_NVLS_CHUNKSIZE set by environment to 524288.
cr3-p548xlarge-1:1884189:1885026 [0] NCCL INFO NVLS comm 0x5576ecbd9cc0 headRank 0 nHeads 8 buffSize 4194304 memSize 2097152 nvlsPerRankSize 301989888 nvlsTotalSize 2415919104
cr3-p548xlarge-1:1884192:1885032 [3] NCCL INFO Channel 08/0 : 3[3] -> 2[2] via P2P/CUMEM
cr3-p548xlarge-1:1884192:1885032 [3] NCCL INFO Channel 09/0 : 3[3] -> 2[2] via P2P/CUMEM
cr3-p548xlarge-1:1884192:1885032 [3] NCCL INFO Channel 10/0 : 3[3] -> 2[2] via P2P/CUMEM
cr3-p548xlarge-1:1884192:1885032 [3] NCCL INFO Channel 11/0 : 3[3] -> 2[2] via P2P/CUMEM
cr3-p548xlarge-1:1884192:1885032 [3] NCCL INFO Channel 12/0 : 3[3] -> 2[2] via P2P/CUMEM
cr3-p548xlarge-1:1884192:1885032 [3] NCCL INFO Channel 13/0 : 3[3] -> 2[2] via P2P/CUMEM
cr3-p548xlarge-1:1884192:1885032 [3] NCCL INFO Channel 14/0 : 3[3] -> 2[2] via P2P/CUMEM
cr3-p548xlarge-1:1884192:1885032 [3] NCCL INFO Channel 15/0 : 3[3] -> 2[2] via P2P/CUMEM
cr3-p548xlarge-1:1884192:1885032 [3] NCCL INFO Channel 16/0 : 3[3] -> 2[2] via P2P/CUMEM
cr3-p548xlarge-1:1884192:1885032 [3] NCCL INFO Channel 17/0 : 3[3] -> 2[2] via P2P/CUMEM
cr3-p548xlarge-1:1884192:1885032 [3] NCCL INFO Channel 18/0 : 3[3] -> 2[2] via P2P/CUMEM
cr3-p548xlarge-1:1884192:1885032 [3] NCCL INFO Channel 19/0 : 3[3] -> 2[2] via P2P/CUMEM
cr3-p548xlarge-1:1884192:1885032 [3] NCCL INFO Channel 20/0 : 3[3] -> 2[2] via P2P/CUMEM
cr3-p548xlarge-1:1884192:1885032 [3] NCCL INFO Channel 21/0 : 3[3] -> 2[2] via P2P/CUMEM
cr3-p548xlarge-1:1884192:1885032 [3] NCCL INFO Channel 22/0 : 3[3] -> 2[2] via P2P/CUMEM
cr3-p548xlarge-1:1884192:1885032 [3] NCCL INFO Channel 23/0 : 3[3] -> 2[2] via P2P/CUMEM
cr3-p548xlarge-1:1884193:1885031 [4] NCCL INFO Connected all trees
cr3-p548xlarge-1:1884194:1885030 [5] NCCL INFO Connected all trees
cr3-p548xlarge-1:1884193:1885031 [4] NCCL INFO NCCL_NVLS_CHUNKSIZE set by environment to 524288.
cr3-p548xlarge-1:1884193:1885031 [4] NCCL INFO NVLS comm 0x5595d7024f30 headRank 4 nHeads 8 buffSize 4194304 memSize 2097152 nvlsPerRankSize 301989888 nvlsTotalSize 2415919104
cr3-p548xlarge-1:1884194:1885030 [5] NCCL INFO NCCL_NVLS_CHUNKSIZE set by environment to 524288.
cr3-p548xlarge-1:1884194:1885030 [5] NCCL INFO NVLS comm 0x5630d02b6000 headRank 5 nHeads 8 buffSize 4194304 memSize 2097152 nvlsPerRankSize 301989888 nvlsTotalSize 2415919104
cr3-p548xlarge-1:1884191:1885029 [2] NCCL INFO Connected all trees
cr3-p548xlarge-1:1884192:1885032 [3] NCCL INFO Connected all trees
cr3-p548xlarge-1:1884190:1885027 [1] NCCL INFO Connected all trees
cr3-p548xlarge-1:1884191:1885029 [2] NCCL INFO NCCL_NVLS_CHUNKSIZE set by environment to 524288.
cr3-p548xlarge-1:1884191:1885029 [2] NCCL INFO NVLS comm 0x55b8d6a406c0 headRank 2 nHeads 8 buffSize 4194304 memSize 2097152 nvlsPerRankSize 301989888 nvlsTotalSize 2415919104
cr3-p548xlarge-1:1884190:1885027 [1] NCCL INFO NCCL_NVLS_CHUNKSIZE set by environment to 524288.
cr3-p548xlarge-1:1884190:1885027 [1] NCCL INFO NVLS comm 0x556cef48c1d0 headRank 1 nHeads 8 buffSize 4194304 memSize 2097152 nvlsPerRankSize 301989888 nvlsTotalSize 2415919104
cr3-p548xlarge-1:1884192:1885032 [3] NCCL INFO NCCL_NVLS_CHUNKSIZE set by environment to 524288.
cr3-p548xlarge-1:1884192:1885032 [3] NCCL INFO NVLS comm 0x55a56053d820 headRank 3 nHeads 8 buffSize 4194304 memSize 2097152 nvlsPerRankSize 301989888 nvlsTotalSize 2415919104
cr3-p548xlarge-1:1884191:1885029 [2] NCCL INFO NCCL_PROTO set by environment to simple
cr3-p548xlarge-1:1884191:1885029 [2] NCCL INFO NCCL_ALGO set by environment to tree
cr3-p548xlarge-1:1884191:1885029 [2] NCCL INFO threadThresholds 8/8/64 | 64/8/64 | 512 | 512
cr3-p548xlarge-1:1884191:1885029 [2] NCCL INFO 24 coll channels, 24 collnet channels, 16 nvls channels, 32 p2p channels, 32 p2p channels per peer
cr3-p548xlarge-1:1884193:1885031 [4] NCCL INFO NCCL_PROTO set by environment to simple
cr3-p548xlarge-1:1884193:1885031 [4] NCCL INFO NCCL_ALGO set by environment to tree
cr3-p548xlarge-1:1884194:1885030 [5] NCCL INFO NCCL_PROTO set by environment to simple
cr3-p548xlarge-1:1884195:1885033 [6] NCCL INFO NCCL_PROTO set by environment to simple
cr3-p548xlarge-1:1884189:1885026 [0] NCCL INFO NCCL_PROTO set by environment to simple
cr3-p548xlarge-1:1884196:1885028 [7] NCCL INFO NCCL_PROTO set by environment to simple
cr3-p548xlarge-1:1884193:1885031 [4] NCCL INFO threadThresholds 8/8/64 | 64/8/64 | 512 | 512
cr3-p548xlarge-1:1884194:1885030 [5] NCCL INFO NCCL_ALGO set by environment to tree
cr3-p548xlarge-1:1884195:1885033 [6] NCCL INFO NCCL_ALGO set by environment to tree
cr3-p548xlarge-1:1884189:1885026 [0] NCCL INFO NCCL_ALGO set by environment to tree
cr3-p548xlarge-1:1884196:1885028 [7] NCCL INFO NCCL_ALGO set by environment to tree
cr3-p548xlarge-1:1884193:1885031 [4] NCCL INFO 24 coll channels, 24 collnet channels, 16 nvls channels, 32 p2p channels, 32 p2p channels per peer
cr3-p548xlarge-1:1884194:1885030 [5] NCCL INFO threadThresholds 8/8/64 | 64/8/64 | 512 | 512
cr3-p548xlarge-1:1884195:1885033 [6] NCCL INFO threadThresholds 8/8/64 | 64/8/64 | 512 | 512
cr3-p548xlarge-1:1884196:1885028 [7] NCCL INFO threadThresholds 8/8/64 | 64/8/64 | 512 | 512
cr3-p548xlarge-1:1884194:1885030 [5] NCCL INFO 24 coll channels, 24 collnet channels, 16 nvls channels, 32 p2p channels, 32 p2p channels per peer
cr3-p548xlarge-1:1884195:1885033 [6] NCCL INFO 24 coll channels, 24 collnet channels, 16 nvls channels, 32 p2p channels, 32 p2p channels per peer
cr3-p548xlarge-1:1884196:1885028 [7] NCCL INFO 24 coll channels, 24 collnet channels, 16 nvls channels, 32 p2p channels, 32 p2p channels per peer
cr3-p548xlarge-1:1884189:1885026 [0] NCCL INFO threadThresholds 8/8/64 | 64/8/64 | 512 | 512
cr3-p548xlarge-1:1884189:1885026 [0] NCCL INFO 24 coll channels, 24 collnet channels, 16 nvls channels, 32 p2p channels, 32 p2p channels per peer
cr3-p548xlarge-1:1884192:1885032 [3] NCCL INFO NCCL_PROTO set by environment to simple
cr3-p548xlarge-1:1884192:1885032 [3] NCCL INFO NCCL_ALGO set by environment to tree
cr3-p548xlarge-1:1884192:1885032 [3] NCCL INFO threadThresholds 8/8/64 | 64/8/64 | 512 | 512
cr3-p548xlarge-1:1884192:1885032 [3] NCCL INFO 24 coll channels, 24 collnet channels, 16 nvls channels, 32 p2p channels, 32 p2p channels per peer
cr3-p548xlarge-1:1884190:1885027 [1] NCCL INFO NCCL_PROTO set by environment to simple
cr3-p548xlarge-1:1884190:1885027 [1] NCCL INFO NCCL_ALGO set by environment to tree
cr3-p548xlarge-1:1884190:1885027 [1] NCCL INFO threadThresholds 8/8/64 | 64/8/64 | 512 | 512
cr3-p548xlarge-1:1884190:1885027 [1] NCCL INFO 24 coll channels, 24 collnet channels, 16 nvls channels, 32 p2p channels, 32 p2p channels per peer
cr3-p548xlarge-1:1884195:1885033 [6] NCCL INFO TUNER/Plugin: Failed to find ncclTunerPlugin_v2, using internal tuner instead.
cr3-p548xlarge-1:1884196:1885028 [7] NCCL INFO TUNER/Plugin: Failed to find ncclTunerPlugin_v2, using internal tuner instead.
cr3-p548xlarge-1:1884195:1885033 [6] NCCL INFO ncclCommInitRank comm 0x55b5d91b6110 rank 6 nranks 8 cudaDev 6 nvmlDev 6 busId b9000 commId 0x4676b0bcdd40efa7 - Init COMPLETE
cr3-p548xlarge-1:1884196:1885028 [7] NCCL INFO ncclCommInitRank comm 0x55c65340f4b0 rank 7 nranks 8 cudaDev 7 nvmlDev 7 busId ca000 commId 0x4676b0bcdd40efa7 - Init COMPLETE
cr3-p548xlarge-1:1884192:1885032 [3] NCCL INFO TUNER/Plugin: Failed to find ncclTunerPlugin_v2, using internal tuner instead.
cr3-p548xlarge-1:1884192:1885032 [3] NCCL INFO ncclCommInitRank comm 0x55a56053d820 rank 3 nranks 8 cudaDev 3 nvmlDev 3 busId 86000 commId 0x4676b0bcdd40efa7 - Init COMPLETE
cr3-p548xlarge-1:1884189:1885026 [0] NCCL INFO TUNER/Plugin: Failed to find ncclTunerPlugin_v2, using internal tuner instead.
cr3-p548xlarge-1:1884189:1885026 [0] NCCL INFO ncclCommInitRank comm 0x5576ecbd9cc0 rank 0 nranks 8 cudaDev 0 nvmlDev 0 busId 53000 commId 0x4676b0bcdd40efa7 - Init COMPLETE
cr3-p548xlarge-1:1884194:1885030 [5] NCCL INFO TUNER/Plugin: Failed to find ncclTunerPlugin_v2, using internal tuner instead.
cr3-p548xlarge-1:1884194:1885030 [5] NCCL INFO ncclCommInitRank comm 0x5630d02b6000 rank 5 nranks 8 cudaDev 5 nvmlDev 5 busId a8000 commId 0x4676b0bcdd40efa7 - Init COMPLETE
cr3-p548xlarge-1:1884193:1885031 [4] NCCL INFO TUNER/Plugin: Failed to find ncclTunerPlugin_v2, using internal tuner instead.
cr3-p548xlarge-1:1884190:1885027 [1] NCCL INFO TUNER/Plugin: Failed to find ncclTunerPlugin_v2, using internal tuner instead.
cr3-p548xlarge-1:1884193:1885031 [4] NCCL INFO ncclCommInitRank comm 0x5595d7024f30 rank 4 nranks 8 cudaDev 4 nvmlDev 4 busId 97000 commId 0x4676b0bcdd40efa7 - Init COMPLETE
cr3-p548xlarge-1:1884190:1885027 [1] NCCL INFO ncclCommInitRank comm 0x556cef48c1d0 rank 1 nranks 8 cudaDev 1 nvmlDev 1 busId 64000 commId 0x4676b0bcdd40efa7 - Init COMPLETE
cr3-p548xlarge-1:1884191:1885029 [2] NCCL INFO TUNER/Plugin: Failed to find ncclTunerPlugin_v2, using internal tuner instead.
cr3-p548xlarge-1:1884191:1885029 [2] NCCL INFO ncclCommInitRank comm 0x55b8d6a406c0 rank 2 nranks 8 cudaDev 2 nvmlDev 2 busId 75000 commId 0x4676b0bcdd40efa7 - Init COMPLETE
[2024-08-08 17:08:30,371] [INFO] [partition_parameters.py:345:__exit__] finished initializing model - num_params = 363, num_elems = 13.02B
Loading checkpoint shards:   0%|          | 0/3 [00:00<?, ?it/s]Loading checkpoint shards:   0%|          | 0/3 [00:00<?, ?it/s]Loading checkpoint shards:   0%|          | 0/3 [00:00<?, ?it/s]Loading checkpoint shards:   0%|          | 0/3 [00:00<?, ?it/s]Loading checkpoint shards:   0%|          | 0/3 [00:00<?, ?it/s]Loading checkpoint shards:   0%|          | 0/3 [00:00<?, ?it/s]Loading checkpoint shards:   0%|          | 0/3 [00:00<?, ?it/s]Loading checkpoint shards:   0%|          | 0/3 [00:00<?, ?it/s]Loading checkpoint shards:  33%|â–ˆâ–ˆâ–ˆâ–Ž      | 1/3 [00:09<00:19,  9.84s/it]Loading checkpoint shards:  33%|â–ˆâ–ˆâ–ˆâ–Ž      | 1/3 [00:09<00:19,  9.85s/it]Loading checkpoint shards:  33%|â–ˆâ–ˆâ–ˆâ–Ž      | 1/3 [00:09<00:19,  9.85s/it]Loading checkpoint shards:  33%|â–ˆâ–ˆâ–ˆâ–Ž      | 1/3 [00:09<00:19,  9.86s/it]Loading checkpoint shards:  33%|â–ˆâ–ˆâ–ˆâ–Ž      | 1/3 [00:09<00:19,  9.86s/it]Loading checkpoint shards:  33%|â–ˆâ–ˆâ–ˆâ–Ž      | 1/3 [00:09<00:19,  9.86s/it]Loading checkpoint shards:  33%|â–ˆâ–ˆâ–ˆâ–Ž      | 1/3 [00:10<00:20, 10.01s/it]Loading checkpoint shards:  33%|â–ˆâ–ˆâ–ˆâ–Ž      | 1/3 [00:33<01:07, 33.65s/it]Loading checkpoint shards:  67%|â–ˆâ–ˆâ–ˆâ–ˆâ–ˆâ–ˆâ–‹   | 2/3 [00:42<00:23, 23.03s/it]Loading checkpoint shards:  67%|â–ˆâ–ˆâ–ˆâ–ˆâ–ˆâ–ˆâ–‹   | 2/3 [00:42<00:23, 23.03s/it]Loading checkpoint shards:  67%|â–ˆâ–ˆâ–ˆâ–ˆâ–ˆâ–ˆâ–‹   | 2/3 [00:42<00:23, 23.03s/it]Loading checkpoint shards:  67%|â–ˆâ–ˆâ–ˆâ–ˆâ–ˆâ–ˆâ–‹   | 2/3 [00:42<00:23, 23.03s/it]Loading checkpoint shards:  67%|â–ˆâ–ˆâ–ˆâ–ˆâ–ˆâ–ˆâ–‹   | 2/3 [00:42<00:23, 23.04s/it]Loading checkpoint shards:  67%|â–ˆâ–ˆâ–ˆâ–ˆâ–ˆâ–ˆâ–‹   | 2/3 [00:42<00:23, 23.06s/it]Loading checkpoint shards:  67%|â–ˆâ–ˆâ–ˆâ–ˆâ–ˆâ–ˆâ–‹   | 2/3 [00:42<00:23, 23.12s/it]Loading checkpoint shards: 100%|â–ˆâ–ˆâ–ˆâ–ˆâ–ˆâ–ˆâ–ˆâ–ˆâ–ˆâ–ˆ| 3/3 [01:02<00:00, 21.71s/it]Loading checkpoint shards: 100%|â–ˆâ–ˆâ–ˆâ–ˆâ–ˆâ–ˆâ–ˆâ–ˆâ–ˆâ–ˆ| 3/3 [01:02<00:00, 20.75s/it]
Loading checkpoint shards: 100%|â–ˆâ–ˆâ–ˆâ–ˆâ–ˆâ–ˆâ–ˆâ–ˆâ–ˆâ–ˆ| 3/3 [01:02<00:00, 21.71s/it]Loading checkpoint shards: 100%|â–ˆâ–ˆâ–ˆâ–ˆâ–ˆâ–ˆâ–ˆâ–ˆâ–ˆâ–ˆ| 3/3 [01:02<00:00, 20.75s/it]
Loading checkpoint shards: 100%|â–ˆâ–ˆâ–ˆâ–ˆâ–ˆâ–ˆâ–ˆâ–ˆâ–ˆâ–ˆ| 3/3 [01:02<00:00, 21.71s/it]Loading checkpoint shards: 100%|â–ˆâ–ˆâ–ˆâ–ˆâ–ˆâ–ˆâ–ˆâ–ˆâ–ˆâ–ˆ| 3/3 [01:02<00:00, 20.75s/it]
Loading checkpoint shards: 100%|â–ˆâ–ˆâ–ˆâ–ˆâ–ˆâ–ˆâ–ˆâ–ˆâ–ˆâ–ˆ| 3/3 [01:02<00:00, 21.71s/it]Loading checkpoint shards: 100%|â–ˆâ–ˆâ–ˆâ–ˆâ–ˆâ–ˆâ–ˆâ–ˆâ–ˆâ–ˆ| 3/3 [01:02<00:00, 20.75s/it]
Loading checkpoint shards: 100%|â–ˆâ–ˆâ–ˆâ–ˆâ–ˆâ–ˆâ–ˆâ–ˆâ–ˆâ–ˆ| 3/3 [01:02<00:00, 21.72s/it]Loading checkpoint shards: 100%|â–ˆâ–ˆâ–ˆâ–ˆâ–ˆâ–ˆâ–ˆâ–ˆâ–ˆâ–ˆ| 3/3 [01:02<00:00, 20.76s/it]
Loading checkpoint shards: 100%|â–ˆâ–ˆâ–ˆâ–ˆâ–ˆâ–ˆâ–ˆâ–ˆâ–ˆâ–ˆ| 3/3 [01:02<00:00, 21.71s/it]Loading checkpoint shards: 100%|â–ˆâ–ˆâ–ˆâ–ˆâ–ˆâ–ˆâ–ˆâ–ˆâ–ˆâ–ˆ| 3/3 [01:02<00:00, 20.77s/it]
Loading checkpoint shards: 100%|â–ˆâ–ˆâ–ˆâ–ˆâ–ˆâ–ˆâ–ˆâ–ˆâ–ˆâ–ˆ| 3/3 [01:02<00:00, 21.71s/it]Loading checkpoint shards: 100%|â–ˆâ–ˆâ–ˆâ–ˆâ–ˆâ–ˆâ–ˆâ–ˆâ–ˆâ–ˆ| 3/3 [01:02<00:00, 20.77s/it]
Loading checkpoint shards:  67%|â–ˆâ–ˆâ–ˆâ–ˆâ–ˆâ–ˆâ–‹   | 2/3 [01:06<00:33, 33.13s/it]Loading checkpoint shards: 100%|â–ˆâ–ˆâ–ˆâ–ˆâ–ˆâ–ˆâ–ˆâ–ˆâ–ˆâ–ˆ| 3/3 [01:27<00:00, 27.83s/it]Loading checkpoint shards: 100%|â–ˆâ–ˆâ–ˆâ–ˆâ–ˆâ–ˆâ–ˆâ–ˆâ–ˆâ–ˆ| 3/3 [01:27<00:00, 29.32s/it]
WARNING:root:Loading data...
WARNING:root:Loading data...
WARNING:root:Loading data...
WARNING:root:Loading data...
WARNING:root:Loading data...
WARNING:root:Loading data...
WARNING:root:Loading data...
WARNING:root:Loading data...
WARNING:root:Formatting inputs...
WARNING:root:Formatting inputs...
WARNING:root:Formatting inputs...
WARNING:root:Formatting inputs...
WARNING:root:Formatting inputs...
WARNING:root:Formatting inputs...
WARNING:root:Formatting inputs...
WARNING:root:Formatting inputs...
WARNING:root:Tokenizing inputs... This may take some time...
WARNING:root:Tokenizing inputs... This may take some time...
WARNING:root:Tokenizing inputs... This may take some time...
WARNING:root:Tokenizing inputs... This may take some time...
WARNING:root:Tokenizing inputs... This may take some time...
WARNING:root:Tokenizing inputs... This may take some time...
WARNING:root:Tokenizing inputs... This may take some time...
WARNING:root:Tokenizing inputs... This may take some time...
[rank7]:[W Utils.hpp:135] Warning: Environment variable NCCL_ASYNC_ERROR_HANDLING is deprecated; use TORCH_NCCL_ASYNC_ERROR_HANDLING instead (function getCvarInt)
[rank5]:[W Utils.hpp:135] Warning: Environment variable NCCL_ASYNC_ERROR_HANDLING is deprecated; use TORCH_NCCL_ASYNC_ERROR_HANDLING instead (function getCvarInt)
[rank1]:[W Utils.hpp:135] Warning: Environment variable NCCL_ASYNC_ERROR_HANDLING is deprecated; use TORCH_NCCL_ASYNC_ERROR_HANDLING instead (function getCvarInt)
[rank4]:[W Utils.hpp:135] Warning: Environment variable NCCL_ASYNC_ERROR_HANDLING is deprecated; use TORCH_NCCL_ASYNC_ERROR_HANDLING instead (function getCvarInt)
[rank3]:[W Utils.hpp:135] Warning: Environment variable NCCL_ASYNC_ERROR_HANDLING is deprecated; use TORCH_NCCL_ASYNC_ERROR_HANDLING instead (function getCvarInt)
Using /opt/hpcaas/.mounts/fs-0301404b74c8d22fd/home/yunyun/.cache/torch_extensions/py311_cu121 as PyTorch extensions root...Using /opt/hpcaas/.mounts/fs-0301404b74c8d22fd/home/yunyun/.cache/torch_extensions/py311_cu121 as PyTorch extensions root...Using /opt/hpcaas/.mounts/fs-0301404b74c8d22fd/home/yunyun/.cache/torch_extensions/py311_cu121 as PyTorch extensions root...

Using /opt/hpcaas/.mounts/fs-0301404b74c8d22fd/home/yunyun/.cache/torch_extensions/py311_cu121 as PyTorch extensions root...

Using /opt/hpcaas/.mounts/fs-0301404b74c8d22fd/home/yunyun/.cache/torch_extensions/py311_cu121 as PyTorch extensions root...
[rank0]:[W Utils.hpp:135] Warning: Environment variable NCCL_ASYNC_ERROR_HANDLING is deprecated; use TORCH_NCCL_ASYNC_ERROR_HANDLING instead (function getCvarInt)
Using /opt/hpcaas/.mounts/fs-0301404b74c8d22fd/home/yunyun/.cache/torch_extensions/py311_cu121 as PyTorch extensions root...
Detected CUDA files, patching ldflags
Emitting ninja build file /opt/hpcaas/.mounts/fs-0301404b74c8d22fd/home/yunyun/.cache/torch_extensions/py311_cu121/fused_adam/build.ninja...
/data/home/yunyun/miniconda3/envs/newtorch2/lib/python3.11/site-packages/torch/utils/cpp_extension.py:1967: UserWarning: TORCH_CUDA_ARCH_LIST is not set, all archs for visible cards are included for compilation. 
If this is not desired, please set os.environ['TORCH_CUDA_ARCH_LIST'].
  warnings.warn(
Building extension module fused_adam...
Allowing ninja to set a default number of workers... (overridable by setting the environment variable MAX_JOBS=N)
[rank2]:[W Utils.hpp:135] Warning: Environment variable NCCL_ASYNC_ERROR_HANDLING is deprecated; use TORCH_NCCL_ASYNC_ERROR_HANDLING instead (function getCvarInt)
Using /opt/hpcaas/.mounts/fs-0301404b74c8d22fd/home/yunyun/.cache/torch_extensions/py311_cu121 as PyTorch extensions root...
[rank6]:[W Utils.hpp:135] Warning: Environment variable NCCL_ASYNC_ERROR_HANDLING is deprecated; use TORCH_NCCL_ASYNC_ERROR_HANDLING instead (function getCvarInt)
Using /opt/hpcaas/.mounts/fs-0301404b74c8d22fd/home/yunyun/.cache/torch_extensions/py311_cu121 as PyTorch extensions root...
ninja: no work to do.
Loading extension module fused_adam...
Loading extension module fused_adam...
Loading extension module fused_adam...
Loading extension module fused_adam...
Loading extension module fused_adam...
Loading extension module fused_adam...
Loading extension module fused_adam...
Loading extension module fused_adam...
Time to load fused_adam op: 3.956523895263672 secondsTime to load fused_adam op: 0.29562973976135254 secondsTime to load fused_adam op: 4.028806209564209 seconds
Time to load fused_adam op: 0.4479055404663086 seconds
Time to load fused_adam op: 4.032488822937012 secondsTime to load fused_adam op: 4.032465934753418 seconds
Time to load fused_adam op: 4.032491683959961 seconds



Time to load fused_adam op: 4.032587289810181 seconds
Parameter Offload: Total persistent parameters: 414720 in 81 params
`use_cache=True` is incompatible with gradient checkpointing. Setting `use_cache=False`.
`use_cache=True` is incompatible with gradient checkpointing. Setting `use_cache=False`.
`use_cache=True` is incompatible with gradient checkpointing. Setting `use_cache=False`.
`use_cache=True` is incompatible with gradient checkpointing. Setting `use_cache=False`.
`use_cache=True` is incompatible with gradient checkpointing. Setting `use_cache=False`.
`use_cache=True` is incompatible with gradient checkpointing. Setting `use_cache=False`.
`use_cache=True` is incompatible with gradient checkpointing. Setting `use_cache=False`.
  0%|          | 0/171 [00:00<?, ?it/s]`use_cache=True` is incompatible with gradient checkpointing. Setting `use_cache=False`.
/data/home/yunyun/miniconda3/envs/newtorch2/lib/python3.11/site-packages/torch/utils/checkpoint.py:464: UserWarning: torch.utils.checkpoint: the use_reentrant parameter should be passed explicitly. In version 2.4 we will raise an exception if use_reentrant is not passed. use_reentrant=False is recommended, but if you need to preserve the current default behavior, you can pass use_reentrant=True. Refer to docs for more details on the differences between the two variants.
  warnings.warn(
/data/home/yunyun/miniconda3/envs/newtorch2/lib/python3.11/site-packages/torch/utils/checkpoint.py:464: UserWarning: torch.utils.checkpoint: the use_reentrant parameter should be passed explicitly. In version 2.4 we will raise an exception if use_reentrant is not passed. use_reentrant=False is recommended, but if you need to preserve the current default behavior, you can pass use_reentrant=True. Refer to docs for more details on the differences between the two variants.
  warnings.warn(
/data/home/yunyun/miniconda3/envs/newtorch2/lib/python3.11/site-packages/torch/utils/checkpoint.py:464: UserWarning: torch.utils.checkpoint: the use_reentrant parameter should be passed explicitly. In version 2.4 we will raise an exception if use_reentrant is not passed. use_reentrant=False is recommended, but if you need to preserve the current default behavior, you can pass use_reentrant=True. Refer to docs for more details on the differences between the two variants.
  warnings.warn(
/data/home/yunyun/miniconda3/envs/newtorch2/lib/python3.11/site-packages/torch/utils/checkpoint.py:464: UserWarning: torch.utils.checkpoint: the use_reentrant parameter should be passed explicitly. In version 2.4 we will raise an exception if use_reentrant is not passed. use_reentrant=False is recommended, but if you need to preserve the current default behavior, you can pass use_reentrant=True. Refer to docs for more details on the differences between the two variants.
  warnings.warn(
/data/home/yunyun/miniconda3/envs/newtorch2/lib/python3.11/site-packages/torch/utils/checkpoint.py:464: UserWarning: torch.utils.checkpoint: the use_reentrant parameter should be passed explicitly. In version 2.4 we will raise an exception if use_reentrant is not passed. use_reentrant=False is recommended, but if you need to preserve the current default behavior, you can pass use_reentrant=True. Refer to docs for more details on the differences between the two variants.
  warnings.warn(
/data/home/yunyun/miniconda3/envs/newtorch2/lib/python3.11/site-packages/torch/utils/checkpoint.py:464: UserWarning: torch.utils.checkpoint: the use_reentrant parameter should be passed explicitly. In version 2.4 we will raise an exception if use_reentrant is not passed. use_reentrant=False is recommended, but if you need to preserve the current default behavior, you can pass use_reentrant=True. Refer to docs for more details on the differences between the two variants.
  warnings.warn(
/data/home/yunyun/miniconda3/envs/newtorch2/lib/python3.11/site-packages/torch/utils/checkpoint.py:464: UserWarning: torch.utils.checkpoint: the use_reentrant parameter should be passed explicitly. In version 2.4 we will raise an exception if use_reentrant is not passed. use_reentrant=False is recommended, but if you need to preserve the current default behavior, you can pass use_reentrant=True. Refer to docs for more details on the differences between the two variants.
  warnings.warn(
/data/home/yunyun/miniconda3/envs/newtorch2/lib/python3.11/site-packages/torch/utils/checkpoint.py:464: UserWarning: torch.utils.checkpoint: the use_reentrant parameter should be passed explicitly. In version 2.4 we will raise an exception if use_reentrant is not passed. use_reentrant=False is recommended, but if you need to preserve the current default behavior, you can pass use_reentrant=True. Refer to docs for more details on the differences between the two variants.
  warnings.warn(
cr3-p548xlarge-1:1884190:1886760 [1] NCCL INFO NET/OFI Libfabric provider associates MRs with domains
cr3-p548xlarge-1:1884189:1886757 [0] NCCL INFO NET/OFI Libfabric provider associates MRs with domains
cr3-p548xlarge-1:1884192:1886759 [3] NCCL INFO NET/OFI Libfabric provider associates MRs with domains
cr3-p548xlarge-1:1884193:1886762 [4] NCCL INFO NET/OFI Libfabric provider associates MRs with domains
cr3-p548xlarge-1:1884194:1886758 [5] NCCL INFO NET/OFI Libfabric provider associates MRs with domains
cr3-p548xlarge-1:1884195:1886763 [6] NCCL INFO NET/OFI Libfabric provider associates MRs with domains
cr3-p548xlarge-1:1884191:1886764 [2] NCCL INFO NET/OFI Libfabric provider associates MRs with domains
cr3-p548xlarge-1:1884196:1886761 [7] NCCL INFO NET/OFI Libfabric provider associates MRs with domains
cr3-p548xlarge-1:1884190:1886760 [1] NCCL INFO Using non-device net plugin version 0
cr3-p548xlarge-1:1884194:1886758 [5] NCCL INFO Using non-device net plugin version 0
cr3-p548xlarge-1:1884189:1886757 [0] NCCL INFO Using non-device net plugin version 0
cr3-p548xlarge-1:1884193:1886762 [4] NCCL INFO Using non-device net plugin version 0
cr3-p548xlarge-1:1884192:1886759 [3] NCCL INFO Using non-device net plugin version 0
cr3-p548xlarge-1:1884195:1886763 [6] NCCL INFO Using non-device net plugin version 0
cr3-p548xlarge-1:1884191:1886764 [2] NCCL INFO Using non-device net plugin version 0
cr3-p548xlarge-1:1884196:1886761 [7] NCCL INFO Using non-device net plugin version 0
cr3-p548xlarge-1:1884190:1886760 [1] NCCL INFO Using network AWS Libfabric
cr3-p548xlarge-1:1884194:1886758 [5] NCCL INFO Using network AWS Libfabric
cr3-p548xlarge-1:1884189:1886757 [0] NCCL INFO Using network AWS Libfabric
cr3-p548xlarge-1:1884193:1886762 [4] NCCL INFO Using network AWS Libfabric
cr3-p548xlarge-1:1884192:1886759 [3] NCCL INFO Using network AWS Libfabric
cr3-p548xlarge-1:1884196:1886761 [7] NCCL INFO Using network AWS Libfabric
cr3-p548xlarge-1:1884195:1886763 [6] NCCL INFO Using network AWS Libfabric
cr3-p548xlarge-1:1884191:1886764 [2] NCCL INFO Using network AWS Libfabric
cr3-p548xlarge-1:1884190:1886760 [1] NCCL INFO DMA-BUF is available on GPU device 1
cr3-p548xlarge-1:1884194:1886758 [5] NCCL INFO DMA-BUF is available on GPU device 5
cr3-p548xlarge-1:1884193:1886762 [4] NCCL INFO DMA-BUF is available on GPU device 4
cr3-p548xlarge-1:1884192:1886759 [3] NCCL INFO DMA-BUF is available on GPU device 3
cr3-p548xlarge-1:1884191:1886764 [2] NCCL INFO DMA-BUF is available on GPU device 2
cr3-p548xlarge-1:1884195:1886763 [6] NCCL INFO DMA-BUF is available on GPU device 6
cr3-p548xlarge-1:1884189:1886757 [0] NCCL INFO DMA-BUF is available on GPU device 0
cr3-p548xlarge-1:1884196:1886761 [7] NCCL INFO DMA-BUF is available on GPU device 7
cr3-p548xlarge-1:1884194:1886758 [5] NCCL INFO bootstrapSplit: comm 0x7f696ce62470 parent 0x5630d02b6000 rank 5 nranks 8 color -934961569 key 5 prev 4 next 6 - DONE
cr3-p548xlarge-1:1884190:1886760 [1] NCCL INFO bootstrapSplit: comm 0x7f2505129030 parent 0x556cef48c1d0 rank 1 nranks 8 color -934961569 key 1 prev 0 next 2 - DONE
cr3-p548xlarge-1:1884193:1886762 [4] NCCL INFO bootstrapSplit: comm 0x7fad10e62d60 parent 0x5595d7024f30 rank 4 nranks 8 color -934961569 key 4 prev 3 next 5 - DONE
cr3-p548xlarge-1:1884196:1886761 [7] NCCL INFO bootstrapSplit: comm 0x7fcaece627f0 parent 0x55c65340f4b0 rank 7 nranks 8 color -934961569 key 7 prev 6 next 0 - DONE
cr3-p548xlarge-1:1884194:1886758 [5] NCCL INFO ncclCommSplit comm 0x7f696ce62470 rank 5 nranks 8 cudaDev 5 nvmlDev 5 busId a8000 parent 0x5630d02b6000 color -934961569 key 5 commId 0xe2f9d3a44eedfd05 - Init START
cr3-p548xlarge-1:1884189:1886757 [0] NCCL INFO bootstrapSplit: comm 0x7ff185128f50 parent 0x5576ecbd9cc0 rank 0 nranks 8 color -934961569 key 0 prev 7 next 1 - DONE
cr3-p548xlarge-1:1884192:1886759 [3] NCCL INFO bootstrapSplit: comm 0x7f57e5129a50 parent 0x55a56053d820 rank 3 nranks 8 color -934961569 key 3 prev 2 next 4 - DONE
cr3-p548xlarge-1:1884195:1886763 [6] NCCL INFO bootstrapSplit: comm 0x7f43f912a000 parent 0x55b5d91b6110 rank 6 nranks 8 color -934961569 key 6 prev 5 next 7 - DONE
cr3-p548xlarge-1:1884191:1886764 [2] NCCL INFO bootstrapSplit: comm 0x7f60a9129890 parent 0x55b8d6a406c0 rank 2 nranks 8 color -934961569 key 2 prev 1 next 3 - DONE
cr3-p548xlarge-1:1884190:1886760 [1] NCCL INFO ncclCommSplit comm 0x7f2505129030 rank 1 nranks 8 cudaDev 1 nvmlDev 1 busId 64000 parent 0x556cef48c1d0 color -934961569 key 1 commId 0xe2f9d3a44eedfd05 - Init START
cr3-p548xlarge-1:1884193:1886762 [4] NCCL INFO ncclCommSplit comm 0x7fad10e62d60 rank 4 nranks 8 cudaDev 4 nvmlDev 4 busId 97000 parent 0x5595d7024f30 color -934961569 key 4 commId 0xe2f9d3a44eedfd05 - Init START
cr3-p548xlarge-1:1884196:1886761 [7] NCCL INFO ncclCommSplit comm 0x7fcaece627f0 rank 7 nranks 8 cudaDev 7 nvmlDev 7 busId ca000 parent 0x55c65340f4b0 color -934961569 key 7 commId 0xe2f9d3a44eedfd05 - Init START
cr3-p548xlarge-1:1884189:1886757 [0] NCCL INFO ncclCommSplit comm 0x7ff185128f50 rank 0 nranks 8 cudaDev 0 nvmlDev 0 busId 53000 parent 0x5576ecbd9cc0 color -934961569 key 0 commId 0xe2f9d3a44eedfd05 - Init START
cr3-p548xlarge-1:1884192:1886759 [3] NCCL INFO ncclCommSplit comm 0x7f57e5129a50 rank 3 nranks 8 cudaDev 3 nvmlDev 3 busId 86000 parent 0x55a56053d820 color -934961569 key 3 commId 0xe2f9d3a44eedfd05 - Init START
cr3-p548xlarge-1:1884195:1886763 [6] NCCL INFO ncclCommSplit comm 0x7f43f912a000 rank 6 nranks 8 cudaDev 6 nvmlDev 6 busId b9000 parent 0x55b5d91b6110 color -934961569 key 6 commId 0xe2f9d3a44eedfd05 - Init START
cr3-p548xlarge-1:1884191:1886764 [2] NCCL INFO ncclCommSplit comm 0x7f60a9129890 rank 2 nranks 8 cudaDev 2 nvmlDev 2 busId 75000 parent 0x55b8d6a406c0 color -934961569 key 2 commId 0xe2f9d3a44eedfd05 - Init START
cr3-p548xlarge-1:1884193:1886762 [4] NCCL INFO NCCL_TOPO_FILE set by environment to /usr/local/cuda-12.1/efa/share/aws-ofi-nccl/xml/p4d-24xl-topo.xml
cr3-p548xlarge-1:1884194:1886758 [5] NCCL INFO NCCL_TOPO_FILE set by environment to /usr/local/cuda-12.1/efa/share/aws-ofi-nccl/xml/p4d-24xl-topo.xml
cr3-p548xlarge-1:1884190:1886760 [1] NCCL INFO NCCL_TOPO_FILE set by environment to /usr/local/cuda-12.1/efa/share/aws-ofi-nccl/xml/p4d-24xl-topo.xml
cr3-p548xlarge-1:1884192:1886759 [3] NCCL INFO NCCL_TOPO_FILE set by environment to /usr/local/cuda-12.1/efa/share/aws-ofi-nccl/xml/p4d-24xl-topo.xml
cr3-p548xlarge-1:1884195:1886763 [6] NCCL INFO NCCL_TOPO_FILE set by environment to /usr/local/cuda-12.1/efa/share/aws-ofi-nccl/xml/p4d-24xl-topo.xml
cr3-p548xlarge-1:1884191:1886764 [2] NCCL INFO NCCL_TOPO_FILE set by environment to /usr/local/cuda-12.1/efa/share/aws-ofi-nccl/xml/p4d-24xl-topo.xml

cr3-p548xlarge-1:1884193:1886762 [4] graph/xml.cc:392 NCCL WARN Could not open XML topology file /usr/local/cuda-12.1/efa/share/aws-ofi-nccl/xml/p4d-24xl-topo.xml : No such file or directory
cr3-p548xlarge-1:1884196:1886761 [7] NCCL INFO NCCL_TOPO_FILE set by environment to /usr/local/cuda-12.1/efa/share/aws-ofi-nccl/xml/p4d-24xl-topo.xml
cr3-p548xlarge-1:1884189:1886757 [0] NCCL INFO NCCL_TOPO_FILE set by environment to /usr/local/cuda-12.1/efa/share/aws-ofi-nccl/xml/p4d-24xl-topo.xml

cr3-p548xlarge-1:1884194:1886758 [5] graph/xml.cc:392 NCCL WARN Could not open XML topology file /usr/local/cuda-12.1/efa/share/aws-ofi-nccl/xml/p4d-24xl-topo.xml : No such file or directory

cr3-p548xlarge-1:1884190:1886760 [1] graph/xml.cc:392 NCCL WARN Could not open XML topology file /usr/local/cuda-12.1/efa/share/aws-ofi-nccl/xml/p4d-24xl-topo.xml : No such file or directory

cr3-p548xlarge-1:1884192:1886759 [3] graph/xml.cc:392 NCCL WARN Could not open XML topology file /usr/local/cuda-12.1/efa/share/aws-ofi-nccl/xml/p4d-24xl-topo.xml : No such file or directory

cr3-p548xlarge-1:1884195:1886763 [6] graph/xml.cc:392 NCCL WARN Could not open XML topology file /usr/local/cuda-12.1/efa/share/aws-ofi-nccl/xml/p4d-24xl-topo.xml : No such file or directory

cr3-p548xlarge-1:1884191:1886764 [2] graph/xml.cc:392 NCCL WARN Could not open XML topology file /usr/local/cuda-12.1/efa/share/aws-ofi-nccl/xml/p4d-24xl-topo.xml : No such file or directory

cr3-p548xlarge-1:1884196:1886761 [7] graph/xml.cc:392 NCCL WARN Could not open XML topology file /usr/local/cuda-12.1/efa/share/aws-ofi-nccl/xml/p4d-24xl-topo.xml : No such file or directory

